12-29 20:19:50.835 V/audio_hw_spkr_prot(  228): audio_extn_spkr_prot_stop_processing: Exit
12-29 20:19:50.845 V/kernel  (  382): <6>[13688.552435] taiko_codec taiko_codec: dapm: power down widget AIF4 VI
12-29 20:19:50.845 V/kernel  (  382): <6>[13688.552480] taiko_codec taiko_codec: dapm: power down widget VIONOFF
12-29 20:19:50.845 V/kernel  (  382): <6>[13688.552523] taiko_codec taiko_codec: dapm: power down widget VIINPUT
12-29 20:19:50.845 V/kernel  (  382): <6>[13688.552672] taiko_codec taiko_codec: dapm: powering down widget VIONOFF
12-29 20:19:50.845 V/kernel  (  382): <6>[13688.552679] taiko_codec taiko_codec: dapm: powering down widget VIINPUT
12-29 20:19:50.845 V/kernel  (  382): <6>[13688.552685] taiko_codec taiko_codec: dapm: powering down widget AIF4 VI
12-29 20:19:50.845 V/kernel  (  382): <3>[13688.552694] chan:138,ctrl:2,def:1, ref:1
12-29 20:19:50.845 V/kernel  (  382): <3>[13688.552792] chan:139,ctrl:2,def:1, ref:1
12-29 20:19:50.845 V/AudioPMB(  228): 
12-29 20:19:50.845 V/AudioPMB(  228): startOutput() in. output 3, stream 1, session 42, mPhoneState: 0, mAvailableOutputDevices: 0x3.
12-29 20:19:50.845 V/AudioPMB(  228): changeRefCount() out. stream 1, new count 1, delta: 1.
12-29 20:19:50.845 V/AudioPMB(  228): getNewDevice() out. Return selected device 0x2
12-29 20:19:50.845 V/AudioPMB(  228): setOutputDevice() in. output: 3 device: 0x2, force: 1, delayMs: 0
12-29 20:19:50.845 V/AudioPMB(  228): isStreamActiveRemotely() out. stream 3 is inactive remotely in past 5000 ms.
12-29 20:19:50.845 V/AudioPMB(  228): isStreamActive() out. stream 3 is inactive in past 5000 ms.
12-29 20:19:50.845 V/AudioPMB(  228): checkDeviceMuteStrategies() out. return 0 ms.
12-29 20:19:50.845 V/AudioPMB(  228): setOutputDevice() changing device: routing=2. prevDevice: 0x2, delay: 0 ms.
12-29 20:19:50.845 D/AudioFlinger(  228): setParameters(): io 3, keyvalue routing=2, calling pid 228
12-29 20:19:50.845 D/AudioFlinger(  228): setParameters(): tid 228, return from thread->setParameters()
12-29 20:19:50.845 D/audio_hw_primary(  228): out_set_parameters: enter: usecase(1: low-latency-playback) kvpairs: routing=2
12-29 20:19:50.845 D/audio_hw_primary(  228): out_set_parameters: exit: code(0)
12-29 20:19:50.845 V/AudioPMB(  228): setOutputDevice() out. output: 3, device: 0x2, delayMs: 0.
12-29 20:19:50.845 D/AudioPMB(  228): check device for volume, cur 0x2, checked 0x2
12-29 20:19:50.845 V/AudioPMB(  228): handleNotificationRoutingForStream() in. stream: 1.
12-29 20:19:50.845 V/AudioPMB(  228): startOutput() out. output: 3, stream: 1. session: 42.
12-29 20:19:50.855 D/audio_hw_primary(  228): select_devices: out_snd_device(2: speaker) in_snd_device(0: )
12-29 20:19:50.855 D/audio_hw_primary(  228): new usecase[1] out device:2
12-29 20:19:50.855 D/hardware_info(  228): hw_info_append_hw_type : device_name = speaker
12-29 20:19:50.855 V/audio_hw_spkr_prot(  228): audio_extn_spkr_prot_start_processing: Entry
12-29 20:19:50.855 V/audio_hw_spkr_prot(  228): spkr_prot_calib_cancel: Entry
12-29 20:19:50.855 V/audio_hw_spkr_prot(  228): spkr_prot_calib_cancel: Exit
12-29 20:19:50.855 D/ACDB-LOADER(  228): ACDB -> send_audio_cal, acdb_id = 101, path =  0
12-29 20:19:50.855 D/ACDB-LOADER(  228): ACDB -> send_adm_topology
12-29 20:19:50.855 D/ACDB-LOADER(  228): ACDB -> ACDB_CMD_GET_AUDPROC_COMMON_TOPOLOGY_ID
12-29 20:19:50.855 D/ACDB-LOADER(  228): ACDB -> send_asm_topology
12-29 20:19:50.855 D/ACDB-LOADER(  228): ACDB -> ACDB_CMD_GET_AUDPROC_STREAM_TOPOLOGY_ID
12-29 20:19:50.855 D/ACDB-LOADER(  228): ACDB -> send_audtable
12-29 20:19:50.855 D/ACDB-LOADER(  228): ACDB -> ACDB_CMD_GET_AUDPROC_COMMON_TABLE
12-29 20:19:50.855 D/ACDB-LOADER(  228): ACDB -> AUDIO_SET_AUDPROC_CAL
12-29 20:19:50.855 D/ACDB-LOADER(  228): ACDB -> send_audvoltable
12-29 20:19:50.855 D/ACDB-LOADER(  228): ACDB -> ACDB_CMD_GET_AUDPROC_GAIN_DEP_STEP_TABLE
12-29 20:19:50.855 D/ACDB-LOADER(  228): ACDB -> AUDIO_SET_AUDPROC_VOL_CAL
12-29 20:19:50.855 D/ACDB-LOADER(  228): ACDB -> send_afe_cal
12-29 20:19:50.855 D/ACDB-LOADER(  228): ACDB -> ACDB_CMD_GET_AFE_COMMON_TABLE
12-29 20:19:50.855 D/ACDB-LOADER(  228): ACDB -> AUDIO_SET_AFE_CAL
12-29 20:19:50.855 V/audio_hw_spkr_prot(  228): audio_extn_spkr_prot_start_processing: snd_device(2: speaker-protected)
12-29 20:19:50.855 D/hardware_info(  228): hw_info_append_hw_type : device_name = vi-feedback
12-29 20:19:50.855 D/ACDB-LOADER(  228): ACDB -> send_audio_cal, acdb_id = 102, path =  1
12-29 20:19:50.855 D/ACDB-LOADER(  228): ACDB -> send_adm_topology
12-29 20:19:50.855 D/ACDB-LOADER(  228): ACDB -> ACDB_CMD_GET_AUDPROC_COMMON_TOPOLOGY_ID
12-29 20:19:50.855 D/ACDB-LOADER(  228): ACDB -> send_asm_topology
12-29 20:19:50.855 D/ACDB-LOADER(  228): ACDB -> ACDB_CMD_GET_AUDPROC_STREAM_TOPOLOGY_ID
12-29 20:19:50.855 D/ACDB-LOADER(  228): ACDB -> send_audtable
12-29 20:19:50.855 D/ACDB-LOADER(  228): ACDB -> ACDB_CMD_GET_AUDPROC_COMMON_TABLE
12-29 20:19:50.855 D/ACDB-LOADER(  228): ACDB -> AUDIO_SET_AUDPROC_CAL
12-29 20:19:50.855 D/ACDB-LOADER(  228): ACDB -> send_audvoltable
12-29 20:19:50.855 D/ACDB-LOADER(  228): ACDB -> ACDB_CMD_GET_AUDPROC_GAIN_DEP_STEP_TABLE
12-29 20:19:50.855 D/        (  228): Failed to fetch the lookup information of the device 00000066 
12-29 20:19:50.855 E/ACDB-LOADER(  228): Error: ACDB AudProc vol returned = -19
12-29 20:19:50.855 D/ACDB-LOADER(  228): ACDB -> AUDIO_SET_AUDPROC_VOL_CAL
12-29 20:19:50.855 D/ACDB-LOADER(  228): ACDB -> send_afe_cal
12-29 20:19:50.855 D/ACDB-LOADER(  228): ACDB -> ACDB_CMD_GET_AFE_COMMON_TABLE
12-29 20:19:50.855 D/ACDB-LOADER(  228): ACDB -> AUDIO_SET_AFE_CAL
12-29 20:19:50.885 V/kernel  (  382): <3>[13688.556406] slim reconfig done!
12-29 20:19:50.885 V/kernel  (  382): <6>[13688.590344] taiko_codec taiko_codec: dapm: power up widget AIF4 VI
12-29 20:19:50.885 V/kernel  (  382): <6>[13688.590514] taiko_codec taiko_codec: dapm: power up widget VIONOFF
12-29 20:19:50.885 V/kernel  (  382): <6>[13688.590583] taiko_codec taiko_codec: dapm: power up widget VIINPUT
12-29 20:19:50.885 V/kernel  (  382): <6>[13688.590954] taiko_codec taiko_codec: dapm: powering up widget VIONOFF
12-29 20:19:50.885 V/kernel  (  382): <6>[13688.590970] taiko_codec taiko_codec: dapm: powering up widget VIINPUT
12-29 20:19:50.885 V/kernel  (  382): <6>[13688.590985] taiko_codec taiko_codec: dapm: powering up widget AIF4 VI
12-29 20:19:50.885 V/kernel  (  382): <3>[13688.594391] CODEC connect MC:0x 10, port:a
12-29 20:19:50.885 V/kernel  (  382): <3>[13688.596378] taiko_slimbus_irq: overflow error on TX port 10, value 5
12-29 20:19:50.885 V/kernel  (  382): <3>[13688.597021] CODEC connect MC:0x 10, port:b
12-29 20:19:50.885 V/kernel  (  382): <3>[13688.598019] taiko_slimbus_irq: overflow error on TX port 11, value 5
12-29 20:19:50.885 V/kernel  (  382): <3>[13688.598700] chan:138,ctrl:0,def:0, ref:1
12-29 20:19:50.885 V/audio_hw_spkr_prot(  228): audio_extn_spkr_prot_start_processing: Exit
12-29 20:19:50.885 D/audio_hw_primary(  228): select_devices exit 0
12-29 20:19:50.885 D/audio_hw_primary(  228): start_output_stream: Opening PCM device card_id(0) device_id(15), pcm format 0, sample rate 48000
12-29 20:19:50.895 V/kernel  (  382): <3>[13688.598843] chan:139,ctrl:0,def:0, ref:1
12-29 20:19:50.895 D/audio_hw_primary(  228): start_output_stream: exit
12-29 20:19:50.905 V/kernel  (  382): <3>[13688.602009] slim reconfig done!
12-29 20:19:50.905 V/kernel  (  382): <6>[13688.611933] taiko_codec taiko_codec: dapm: power up widget AIF1 PB
12-29 20:19:50.905 V/kernel  (  382): <6>[13688.612078] taiko_codec taiko_codec: dapm: power up widget SLIM RX1 MUX
12-29 20:19:50.905 V/kernel  (  382): <6>[13688.612137] taiko_codec taiko_codec: dapm: power up widget SLIM RX1
12-29 20:19:50.905 V/kernel  (  382): <6>[13688.612196] taiko_codec taiko_codec: dapm: power up widget RX7 MIX1 INP1
12-29 20:19:50.905 V/kernel  (  382): <6>[13688.612255] taiko_codec taiko_codec: dapm: power up widget RX7 MIX1
12-29 20:19:50.905 V/kernel  (  382): <6>[13688.612314] taiko_codec taiko_codec: dapm: power up widget COMP0_CLK
12-29 20:19:50.905 V/kernel  (  382): <6>[13688.612372] taiko_codec taiko_codec: dapm: power up widget RX7 MIX2
12-29 20:19:50.905 V/kernel  (  382): <6>[13688.612523] taiko_codec taiko_codec: dapm: power up widget SPK DAC
12-29 20:19:50.905 V/kernel  (  382): <6>[13688.612533] taiko_codec taiko_codec: dapm: power up widget RX_BIAS
12-29 20:19:50.905 V/kernel  (  382): <6>[13688.612543] taiko_codec taiko_codec: dapm: power up widget VDD_SPKDRV
12-29 20:19:50.905 V/kernel  (  382): <6>[13688.612601] taiko_codec taiko_codec: dapm: power up widget SPK PA
12-29 20:19:50.905 V/kernel  (  382): <6>[13688.613207] taiko_codec taiko_codec: dapm: power up widget MCLK
12-29 20:19:50.905 V/kernel  (  382): <6>[13688.613265] taiko_codec taiko_codec: dapm: power up widget SPK_OUT
12-29 20:19:50.905 V/kernel  (  382): <6>[13688.613427] taiko_codec taiko_codec: dapm: powering up widget SPK_OUT
12-29 20:19:50.905 V/kernel  (  382): <6>[13688.613437] taiko_codec taiko_codec: dapm: powering up widget COMP0_CLK
12-29 20:19:50.905 V/kernel  (  382): <6>[13688.613447] taiko_codec taiko_codec: dapm: powering up widget RX_BIAS
12-29 20:19:50.905 V/kernel  (  382): <6>[13688.613455] taiko_codec taiko_codec: dapm: powering up widget VDD_SPKDRV
12-29 20:19:50.905 V/kernel  (  382): <6>[13688.613464] taiko_codec taiko_codec: dapm: powering up widget MCLK
12-29 20:19:50.905 V/kernel  (  382): <6>[13688.613472] taiko_codec taiko_codec: dapm: powering up widget SLIM RX1 MUX
12-29 20:19:50.915 V/kernel  (  382): <6>[13688.622554] taiko_codec taiko_codec: dapm: powering up widget RX7 MIX1 INP1
12-29 20:19:50.915 V/kernel  (  382): <6>[13688.622563] taiko_codec taiko_codec: dapm: powering up widget SPK DAC
12-29 20:19:50.915 V/kernel  (  382): <6>[13688.622570] taiko_codec taiko_codec: dapm: powering up widget SLIM RX1
12-29 20:19:50.915 V/kernel  (  382): <6>[13688.622578] taiko_codec taiko_codec: dapm: powering up widget RX7 MIX1
12-29 20:19:50.915 V/kernel  (  382): <6>[13688.622585] taiko_codec taiko_codec: dapm: powering up widget RX7 MIX2
12-29 20:19:50.915 V/kernel  (  382): <6>[13688.622592] taiko_codec taiko_codec: dapm: powering up widget AIF1 PB
12-29 20:19:50.915 V/kernel  (  382): <6>[13688.623563] taiko_codec taiko_codec: dapm: powering up widget SPK PA
12-29 20:19:50.915 V/kernel  (  382): <3>[13688.624347] CODEC connect MC:0x 11, port:10
12-29 20:19:50.925 V/kernel  (  382): <3>[13688.625123] chan:144,ctrl:0,def:0, ref:1
12-29 20:19:50.945 V/kernel  (  382): <3>[13688.627951] slim reconfig done!
12-29 20:19:50.945 V/kernel  (  382): <6>[13688.653458] msm-pcm-routing msm-pcm-routing: dapm: power up widget MM_DL5
12-29 20:19:50.945 V/kernel  (  382): <6>[13688.653566] msm-pcm-routing msm-pcm-routing: dapm: power up widget SLIMBUS_0_RX Audio Mixer
12-29 20:19:50.945 V/kernel  (  382): <6>[13688.653614] msm-pcm-routing msm-pcm-routing: dapm: power up widget SLIMBUS_0_RX
12-29 20:19:50.945 V/kernel  (  382): <6>[13688.653883] msm-pcm-routing msm-pcm-routing: dapm: power up widget BE_OUT
12-29 20:19:50.945 V/kernel  (  382): <6>[13688.655118] msm-pcm-routing msm-pcm-routing: dapm: powering up widget BE_OUT
12-29 20:19:50.945 V/kernel  (  382): <6>[13688.655126] msm-pcm-routing msm-pcm-routing: dapm: powering up widget SLIMBUS_0_RX Audio Mixer
12-29 20:19:50.945 V/kernel  (  382): <6>[13688.655133] msm-pcm-routing msm-pcm-routing: dapm: powering up widget MM_DL5
12-29 20:19:50.945 V/kernel  (  382): <6>[13688.655139] msm-pcm-routing msm-pcm-routing: dapm: powering up widget SLIMBUS_0_RX
12-29 20:19:51.165 V/AudioPMB(  228): 
12-29 20:19:51.165 V/AudioPMB(  228): stopOutput() in. output 3, stream 1, session 42, mPhoneState: 0, mAvailableOutputDevices: 0x3.
12-29 20:19:51.165 V/AudioPMB(  228): changeRefCount() out. stream 1, new count 0, delta: -1.
12-29 20:19:51.175 V/AudioPMB(  228): getNewDevice() out. Return selected device 0x0
12-29 20:19:51.175 V/AudioPMB(  228): setOutputDevice() in. output: 3 device: 0x0, force: 0, delayMs: 100
12-29 20:19:51.175 V/AudioPMB(  228): isStreamActiveRemotely() out. stream 3 is inactive remotely in past 5000 ms.
12-29 20:19:51.175 V/AudioPMB(  228): isStreamActive() out. stream 3 is inactive in past 5000 ms.
12-29 20:19:51.175 V/AudioPMB(  228): checkDeviceMuteStrategies() out. return 0 ms.
12-29 20:19:51.175 V/AudioPMB(  228): setOutputDevice() out. DO NOTHING since setting same device 0x0 or null device for output 3, return ms. prevDevice: 0x0.
12-29 20:19:51.175 V/AudioPMB(  228): handleNotificationRoutingForStream() in. stream: 1.
12-29 20:19:51.175 V/AudioPMB(  228): stopOutput() out. output: 3, stream: 1, session: 42.
12-29 20:19:52.065 D/wpa_supplicant( 2666): RX ctrl_iface - hexdump(len=11): 53 49 47 4e 41 4c 5f 50 4f 4c 4c
12-29 20:19:52.065 D/wpa_supplicant( 2666): wlan0: Control interface command 'SIGNAL_POLL'
12-29 20:19:52.065 D/wpa_supplicant( 2666): nl80211: survey data missing!
12-29 20:19:53.955 W/InteractionController(14739): runAndwaitForEvent timedout waiting for events
12-29 20:19:53.975 D/UIAutomatorStub(14739): URI: /jsonrpc/0, Method: POST, Header: {content-type=application/json, connection=close, remote-addr=127.0.0.1, host=localhost:9009, content-length=241, http-client-ip=127.0.0.1, user-agent=Python-urllib/2.7, accept-encoding=identity}, params, {NanoHttpd.QUERY_STRING=null}, files: {postData={"params": [{"childOrSiblingSelector": [], "resourceId": "com.android.contacts:id/call_classic", "mask": 2097152, "childOrSibling": []}, 3000], "jsonrpc": "2.0", "method": "clickAndWaitForNewWindow", "id": "c09c3740552b51c4e417bac63dd774fb"}}
12-29 20:19:54.035 I/QueryController(14739): Matched selector: UiSelector[RESOURCE_ID=com.android.contacts:id/call_classic] <<==>> [android.view.accessibility.AccessibilityNodeInfo@12ff7; boundsInParent: Rect(0, 0 - 360, 199); boundsInScreen: Rect(360, 1535 - 720, 1734); packageName: com.android.contacts; className: android.widget.TextView; text: null; contentDescription: null; viewIdResName: com.android.contacts:id/call_classic; checkable: false; checked: false; focusable: false; focused: false; selected: false; clickable: true; longClickable: false; enabled: true; password: false; scrollable: false; [ACTION_SELECT, ACTION_CLEAR_SELECTION, ACTION_CLICK, ACTION_ACCESSIBILITY_FOCUS]]
12-29 20:19:54.035 D/InteractionController(14739): clickAndWaitForNewWindow(540, 1634)
12-29 20:19:54.145 I/ActivityManager( 1045): START u0 {act=android.intent.action.CALL_PRIVILEGED dat=tel:xxxxx pkg=com.android.phone cmp=com.android.phone/.PrivilegedOutgoingCallBroadcaster (has extras)} from pid 14086
12-29 20:19:54.205 V/kernel  (  382): <6>[13691.910069] taiko_codec taiko_codec: dapm: power down widget AIF1 PB
12-29 20:19:54.205 V/kernel  (  382): <6>[13691.910130] taiko_codec taiko_codec: dapm: power down widget SLIM RX1 MUX
12-29 20:19:54.205 V/kernel  (  382): <6>[13691.910190] taiko_codec taiko_codec: dapm: power down widget SLIM RX1
12-29 20:19:54.205 V/kernel  (  382): <6>[13691.910249] taiko_codec taiko_codec: dapm: power down widget RX7 MIX1 INP1
12-29 20:19:54.205 V/kernel  (  382): <6>[13691.910309] taiko_codec taiko_codec: dapm: power down widget RX7 MIX1
12-29 20:19:54.205 V/kernel  (  382): <6>[13691.910344] taiko_codec taiko_codec: dapm: power down widget COMP0_CLK
12-29 20:19:54.205 V/kernel  (  382): <6>[13691.910403] taiko_codec taiko_codec: dapm: power down widget RX7 MIX2
12-29 20:19:54.205 V/kernel  (  382): <6>[13691.910462] taiko_codec taiko_codec: dapm: power down widget SPK DAC
12-29 20:19:54.205 V/kernel  (  382): <6>[13691.910848] taiko_codec taiko_codec: dapm: power down widget RX_BIAS
12-29 20:19:54.205 V/kernel  (  382): <6>[13691.910883] taiko_codec taiko_codec: dapm: power down widget VDD_SPKDRV
12-29 20:19:54.205 V/kernel  (  382): <6>[13691.910941] taiko_codec taiko_codec: dapm: power down widget SPK PA
12-29 20:19:54.205 V/kernel  (  382): <6>[13691.911591] taiko_codec taiko_codec: dapm: power down widget MCLK
12-29 20:19:54.205 V/kernel  (  382): <6>[13691.911649] taiko_codec taiko_codec: dapm: power down widget SPK_OUT
12-29 20:19:54.205 V/kernel  (  382): <6>[13691.912025] taiko_codec taiko_codec: dapm: powering down widget SPK_OUT
12-29 20:19:54.205 V/kernel  (  382): <6>[13691.912036] taiko_codec taiko_codec: dapm: powering down widget AIF1 PB
12-29 20:19:54.205 V/kernel  (  382): <6>[13691.912046] taiko_codec taiko_codec: dapm: powering down widget SPK PA
12-29 20:19:54.205 V/kernel  (  382): <3>[13691.912059] chan:144,ctrl:2,def:1, ref:1
12-29 20:19:54.205 V/kernel  (  382): <3>[13691.915118] slim reconfig done!
12-29 20:19:54.205 V/kernel  (  382): <6>[13691.916772] taiko_codec taiko_codec: dapm: powering down widget SLIM RX1
12-29 20:19:54.205 D/hardware_info(  228): hw_info_append_hw_type : device_name = speaker
12-29 20:19:54.205 V/audio_hw_spkr_prot(  228): audio_extn_spkr_prot_stop_processing: Entry
12-29 20:19:54.215 V/kernel  (  382): <6>[13691.919691] taiko_codec taiko_codec: dapm: powering down widget RX7 MIX1
12-29 20:19:54.215 V/kernel  (  382): <6>[13691.919703] taiko_codec taiko_codec: dapm: powering down widget RX7 MIX2
12-29 20:19:54.215 V/kernel  (  382): <6>[13691.919714] taiko_codec taiko_codec: dapm: powering down widget SPK DAC
12-29 20:19:54.215 V/kernel  (  382): <6>[13691.919892] taiko_codec taiko_codec: dapm: powering down widget SLIM RX1 MUX
12-29 20:19:54.215 V/kernel  (  382): <6>[13691.919904] taiko_codec taiko_codec: dapm: powering down widget RX7 MIX1 INP1
12-29 20:19:54.215 V/kernel  (  382): <6>[13691.919914] taiko_codec taiko_codec: dapm: powering down widget COMP0_CLK
12-29 20:19:54.215 V/kernel  (  382): <6>[13691.919923] taiko_codec taiko_codec: dapm: powering down widget RX_BIAS
12-29 20:19:54.215 V/kernel  (  382): <6>[13691.919932] taiko_codec taiko_codec: dapm: powering down widget VDD_SPKDRV
12-29 20:19:54.215 V/kernel  (  382): <6>[13691.919943] taiko_codec taiko_codec: dapm: powering down widget MCLK
12-29 20:19:54.215 V/kernel  (  382): <6>[13691.922883] msm-pcm-routing msm-pcm-routing: dapm: power down widget MM_DL5
12-29 20:19:54.215 V/kernel  (  382): <6>[13691.922936] msm-pcm-routing msm-pcm-routing: dapm: power down widget SLIMBUS_0_RX Audio Mixer
12-29 20:19:54.215 V/kernel  (  382): <6>[13691.922988] msm-pcm-routing msm-pcm-routing: dapm: power down widget SLIMBUS_0_RX
12-29 20:19:54.215 V/kernel  (  382): <6>[13691.923056] msm-pcm-routing msm-pcm-routing: dapm: power down widget BE_OUT
12-29 20:19:54.215 V/kernel  (  382): <6>[13691.923201] msm-pcm-routing msm-pcm-routing: dapm: powering down widget BE_OUT
12-29 20:19:54.215 V/kernel  (  382): <6>[13691.923210] msm-pcm-routing msm-pcm-routing: dapm: powering down widget MM_DL5
12-29 20:19:54.215 V/kernel  (  382): <6>[13691.923218] msm-pcm-routing msm-pcm-routing: dapm: powering down widget SLIMBUS_0_RX
12-29 20:19:54.215 V/kernel  (  382): <6>[13691.923225] msm-pcm-routing msm-pcm-routing: dapm: powering down widget SLIMBUS_0_RX Audio Mixer
12-29 20:19:54.215 D/dalvikvm( 1045): GC_FOR_ALLOC freed 2265K, 22% free 23631K/29980K, paused 61ms, total 61ms, dvmtargetUtilize:0.799805
12-29 20:19:54.215 D/hardware_info(  228): hw_info_append_hw_type : device_name = vi-feedback
12-29 20:19:54.215 D/ACDB-LOADER(  228): ACDB -> send_audio_cal, acdb_id = 4, path =  1
12-29 20:19:54.215 D/ACDB-LOADER(  228): ACDB -> send_adm_topology
12-29 20:19:54.215 D/ACDB-LOADER(  228): ACDB -> ACDB_CMD_GET_AUDPROC_COMMON_TOPOLOGY_ID
12-29 20:19:54.215 D/ACDB-LOADER(  228): ACDB -> send_asm_topology
12-29 20:19:54.215 D/ACDB-LOADER(  228): ACDB -> ACDB_CMD_GET_AUDPROC_STREAM_TOPOLOGY_ID
12-29 20:19:54.215 D/ACDB-LOADER(  228): ACDB -> send_audtable
12-29 20:19:54.215 D/ACDB-LOADER(  228): ACDB -> ACDB_CMD_GET_AUDPROC_COMMON_TABLE
12-29 20:19:54.215 D/ACDB-LOADER(  228): ACDB -> AUDIO_SET_AUDPROC_CAL
12-29 20:19:54.215 D/ACDB-LOADER(  228): ACDB -> send_audvoltable
12-29 20:19:54.215 D/ACDB-LOADER(  228): ACDB -> ACDB_CMD_GET_AUDPROC_GAIN_DEP_STEP_TABLE
12-29 20:19:54.215 D/        (  228): Failed to fetch the lookup information of the device 00000004 
12-29 20:19:54.215 E/ACDB-LOADER(  228): Error: ACDB AudProc vol returned = -19
12-29 20:19:54.215 D/ACDB-LOADER(  228): ACDB -> AUDIO_SET_AUDPROC_VOL_CAL
12-29 20:19:54.215 D/ACDB-LOADER(  228): ACDB -> AUDIO_SET_AFE_CAL
12-29 20:19:54.215 V/audio_hw_spkr_prot(  228): audio_extn_spkr_prot_stop_processing: Exit
12-29 20:19:54.225 V/kernel  (  382): <6>[13691.930332] taiko_codec taiko_codec: dapm: power down widget AIF4 VI
12-29 20:19:54.225 V/kernel  (  382): <6>[13691.930386] taiko_codec taiko_codec: dapm: power down widget VIONOFF
12-29 20:19:54.225 V/kernel  (  382): <6>[13691.930437] taiko_codec taiko_codec: dapm: power down widget VIINPUT
12-29 20:19:54.225 V/kernel  (  382): <6>[13691.930642] taiko_codec taiko_codec: dapm: powering down widget VIONOFF
12-29 20:19:54.225 V/kernel  (  382): <6>[13691.930650] taiko_codec taiko_codec: dapm: powering down widget VIINPUT
12-29 20:19:54.225 V/kernel  (  382): <6>[13691.930657] taiko_codec taiko_codec: dapm: powering down widget AIF4 VI
12-29 20:19:54.225 V/kernel  (  382): <3>[13691.930669] chan:138,ctrl:2,def:1, ref:1
12-29 20:19:54.225 V/kernel  (  382): <3>[13691.930743] chan:139,ctrl:2,def:1, ref:1
12-29 20:19:54.225 V/AudioPMB(  228): releaseOutput() in. output: 3
12-29 20:19:54.225 I/DialtactsActivity(14086): onPause
12-29 20:19:54.235 E/NewLauncher( 1789): LauncherApplication : ACTION_ACTIVITY_RESUMED : component:com.android.phone.PrivilegedOutgoingCallBroadcaster
12-29 20:19:54.235 I/NewLauncher( 1789): DatabaseUpdater : DEBUG : updateDatabase [EVENT_REMOVE_NEW_FLAG_BY_INTENT] !
12-29 20:19:54.235 I/NewLauncher( 1789): DatabaseHandler : DEBUG : DatabaseHandler begin !
12-29 20:19:54.235 I/NewLauncher( 1789): DatabaseHandler : DEBUG : handleMessage execute action [EVENT_REMOVE_NEW_FLAG_BY_INTENT]
12-29 20:19:54.235 I/NewLauncher( 1789): DatabaseHandler : DEBUG : get id [-1] by cmpName com.android.phone.PrivilegedOutgoingCallBroadcaster
12-29 20:19:54.235 I/NewLauncher( 1789): DatabaseHandler : DEBUG : databaseUpdateHandler Done !
12-29 20:19:54.245 V/OutgoingCallBroadcaster( 1745): onCreate: this = com.android.phone.OutgoingCallBroadcaster@420269b0, icicle = null
12-29 20:19:54.245 V/OutgoingCallBroadcaster( 1745):  - getIntent() = Intent { act=android.intent.action.CALL_PRIVILEGED dat=tel:xxxxx flg=0x800000 pkg=com.android.phone cmp=com.android.phone/.PrivilegedOutgoingCallBroadcaster (has extras) }
12-29 20:19:54.245 V/OutgoingCallBroadcaster( 1745):  - configuration = {1.0 460mcc2mnc zh_CN ldltr sw360dp w360dp h614dp 480dpi nrml long port finger -keyb/v/h -nav/h s.5 themeResource=com.smartisanos.theme.default(SmartisanOSDefault)}
12-29 20:19:54.245 V/OutgoingCallBroadcaster( 1745): processIntent() = Intent { act=android.intent.action.CALL_PRIVILEGED dat=tel:xxxxx flg=0x800000 pkg=com.android.phone cmp=com.android.phone/.PrivilegedOutgoingCallBroadcaster (has extras) }, thread: Thread[main,5,main]
12-29 20:19:54.245 D/OutgoingCallBroadcaster( 1745): subscription when there is (from Extra):0
12-29 20:19:54.245 I/OutgoingCallBroadcaster( 1745): outGoingcallBroadCaster action is android.intent.action.CALL_PRIVILEGED number = 10086
12-29 20:19:54.245 V/OutgoingCallBroadcaster( 1745):  - updating action from CALL_PRIVILEGED to android.intent.action.CALL
12-29 20:19:54.245 D/PhoneApp( 1745): pulse screen lock
12-29 20:19:54.245 D/OutgoingCallBroadcaster( 1745): processAddParticipant return = false
12-29 20:19:54.245 I/CallGatewayManager( 1745): checkAndCopyPhoneProviderExtras: some or all extras are missing.
12-29 20:19:54.245 V/OutgoingCallBroadcaster( 1745):  - Broadcasting intent: Intent { act=android.intent.action.NEW_OUTGOING_CALL flg=0x10000000 (has extras) }.
12-29 20:19:54.245 V/OutgoingCallBroadcaster( 1745): At the end of onCreate(). isFinishing(): false
12-29 20:19:54.255 V/OutgoingCallReceiver( 1745): doReceive: Intent { act=android.intent.action.NEW_OUTGOING_CALL flg=0x10000010 (has extras) }
12-29 20:19:54.255 V/OutgoingCallReceiver( 1745): doReceive: proceeding with call...
12-29 20:19:54.255 I/CallGatewayManager( 1745): checkAndCopyPhoneProviderExtras: some or all extras are missing.
12-29 20:19:54.255 I/CallController( 1745): placeCall()...  intent = Intent { act=android.intent.action.CALL dat=tel:xxxxx (has extras) }
12-29 20:19:54.255 I/CallController( 1745): ==> placeCall() with number 10086 singleCall:true isEmergencyAction:false isMmi:false
12-29 20:19:54.255 I/CallController( 1745): CallStatusCode in smart way:PENDING_SUCCESS
12-29 20:19:54.255 D/CallHandlerServiceProxy( 1745): processFakeScreenShow
12-29 20:19:54.255 V/OutgoingCallReceiver( 1745): OutgoingCallReceiver is going to finish the Activity itself.
12-29 20:19:54.255 I/InCall  ( 2066): CallHandlerService - ON_FAKE_INCALL_SHOW
12-29 20:19:54.255 I/InCall  ( 2066): InCallPresenter - onFakeInCallScreen
12-29 20:19:54.255 I/ActivityManager( 2066): Timeline: Activity_launch_request id:com.android.incallui time:13691969
12-29 20:19:54.265 I/ActivityManager( 1045): START u0 {act=android.intent.action.MAIN flg=0x10840000 cmp=com.android.incallui/.InCallScreen (has extras)} from pid 2066
12-29 20:19:54.265 D/StatusBarManagerService( 1045): manageDisableList userId=0 what=0x0 pkg=WindowManager.LayoutParams token:android.os.Binder@424946a8
12-29 20:19:54.285 E/NewLauncher( 1789): LauncherApplication : ACTION_ACTIVITY_RESUMED : component:com.android.incallui.InCallScreen
12-29 20:19:54.285 I/NewLauncher( 1789): DatabaseUpdater : DEBUG : updateDatabase [EVENT_REMOVE_NEW_FLAG_BY_INTENT] !
12-29 20:19:54.285 I/NewLauncher( 1789): DatabaseHandler : DEBUG : DatabaseHandler begin !
12-29 20:19:54.285 I/NewLauncher( 1789): DatabaseHandler : DEBUG : handleMessage execute action [EVENT_REMOVE_NEW_FLAG_BY_INTENT]
12-29 20:19:54.285 W/IInputConnectionWrapper(14086): showStatusIcon on inactive InputConnection
12-29 20:19:54.285 I/NewLauncher( 1789): DatabaseHandler : DEBUG : get id [-1] by cmpName com.android.incallui.InCallScreen
12-29 20:19:54.285 I/NewLauncher( 1789): DatabaseHandler : DEBUG : databaseUpdateHandler Done !
12-29 20:19:54.295 I/InCallScreen( 2066): onNewIntent: intent = Intent { act=android.intent.action.MAIN flg=0x10c40000 cmp=com.android.incallui/.InCallScreen (has extras) }, phone state = com.android.incallui.CallList@422ad170
12-29 20:19:54.295 D/InCallScreen( 2066): internalResolveIntent: action=android.intent.action.MAIN
12-29 20:19:54.295 D/FloatViewManager( 2066): detach float view. Added? false
12-29 20:19:54.295 I/InCallScreen( 2066): onStart...
12-29 20:19:54.295 D/InCallScreen( 2066): onResume()...
12-29 20:19:54.295 D/InCallScreen( 2066): requestUpdateScreen()...
12-29 20:19:54.295 I/InCallScreen( 2066): onResume()...check pending status :true
12-29 20:19:54.295 D/InCallScreen( 2066): cached_number:10086
12-29 20:19:54.295 D/InCallScreen( 2066): updating fake
12-29 20:19:54.295 D/CallCard( 2066): updateFakePrimaryCall()...with number : 10086
12-29 20:19:54.295 I/ActivityManager( 1045): Timeline: Activity_windows_visible id: ActivityRecord{42c444b0 u0 com.android.phone/.PrivilegedOutgoingCallBroadcaster t20} time:13692008
12-29 20:19:54.295 D/CallCard( 2066):   ==>  no name; falling back to number: displayName '10086', displayNumber 'null'
12-29 20:19:54.305 D/CallCard( 2066): update name View :10086
12-29 20:19:54.305 D/CallCard( 2066): startFakeSearch--: 10086
12-29 20:19:54.305 D/CallCard( 2066): ContactInfoCache--: com.android.incallui.ContactInfoCache@43614978
12-29 20:19:54.305 D/CallCard( 2066): startFakeSearch--:  end
12-29 20:19:54.305 I/InCallTouchUi( 2066): - resetUI---------------------------------start...
12-29 20:19:54.315 I/InCallTouchUi( 2066): updateAudioButtonUI AudioButton speaker mode :false
12-29 20:19:54.315 I/InCallTouchUi( 2066): shouldDisableAllButtonfalse
12-29 20:19:54.315 I/InCallTouchUi( 2066): updateSoundSourceUI getAudioMode mode :EARPIECE
12-29 20:19:54.315 I/InCallTouchUi( 2066): shouldDisableAllButtonfalse
12-29 20:19:54.315 I/InCallTouchUi( 2066): updateSoundSourceUI set to WIRED_HEADSET / EARPIECE  mode
12-29 20:19:54.315 I/InCallTouchUi( 2066): [updateRecordButtonUI] state:0
12-29 20:19:54.315 I/ActivityManager( 1745): Timeline: Activity_idle id: android.os.BinderProxy@4216c638 time:13692025
12-29 20:19:54.315 I/InCallTouchUi( 2066): shouldDisableAllButtonfalse
12-29 20:19:54.315 I/InCallTouchUi( 2066): updateMute call dump:null
12-29 20:19:54.315 I/InCallTouchUi( 2066): shouldDisableAllButtonfalse
12-29 20:19:54.315 I/InCallTouchUi( 2066): updateMute can mute:false isMute:false
12-29 20:19:54.345 I/InCallTouchUi( 2066): shouldDisableAllButtonfalse
12-29 20:19:54.345 I/InCallTouchUi( 2066): shouldDisableAllButtonfalse
12-29 20:19:54.345 I/InCallTouchUi( 2066): shouldDisableAllButtonfalse
12-29 20:19:54.345 I/InCallTouchUi( 2066): shouldDisableAllButtonfalse
12-29 20:19:54.345 I/InCallTouchUi( 2066): shouldDisableAllButtonfalse
12-29 20:19:54.345 I/InCallTouchUi( 2066): shouldDisableAllButtonfalse
12-29 20:19:54.355 I/InCallTouchUi( 2066): shouldDisableAllButtonfalse
12-29 20:19:54.355 D/InCallScreen( 2066): setInCallScreenMode: NORMAL
12-29 20:19:54.355 D/InCallScreen( 2066): onResumeFake() done.
12-29 20:19:54.355 D/InCallScreen( 2066): onResume()... end
12-29 20:19:54.365 D/UIAutomatorStub(14739): URI: /jsonrpc/0, Method: POST, Header: {content-type=application/json, connection=close, remote-addr=127.0.0.1, host=localhost:9009, content-length=194, http-client-ip=127.0.0.1, user-agent=Python-urllib/2.7, accept-encoding=identity}, params, {NanoHttpd.QUERY_STRING=null}, files: {postData={"params": [{"childOrSiblingSelector": [], "text": "\u7ed3\u675f", "mask": 1, "childOrSibling": []}, 5000], "jsonrpc": "2.0", "method": "waitForExists", "id": "6235ae2911c48a38f70666f181fcbb27"}}
12-29 20:19:54.375 D/StatusBarManagerService( 1045): manageDisableList userId=0 what=0x0 pkg=WindowManager.LayoutParams token:android.os.Binder@424946a8
12-29 20:19:54.375 D/TAG     ( 1557): disable what:0
12-29 20:19:54.385 D/InCallScreen( 2066): updateScreen()...
12-29 20:19:54.385 D/InCallScreen( 2066):   - phone state = false
12-29 20:19:54.385 D/InCallScreen( 2066):   - inCallScreenMode = NORMAL
12-29 20:19:54.385 D/InCallScreen( 2066): - updateScreen: updating the in-call UI...
12-29 20:19:54.385 D/InCallScreen( 2066): updateIncomingCallView()...
12-29 20:19:54.385 D/InCallScreen( 2066): updateIncomingCallView().ringCall:null fgCall:null bgCall:null
12-29 20:19:54.385 D/CallCard( 2066): updateState()... mIsDialerOpen:false
12-29 20:19:54.385 D/CallCard( 2066): ringingcall:null
12-29 20:19:54.385 D/CallCard( 2066): fgcall:null
12-29 20:19:54.385 D/CallCard( 2066): bgcall:null
12-29 20:19:54.385 D/CallCard( 2066): disconnectingcall:null
12-29 20:19:54.385 D/CallCard( 2066): disconnectedCall:null
12-29 20:19:54.385 D/InCallScreen( 2066): dismissProgressIndication()...
12-29 20:19:54.385 I/InCall  ( 2066): CallerInfoAsyncQueryHandler - ##### onQueryComplete() #####   query complete for token: -1
12-29 20:19:54.385 D/StatusBarManagerService( 1045): disableInternal
12-29 20:19:54.385 D/StatusBarManagerService( 1045): manageDisableList userId=0 what=0x0 pkg=com.smartisanos.keyguard token:android.os.BinderProxy@42219590
12-29 20:19:54.395 I/InCall  ( 2066): ContactInfoCache - - got personUri: 'content://com.android.contacts/contacts/3', based on info.person_id: 3
12-29 20:19:54.405 D/CallCard( 2066): onContactInfoComplete: -1 entry:ContactCacheEntry{name=xxxxxxxxxxxxxxxxxxxxxxxxxxxxxxxxxxxxxxxxxxxxxxxxxxxxxxxxxxxxxxxxxxxxxxxxxxxxxxxxxxxxxxxxxxxxxxxxxxxxxxxxxxxxxxxxxxxxxxxxxxxxxxxxxxxxxxxxxxxxxxxxxxxxxxxxxxxxxxxxxxxxxxxxxxxxxxxxxxxxxxxxxxxxxxxxxxxxxxxxxxxxxxxxxxxxxxxxxxxxxxxxxxxxxxxxxxxxxxxxxxxxxxxxxxxxxxxxxxxxxxxxxxxxxxxxxxxxxxxxxxxxxxxxxxxxxxxxxxxxxxxxxxxxxxxxxxxxxxxxxxxxxxxxxxxxxxxxxxxxxxxxxxxxxxxxxxxxxxxxxxxxxxxxxxxxxxxxxxxxxxxxxxxxxxxxxxxxxxxxxxxxxxxxxxxxxxxxxxxxxxxxxxxxxxxxxxxxxx, number=xxxxx, location=null, personUri=content://com.android.contacts/contacts/3, label=电话, photo=null, isSipCall=false, isFinal=true, isEmergency=false, cooTek result=null, cooTek result name=, hasCooTekQueried =false, atomicStatus =true}
12-29 20:19:54.405 D/CallCard( 2066): showInfoByCallerInfo(ContactCacheEntry{name=xxxxxxxxxxxxxxxxxxxxxxxxxxxxxxxxxxxxxxxxxxxxxxxxxxxxxxxxxxxxxxxxxxxxxxxxxxxxxxxxxxxxxxxxxxxxxxxxxxxxxxxxxxxxxxxxxxxxxxxxxxxxxxxxxxxxxxxxxxxxxxxxxxxxxxxxxxxxxxxxxxxxxxxxxxxxxxxxxxxxxxxxxxxxxxxxxxxxxxxxxxxxxxxxxxxxxxxxxxxxxxxxxxxxxxxxxxxxxxxxxxxxxxxxxxxxxxxxxxxxxxxxxxxxxxxxxxxxxxxxxxxxxxxxxxxxxxxxxxxxxxxxxxxxxxxxxxxxxxxxxxxxxxxxxxxxxxxxxxxxxxxxxxxxxxxxxxxxxxxxxxxxxxxxxxxxxxxxxxxxxxxxxxxxxxxxxxxxxxxxxxxxxxxxxxxxxxxxxxxxxxxxxxxxxxxxxxxxxx, number=xxxxx, location=null, personUri=content://com.android.contacts/contacts/3, label=电话, photo=null, isSipCall=false, isFinal=true, isEmergency=false, cooTek result=null, cooTek result name=, hasCooTekQueried =false, atomicStatus =true})
12-29 20:19:54.405 D/CallCard( 2066):  isConference:false
12-29 20:19:54.405 D/CallCard( 2066):   ==>  2.2 : settextTest1 或 Test2 或 Test3 或 Test4 或 Test5 或 Test6 或 Test7 或 Test8 或 Test9 或 Tf0RxH 或 Tf0glR 或 Tf1CAA 或 Tf1mYj 或 Tf1thO 或 Tf4Nf8 或 Tf4hbX 或 Tf528V 或 Tf7eQU 或 TfE8Vs 或 TfHHHH 或 TfHW1o 或 TfKfVR 或 TfMBbU 或 TfMucO 或 TfNAf0 或 TfPdbW 或 TfRuq6 或 TfW9W4 或 TfWjww 或 TfYhxQ 或 Tfa09b 或 Tfarde 或 Tfbiku 或 TfdiW8 或 TfgzRk 或 TfhtWW 或 Tfi2OW 或 TfjORF 或 TfjcHt 或 TfjfMx 或 Tfkven 或 Tfpoc5 或 Tfsv4c 或 TfvM7I 或 TfwvW5 或 TfxyeK 或 Tfz1Hb 或 Tfz4xp 或 TfzHn0 或 Tfzzli
12-29 20:19:54.405 D/CallCard( 2066):   ==>  2.x set a tag to indicate this name is set by fake updatescreen
12-29 20:19:54.405 D/CallCard( 2066):    showImage 1 unknown , entry is null or entry.photo is null
12-29 20:19:54.405 D/CallCard( 2066):    showImage 1.2 unknown , entry photo is null and entry is final state, so set unkown photo
12-29 20:19:54.425 D/CallCard( 2066): Contact found: ContactCacheEntry{name=xxxxxxxxxxxxxxxxxxxxxxxxxxxxxxxxxxxxxxxxxxxxxxxxxxxxxxxxxxxxxxxxxxxxxxxxxxxxxxxxxxxxxxxxxxxxxxxxxxxxxxxxxxxxxxxxxxxxxxxxxxxxxxxxxxxxxxxxxxxxxxxxxxxxxxxxxxxxxxxxxxxxxxxxxxxxxxxxxxxxxxxxxxxxxxxxxxxxxxxxxxxxxxxxxxxxxxxxxxxxxxxxxxxxxxxxxxxxxxxxxxxxxxxxxxxxxxxxxxxxxxxxxxxxxxxxxxxxxxxxxxxxxxxxxxxxxxxxxxxxxxxxxxxxxxxxxxxxxxxxxxxxxxxxxxxxxxxxxxxxxxxxxxxxxxxxxxxxxxxxxxxxxxxxxxxxxxxxxxxxxxxxxxxxxxxxxxxxxxxxxxxxxxxxxxxxxxxxxxxxxxxxxxxxxxxxxxxxxx, number=xxxxx, location=null, personUri=content://com.android.contacts/contacts/3, label=电话, photo=null, isSipCall=false, isFinal=true, isEmergency=false, cooTek result=null, cooTek result name=, hasCooTekQueried =false, atomicStatus =true}
12-29 20:19:54.425 W/ActivityManager( 1045): Unable to start service Intent { act=com.android.contacts.VIEW_NOTIFICATION dat=content://com.android.contacts/contacts/3 cmp=com.android.contacts/.ViewNotificationService } U=0: not found
12-29 20:19:54.445 D/InCallScreen( 2066): onWindowFocusChanged(true)...
12-29 20:19:54.455 I/InCall  ( 2066): CallerInfoAsyncQueryHandler - ##### onQueryComplete() #####   query complete for token: -1
12-29 20:19:54.455 I/ActivityManager( 2066): Timeline: Activity_idle id: android.os.BinderProxy@4361eea0 time:13692165
12-29 20:19:54.625 I/ActivityManager( 1045): Timeline: Activity_windows_visible id: ActivityRecord{41fd0bf0 u0 com.android.incallui/.InCallScreen t17} time:13692336
12-29 20:19:54.635 I/DialtactsActivity(14086): onStop
12-29 20:19:54.655 D/CallController( 1745): now placing call
12-29 20:19:54.655 D/CallController( 1745): placeCallInternal()...  intent = Intent { act=android.intent.action.CALL dat=tel:xxxxx (has extras) }
12-29 20:19:54.655 D/PhoneUtils( 1745): getInitialNumber(): Intent { act=android.intent.action.CALL dat=tel:xxxxx (has extras) }
12-29 20:19:54.655 D/PhoneUtils( 1745): ==> got EXTRA_ACTUAL_NUMBER_TO_DIAL; returning '10086'
12-29 20:19:54.655 D/PhoneUtils( 1745): pickPhoneBasedOnNumber: scheme tel, number 10086, sipUri null, subscription0
12-29 20:19:54.665 D/PhoneUtils( 1745): placeCall '10086' GW:'null' CallType:0
12-29 20:19:54.675 V/MediaPlaybackService( 1601): PhoneStateListener: received TelephonyManager.CALL_STATE_OFFHOOK
12-29 20:19:54.675 D/music   ( 1601): AudioFocus pauseIfNeed : -3
12-29 20:19:54.675 D/PhoneUtils( 1745): PhoneUtils.startGetCallerInfo: new query for phone number...
12-29 20:19:54.675 D/PhoneUtils( 1745): - number (address): 10086
12-29 20:19:54.675 D/PhoneUtils( 1745): - c:  incoming: false state: DIALING post dial state: NOT_STARTED
12-29 20:19:54.675 D/PhoneUtils( 1745): - phone: Handler (com.android.internal.telephony.gsm.GSMPhone) {41fcf078}
12-29 20:19:54.675 D/PhoneUtils( 1745): - phoneType: 1
12-29 20:19:54.675 D/PhoneUtils( 1745):   ==> PHONE_TYPE_GSM
12-29 20:19:54.675 D/PhoneUtils( 1745): startGetCallerInfo: number = 10086
12-29 20:19:54.675 D/PhoneUtils( 1745): startGetCallerInfo: CNAP Info from FW(1): name=null, Name/Number Pres=1
12-29 20:19:54.675 D/PhoneUtils( 1745): modifyForSpecialCnapCases: initially, number=10086, presentation=1 ci com.android.internal.telephony.CallerInfo@4227c738 { name null, phoneNumber null }
12-29 20:19:54.675 D/PhoneUtils( 1745): checkCnapSpecialCases, normal str. number: 10086
12-29 20:19:54.675 D/PhoneUtils( 1745): modifyForSpecialCnapCases: returning number string=10086
12-29 20:19:54.675 D/PhoneUtils( 1745): ==> Actually starting CallerInfoAsyncQuery.startQuery()...
12-29 20:19:54.675 D/audio_hw_extn(  228): audio_extn_get_parameters: returns 
12-29 20:19:54.675 I/str_params(  228): key: 'all_call_states' value: ''
12-29 20:19:54.675 D/PhoneUtils( 1745): startGetCallerInfo: query based on number: 10086
12-29 20:19:54.675 D/PhoneUtils( 1745): setAudioMode()...OFFHOOK
12-29 20:19:54.675 D/audio_hw_extn(  228): audio_extn_get_parameters: returns 
12-29 20:19:54.675 I/str_params(  228): key: 'all_call_states' value: ''
12-29 20:19:54.675 D/NotificationService( 1045): onReceive:android.intent.action.PHONE_STATE
12-29 20:19:54.685 D/audio_hw_primary(  228): adev_set_mode mode 2
12-29 20:19:54.685 V/AudioPMB(  228): setPhoneState() in. state: 2, mPhoneState: 0.
12-29 20:19:54.685 V/AudioPMB(  228):   Entering call in setPhoneState()
12-29 20:19:54.685 V/AudioPMB(  228): getNewDevice() out. Return selected device 0x1
12-29 20:19:54.685 V/AudioPMB(  228): checkOutputForStrategy() in. strategy: 5.
12-29 20:19:54.685 V/AudioPMB(  228): checkOutputForStrategy() out. strategy: 5.
12-29 20:19:54.685 V/AudioPMB(  228): checkOutputForStrategy() in. strategy: 1.
12-29 20:19:54.685 V/AudioPMB(  228): checkOutputForStrategy() out. strategy: 1.
12-29 20:19:54.685 V/AudioPMB(  228): checkOutputForStrategy() in. strategy: 2.
12-29 20:19:54.685 V/AudioPMB(  228): checkOutputForStrategy() out. strategy: 2.
12-29 20:19:54.685 V/AudioPMB(  228): checkOutputForStrategy() in. strategy: 3.
12-29 20:19:54.685 V/AudioPMB(  228): checkOutputForStrategy() out. strategy: 3.
12-29 20:19:54.685 V/AudioPMB(  228): checkOutputForStrategy() in. strategy: 0.
12-29 20:19:54.685 V/AudioPMB(  228): checkOutputForStrategy() out. strategy: 0.
12-29 20:19:54.685 V/AudioPMB(  228): checkOutputForStrategy() in. strategy: 4.
12-29 20:19:54.685 V/AudioPMB(  228): checkOutputForStrategy() out. strategy: 4.
12-29 20:19:54.685 V/AudioPMB(  228): setStrategyMute() in. strategy 0, mute 1, output 2, device: 0x0. delayMs: 0 ms.
12-29 20:19:54.685 V/AudioPMB(  228): setStreamMute() in. stream 1, mute 1, output 2, mMuteCount 0 device 0x1, delayMs: 0 ms.
12-29 20:19:54.685 V/AudioPMB(  228): setStreamMute() in. stream 3, mute 1, output 2, mMuteCount 0 device 0x1, delayMs: 0 ms.
12-29 20:19:54.685 D/audio_hw_extn(  228): audio_extn_get_parameters: returns 
12-29 20:19:54.685 I/str_params(  228): key: 'all_call_states' value: ''
12-29 20:19:54.685 D/AudioFlinger(  228): setParameters(): io 2, keyvalue fm_volume=0.0000000000, calling pid 228
12-29 20:19:54.685 D/AudioFlinger(  228): setParameters(): tid 228, return from thread->setParameters()
12-29 20:19:54.685 D/audio_hw_extn(  228): audio_extn_get_parameters: returns 
12-29 20:19:54.685 I/str_params(  228): key: 'all_call_states' value: ''
12-29 20:19:54.685 D/AudioFlinger(  228): setParameters(): io 0, keyvalue vsid=281022464;call_state=2, calling pid 224
12-29 20:19:54.685 D/audio_hw_primary(  228): adev_set_parameters: enter: vsid=281022464;call_state=2
12-29 20:19:54.685 D/voice_extn(  228): update_call_states is_in_call:0 voice_device_set:0, mode:2
12-29 20:19:54.685 D/audio_hw_extn(  228): audio_extn_set_anc_parameters: anc_enabled:0
12-29 20:19:54.685 D/audio_hw_primary(  228): adev_set_parameters: exit with code(0)
12-29 20:19:54.685 E/audio_a2dp_hw(  228): adev_set_parameters: ERROR: set param called even when stream out is null
12-29 20:19:54.685 D/AudioFlinger(  228): setParameters(): tid 224, return -38
12-29 20:19:54.685 E/OpenListenerServiceReceiver(15235): onReceive
12-29 20:19:54.685 D/QcrilMsgTunnelSocket( 2584): readRilMessage: Buffer = [B@41fa8280 HexData = [01000000040400002b000000514f454d484f4f4bf70308001b000000767369643d3238313032323436343b63616c6c5f73746174653d32]
12-29 20:19:54.685 D/QcrilMsgTunnelSocket( 2584): Rcvd UNSOL response with 52 bytes data for SUB0
12-29 20:19:54.685 D/QcrilMsgTunnelSocket( 2584): AudioState data received: vsid=281022464;call_state=2
12-29 20:19:54.685 D/QcrilMsgTunnelSocket( 2584): Broadcasting intent ACTION_AUDIO_STATE_CHANGED
12-29 20:19:54.695 D/audio_hw_primary(  228): out_set_parameters: enter: usecase(0: deep-buffer-playback) kvpairs: fm_volume=0.0000000000
12-29 20:19:54.695 D/audio_hw_extn(  228): audio_extn_set_anc_parameters: anc_enabled:0
12-29 20:19:54.695 D/audio_hw_fm(  228): audio_extn_fm_set_parameters: set_fm_volume usecase
12-29 20:19:54.695 D/audio_hw_fm(  228): fm_set_volume: (0.000000)
12-29 20:19:54.695 D/audio_hw_primary(  228): out_set_parameters: exit: code(0)
12-29 20:19:54.695 V/AudioPMB(  228): setStreamMute() in. stream 9, mute 1, output 2, mMuteCount 0 device 0x1, delayMs: 0 ms.
12-29 20:19:54.695 V/AudioPMB(  228): setStreamMute() in. stream 10, mute 1, output 2, mMuteCount 0 device 0x1, delayMs: 0 ms.
12-29 20:19:54.695 V/AudioPMB(  228): setStrategyMute() in. strategy 0, mute 0, output 2, device: 0x1. delayMs: 500 ms.
12-29 20:19:54.695 V/AudioPMB(  228): setStreamMute() in. stream 1, mute 0, output 2, mMuteCount 1 device 0x1, delayMs: 500 ms.
12-29 20:19:54.695 V/AudioPMB(  228): setStreamMute() in. stream 3, mute 0, output 2, mMuteCount 1 device 0x1, delayMs: 500 ms.
12-29 20:19:54.695 V/AudioPMB(  228): setStreamMute() in. stream 9, mute 0, output 2, mMuteCount 1 device 0x1, delayMs: 500 ms.
12-29 20:19:54.695 V/AudioPMB(  228): setStreamMute() in. stream 10, mute 0, output 2, mMuteCount 1 device 0x1, delayMs: 500 ms.
12-29 20:19:54.695 V/AudioPMB(  228): setStrategyMute() in. strategy 2, mute 1, output 2, device: 0x0. delayMs: 0 ms.
12-29 20:19:54.695 V/AudioPMB(  228): setStreamMute() in. stream 2, mute 1, output 2, mMuteCount 0 device 0x1, delayMs: 0 ms.
12-29 20:19:54.695 V/AudioPMB(  228): setStreamMute() in. stream 4, mute 1, output 2, mMuteCount 0 device 0x1, delayMs: 0 ms.
12-29 20:19:54.695 V/AudioPMB(  228): setStrategyMute() in. strategy 2, mute 0, output 2, device: 0x1. delayMs: 500 ms.
12-29 20:19:54.695 V/AudioPMB(  228): setStreamMute() in. stream 2, mute 0, output 2, mMuteCount 1 device 0x1, delayMs: 500 ms.
12-29 20:19:54.695 V/AudioPMB(  228): setStreamMute() in. stream 4, mute 0, output 2, mMuteCount 1 device 0x1, delayMs: 500 ms.
12-29 20:19:54.695 V/AudioPMB(  228): setStrategyMute() in. strategy 0, mute 1, output 3, device: 0x0. delayMs: 0 ms.
12-29 20:19:54.695 V/AudioPMB(  228): setStreamMute() in. stream 1, mute 1, output 3, mMuteCount 0 device 0x2, delayMs: 0 ms.
12-29 20:19:54.695 V/AudioPMB(  228): setStreamMute() in. stream 3, mute 1, output 3, mMuteCount 0 device 0x2, delayMs: 0 ms.
12-29 20:19:54.695 V/AudioPMB(  228): setStreamMute() in. stream 9, mute 1, output 3, mMuteCount 0 device 0x2, delayMs: 0 ms.
12-29 20:19:54.695 V/AudioPMB(  228): setStreamMute() in. stream 10, mute 1, output 3, mMuteCount 0 device 0x2, delayMs: 0 ms.
12-29 20:19:54.695 V/AudioPMB(  228): setStrategyMute() in. strategy 0, mute 0, output 3, device: 0x1. delayMs: 500 ms.
12-29 20:19:54.695 V/AudioPMB(  228): setStreamMute() in. stream 1, mute 0, output 3, mMuteCount 1 device 0x1, delayMs: 500 ms.
12-29 20:19:54.695 V/AudioPMB(  228): setStreamMute() in. stream 3, mute 0, output 3, mMuteCount 1 device 0x1, delayMs: 500 ms.
12-29 20:19:54.695 V/AudioPMB(  228): setStreamMute() in. stream 9, mute 0, output 3, mMuteCount 1 device 0x1, delayMs: 500 ms.
12-29 20:19:54.695 V/AudioPMB(  228): setStreamMute() in. stream 10, mute 0, output 3, mMuteCount 1 device 0x1, delayMs: 500 ms.
12-29 20:19:54.695 V/AudioPMB(  228): setStrategyMute() in. strategy 2, mute 1, output 3, device: 0x0. delayMs: 0 ms.
12-29 20:19:54.695 V/AudioPMB(  228): setStreamMute() in. stream 2, mute 1, output 3, mMuteCount 0 device 0x2, delayMs: 0 ms.
12-29 20:19:54.705 V/AudioPMB(  228): setStreamMute() in. stream 4, mute 1, output 3, mMuteCount 0 device 0x2, delayMs: 0 ms.
12-29 20:19:54.705 V/AudioPMB(  228): setStrategyMute() in. strategy 2, mute 0, output 3, device: 0x1. delayMs: 500 ms.
12-29 20:19:54.705 V/AudioPMB(  228): setStreamMute() in. stream 2, mute 0, output 3, mMuteCount 1 device 0x1, delayMs: 500 ms.
12-29 20:19:54.705 V/AudioPMB(  228): setStreamMute() in. stream 4, mute 0, output 3, mMuteCount 1 device 0x1, delayMs: 500 ms.
12-29 20:19:54.705 V/AudioPMB(  228): setOutputDevice() in. output: 2 device: 0x1, force: 1, delayMs: 0
12-29 20:19:54.705 V/AudioPMB(  228): checkDeviceMuteStrategies() out. return 0 ms.
12-29 20:19:54.705 V/AudioPMB(  228): setOutputDevice() changing device: routing=1. prevDevice: 0x1, delay: 0 ms.
12-29 20:19:54.705 D/AudioFlinger(  228): setParameters(): io 2, keyvalue routing=1, calling pid 228
12-29 20:19:54.705 D/AudioFlinger(  228): setParameters(): tid 228, return from thread->setParameters()
12-29 20:19:54.705 D/audio_hw_primary(  228): out_set_parameters: enter: usecase(0: deep-buffer-playback) kvpairs: routing=1
12-29 20:19:54.705 D/voice_extn(  228): update_calls: enter:
12-29 20:19:54.705 D/voice_extn(  228): update_calls: cur_state=1 new_state=2 vsid=10c01000
12-29 20:19:54.705 D/voice_extn(  228): update_calls: INACTIVE -> ACTIVE vsid:10c01000
12-29 20:19:54.705 D/voice   (  228): start_call: enter usecase:voice-call
12-29 20:19:54.705 D/audio_hw_primary(  228): select_devices: out_snd_device(7: voice-handset) in_snd_device(52: voice-dmic-ef)
12-29 20:19:54.705 D/audio_hw_primary(  228): new usecase[11] out device:7
12-29 20:19:54.705 D/hardware_info(  228): hw_info_append_hw_type : device_name = voice-handset
12-29 20:19:54.705 D/ACDB-LOADER(  228): ACDB -> send_audio_cal, acdb_id = 7, path =  0
12-29 20:19:54.705 D/ACDB-LOADER(  228): ACDB -> send_adm_topology
12-29 20:19:54.705 D/ACDB-LOADER(  228): ACDB -> ACDB_CMD_GET_AUDPROC_COMMON_TOPOLOGY_ID
12-29 20:19:54.705 D/ACDB-LOADER(  228): ACDB -> send_asm_topology
12-29 20:19:54.705 D/ACDB-LOADER(  228): ACDB -> ACDB_CMD_GET_AUDPROC_STREAM_TOPOLOGY_ID
12-29 20:19:54.705 D/ACDB-LOADER(  228): ACDB -> send_audtable
12-29 20:19:54.705 D/ACDB-LOADER(  228): ACDB -> ACDB_CMD_GET_AUDPROC_COMMON_TABLE
12-29 20:19:54.705 D/ACDB-LOADER(  228): ACDB -> AUDIO_SET_AUDPROC_CAL
12-29 20:19:54.705 D/ACDB-LOADER(  228): ACDB -> send_audvoltable
12-29 20:19:54.705 D/ACDB-LOADER(  228): ACDB -> ACDB_CMD_GET_AUDPROC_GAIN_DEP_STEP_TABLE
12-29 20:19:54.705 D/ACDB-LOADER(  228): ACDB -> AUDIO_SET_AUDPROC_VOL_CAL
12-29 20:19:54.705 D/ACDB-LOADER(  228): ACDB -> AUDIO_SET_AFE_CAL
12-29 20:19:54.705 D/audio_hw_primary(  228): new usecase[11] in device:52
12-29 20:19:54.705 D/hardware_info(  228): hw_info_append_hw_type : device_name = voice-dmic-ef
12-29 20:19:54.705 D/ACDB-LOADER(  228): ACDB -> send_audio_cal, acdb_id = 41, path =  1
12-29 20:19:54.705 D/ACDB-LOADER(  228): ACDB -> send_adm_topology
12-29 20:19:54.705 D/ACDB-LOADER(  228): ACDB -> ACDB_CMD_GET_AUDPROC_COMMON_TOPOLOGY_ID
12-29 20:19:54.705 D/ACDB-LOADER(  228): ACDB -> send_asm_topology
12-29 20:19:54.705 D/ACDB-LOADER(  228): ACDB -> ACDB_CMD_GET_AUDPROC_STREAM_TOPOLOGY_ID
12-29 20:19:54.705 D/ACDB-LOADER(  228): ACDB -> send_audtable
12-29 20:19:54.705 D/ACDB-LOADER(  228): ACDB -> ACDB_CMD_GET_AUDPROC_COMMON_TABLE
12-29 20:19:54.705 D/ACDB-LOADER(  228): ACDB -> AUDIO_SET_AUDPROC_CAL
12-29 20:19:54.705 D/ACDB-LOADER(  228): ACDB -> send_audvoltable
12-29 20:19:54.705 D/ACDB-LOADER(  228): ACDB -> ACDB_CMD_GET_AUDPROC_GAIN_DEP_STEP_TABLE
12-29 20:19:54.705 D/        (  228): Failed to fetch the lookup information of the device 00000029 
12-29 20:19:54.705 E/ACDB-LOADER(  228): Error: ACDB AudProc vol returned = -19
12-29 20:19:54.705 D/ACDB-LOADER(  228): ACDB -> AUDIO_SET_AUDPROC_VOL_CAL
12-29 20:19:54.705 D/ACDB-LOADER(  228): ACDB -> AUDIO_SET_AFE_CAL
12-29 20:19:54.705 D/ACDB-LOADER(  228): ACDB -> send_voice_cal, acdb_rx = 7, acdb_tx = 41, feature_set = 0
12-29 20:19:54.705 D/ACDB-LOADER(  228): ACDB -> send_voice_rx_topology
12-29 20:19:54.705 D/ACDB-LOADER(  228): ACDB -> ACDB_CMD_GET_VOCPROC_COMMON_TOPOLOGY_ID
12-29 20:19:54.705 D/ACDB-LOADER(  228): ACDB -> send_voice_tx_topology
12-29 20:19:54.705 D/ACDB-LOADER(  228): ACDB -> ACDB_CMD_GET_VOCPROC_COMMON_TOPOLOGY_ID
12-29 20:19:54.705 D/ACDB-LOADER(  228): ACDB -> ACDB_CMD_GET_AFE_DATA
12-29 20:19:54.705 D/ACDB-LOADER(  228): ACDB -> AUDIO_SET_SIDETONE_CAL
12-29 20:19:54.705 D/ACDB-LOADER(  228): ACDB -> send_voice_columns, table 1
12-29 20:19:54.705 D/ACDB-LOADER(  228): ACDB -> ACDB_CMD_GET_VOC_COLUMNS_INFO
12-29 20:19:54.705 D/ACDB-LOADER(  228): ACDB -> ACDB_CMD_GET_VOC_PROC_COMMON_TABLE
12-29 20:19:54.705 D/ACDB-LOADER(  228): ACDB -> AUDIO_SET_VOCPROC_CAL
12-29 20:19:54.705 D/ACDB-LOADER(  228): ACDB -> ACDB_CMD_GET_VOC_PROC_DEVICE_CFG
12-29 20:19:54.705 D/ACDB-LOADER(  228): ACDB -> AUDIO_SET_VOCPROC_DEV_CFG_CAL
