12-29 20:19:43.035 D/wpa_supplicant( 2666): nl80211: survey data missing!
12-29 20:19:44.295 W/InteractionController(14739): runAndwaitForEvent timedout waiting for events
12-29 20:19:44.325 D/UIAutomatorStub(14739): URI: /jsonrpc/0, Method: POST, Header: {content-type=application/json, connection=close, remote-addr=127.0.0.1, host=localhost:9009, content-length=207, http-client-ip=127.0.0.1, user-agent=Python-urllib/2.7, accept-encoding=identity}, params, {NanoHttpd.QUERY_STRING=null}, files: {postData={"params": [{"childOrSiblingSelector": [], "mask": 64, "description": "\u96f6", "childOrSibling": []}, 3000], "jsonrpc": "2.0", "method": "clickAndWaitForNewWindow", "id": "41042c1948877cde585826c21f9a1851"}}
12-29 20:19:44.365 I/QueryController(14739): Matched selector: UiSelector[DESCRIPTION=零] <<==>> [android.view.accessibility.AccessibilityNodeInfo@124b4; boundsInParent: Rect(0, 0 - 360, 199); boundsInScreen: Rect(360, 1336 - 720, 1535); packageName: com.android.contacts; className: android.widget.TextView; text: null; contentDescription: 零; viewIdResName: com.android.contacts:id/zero_classic; checkable: false; checked: false; focusable: false; focused: false; selected: false; clickable: true; longClickable: false; enabled: true; password: false; scrollable: false; [ACTION_SELECT, ACTION_CLEAR_SELECTION, ACTION_CLICK, ACTION_ACCESSIBILITY_FOCUS]]
12-29 20:19:44.365 D/InteractionController(14739): clickAndWaitForNewWindow(540, 1435)
12-29 20:19:44.365 V/AudioPMB(  228): 
12-29 20:19:44.365 V/AudioPMB(  228): startOutput() in. output 3, stream 1, session 42, mPhoneState: 0, mAvailableOutputDevices: 0x3.
12-29 20:19:44.365 V/AudioPMB(  228): changeRefCount() out. stream 1, new count 1, delta: 1.
12-29 20:19:44.375 V/AudioPMB(  228): getNewDevice() out. Return selected device 0x2
12-29 20:19:44.375 V/AudioPMB(  228): setOutputDevice() in. output: 3 device: 0x2, force: 1, delayMs: 0
12-29 20:19:44.375 V/AudioPMB(  228): isStreamActiveRemotely() out. stream 3 is inactive remotely in past 5000 ms.
12-29 20:19:44.375 V/AudioPMB(  228): isStreamActive() out. stream 3 is inactive in past 5000 ms.
12-29 20:19:44.375 V/AudioPMB(  228): checkDeviceMuteStrategies() out. return 0 ms.
12-29 20:19:44.375 V/AudioPMB(  228): setOutputDevice() changing device: routing=2. prevDevice: 0x2, delay: 0 ms.
12-29 20:19:44.375 D/AudioFlinger(  228): setParameters(): io 3, keyvalue routing=2, calling pid 228
12-29 20:19:44.375 D/AudioFlinger(  228): setParameters(): tid 228, return from thread->setParameters()
12-29 20:19:44.385 D/audio_hw_primary(  228): out_set_parameters: enter: usecase(1: low-latency-playback) kvpairs: routing=2
12-29 20:19:44.385 D/audio_hw_primary(  228): out_set_parameters: exit: code(0)
12-29 20:19:44.385 V/AudioPMB(  228): setOutputDevice() out. output: 3, device: 0x2, delayMs: 0.
12-29 20:19:44.385 D/AudioPMB(  228): check device for volume, cur 0x2, checked 0x2
12-29 20:19:44.385 V/AudioPMB(  228): handleNotificationRoutingForStream() in. stream: 1.
12-29 20:19:44.385 V/AudioPMB(  228): startOutput() out. output: 3, stream: 1. session: 42.
12-29 20:19:44.465 D/dalvikvm( 1789): GC_CONCURRENT freed <1K, 39% free 13734K/22408K, paused 2ms+2ms, total 33ms, dvmtargetUtilize:0.750000
12-29 20:19:44.615 V/AudioPMB(  228): 
12-29 20:19:44.615 V/AudioPMB(  228): stopOutput() in. output 3, stream 1, session 42, mPhoneState: 0, mAvailableOutputDevices: 0x3.
12-29 20:19:44.615 V/AudioPMB(  228): changeRefCount() out. stream 1, new count 0, delta: -1.
12-29 20:19:44.615 V/AudioPMB(  228): getNewDevice() out. Return selected device 0x0
12-29 20:19:44.615 V/AudioPMB(  228): setOutputDevice() in. output: 3 device: 0x0, force: 0, delayMs: 100
12-29 20:19:44.615 V/AudioPMB(  228): isStreamActiveRemotely() out. stream 3 is inactive remotely in past 5000 ms.
12-29 20:19:44.615 V/AudioPMB(  228): isStreamActive() out. stream 3 is inactive in past 5000 ms.
12-29 20:19:44.615 V/AudioPMB(  228): checkDeviceMuteStrategies() out. return 0 ms.
12-29 20:19:44.615 V/AudioPMB(  228): setOutputDevice() out. DO NOTHING since setting same device 0x0 or null device for output 3, return ms. prevDevice: 0x0.
12-29 20:19:44.615 V/AudioPMB(  228): handleNotificationRoutingForStream() in. stream: 1.
12-29 20:19:44.615 V/AudioPMB(  228): stopOutput() out. output: 3, stream: 1, session: 42.
12-29 20:19:46.045 D/wpa_supplicant( 2666): RX ctrl_iface - hexdump(len=11): 53 49 47 4e 41 4c 5f 50 4f 4c 4c
12-29 20:19:46.045 D/wpa_supplicant( 2666): wlan0: Control interface command 'SIGNAL_POLL'
12-29 20:19:46.045 D/wpa_supplicant( 2666): nl80211: survey data missing!
12-29 20:19:46.055 D/StatusBar.NetworkController( 1573): updateWifiIcons mWifiConnected:true mWifiIconId:2130837886
12-29 20:19:46.065 E/Parcel  (  346): Reading a NULL string not supported here.
12-29 20:19:46.065 E/Parcel  (  346): Reading a NULL string not supported here.
12-29 20:19:47.505 W/InteractionController(14739): runAndwaitForEvent timedout waiting for events
12-29 20:19:47.525 D/UIAutomatorStub(14739): URI: /jsonrpc/0, Method: POST, Header: {content-type=application/json, connection=close, remote-addr=127.0.0.1, host=localhost:9009, content-length=207, http-client-ip=127.0.0.1, user-agent=Python-urllib/2.7, accept-encoding=identity}, params, {NanoHttpd.QUERY_STRING=null}, files: {postData={"params": [{"childOrSiblingSelector": [], "mask": 64, "description": "\u516b", "childOrSibling": []}, 3000], "jsonrpc": "2.0", "method": "clickAndWaitForNewWindow", "id": "8c6baaedc92fd6ddd03462cfb227600e"}}
12-29 20:19:47.555 I/QueryController(14739): Matched selector: UiSelector[DESCRIPTION=八] <<==>> [android.view.accessibility.AccessibilityNodeInfo@11971; boundsInParent: Rect(0, 0 - 360, 199); boundsInScreen: Rect(360, 1137 - 720, 1336); packageName: com.android.contacts; className: android.widget.TextView; text: null; contentDescription: 八; viewIdResName: com.android.contacts:id/eight_classic; checkable: false; checked: false; focusable: false; focused: false; selected: false; clickable: true; longClickable: false; enabled: true; password: false; scrollable: false; [ACTION_SELECT, ACTION_CLEAR_SELECTION, ACTION_CLICK, ACTION_ACCESSIBILITY_FOCUS]]
12-29 20:19:47.565 D/InteractionController(14739): clickAndWaitForNewWindow(540, 1236)
12-29 20:19:47.565 V/AudioPMB(  228): 
12-29 20:19:47.565 V/AudioPMB(  228): startOutput() in. output 3, stream 1, session 42, mPhoneState: 0, mAvailableOutputDevices: 0x3.
12-29 20:19:47.565 V/AudioPMB(  228): changeRefCount() out. stream 1, new count 1, delta: 1.
12-29 20:19:47.565 V/AudioPMB(  228): getNewDevice() out. Return selected device 0x2
12-29 20:19:47.565 V/AudioPMB(  228): setOutputDevice() in. output: 3 device: 0x2, force: 1, delayMs: 0
12-29 20:19:47.565 V/AudioPMB(  228): isStreamActiveRemotely() out. stream 3 is inactive remotely in past 5000 ms.
12-29 20:19:47.565 V/AudioPMB(  228): isStreamActive() out. stream 3 is inactive in past 5000 ms.
12-29 20:19:47.565 V/AudioPMB(  228): checkDeviceMuteStrategies() out. return 0 ms.
12-29 20:19:47.565 V/AudioPMB(  228): setOutputDevice() changing device: routing=2. prevDevice: 0x2, delay: 0 ms.
12-29 20:19:47.565 D/AudioFlinger(  228): setParameters(): io 3, keyvalue routing=2, calling pid 228
12-29 20:19:47.565 D/AudioFlinger(  228): setParameters(): tid 228, return from thread->setParameters()
12-29 20:19:47.575 D/audio_hw_primary(  228): out_set_parameters: enter: usecase(1: low-latency-playback) kvpairs: routing=2
12-29 20:19:47.575 D/audio_hw_primary(  228): out_set_parameters: exit: code(0)
12-29 20:19:47.575 V/AudioPMB(  228): setOutputDevice() out. output: 3, device: 0x2, delayMs: 0.
12-29 20:19:47.575 D/AudioPMB(  228): check device for volume, cur 0x2, checked 0x2
12-29 20:19:47.575 V/AudioPMB(  228): handleNotificationRoutingForStream() in. stream: 1.
12-29 20:19:47.575 V/AudioPMB(  228): startOutput() out. output: 3, stream: 1. session: 42.
12-29 20:19:47.705 D/wpa_supplicant( 2666): RX ctrl_iface - hexdump(len=14): 53 43 41 4e 20 54 59 50 45 3d 4f 4e 4c 59
12-29 20:19:47.705 D/wpa_supplicant( 2666): wlan0: Control interface command 'SCAN TYPE=ONLY'
12-29 20:19:47.705 D/wpa_supplicant( 2666): wlan0: Setting scan request: 0 sec 0 usec
12-29 20:19:47.705 D/wpa_supplicant( 2666): wlan0: Starting AP scan for wildcard SSID
12-29 20:19:47.705 D/wpa_supplicant( 2666): wlan0: nl80211: scan request
12-29 20:19:47.705 D/wpa_supplicant( 2666): nl80211: Scan SSID - hexdump(len=0): [NULL]
12-29 20:19:47.705 D/wpa_supplicant( 2666): Scan requested (ret=0) - scan timeout 30 seconds
12-29 20:19:47.705 D/wpa_supplicant( 2666): nl80211: Event message available
12-29 20:19:47.705 D/wpa_supplicant( 2666): nl80211: Drv Event 33 (NL80211_CMD_TRIGGER_SCAN) received for wlan0
12-29 20:19:47.705 D/wpa_supplicant( 2666): wlan0: nl80211: Scan trigger
12-29 20:19:47.705 D/wpa_supplicant( 2666): wlan0: Event SCAN_STARTED (57) received
12-29 20:19:47.705 D/wpa_supplicant( 2666): wlan0: Own scan request started a scan
12-29 20:19:47.705 I/wpa_supplicant( 2666): wlan0: CTRL-EVENT-SCAN-STARTED 
12-29 20:19:47.705 D/wpa_supplicant( 2666): CTRL_IFACE monitor send - hexdump(len=40): 2f 64 61 74 61 2f 6d 69 73 63 2f 77 69 66 69 2f 73 6f 63 6b 65 74 73 2f 77 70 61 5f 63 74 72 6c ...
12-29 20:19:47.795 V/AudioPMB(  228): 
12-29 20:19:47.795 V/AudioPMB(  228): stopOutput() in. output 3, stream 1, session 42, mPhoneState: 0, mAvailableOutputDevices: 0x3.
12-29 20:19:47.795 V/AudioPMB(  228): changeRefCount() out. stream 1, new count 0, delta: -1.
12-29 20:19:47.795 V/AudioPMB(  228): getNewDevice() out. Return selected device 0x0
12-29 20:19:47.795 V/AudioPMB(  228): setOutputDevice() in. output: 3 device: 0x0, force: 0, delayMs: 100
12-29 20:19:47.795 V/AudioPMB(  228): isStreamActiveRemotely() out. stream 3 is inactive remotely in past 5000 ms.
12-29 20:19:47.795 V/AudioPMB(  228): isStreamActive() out. stream 3 is inactive in past 5000 ms.
12-29 20:19:47.795 V/AudioPMB(  228): checkDeviceMuteStrategies() out. return 0 ms.
12-29 20:19:47.795 V/AudioPMB(  228): setOutputDevice() out. DO NOTHING since setting same device 0x0 or null device for output 3, return ms. prevDevice: 0x0.
12-29 20:19:47.795 V/AudioPMB(  228): handleNotificationRoutingForStream() in. stream: 1.
12-29 20:19:47.795 V/AudioPMB(  228): stopOutput() out. output: 3, stream: 1, session: 42.
12-29 20:19:48.545 D/wpa_supplicant( 2666): nl80211: Event message available
12-29 20:19:48.545 D/wpa_supplicant( 2666): nl80211: Drv Event 34 (NL80211_CMD_NEW_SCAN_RESULTS) received for wlan0
12-29 20:19:48.545 D/wpa_supplicant( 2666): wlan0: nl80211: New scan results available
12-29 20:19:48.545 D/wpa_supplicant( 2666): wlan0: Event SCAN_RESULTS (3) received
12-29 20:19:48.545 D/wpa_supplicant( 2666): nl80211: Associated on 5745 MHz
12-29 20:19:48.545 D/wpa_supplicant( 2666): nl80211: Associated with c0:7b:bc:6b:81:4e
12-29 20:19:48.545 D/wpa_supplicant( 2666): nl80211: Received scan results (61 BSSes)
12-29 20:19:48.545 D/wpa_supplicant( 2666): nl80211: Survey data missing
12-29 20:19:48.545 D/wpa_supplicant( 2666): nl80211: Scan results indicate BSS status with c0:7b:bc:6b:81:4e as associated
12-29 20:19:48.545 D/wpa_supplicant( 2666): Sorted scan results
12-29 20:19:48.545 D/wpa_supplicant( 2666): c0:7b:bc:6b:81:4b freq=5745 qual=0 noise=0 level=-55 flags=0xb age=0
12-29 20:19:48.545 D/wpa_supplicant( 2666): IEs - hexdump(len=220): 00 05 53 6d 6f 74 61 01 08 8c 12 98 24 b0 48 60 6c 07 06 43 4e 20 95 05 1e 0b 05 08 00 0c 8d 5b ...
12-29 20:19:48.545 D/wpa_supplicant( 2666): Beacon IEs - hexdump(len=229): 00 05 53 6d 6f 74 61 01 08 8c 12 98 24 b0 48 60 6c 05 07 00 01 0a 00 40 00 00 07 06 43 4e 20 95 ...
12-29 20:19:48.545 D/wpa_supplicant( 2666): c0:7b:bc:6b:81:4c freq=5745 qual=0 noise=0 level=-55 flags=0xb age=0
12-29 20:19:48.545 D/wpa_supplicant( 2666): IEs - hexdump(len=220): 00 05 74 74 74 74 74 01 08 8c 12 98 24 b0 48 60 6c 07 06 43 4e 20 95 05 1e 0b 05 08 00 0c 8d 5b ...
12-29 20:19:48.545 D/wpa_supplicant( 2666): Beacon IEs - hexdump(len=226): 00 05 74 74 74 74 74 01 08 8c 12 98 24 b0 48 60 6c 05 04 00 01 00 00 07 06 43 4e 20 95 05 1e 0b ...
12-29 20:19:48.545 D/wpa_supplicant( 2666): c0:7b:bc:6b:81:4d freq=5745 qual=0 noise=0 level=-55 flags=0xb age=0
12-29 20:19:48.545 D/wpa_supplicant( 2666): IEs - hexdump(len=226): 00 0b 53 6d 61 72 74 69 73 61 6e 48 57 01 08 8c 12 98 24 b0 48 60 6c 07 06 43 4e 20 95 05 1e 0b ...
12-29 20:19:48.545 D/wpa_supplicant( 2666): Beacon IEs - hexdump(len=235): 00 0b 53 6d 61 72 74 69 73 61 6e 48 57 01 08 8c 12 98 24 b0 48 60 6c 05 07 00 01 00 00 00 00 00 ...
12-29 20:19:48.545 D/wpa_supplicant( 2666): c0:7b:bc:6b:81:4f freq=5745 qual=0 noise=0 level=-56 flags=0xb age=0
12-29 20:19:48.545 D/wpa_supplicant( 2666): IEs - hexdump(len=224): 00 09 53 6d 61 72 74 69 73 61 6e 01 08 8c 12 98 24 b0 48 60 6c 07 06 43 4e 20 95 05 1e 0b 05 08 ...
12-29 20:19:48.545 D/wpa_supplicant( 2666): Beacon IEs - hexdump(len=233): 00 09 53 6d 61 72 74 69 73 61 6e 01 08 8c 12 98 24 b0 48 60 6c 05 07 00 01 00 00 00 00 00 07 06 ...
12-29 20:19:48.545 D/wpa_supplicant( 2666): c0:7b:bc:6b:81:4e freq=5745 qual=0 noise=0 level=-56 flags=0x2b age=0
12-29 20:19:48.545 D/wpa_supplicant( 2666): IEs - hexdump(len=230): 00 0f 53 6d 61 72 74 69 73 61 6e 2d 47 75 65 73 74 01 08 8c 12 98 24 b0 48 60 6c 07 06 43 4e 20 ...
12-29 20:19:48.545 D/wpa_supplicant( 2666): Beacon IEs - hexdump(len=239): 00 0f 53 6d 61 72 74 69 73 61 6e 2d 47 75 65 73 74 01 08 8c 12 98 24 b0 48 60 6c 05 07 00 01 0a ...
12-29 20:19:48.545 D/wpa_supplicant( 2666): 38:83:45:47:95:8a freq=2437 qual=0 noise=0 level=-57 flags=0xb age=0
12-29 20:19:48.545 D/wpa_supplicant( 2666): IEs - hexdump(len=239): 00 07 59 59 5f 6d 69 6e 69 01 08 82 84 8b 96 0c 12 18 24 03 01 06 07 06 55 53 20 01 0d 14 2a 01 ...
12-29 20:19:48.545 D/wpa_supplicant( 2666): Beacon IEs - hexdump(len=193): 00 07 59 59 5f 6d 69 6e 69 01 08 82 84 8b 96 0c 12 18 24 03 01 06 05 04 00 01 00 00 07 06 55 53 ...
12-29 20:19:48.545 D/wpa_supplicant( 2666): 6c:e8:73:db:ab:78 freq=2412 qual=0 noise=0 level=-58 flags=0xb age=0
12-29 20:19:48.545 D/wpa_supplicant( 2666): IEs - hexdump(len=109): 00 0d 57 50 41 32 5f 31 32 33 34 35 36 37 38 01 08 82 84 8b 96 0c 12 18 24 03 01 01 2a 01 00 30 ...
12-29 20:19:48.545 D/wpa_supplicant( 2666): Beacon IEs - hexdump(len=115): 00 0d 57 50 41 32 5f 31 32 33 34 35 36 37 38 01 08 82 84 8b 96 0c 12 18 24 03 01 01 05 04 00 01 ...
12-29 20:19:48.545 D/wpa_supplicant( 2666): c0:7b:bc:6b:4a:2e freq=5785 qual=0 noise=0 level=-63 flags=0xb age=0
12-29 20:19:48.545 D/wpa_supplicant( 2666): IEs - hexdump(len=230): 00 0f 53 6d 61 72 74 69 73 61 6e 2d 47 75 65 73 74 01 08 8c 12 98 24 b0 48 60 6c 07 06 43 4e 20 ...
12-29 20:19:48.545 D/wpa_supplicant( 2666): Beacon IEs - hexdump(len=236): 00 0f 53 6d 61 72 74 69 73 61 6e 2d 47 75 65 73 74 01 08 8c 12 98 24 b0 48 60 6c 05 04 00 01 00 ...
12-29 20:19:48.545 D/wpa_supplicant( 2666): c0:7b:bc:6b:4a:2d freq=5785 qual=0 noise=0 level=-63 flags=0xb age=0
12-29 20:19:48.545 D/wpa_supplicant( 2666): IEs - hexdump(len=226): 00 0b 53 6d 61 72 74 69 73 61 6e 48 57 01 08 8c 12 98 24 b0 48 60 6c 07 06 43 4e 20 95 05 1e 0b ...
12-29 20:19:48.545 D/wpa_supplicant( 2666): Beacon IEs - hexdump(len=232): 00 0b 53 6d 61 72 74 69 73 61 6e 48 57 01 08 8c 12 98 24 b0 48 60 6c 05 04 00 01 00 00 07 06 43 ...
12-29 20:19:48.545 D/wpa_supplicant( 2666): c0:7b:bc:6b:4a:2b freq=5785 qual=0 noise=0 level=-63 flags=0xb age=0
12-29 20:19:48.545 D/wpa_supplicant( 2666): IEs - hexdump(len=220): 00 05 53 6d 6f 74 61 01 08 8c 12 98 24 b0 48 60 6c 07 06 43 4e 20 95 05 1e 0b 05 0c 00 0d 8d 5b ...
12-29 20:19:48.545 D/wpa_supplicant( 2666): Beacon IEs - hexdump(len=226): 00 05 53 6d 6f 74 61 01 08 8c 12 98 24 b0 48 60 6c 05 04 00 01 00 00 07 06 43 4e 20 95 05 1e 0b ...
12-29 20:19:48.545 D/wpa_supplicant( 2666): c0:7b:bc:6b:4a:2c freq=5785 qual=0 noise=0 level=-63 flags=0xb age=0
12-29 20:19:48.545 D/wpa_supplicant( 2666): IEs - hexdump(len=220): 00 05 74 74 74 74 74 01 08 8c 12 98 24 b0 48 60 6c 07 06 43 4e 20 95 05 1e 0b 05 0c 00 0d 8d 5b ...
12-29 20:19:48.545 D/wpa_supplicant( 2666): Beacon IEs - hexdump(len=226): 00 05 74 74 74 74 74 01 08 8c 12 98 24 b0 48 60 6c 05 04 00 01 00 00 07 06 43 4e 20 95 05 1e 0b ...
12-29 20:19:48.545 D/wpa_supplicant( 2666): c0:7b:bc:6b:4a:2f freq=5785 qual=0 noise=0 level=-64 flags=0xb age=0
12-29 20:19:48.545 D/wpa_supplicant( 2666): IEs - hexdump(len=224): 00 09 53 6d 61 72 74 69 73 61 6e 01 08 8c 12 98 24 b0 48 60 6c 07 06 43 4e 20 95 05 1e 0b 05 0c ...
12-29 20:19:48.545 D/wpa_supplicant( 2666): Beacon IEs - hexdump(len=230): 00 09 53 6d 61 72 74 69 73 61 6e 01 08 8c 12 98 24 b0 48 60 6c 05 04 00 01 00 00 07 06 43 4e 20 ...
12-29 20:19:48.545 D/wpa_supplicant( 2666): c0:7b:bc:6b:81:42 freq=2462 qual=0 noise=0 level=-61 flags=0xb age=0
12-29 20:19:48.545 D/wpa_supplicant( 2666): IEs - hexdump(len=238): 00 0b 53 6d 61 72 74 69 73 61 6e 48 57 01 08 82 84 8b 0c 12 96 18 24 03 01 0b 07 06 43 4e 20 01 ...
12-29 20:19:48.545 D/wpa_supplicant( 2666): Beacon IEs - hexdump(len=247): 00 0b 53 6d 61 72 74 69 73 61 6e 48 57 01 08 82 84 8b 0c 12 96 18 24 03 01 0b 05 07 00 01 08 20 ...
12-29 20:19:48.545 D/wpa_supplicant( 2666): c0:7b:bc:6b:81:40 freq=2462 qual=0 noise=0 level=-61 flags=0xb age=0
12-29 20:19:48.545 D/wpa_supplicant( 2666): IEs - hexdump(len=236): 00 09 53 6d 61 72 74 69 73 61 6e 01 08 82 84 8b 0c 12 96 18 24 03 01 0b 07 06 43 4e 20 01 0d 14 ...
12-29 20:19:48.545 D/wpa_supplicant( 2666): Beacon IEs - hexdump(len=245): 00 09 53 6d 61 72 74 69 73 61 6e 01 08 82 84 8b 0c 12 96 18 24 03 01 0b 05 07 00 01 08 20 00 00 ...
12-29 20:19:48.545 D/wpa_supplicant( 2666): c0:7b:bc:6b:81:41 freq=2462 qual=0 noise=0 level=-61 flags=0xb age=0
12-29 20:19:48.545 D/wpa_supplicant( 2666): IEs - hexdump(len=242): 00 0f 53 6d 61 72 74 69 73 61 6e 2d 47 75 65 73 74 01 08 82 84 8b 0c 12 96 18 24 03 01 0b 07 06 ...
12-29 20:19:48.545 D/wpa_supplicant( 2666): Beacon IEs - hexdump(len=251): 00 0f 53 6d 61 72 74 69 73 61 6e 2d 47 75 65 73 74 01 08 82 84 8b 0c 12 96 18 24 03 01 0b 05 07 ...
12-29 20:19:48.545 D/wpa_supplicant( 2666): c0:7b:bc:6b:81:44 freq=2462 qual=0 noise=0 level=-61 flags=0xb age=0
12-29 20:19:48.545 D/wpa_supplicant( 2666): IEs - hexdump(len=232): 00 05 53 6d 6f 74 61 01 08 82 84 8b 0c 12 96 18 24 03 01 0b 07 06 43 4e 20 01 0d 14 0b 05 09 00 ...
12-29 20:19:48.545 D/wpa_supplicant( 2666): Beacon IEs - hexdump(len=241): 00 05 53 6d 6f 74 61 01 08 82 84 8b 0c 12 96 18 24 03 01 0b 05 07 00 01 08 20 00 00 08 07 06 43 ...
12-29 20:19:48.545 D/wpa_supplicant( 2666): c0:7b:bc:6b:81:43 freq=2462 qual=0 noise=0 level=-61 flags=0xb age=0
12-29 20:19:48.545 D/wpa_supplicant( 2666): IEs - hexdump(len=232): 00 05 74 74 74 74 74 01 08 82 84 8b 0c 12 96 18 24 03 01 0b 07 06 43 4e 20 01 0d 14 0b 05 09 00 ...
12-29 20:19:48.545 D/wpa_supplicant( 2666): Beacon IEs - hexdump(len=241): 00 05 74 74 74 74 74 01 08 82 84 8b 0c 12 96 18 24 03 01 0b 05 07 00 01 08 20 00 00 08 07 06 43 ...
12-29 20:19:48.545 D/wpa_supplicant( 2666): c0:7b:bc:6b:4a:21 freq=2412 qual=0 noise=0 level=-64 flags=0xb age=0
12-29 20:19:48.545 D/wpa_supplicant( 2666): IEs - hexdump(len=251): 00 0f 53 6d 61 72 74 69 73 61 6e 2d 47 75 65 73 74 01 08 82 84 8b 0c 12 96 18 24 03 01 01 05 07 ...
12-29 20:19:48.545 D/wpa_supplicant( 2666): c0:7b:bc:6b:4a:23 freq=2412 qual=0 noise=0 level=-64 flags=0xb age=0
12-29 20:19:48.545 D/wpa_supplicant( 2666): IEs - hexdump(len=241): 00 05 74 74 74 74 74 01 08 82 84 8b 0c 12 96 18 24 03 01 01 05 07 00 01 00 00 00 00 00 07 06 43 ...
12-29 20:19:48.545 D/wpa_supplicant( 2666): c0:7b:bc:6b:4a:22 freq=2412 qual=0 noise=0 level=-67 flags=0xb age=0
12-29 20:19:48.545 D/wpa_supplicant( 2666): IEs - hexdump(len=247): 00 0b 53 6d 61 72 74 69 73 61 6e 48 57 01 08 82 84 8b 0c 12 96 18 24 03 01 01 05 07 00 01 00 00 ...
12-29 20:19:48.545 D/wpa_supplicant( 2666): c0:7b:bc:6b:4a:20 freq=2412 qual=0 noise=0 level=-67 flags=0xb age=0
12-29 20:19:48.545 D/wpa_supplicant( 2666): IEs - hexdump(len=236): 00 09 53 6d 61 72 74 69 73 61 6e 01 08 82 84 8b 0c 12 96 18 24 03 01 01 07 06 43 4e 20 01 0d 14 ...
12-29 20:19:48.545 D/wpa_supplicant( 2666): c0:7b:bc:6b:84:ae freq=5805 qual=0 noise=0 level=-72 flags=0xb age=0
12-29 20:19:48.545 D/wpa_supplicant( 2666): IEs - hexdump(len=230): 00 0f 53 6d 61 72 74 69 73 61 6e 2d 47 75 65 73 74 01 08 8c 12 98 24 b0 48 60 6c 07 06 43 4e 20 ...
12-29 20:19:48.545 D/wpa_supplicant( 2666): Beacon IEs - hexdump(len=239): 00 0f 53 6d 61 72 74 69 73 61 6e 2d 47 75 65 73 74 01 08 8c 12 98 24 b0 48 60 6c 05 07 00 01 02 ...
12-29 20:19:48.545 D/wpa_supplicant( 2666): c0:7b:bc:6b:84:ab freq=5805 qual=0 noise=0 level=-72 flags=0xb age=0
12-29 20:19:48.545 D/wpa_supplicant( 2666): IEs - hexdump(len=220): 00 05 53 6d 6f 74 61 01 08 8c 12 98 24 b0 48 60 6c 07 06 43 4e 20 95 05 1e 0b 05 10 00 09 8d 5b ...
12-29 20:19:48.545 D/wpa_supplicant( 2666): Beacon IEs - hexdump(len=229): 00 05 53 6d 6f 74 61 01 08 8c 12 98 24 b0 48 60 6c 05 07 00 01 02 00 80 00 00 07 06 43 4e 20 95 ...
12-29 20:19:48.545 D/wpa_supplicant( 2666): c0:7b:bc:6b:84:ac freq=5805 qual=0 noise=0 level=-72 flags=0xb age=0
12-29 20:19:48.545 D/wpa_supplicant( 2666): IEs - hexdump(len=220): 00 05 74 74 74 74 74 01 08 8c 12 98 24 b0 48 60 6c 07 06 43 4e 20 95 05 1e 0b 05 10 00 09 8d 5b ...
12-29 20:19:48.545 D/wpa_supplicant( 2666): Beacon IEs - hexdump(len=229): 00 05 74 74 74 74 74 01 08 8c 12 98 24 b0 48 60 6c 05 07 00 01 02 00 80 00 00 07 06 43 4e 20 95 ...
12-29 20:19:48.545 D/wpa_supplicant( 2666): c0:7b:bc:6b:84:ad freq=5805 qual=0 noise=0 level=-72 flags=0xb age=0
12-29 20:19:48.545 D/wpa_supplicant( 2666): IEs - hexdump(len=226): 00 0b 53 6d 61 72 74 69 73 61 6e 48 57 01 08 8c 12 98 24 b0 48 60 6c 07 06 43 4e 20 95 05 1e 0b ...
12-29 20:19:48.545 D/wpa_supplicant( 2666): Beacon IEs - hexdump(len=235): 00 0b 53 6d 61 72 74 69 73 61 6e 48 57 01 08 8c 12 98 24 b0 48 60 6c 05 07 00 01 02 00 80 00 00 ...
12-29 20:19:48.545 D/wpa_supplicant( 2666): c0:7b:bc:6b:84:af freq=5805 qual=0 noise=0 level=-72 flags=0xb age=0
12-29 20:19:48.545 D/wpa_supplicant( 2666): IEs - hexdump(len=224): 00 09 53 6d 61 72 74 69 73 61 6e 01 08 8c 12 98 24 b0 48 60 6c 07 06 43 4e 20 95 05 1e 0b 05 10 ...
12-29 20:19:48.545 D/wpa_supplicant( 2666): Beacon IEs - hexdump(len=230): 00 09 53 6d 61 72 74 69 73 61 6e 01 08 8c 12 98 24 b0 48 60 6c 05 04 00 01 00 00 07 06 43 4e 20 ...
12-29 20:19:48.545 D/wpa_supplicant( 2666): c0:7b:bc:6b:4a:24 freq=2412 qual=0 noise=0 level=-68 flags=0xb age=0
12-29 20:19:48.545 D/wpa_supplicant( 2666): IEs - hexdump(len=232): 00 05 53 6d 6f 74 61 01 08 82 84 8b 0c 12 96 18 24 03 01 01 07 06 43 4e 20 01 0d 14 0b 05 0c 00 ...
12-29 20:19:48.545 D/wpa_supplicant( 2666): c0:7b:bc:6b:80:8d freq=5745 qual=0 noise=0 level=-73 flags=0xb age=0
12-29 20:19:48.545 D/wpa_supplicant( 2666): IEs - hexdump(len=226): 00 0b 53 6d 61 72 74 69 73 61 6e 48 57 01 08 8c 12 98 24 b0 48 60 6c 07 06 43 4e 20 95 05 1e 0b ...
12-29 20:19:48.545 D/wpa_supplicant( 2666): Beacon IEs - hexdump(len=232): 00 0b 53 6d 61 72 74 69 73 61 6e 48 57 01 08 8c 12 98 24 b0 48 60 6c 05 04 00 01 00 00 07 06 43 ...
12-29 20:19:48.545 D/wpa_supplicant( 2666): c0:7b:bc:6b:80:8f freq=5745 qual=0 noise=0 level=-73 flags=0xb age=0
12-29 20:19:48.545 D/wpa_supplicant( 2666): IEs - hexdump(len=224): 00 09 53 6d 61 72 74 69 73 61 6e 01 08 8c 12 98 24 b0 48 60 6c 07 06 43 4e 20 95 05 1e 0b 05 0b ...
12-29 20:19:48.545 D/wpa_supplicant( 2666): Beacon IEs - hexdump(len=233): 00 09 53 6d 61 72 74 69 73 61 6e 01 08 8c 12 98 24 b0 48 60 6c 05 07 00 01 00 00 00 00 00 07 06 ...
12-29 20:19:48.545 D/wpa_supplicant( 2666): c0:7b:bc:6b:80:8e freq=5745 qual=0 noise=0 level=-74 flags=0xb age=0
12-29 20:19:48.545 D/wpa_supplicant( 2666): IEs - hexdump(len=230): 00 0f 53 6d 61 72 74 69 73 61 6e 2d 47 75 65 73 74 01 08 8c 12 98 24 b0 48 60 6c 07 06 43 4e 20 ...
12-29 20:19:48.545 D/wpa_supplicant( 2666): Beacon IEs - hexdump(len=236): 00 0f 53 6d 61 72 74 69 73 61 6e 2d 47 75 65 73 74 01 08 8c 12 98 24 b0 48 60 6c 05 04 00 01 00 ...
12-29 20:19:48.545 D/wpa_supplicant( 2666): c0:7b:bc:6b:80:8c freq=5745 qual=0 noise=0 level=-74 flags=0xb age=0
12-29 20:19:48.545 D/wpa_supplicant( 2666): IEs - hexdump(len=220): 00 05 74 74 74 74 74 01 08 8c 12 98 24 b0 48 60 6c 07 06 43 4e 20 95 05 1e 0b 05 0b 00 0e 8d 5b ...
12-29 20:19:48.545 D/wpa_supplicant( 2666): Beacon IEs - hexdump(len=226): 00 05 74 74 74 74 74 01 08 8c 12 98 24 b0 48 60 6c 05 04 00 01 00 00 07 06 43 4e 20 95 05 1e 0b ...
12-29 20:19:48.545 D/wpa_supplicant( 2666): c0:7b:bc:6b:80:8b freq=5745 qual=0 noise=0 level=-74 flags=0xb age=0
12-29 20:19:48.545 D/wpa_supplicant( 2666): IEs - hexdump(len=220): 00 05 53 6d 6f 74 61 01 08 8c 12 98 24 b0 48 60 6c 07 06 43 4e 20 95 05 1e 0b 05 0b 00 0e 8d 5b ...
12-29 20:19:48.545 D/wpa_supplicant( 2666): Beacon IEs - hexdump(len=226): 00 05 53 6d 6f 74 61 01 08 8c 12 98 24 b0 48 60 6c 05 04 00 01 00 00 07 06 43 4e 20 95 05 1e 0b ...
12-29 20:19:48.545 D/wpa_supplicant( 2666): c0:7b:bc:36:74:5f freq=5765 qual=0 noise=0 level=-79 flags=0xb age=0
12-29 20:19:48.545 D/wpa_supplicant( 2666): IEs - hexdump(len=224): 00 09 53 6d 61 72 74 69 73 61 6e 01 08 8c 12 98 24 b0 48 60 6c 07 06 43 4e 20 95 05 1e 0b 05 0a ...
12-29 20:19:48.545 D/wpa_supplicant( 2666): Beacon IEs - hexdump(len=230): 00 09 53 6d 61 72 74 69 73 61 6e 01 08 8c 12 98 24 b0 48 60 6c 05 04 00 01 00 00 07 06 43 4e 20 ...
12-29 20:19:48.545 D/wpa_supplicant( 2666): c0:7b:bc:36:74:5c freq=5765 qual=0 noise=0 level=-79 flags=0xb age=0
12-29 20:19:48.545 D/wpa_supplicant( 2666): IEs - hexdump(len=220): 00 05 74 74 74 74 74 01 08 8c 12 98 24 b0 48 60 6c 07 06 43 4e 20 95 05 1e 0b 05 0a 00 14 8d 5b ...
12-29 20:19:48.545 D/wpa_supplicant( 2666): Beacon IEs - hexdump(len=229): 00 05 74 74 74 74 74 01 08 8c 12 98 24 b0 48 60 6c 05 07 00 01 00 00 00 00 00 07 06 43 4e 20 95 ...
12-29 20:19:48.545 D/wpa_supplicant( 2666): c0:7b:bc:36:74:5b freq=5765 qual=0 noise=0 level=-79 flags=0xb age=0
12-29 20:19:48.545 D/wpa_supplicant( 2666): IEs - hexdump(len=220): 00 05 53 6d 6f 74 61 01 08 8c 12 98 24 b0 48 60 6c 07 06 43 4e 20 95 05 1e 0b 05 0a 00 14 8d 5b ...
12-29 20:19:48.545 D/wpa_supplicant( 2666): Beacon IEs - hexdump(len=226): 00 05 53 6d 6f 74 61 01 08 8c 12 98 24 b0 48 60 6c 05 04 00 01 00 00 07 06 43 4e 20 95 05 1e 0b ...
12-29 20:19:48.545 D/wpa_supplicant( 2666): 58:66:ba:a0:6e:41 freq=2437 qual=0 noise=0 level=-75 flags=0xb age=0
12-29 20:19:48.545 D/wpa_supplicant( 2666): IEs - hexdump(len=110): 00 0d 43 54 54 49 43 2d 43 6f 6d 70 61 6e 79 01 08 82 84 8b 0c 12 96 18 24 03 01 06 07 06 43 4e ...
12-29 20:19:48.545 D/wpa_supplicant( 2666): Beacon IEs - hexdump(len=116): 00 0d 43 54 54 49 43 2d 43 6f 6d 70 61 6e 79 01 08 82 84 8b 0c 12 96 18 24 03 01 06 05 04 00 01 ...
12-29 20:19:48.545 D/wpa_supplicant( 2666): 58:66:ba:a0:6e:40 freq=2437 qual=0 noise=0 level=-75 flags=0xb age=0
12-29 20:19:48.545 D/wpa_supplicant( 2666): IEs - hexdump(len=113): 00 10 43 54 54 49 43 2d 47 6f 6c 64 65 6e 63 61 72 64 01 08 82 84 8b 0c 12 96 18 24 03 01 06 07 ...
12-29 20:19:48.545 D/wpa_supplicant( 2666): Beacon IEs - hexdump(len=119): 00 10 43 54 54 49 43 2d 47 6f 6c 64 65 6e 63 61 72 64 01 08 82 84 8b 0c 12 96 18 24 03 01 06 05 ...
12-29 20:19:48.545 D/wpa_supplicant( 2666): 58:66:ba:a0:6e:42 freq=2437 qual=0 noise=0 level=-75 flags=0xb age=0
12-29 20:19:48.545 D/wpa_supplicant( 2666): IEs - hexdump(len=108): 00 0b 43 54 54 49 43 2d 47 75 65 73 74 01 08 82 84 8b 0c 12 96 18 24 03 01 06 07 06 43 4e 49 01 ...
12-29 20:19:48.545 D/wpa_supplicant( 2666): Beacon IEs - hexdump(len=114): 00 0b 43 54 54 49 43 2d 47 75 65 73 74 01 08 82 84 8b 0c 12 96 18 24 03 01 06 05 04 00 01 00 00 ...
12-29 20:19:48.545 D/wpa_supplicant( 2666): c0:7b:bc:36:74:5e freq=5765 qual=0 noise=0 level=-80 flags=0xb age=0
12-29 20:19:48.545 D/wpa_supplicant( 2666): IEs - hexdump(len=230): 00 0f 53 6d 61 72 74 69 73 61 6e 2d 47 75 65 73 74 01 08 8c 12 98 24 b0 48 60 6c 07 06 43 4e 20 ...
12-29 20:19:48.545 D/wpa_supplicant( 2666): Beacon IEs - hexdump(len=236): 00 0f 53 6d 61 72 74 69 73 61 6e 2d 47 75 65 73 74 01 08 8c 12 98 24 b0 48 60 6c 05 04 00 01 00 ...
12-29 20:19:48.545 D/wpa_supplicant( 2666): b8:55:10:d0:5e:30 freq=5180 qual=0 noise=0 level=-80 flags=0xb age=0
12-29 20:19:48.545 D/wpa_supplicant( 2666): IEs - hexdump(len=207): 00 05 74 6f 74 6f 41 01 08 8c 12 98 24 b0 48 60 6c 2d 1a ef 19 1f ff ff 00 00 00 00 00 00 00 00 ...
12-29 20:19:48.545 D/wpa_supplicant( 2666): c0:7b:bc:36:74:5d freq=5765 qual=0 noise=0 level=-80 flags=0xb age=0
12-29 20:19:48.545 D/wpa_supplicant( 2666): IEs - hexdump(len=226): 00 0b 53 6d 61 72 74 69 73 61 6e 48 57 01 08 8c 12 98 24 b0 48 60 6c 07 06 43 4e 20 95 05 1e 0b ...
12-29 20:19:48.545 D/wpa_supplicant( 2666): Beacon IEs - hexdump(len=235): 00 0b 53 6d 61 72 74 69 73 61 6e 48 57 01 08 8c 12 98 24 b0 48 60 6c 05 07 00 01 08 02 00 00 00 ...
12-29 20:19:48.545 D/wpa_supplicant( 2666): c0:7b:bc:6b:84:a0 freq=2412 qual=0 noise=0 level=-76 flags=0xb age=0
12-29 20:19:48.545 D/wpa_supplicant( 2666): IEs - hexdump(len=236): 00 09 53 6d 61 72 74 69 73 61 6e 01 08 82 84 8b 0c 12 96 18 24 03 01 01 07 06 43 4e 20 01 0d 14 ...
12-29 20:19:48.545 D/wpa_supplicant( 2666): Beacon IEs - hexdump(len=242): 00 09 53 6d 61 72 74 69 73 61 6e 01 08 82 84 8b 0c 12 96 18 24 03 01 01 05 04 00 01 00 00 07 06 ...
12-29 20:19:48.545 D/wpa_supplicant( 2666): c0:7b:bc:6b:84:a4 freq=2412 qual=0 noise=0 level=-76 flags=0xb age=0
12-29 20:19:48.545 D/wpa_supplicant( 2666): IEs - hexdump(len=232): 00 05 53 6d 6f 74 61 01 08 82 84 8b 0c 12 96 18 24 03 01 01 07 06 43 4e 20 01 0d 14 0b 05 06 00 ...
12-29 20:19:48.545 D/wpa_supplicant( 2666): Beacon IEs - hexdump(len=238): 00 05 53 6d 6f 74 61 01 08 82 84 8b 0c 12 96 18 24 03 01 01 05 04 00 01 00 00 07 06 43 4e 20 01 ...
12-29 20:19:48.545 D/wpa_supplicant( 2666): 44:94:fc:33:ff:02 freq=2462 qual=0 noise=0 level=-77 flags=0xb age=0
12-29 20:19:48.545 D/wpa_supplicant( 2666): IEs - hexdump(len=366): 00 07 4e 45 54 47 45 41 52 01 08 82 84 0b 16 24 30 48 6c 03 01 0b 2a 01 00 2f 01 00 30 14 01 00 ...
12-29 20:19:48.545 D/wpa_supplicant( 2666): Beacon IEs - hexdump(len=259): 00 07 4e 45 54 47 45 41 52 01 08 82 84 0b 16 24 30 48 6c 03 01 0b 05 04 00 02 00 00 2a 01 00 2f ...
12-29 20:19:48.545 D/wpa_supplicant( 2666): 58:66:ba:a0:6b:b2 freq=2437 qual=0 noise=0 level=-79 flags=0xb age=0
12-29 20:19:48.545 D/wpa_supplicant( 2666): IEs - hexdump(len=108): 00 0b 43 54 54 49 43 2d 47 75 65 73 74 01 08 82 84 8b 0c 12 96 18 24 03 01 06 07 06 43 4e 49 01 ...
12-29 20:19:48.545 D/wpa_supplicant( 2666): c0:7b:bc:6b:80:83 freq=2437 qual=0 noise=0 level=-80 flags=0xb age=0
12-29 20:19:48.545 D/wpa_supplicant( 2666): IEs - hexdump(len=238): 00 05 74 74 74 74 74 01 08 82 84 8b 0c 12 96 18 24 03 01 06 05 04 00 01 00 00 07 06 43 4e 20 01 ...
12-29 20:19:48.545 D/wpa_supplicant( 2666): c0:7b:bc:6b:80:84 freq=2437 qual=0 noise=0 level=-80 flags=0xb age=0
12-29 20:19:48.545 D/wpa_supplicant( 2666): IEs - hexdump(len=232): 00 05 53 6d 6f 74 61 01 08 82 84 8b 0c 12 96 18 24 03 01 06 07 06 43 4e 20 01 0d 14 0b 05 03 00 ...
12-29 20:19:48.545 D/wpa_supplicant( 2666): c0:7b:bc:6b:86:4c freq=5765 qual=0 noise=0 level=-85 flags=0xb age=0
12-29 20:19:48.545 D/wpa_supplicant( 2666): IEs - hexdump(len=220): 00 05 74 74 74 74 74 01 08 8c 12 98 24 b0 48 60 6c 07 06 43 4e 20 95 05 1e 0b 05 09 00 1c 8d 5b ...
12-29 20:19:48.545 D/wpa_supplicant( 2666): Beacon IEs - hexdump(len=226): 00 05 74 74 74 74 74 01 08 8c 12 98 24 b0 48 60 6c 05 04 00 01 00 00 07 06 43 4e 20 95 05 1e 0b ...
12-29 20:19:48.545 D/wpa_supplicant( 2666): c0:7b:bc:6b:86:4e freq=5765 qual=0 noise=0 level=-85 flags=0xb age=0
12-29 20:19:48.545 D/wpa_supplicant( 2666): IEs - hexdump(len=230): 00 0f 53 6d 61 72 74 69 73 61 6e 2d 47 75 65 73 74 01 08 8c 12 98 24 b0 48 60 6c 07 06 43 4e 20 ...
12-29 20:19:48.545 D/wpa_supplicant( 2666): Beacon IEs - hexdump(len=236): 00 0f 53 6d 61 72 74 69 73 61 6e 2d 47 75 65 73 74 01 08 8c 12 98 24 b0 48 60 6c 05 04 00 01 00 ...
12-29 20:19:48.545 D/wpa_supplicant( 2666): c0:7b:bc:6b:80:81 freq=2437 qual=0 noise=0 level=-81 flags=0xb age=0
12-29 20:19:48.545 D/wpa_supplicant( 2666): IEs - hexdump(len=242): 00 0f 53 6d 61 72 74 69 73 61 6e 2d 47 75 65 73 74 01 08 82 84 8b 0c 12 96 18 24 03 01 06 07 06 ...
12-29 20:19:48.545 D/wpa_supplicant( 2666): Beacon IEs - hexdump(len=248): 00 0f 53 6d 61 72 74 69 73 61 6e 2d 47 75 65 73 74 01 08 82 84 8b 0c 12 96 18 24 03 01 06 05 04 ...
12-29 20:19:48.545 D/wpa_supplicant( 2666): 58:66:ba:a0:6b:b1 freq=2437 qual=0 noise=0 level=-82 flags=0xb age=0
12-29 20:19:48.545 D/wpa_supplicant( 2666): IEs - hexdump(len=110): 00 0d 43 54 54 49 43 2d 43 6f 6d 70 61 6e 79 01 08 82 84 8b 0c 12 96 18 24 03 01 06 07 06 43 4e ...
12-29 20:19:48.545 D/wpa_supplicant( 2666): 08:cc:68:66:bc:42 freq=2437 qual=0 noise=0 level=-82 flags=0xb age=0
12-29 20:19:48.545 D/wpa_supplicant( 2666): IEs - hexdump(len=278): 00 0c 4c 41 53 48 4f 55 5f 47 75 65 73 74 01 08 82 04 0b 0c 12 96 18 24 03 01 06 05 04 00 01 00 ...
12-29 20:19:48.545 D/wpa_supplicant( 2666): 58:66:ba:a0:6b:b0 freq=2437 qual=0 noise=0 level=-84 flags=0xb age=0
12-29 20:19:48.545 D/wpa_supplicant( 2666): IEs - hexdump(len=113): 00 10 43 54 54 49 43 2d 47 6f 6c 64 65 6e 63 61 72 64 01 08 82 84 8b 0c 12 96 18 24 03 01 06 07 ...
12-29 20:19:48.545 D/wpa_supplicant( 2666): Beacon IEs - hexdump(len=119): 00 10 43 54 54 49 43 2d 47 6f 6c 64 65 6e 63 61 72 64 01 08 82 84 8b 0c 12 96 18 24 03 01 06 05 ...
12-29 20:19:48.545 D/wpa_supplicant( 2666): 22:18:8b:04:d6:0b freq=2412 qual=0 noise=0 level=-85 flags=0xb age=0
12-29 20:19:48.545 D/wpa_supplicant( 2666): IEs - hexdump(len=263): 00 15 e6 83 b3 e8 b9 ad e7 bd 91 ef bc 9f e6 b2 a1 e9 97 a8 ef bc 81 01 08 82 84 8b 96 0c 12 18 ...
12-29 20:19:48.545 D/wpa_supplicant( 2666): Beacon IEs - hexdump(len=269): 00 15 e6 83 b3 e8 b9 ad e7 bd 91 ef bc 9f e6 b2 a1 e9 97 a8 ef bc 81 01 08 82 84 8b 96 0c 12 18 ...
12-29 20:19:48.545 D/wpa_supplicant( 2666): c0:7b:bc:6b:86:42 freq=2462 qual=0 noise=0 level=-86 flags=0xb age=0
12-29 20:19:48.545 D/wpa_supplicant( 2666): IEs - hexdump(len=244): 00 0b 53 6d 61 72 74 69 73 61 6e 48 57 01 08 82 84 8b 0c 12 96 18 24 03 01 0b 05 04 00 01 00 00 ...
12-29 20:19:48.545 D/wpa_supplicant( 2666): c0:7b:bc:36:74:54 freq=2462 qual=0 noise=0 level=-86 flags=0xb age=0
12-29 20:19:48.545 D/wpa_supplicant( 2666): IEs - hexdump(len=232): 00 05 53 6d 6f 74 61 01 08 82 84 8b 0c 12 96 18 24 03 01 0b 07 06 43 4e 20 01 0d 14 0b 05 06 00 ...
12-29 20:19:48.545 D/wpa_supplicant( 2666): c0:7b:bc:36:74:51 freq=2462 qual=0 noise=0 level=-86 flags=0xb age=0
12-29 20:19:48.545 D/wpa_supplicant( 2666): IEs - hexdump(len=242): 00 0f 53 6d 61 72 74 69 73 61 6e 2d 47 75 65 73 74 01 08 82 84 8b 0c 12 96 18 24 03 01 0b 07 06 ...
12-29 20:19:48.545 D/wpa_supplicant( 2666): Beacon IEs - hexdump(len=251): 00 0f 53 6d 61 72 74 69 73 61 6e 2d 47 75 65 73 74 01 08 82 84 8b 0c 12 96 18 24 03 01 0b 05 07 ...
12-29 20:19:48.545 D/wpa_supplicant( 2666): b4:e9:b0:80:b7:81 freq=2412 qual=0 noise=0 level=-86 flags=0xb age=0
12-29 20:19:48.545 D/wpa_supplicant( 2666): IEs - hexdump(len=191): 00 0a 4c 41 53 48 4f 55 5f 4f 4e 45 01 08 82 04 0b 0c 12 96 18 24 03 01 01 05 04 00 01 00 00 07 ...
12-29 20:19:48.545 D/wpa_supplicant( 2666): c0:7b:bc:6b:86:44 freq=2462 qual=0 noise=0 level=-87 flags=0xb age=0
12-29 20:19:48.545 D/wpa_supplicant( 2666): IEs - hexdump(len=238): 00 05 53 6d 6f 74 61 01 08 82 84 8b 0c 12 96 18 24 03 01 0b 05 04 00 01 00 00 07 06 43 4e 20 01 ...
12-29 20:19:48.545 D/wpa_supplicant( 2666): c0:7b:bc:6b:29:0e freq=5785 qual=0 noise=0 level=-92 flags=0xb age=0
12-29 20:19:48.545 D/wpa_supplicant( 2666): IEs - hexdump(len=230): 00 0f 53 6d 61 72 74 69 73 61 6e 2d 47 75 65 73 74 01 08 8c 12 98 24 b0 48 60 6c 07 06 43 4e 20 ...
12-29 20:19:48.545 D/wpa_supplicant( 2666): c0:7b:bc:6b:29:0c freq=5785 qual=0 noise=0 level=-93 flags=0xb age=0
12-29 20:19:48.545 D/wpa_supplicant( 2666): IEs - hexdump(len=220): 00 05 74 74 74 74 74 01 08 8c 12 98 24 b0 48 60 6c 07 06 43 4e 20 95 05 1e 0b 05 05 00 24 8d 5b ...
12-29 20:19:48.545 D/wpa_supplicant( 2666): wlan0: BSS: Start scan result update 668
12-29 20:19:48.545 D/wpa_supplicant( 2666): wlan0: BSS: Add new id 2079 BSSID b8:55:10:d0:5e:30 SSID 'totoA'
12-29 20:19:48.545 D/wpa_supplicant( 2666): CTRL_IFACE monitor send - hexdump(len=40): 2f 64 61 74 61 2f 6d 69 73 63 2f 77 69 66 69 2f 73 6f 63 6b 65 74 73 2f 77 70 61 5f 63 74 72 6c ...
12-29 20:19:48.545 D/wpa_supplicant( 2666): wlan0: BSS: Add new id 2080 BSSID c0:7b:bc:6b:80:83 SSID 'ttttt'
12-29 20:19:48.545 D/wpa_supplicant( 2666): CTRL_IFACE monitor send - hexdump(len=40): 2f 64 61 74 61 2f 6d 69 73 63 2f 77 69 66 69 2f 73 6f 63 6b 65 74 73 2f 77 70 61 5f 63 74 72 6c ...
12-29 20:19:48.545 D/wpa_supplicant( 2666): wlan0: BSS: Remove id 2067 BSSID c0:7b:bc:6b:84:a1 SSID 'Smartisan-Guest' due to no match in scan
12-29 20:19:48.545 D/wpa_supplicant( 2666): CTRL_IFACE monitor send - hexdump(len=40): 2f 64 61 74 61 2f 6d 69 73 63 2f 77 69 66 69 2f 73 6f 63 6b 65 74 73 2f 77 70 61 5f 63 74 72 6c ...
12-29 20:19:48.545 D/wpa_supplicant( 2666): wlan0: BSS: Remove id 2049 BSSID c0:7b:bc:6b:84:a2 SSID 'SmartisanHW' due to no match in scan
12-29 20:19:48.545 D/wpa_supplicant( 2666): CTRL_IFACE monitor send - hexdump(len=40): 2f 64 61 74 61 2f 6d 69 73 63 2f 77 69 66 69 2f 73 6f 63 6b 65 74 73 2f 77 70 61 5f 63 74 72 6c ...
12-29 20:19:48.545 D/wpa_supplicant( 2666): wlan0: BSS: Remove id 2032 BSSID c0:7b:bc:6b:84:a3 SSID 'ttttt' due to no match in scan
12-29 20:19:48.545 D/wpa_supplicant( 2666): CTRL_IFACE monitor send - hexdump(len=40): 2f 64 61 74 61 2f 6d 69 73 63 2f 77 69 66 69 2f 73 6f 63 6b 65 74 73 2f 77 70 61 5f 63 74 72 6c ...
12-29 20:19:48.545 D/wpa_supplicant( 2666): wlan0: BSS: Remove id 2066 BSSID c0:7b:bc:6b:86:40 SSID 'Smartisan' due to no match in scan
12-29 20:19:48.545 D/wpa_supplicant( 2666): CTRL_IFACE monitor send - hexdump(len=40): 2f 64 61 74 61 2f 6d 69 73 63 2f 77 69 66 69 2f 73 6f 63 6b 65 74 73 2f 77 70 61 5f 63 74 72 6c ...
12-29 20:19:48.545 D/wpa_supplicant( 2666): BSS: last_scan_res_used=61/128 last_scan_full=0
12-29 20:19:48.545 D/wpa_supplicant( 2666): wlan0: Scan-only results received
12-29 20:19:48.545 D/wpa_supplicant( 2666): CTRL_IFACE monitor send - hexdump(len=40): 2f 64 61 74 61 2f 6d 69 73 63 2f 77 69 66 69 2f 73 6f 63 6b 65 74 73 2f 77 70 61 5f 63 74 72 6c ...
12-29 20:19:48.545 D/wpa_supplicant( 2666): wlan0: P2P: Station mode scan operation not pending anymore (sta_scan_pending=0 p2p_cb_on_scan_complete=0)
12-29 20:19:48.545 D/wpa_supplicant( 2666): RTM_NEWLINK: operstate=1 ifi_flags=0x11043 ([UP][RUNNING][LOWER_UP])
12-29 20:19:48.545 D/wpa_supplicant( 2666): RTM_NEWLINK, IFLA_IFNAME: Interface 'wlan0' added
12-29 20:19:48.545 D/wpa_supplicant( 2666): nl80211: if_removed already cleared - ignore event
12-29 20:19:48.545 D/wpa_supplicant( 2666): RX ctrl_iface - hexdump(len=25): 42 53 53 20 52 41 4e 47 45 3d 30 2d 20 4d 41 53 4b 3d 30 78 32 31 39 38 37
12-29 20:19:48.545 D/wpa_supplicant( 2666): wlan0: Control interface command 'BSS RANGE=0- MASK=0x21987'
12-29 20:19:48.545 D/wpa_supplicant( 2666): WPS: attr type=0x104a len=1
12-29 20:19:48.545 D/wpa_supplicant( 2666): WPS: attr type=0x1044 len=1
12-29 20:19:48.545 D/wpa_supplicant( 2666): WPS: attr type=0x1041 len=1
12-29 20:19:48.545 D/wpa_supplicant( 2666): WPS: attr type=0x103b len=1
12-29 20:19:48.545 D/wpa_supplicant( 2666): WPS: attr type=0x1047 len=16
12-29 20:19:48.545 D/wpa_supplicant( 2666): WPS: attr type=0x1021 len=13
12-29 20:19:48.545 D/wpa_supplicant( 2666): WPS: attr type=0x1023 len=9
12-29 20:19:48.545 D/wpa_supplicant( 2666): WPS: attr type=0x1024 len=9
12-29 20:19:48.545 D/wpa_supplicant( 2666): WPS: attr type=0x1042 len=5
12-29 20:19:48.545 D/wpa_supplicant( 2666): WPS: attr type=0x1054 len=8
12-29 20:19:48.545 D/wpa_supplicant( 2666): WPS: attr type=0x1011 len=9
12-29 20:19:48.545 D/wpa_supplicant( 2666): WPS: attr type=0x1008 len=2
12-29 20:19:48.545 D/wpa_supplicant( 2666): WPS: attr type=0x104a len=1
12-29 20:19:48.545 D/wpa_supplicant( 2666): WPS: attr type=0x1044 len=1
12-29 20:19:48.545 D/wpa_supplicant( 2666): WPS: attr type=0x1041 len=1
12-29 20:19:48.545 D/wpa_supplicant( 2666): WPS: attr type=0x103b len=1
12-29 20:19:48.545 D/wpa_supplicant( 2666): WPS: attr type=0x1047 len=16
12-29 20:19:48.545 D/wpa_supplicant( 2666): WPS: attr type=0x1021 len=13
12-29 20:19:48.545 D/wpa_supplicant( 2666): WPS: attr type=0x1023 len=9
12-29 20:19:48.545 D/wpa_supplicant( 2666): WPS: attr type=0x1024 len=9
12-29 20:19:48.545 D/wpa_supplicant( 2666): WPS: attr type=0x1042 len=5
12-29 20:19:48.545 D/wpa_supplicant( 2666): WPS: attr type=0x1054 len=8
12-29 20:19:48.545 D/wpa_supplicant( 2666): WPS: attr type=0x1011 len=9
12-29 20:19:48.545 D/wpa_supplicant( 2666): WPS: attr type=0x1008 len=2
12-29 20:19:48.545 D/wpa_supplicant( 2666): WPS: attr type=0x104a len=1
12-29 20:19:48.545 D/wpa_supplicant( 2666): WPS: attr type=0x1044 len=1
12-29 20:19:48.545 D/wpa_supplicant( 2666): WPS: attr type=0x1041 len=1
12-29 20:19:48.545 D/wpa_supplicant( 2666): WPS: attr type=0x103b len=1
12-29 20:19:48.545 D/wpa_supplicant( 2666): WPS: attr type=0x1047 len=16
12-29 20:19:48.545 D/wpa_supplicant( 2666): WPS: attr type=0x1021 len=13
12-29 20:19:48.545 D/wpa_supplicant( 2666): WPS: attr type=0x1023 len=9
12-29 20:19:48.545 D/wpa_supplicant( 2666): WPS: attr type=0x1024 len=9
12-29 20:19:48.545 D/wpa_supplicant( 2666): WPS: attr type=0x1042 len=5
12-29 20:19:48.545 D/wpa_supplicant( 2666): WPS: attr type=0x1054 len=8
12-29 20:19:48.545 D/wpa_supplicant( 2666): WPS: attr type=0x1011 len=9
12-29 20:19:48.545 D/wpa_supplicant( 2666): WPS: attr type=0x1008 len=2
12-29 20:19:48.555 D/wpa_supplicant( 2666): RX ctrl_iface - hexdump(len=28): 42 53 53 20 52 41 4e 47 45 3d 31 38 37 34 2d 20 4d 41 53 4b 3d 30 78 32 31 39 38 37
12-29 20:19:48.555 D/wpa_supplicant( 2666): wlan0: Control interface command 'BSS RANGE=1874- MASK=0x21987'
12-29 20:19:48.555 D/wpa_supplicant( 2666): RX ctrl_iface - hexdump(len=28): 42 53 53 20 52 41 4e 47 45 3d 32 30 37 39 2d 20 4d 41 53 4b 3d 30 78 32 31 39 38 37
12-29 20:19:48.555 D/wpa_supplicant( 2666): wlan0: Control interface command 'BSS RANGE=2079- MASK=0x21987'
12-29 20:19:49.055 D/wpa_supplicant( 2666): RX ctrl_iface - hexdump(len=11): 53 49 47 4e 41 4c 5f 50 4f 4c 4c
12-29 20:19:49.055 D/wpa_supplicant( 2666): wlan0: Control interface command 'SIGNAL_POLL'
12-29 20:19:49.055 D/wpa_supplicant( 2666): nl80211: survey data missing!
12-29 20:19:49.465 E/QCALOG  (  409): [MessageQ] ProcessNewMessage: [LOWI-SERVER] unknown deliver target [OS-Agent]
12-29 20:19:50.705 W/InteractionController(14739): runAndwaitForEvent timedout waiting for events
12-29 20:19:50.735 D/UIAutomatorStub(14739): URI: /jsonrpc/0, Method: POST, Header: {content-type=application/json, connection=close, remote-addr=127.0.0.1, host=localhost:9009, content-length=207, http-client-ip=127.0.0.1, user-agent=Python-urllib/2.7, accept-encoding=identity}, params, {NanoHttpd.QUERY_STRING=null}, files: {postData={"params": [{"childOrSiblingSelector": [], "mask": 64, "description": "\u516d", "childOrSibling": []}, 3000], "jsonrpc": "2.0", "method": "clickAndWaitForNewWindow", "id": "bd33688979866679f3d8ab9c972fbbe2"}}
12-29 20:19:50.745 D/dalvikvm(14739): GC_CONCURRENT freed 1993K, 87% free 1084K/8172K, paused 2ms+3ms, total 26ms, dvmtargetUtilize:0.750000
12-29 20:19:50.805 I/QueryController(14739): Matched selector: UiSelector[DESCRIPTION=六] <<==>> [android.view.accessibility.AccessibilityNodeInfo@111ef; boundsInParent: Rect(0, 0 - 360, 199); boundsInScreen: Rect(720, 938 - 1080, 1137); packageName: com.android.contacts; className: android.widget.TextView; text: null; contentDescription: 六; viewIdResName: com.android.contacts:id/six_classic; checkable: false; checked: false; focusable: false; focused: false; selected: false; clickable: true; longClickable: false; enabled: true; password: false; scrollable: false; [ACTION_SELECT, ACTION_CLEAR_SELECTION, ACTION_CLICK, ACTION_ACCESSIBILITY_FOCUS]]
12-29 20:19:50.805 D/InteractionController(14739): clickAndWaitForNewWindow(900, 1037)
12-29 20:19:50.825 V/kernel  (  382): <6>[13688.533460] taiko_codec taiko_codec: dapm: power down widget AIF1 PB
12-29 20:19:50.825 V/kernel  (  382): <6>[13688.533519] taiko_codec taiko_codec: dapm: power down widget SLIM RX1 MUX
12-29 20:19:50.825 V/kernel  (  382): <6>[13688.533576] taiko_codec taiko_codec: dapm: power down widget SLIM RX1
12-29 20:19:50.825 V/kernel  (  382): <6>[13688.533632] taiko_codec taiko_codec: dapm: power down widget RX7 MIX1 INP1
12-29 20:19:50.825 V/kernel  (  382): <6>[13688.533689] taiko_codec taiko_codec: dapm: power down widget RX7 MIX1
12-29 20:19:50.825 V/kernel  (  382): <6>[13688.533723] taiko_codec taiko_codec: dapm: power down widget COMP0_CLK
12-29 20:19:50.825 V/kernel  (  382): <6>[13688.533780] taiko_codec taiko_codec: dapm: power down widget RX7 MIX2
12-29 20:19:50.825 V/kernel  (  382): <6>[13688.533836] taiko_codec taiko_codec: dapm: power down widget SPK DAC
12-29 20:19:50.825 V/kernel  (  382): <6>[13688.534208] taiko_codec taiko_codec: dapm: power down widget RX_BIAS
12-29 20:19:50.825 V/kernel  (  382): <6>[13688.534240] taiko_codec taiko_codec: dapm: power down widget VDD_SPKDRV
12-29 20:19:50.825 V/kernel  (  382): <6>[13688.534297] taiko_codec taiko_codec: dapm: power down widget SPK PA
12-29 20:19:50.825 V/kernel  (  382): <6>[13688.534917] taiko_codec taiko_codec: dapm: power down widget MCLK
12-29 20:19:50.825 V/kernel  (  382): <6>[13688.534972] taiko_codec taiko_codec: dapm: power down widget SPK_OUT
12-29 20:19:50.825 V/kernel  (  382): <6>[13688.535254] taiko_codec taiko_codec: dapm: powering down widget SPK_OUT
12-29 20:19:50.825 V/kernel  (  382): <6>[13688.535265] taiko_codec taiko_codec: dapm: powering down widget AIF1 PB
12-29 20:19:50.825 V/kernel  (  382): <6>[13688.535275] taiko_codec taiko_codec: dapm: powering down widget SPK PA
12-29 20:19:50.825 D/hardware_info(  228): hw_info_append_hw_type : device_name = speaker
12-29 20:19:50.825 V/audio_hw_spkr_prot(  228): audio_extn_spkr_prot_stop_processing: Entry
12-29 20:19:50.835 V/kernel  (  382): <3>[13688.535287] chan:144,ctrl:2,def:1, ref:1
12-29 20:19:50.835 V/kernel  (  382): <3>[13688.538791] slim reconfig done!
12-29 20:19:50.835 V/kernel  (  382): <6>[13688.540217] taiko_codec taiko_codec: dapm: powering down widget SLIM RX1
12-29 20:19:50.835 V/kernel  (  382): <3>[13688.540654] taiko_slimbus_irq: overflow error on TX port 10, value 1
12-29 20:19:50.835 V/kernel  (  382): <6>[13688.540832] taiko_codec taiko_codec: dapm: powering down widget RX7 MIX1
12-29 20:19:50.835 V/kernel  (  382): <6>[13688.540843] taiko_codec taiko_codec: dapm: powering down widget RX7 MIX2
12-29 20:19:50.835 V/kernel  (  382): <6>[13688.540853] taiko_codec taiko_codec: dapm: powering down widget SPK DAC
12-29 20:19:50.835 V/kernel  (  382): <3>[13688.541652] taiko_slimbus_irq: overflow error on TX port 11, value 1
12-29 20:19:50.835 V/kernel  (  382): <6>[13688.542507] taiko_codec taiko_codec: dapm: powering down widget SLIM RX1 MUX
12-29 20:19:50.835 V/kernel  (  382): <6>[13688.542515] taiko_codec taiko_codec: dapm: powering down widget RX7 MIX1 INP1
12-29 20:19:50.835 V/kernel  (  382): <6>[13688.542522] taiko_codec taiko_codec: dapm: powering down widget COMP0_CLK
12-29 20:19:50.835 V/kernel  (  382): <6>[13688.542528] taiko_codec taiko_codec: dapm: powering down widget RX_BIAS
12-29 20:19:50.835 V/kernel  (  382): <6>[13688.542534] taiko_codec taiko_codec: dapm: powering down widget VDD_SPKDRV
12-29 20:19:50.835 V/kernel  (  382): <6>[13688.542540] taiko_codec taiko_codec: dapm: powering down widget MCLK
12-29 20:19:50.835 V/kernel  (  382): <6>[13688.545088] msm-pcm-routing msm-pcm-routing: dapm: power down widget MM_DL5
12-29 20:19:50.835 V/kernel  (  382): <6>[13688.545133] msm-pcm-routing msm-pcm-routing: dapm: power down widget SLIMBUS_0_RX Audio Mixer
12-29 20:19:50.835 V/kernel  (  382): <6>[13688.545178] msm-pcm-routing msm-pcm-routing: dapm: power down widget SLIMBUS_0_RX
12-29 20:19:50.835 V/kernel  (  382): <6>[13688.545235] msm-pcm-routing msm-pcm-routing: dapm: power down widget BE_OUT
12-29 20:19:50.835 V/kernel  (  382): <6>[13688.545381] msm-pcm-routing msm-pcm-routing: dapm: powering down widget BE_OUT
12-29 20:19:50.835 V/kernel  (  382): <6>[13688.545388] msm-pcm-routing msm-pcm-routing: dapm: powering down widget MM_DL5
12-29 20:19:50.835 V/kernel  (  382): <6>[13688.545394] msm-pcm-routing msm-pcm-routing: dapm: powering down widget SLIMBUS_0_RX
12-29 20:19:50.835 V/kernel  (  382): <6>[13688.545401] msm-pcm-routing msm-pcm-routing: dapm: powering down widget SLIMBUS_0_RX Audio Mixer
12-29 20:19:50.835 D/hardware_info(  228): hw_info_append_hw_type : device_name = vi-feedback
12-29 20:19:50.835 D/ACDB-LOADER(  228): ACDB -> send_audio_cal, acdb_id = 4, path =  1
12-29 20:19:50.835 D/ACDB-LOADER(  228): ACDB -> send_adm_topology
12-29 20:19:50.835 D/ACDB-LOADER(  228): ACDB -> ACDB_CMD_GET_AUDPROC_COMMON_TOPOLOGY_ID
12-29 20:19:50.835 D/ACDB-LOADER(  228): ACDB -> send_asm_topology
12-29 20:19:50.835 D/ACDB-LOADER(  228): ACDB -> ACDB_CMD_GET_AUDPROC_STREAM_TOPOLOGY_ID
12-29 20:19:50.835 D/ACDB-LOADER(  228): ACDB -> send_audtable
12-29 20:19:50.835 D/ACDB-LOADER(  228): ACDB -> ACDB_CMD_GET_AUDPROC_COMMON_TABLE
12-29 20:19:50.835 D/ACDB-LOADER(  228): ACDB -> AUDIO_SET_AUDPROC_CAL
12-29 20:19:50.835 D/ACDB-LOADER(  228): ACDB -> send_audvoltable
12-29 20:19:50.835 D/ACDB-LOADER(  228): ACDB -> ACDB_CMD_GET_AUDPROC_GAIN_DEP_STEP_TABLE
12-29 20:19:50.835 D/        (  228): Failed to fetch the lookup information of the device 00000004 
12-29 20:19:50.835 E/ACDB-LOADER(  228): Error: ACDB AudProc vol returned = -19
12-29 20:19:50.835 D/ACDB-LOADER(  228): ACDB -> AUDIO_SET_AUDPROC_VOL_CAL
12-29 20:19:50.835 D/ACDB-LOADER(  228): ACDB -> AUDIO_SET_AFE_CAL
