12-29 20:19:55.085 D/CallCard( 2066): disconnectedCall:null
12-29 20:19:55.085 D/CallCard( 2066): updatePrimaryCall()...which call :Call{mCallId=4, mState=DIALING, mDisconnectCause=NOT_DISCONNECTED, mCapabilities=2, mConnectTime=0, mConnectRealTime=0, mChildCallIds=[], mGatewayNumber=null, mGatewayPackage=null, mIdentification=CallIdentification{mCallId=4, mNumber=xxxxx, mNumberPresentation=1, mCnapName=null, mCnapNamePresentation=1}, mSsNotification=null, mCallDetails= calltype10 domain4 erroinfonull mConfParList multipartyfalse , mCallModifyDetails= calltype10 domain4 erroinfo mConfParList multipartyfalse , mSubscription=0, mFlag=0}
12-29 20:19:55.085 D/CallCard( 2066): showInfoByCall...
12-29 20:19:55.085 D/CallCard( 2066): getCallStateLabel:正在拨号
12-29 20:19:55.085 D/CallCard( 2066): startSearch: Call{mCallId=4, mState=DIALING, mDisconnectCause=NOT_DISCONNECTED, mCapabilities=2, mConnectTime=0, mConnectRealTime=0, mChildCallIds=[], mGatewayNumber=null, mGatewayPackage=null, mIdentification=CallIdentification{mCallId=4, mNumber=xxxxx, mNumberPresentation=1, mCnapName=null, mCnapNamePresentation=1}, mSsNotification=null, mCallDetails= calltype10 domain4 erroinfonull mConfParList multipartyfalse , mCallModifyDetails= calltype10 domain4 erroinfo mConfParList multipartyfalse , mSubscription=0, mFlag=0}
12-29 20:19:55.085 D/CallCard( 2066): startContactInfoSearch : CallIdentification{mCallId=4, mNumber=xxxxx, mNumberPresentation=1, mCnapName=null, mCnapNamePresentation=1}
12-29 20:19:55.085 D/CallCard( 2066): showInfoByCallerInfo(ContactCacheEntry{name=xxxxxxxxxxxxxxxxxxxxxxxxxxxxxxxxxxxxxxxxxxxxxxxxxxxxxxxxxxxxxxxxxxxxxxxxxxxxxxxxxxxxxxxxxxxxxxxxxxxxxxxxxxxxxxxxxxxxxxxxxxxxxxxxxxxxxxxxxxxxxxxxxxxxxxxxxxxxxxxxxxxxxxxxxxxxxxxxxxxxxxxxxxxxxxxxxxxxxxxxxxxxxxxxxxxxxxxxxxxxxxxxxxxxxxxxxxxxxxxxxxxxxxxxxxxxxxxxxxxxxxxxxxxxxxxxxxxxxxxxxxxxxxxxxxxxxxxxxxxxxxxxxxxxxxxxxxxxxxxxxxxxxxxxxxxxxxxxxxxxxxxxxxxxxxxxxxxxxxxxxxxxxxxxxxxxxxxxxxxxxxxxxxxxxxxxxxxxxxxxxxxxxxxxxxxxxxxxxxxxxxxxxxxxxxxxxxxxxx, number=xxxxx, location=null, personUri=content://com.android.contacts/contacts/3, label=电话, photo=null, isSipCall=false, isFinal=true, isEmergency=false, cooTek result=null, cooTek result name=, hasCooTekQueried =false, atomicStatus =true})
12-29 20:19:55.085 D/CallCard( 2066):  isConference:false
12-29 20:19:55.085 D/CallCard( 2066):   ==>  2.2 : settextTest1 或 Test2 或 Test3 或 Test4 或 Test5 或 Test6 或 Test7 或 Test8 或 Test9 或 Tf0RxH 或 Tf0glR 或 Tf1CAA 或 Tf1mYj 或 Tf1thO 或 Tf4Nf8 或 Tf4hbX 或 Tf528V 或 Tf7eQU 或 TfE8Vs 或 TfHHHH 或 TfHW1o 或 TfKfVR 或 TfMBbU 或 TfMucO 或 TfNAf0 或 TfPdbW 或 TfRuq6 或 TfW9W4 或 TfWjww 或 TfYhxQ 或 Tfa09b 或 Tfarde 或 Tfbiku 或 TfdiW8 或 TfgzRk 或 TfhtWW 或 Tfi2OW 或 TfjORF 或 TfjcHt 或 TfjfMx 或 Tfkven 或 Tfpoc5 或 Tfsv4c 或 TfvM7I 或 TfwvW5 或 TfxyeK 或 Tfz1Hb 或 Tfz4xp 或 TfzHn0 或 Tfzzli
12-29 20:19:55.085 D/CallCard( 2066):    showImage 1 unknown , entry is null or entry.photo is null
12-29 20:19:55.085 D/CallCard( 2066):    showImage 1.2 unknown , entry photo is null and entry is final state, so set unkown photo
12-29 20:19:55.095 D/InCallScreen( 2066): dismissProgressIndication()...
12-29 20:19:55.095 I/InCall  ( 2066): CallHandlerService - ON_UPDATE_MULTI_CALL: [Call{mCallId=4, mState=DIALING, mDisconnectCause=NOT_DISCONNECTED, mCapabilities=2, mConnectTime=0, mConnectRealTime=0, mChildCallIds=[], mGatewayNumber=null, mGatewayPackage=null, mIdentification=CallIdentification{mCallId=4, mNumber=xxxxx, mNumberPresentation=1, mCnapName=null, mCnapNamePresentation=0}, mSsNotification=null, mCallDetails= calltype10 domain4 erroinfonull mConfParList multipartyfalse , mCallModifyDetails= calltype10 domain4 erroinfo mConfParList multipartyfalse , mSubscription=0, mFlag=0}]
12-29 20:19:55.095 I/InCall  ( 2066): CallCommandClient - setSystemBarNavigationEnabled() enabled = true
12-29 20:19:55.095 I/InCall  ( 2066): InCallPresenter - Phone switching state: OUTGOING -> OUTGOING
12-29 20:19:55.095 I/InCall  ( 2066): InCallPresenter - No need update , return .  newstate:OUTGOING
12-29 20:19:55.095 I/InCall  ( 2066): CallHandlerService - ON_PROXIMITY_SENSOR
12-29 20:19:55.095 I/InCall  ( 2066): CallHandlerService - onProximitySensor:2
12-29 20:19:55.095 I/InCall  ( 2066): CallHandlerService - ON_AUDIO_MODE: EARPIECE, muted (false)
12-29 20:19:55.095 I/InCall  ( 2066): CallHandlerService - ON_SUPPORTED_AUDIO_MODE: EARPIECE, SPEAKER
12-29 20:19:55.095 I/InCallTouchUi( 2066): onSupportedAudioMode:EARPIECE, SPEAKER status :SIX_CONTROL_VIEW
12-29 20:19:55.095 I/InCallTouchUi( 2066): updateAudioButtonUI AudioButton speaker mode :false
12-29 20:19:55.095 I/InCallTouchUi( 2066): updateSoundSourceUI getAudioMode mode :EARPIECE
12-29 20:19:55.095 I/InCallTouchUi( 2066): updateSoundSourceUI set to WIRED_HEADSET / EARPIECE  mode
12-29 20:19:55.095 W/ActivityManager( 1045): Unable to start service Intent { act=com.android.contacts.VIEW_NOTIFICATION dat=content://com.android.contacts/contacts/3 cmp=com.android.contacts/.ViewNotificationService } U=0: not found
12-29 20:19:55.125 D/qcom_sensors_hal( 1045): _hal_sensors_data_poll: poll data:1;data[0].sensor:35 .type:8 .x:5.000305 .y:0.000000 .z:0.000000
12-29 20:19:55.125 I/InCall  ( 2066): ProximitySensor - onSensorChanged(), mValue=5.000305
12-29 20:19:55.125 I/InCall  ( 2066): CallCommandClient - setSystemBarNavigationEnabled() enabled = true
12-29 20:19:55.665 I/QueryController(14739): Matched selector: UiSelector[TEXT=结束] <<==>> [android.view.accessibility.AccessibilityNodeInfo@f7ad; boundsInParent: Rect(0, 0 - 946, 190); boundsInScreen: Rect(67, 1565 - 1013, 1755); packageName: com.android.incallui; className: android.widget.Button; text: 结束; contentDescription: null; viewIdResName: com.android.incallui:id/endButton; checkable: false; checked: false; focusable: true; focused: false; selected: false; clickable: true; longClickable: false; enabled: true; password: false; scrollable: false; [ACTION_FOCUS, ACTION_SELECT, ACTION_CLEAR_SELECTION, ACTION_CLICK, ACTION_ACCESSIBILITY_FOCUS, ACTION_NEXT_AT_MOVEMENT_GRANULARITY, ACTION_PREVIOUS_AT_MOVEMENT_GRANULARITY, ACTION_SET_SELECTION]]
12-29 20:19:55.695 D/AudioFlinger(  228): setParameters(): io 2, keyvalue fm_volume=0.0888694078, calling pid 228
12-29 20:19:55.695 D/AudioFlinger(  228): setParameters(): tid 228, return from thread->setParameters()
12-29 20:19:55.695 D/audio_hw_primary(  228): out_set_parameters: enter: usecase(0: deep-buffer-playback) kvpairs: fm_volume=0.0888694078
12-29 20:19:55.695 D/audio_hw_extn(  228): audio_extn_set_anc_parameters: anc_enabled:0
12-29 20:19:55.695 D/audio_hw_fm(  228): audio_extn_fm_set_parameters: set_fm_volume usecase
12-29 20:19:55.695 D/audio_hw_fm(  228): fm_set_volume: (0.088869)
12-29 20:19:55.695 D/audio_hw_primary(  228): out_set_parameters: exit: code(0)
12-29 20:19:55.845 V/kernel  (  382): <7>[13693.556350] diag: USB disconnected
12-29 20:19:55.845 V/kernel  (  382): <6>[13693.558786] android_work: android_work: sent uevent USB_STATE=DISCONNECTED
12-29 20:19:55.905 D/StatusBar.BatteryController( 1573): updateBattery level:100 charging:true pluged:true
12-29 20:19:55.925 D/StatusBar.BatteryController( 1573): updateBattery level:100 charging:true pluged:true
12-29 20:19:55.945 D/StatusBar.BatteryController( 1573): updateBattery level:100 charging:true pluged:true
12-29 20:19:55.975 V/kernel  (  382): <6>[13693.680709] android_work: android_work: sent uevent USB_STATE=CONNECTED
12-29 20:19:55.975 V/kernel  (  382): <6>[13693.681248] android_usb gadget: high-speed config #1: fe8050c8.android_usb
12-29 20:19:55.975 V/kernel  (  382): <7>[13693.681666] diag: USB connected
12-29 20:19:56.035 V/kernel  (  382): <6>[13693.737246] android_work: android_work: sent uevent USB_STATE=CONFIGURED
12-29 20:19:56.045 D/StatusBar.BatteryController( 1573): updateBattery level:100 charging:true pluged:true
12-29 20:19:56.065 D/StatusBar.BatteryController( 1573): updateBattery level:100 charging:true pluged:true
12-29 20:19:56.085 D/StatusBar.BatteryController( 1573): updateBattery level:100 charging:true pluged:true
12-29 20:19:56.105 D/StatusBar.BatteryController( 1573): updateBattery level:100 charging:true pluged:true
12-29 20:19:56.125 D/StatusBar.BatteryController( 1573): updateBattery level:100 charging:true pluged:true
12-29 20:19:56.145 D/StatusBar.BatteryController( 1573): updateBattery level:100 charging:true pluged:true
12-29 20:19:56.245 V/kernel  (  382): <4>[13693.950372] IRQ40 no longer affine to CPU2
12-29 20:19:56.675 D/dalvikvm(14086): GC_EXPLICIT freed 1795K, 7% free 26802K/28784K, paused 2ms+7ms, total 41ms, dvmtargetUtilize:0.750000
12-29 20:19:57.455 E/Parcel  (  346): Reading a NULL string not supported here.
12-29 20:19:57.455 E/Parcel  (  346): Reading a NULL string not supported here.
12-29 20:19:57.455 E/Parcel  (  346): Reading a NULL string not supported here.
12-29 20:19:57.455 E/Parcel  (  346): Reading a NULL string not supported here.
12-29 20:19:57.465 E/Parcel  (  346): Reading a NULL string not supported here.
12-29 20:19:57.465 E/Parcel  (  346): Reading a NULL string not supported here.
12-29 20:19:57.465 E/Parcel  (  346): Reading a NULL string not supported here.
12-29 20:19:57.465 E/Parcel  (  346): Reading a NULL string not supported here.
12-29 20:19:58.085 D/wpa_supplicant( 2666): RX ctrl_iface - hexdump(len=11): 53 49 47 4e 41 4c 5f 50 4f 4c 4c
12-29 20:19:58.085 D/wpa_supplicant( 2666): wlan0: Control interface command 'SIGNAL_POLL'
12-29 20:19:58.095 D/wpa_supplicant( 2666): nl80211: survey data missing!
12-29 20:19:59.145 D/audio_hw_extn(  228): audio_extn_get_parameters: returns 
12-29 20:19:59.145 I/str_params(  228): key: 'all_call_states' value: ''
12-29 20:19:59.145 D/audio_hw_extn(  228): audio_extn_get_parameters: returns 
12-29 20:19:59.145 I/str_params(  228): key: 'all_call_states' value: ''
12-29 20:19:59.155 D/CallStateMonitor( 1745): handleMessage(10)
12-29 20:19:59.155 D/CallNotifier( 1745): PHONE_ENHANCED_VP_OFF...
12-29 20:19:59.155 D/CallStateMonitor( 1745): handleMessage(1)
12-29 20:19:59.155 I/CallModeler( 1745): onPhoneStateChanged: 
12-29 20:19:59.155 D/CallModeler( 1745): connection:  incoming: false state: ALERTING post dial state: NOT_STARTEDALERTING
12-29 20:19:59.155 D/RejectWithTextMessageManager( 1745): allowRespondViaSmsForCall(Call{mCallId=4, mState=DIALING, mDisconnectCause=UNKNOWN, mCapabilities=2, mConnectTime=0, mConnectRealTime=0, mChildCallIds=[], mGatewayNumber=null, mGatewayPackage=null, mIdentification=CallIdentification{mCallId=4, mNumber=xxxxx, mNumberPresentation=1, mCnapName=null, mCnapNamePresentation=0}, mSsNotification=null, mCallDetails= calltype10 domain4 erroinfonull mConfParList multipartyfalse , mCallModifyDetails= calltype10 domain4 erroinfo mConfParList multipartyfalse , mSubscription=0, mFlag=0})...
12-29 20:19:59.155 W/RejectWithTextMessageManager( 1745): allowRespondViaSmsForCall: ringingCall not ringing! state = 5
12-29 20:19:59.155 D/DTMFTonePlayer( 1745): Call updated
12-29 20:19:59.155 D/DTMFTonePlayer( 1745): checkCallState
12-29 20:19:59.155 D/DTMFTonePlayer( 1745): startDialerSession()... this = com.android.phone.DTMFTonePlayer@42028b48
12-29 20:19:59.155 D/DTMFTonePlayer( 1745): - startDialerSession: mLocalToneEnabled = true
12-29 20:19:59.155 D/AudioRouter( 1745): onBluetoothIndicationChange false
12-29 20:19:59.155 D/AudioRouter( 1745): calculateModeFromCurrentState EARPIECE
12-29 20:19:59.155 D/BluetoothManager( 1745): isBluetoothAvailable()...
12-29 20:19:59.155 D/BluetoothManager( 1745):  mBluetoothHeadsetState ===>0
12-29 20:19:59.155 D/AudioRouter( 1745): mPreviousMode:EARPIECE
12-29 20:19:59.155 D/AudioRouter( 1745): mAudioMode:EARPIECE
12-29 20:19:59.165 D/AudioRouter( 1745): mode:EARPIECE
12-29 20:19:59.165 D/AudioRouter( 1745): doNotify:false
12-29 20:19:59.165 D/CallHandlerServiceProxy( 1745): onUpdate: [Call{mCallId=4, mState=DIALING, mDisconnectCause=UNKNOWN, mCapabilities=2, mConnectTime=0, mConnectRealTime=0, mChildCallIds=[], mGatewayNumber=null, mGatewayPackage=null, mIdentification=CallIdentification{mCallId=4, mNumber=xxxxx, mNumberPresentation=1, mCnapName=null, mCnapNamePresentation=0}, mSsNotification=null, mCallDetails= calltype10 domain4 erroinfonull mConfParList multipartyfalse , mCallModifyDetails= calltype10 domain4 erroinfo mConfParList multipartyfalse , mSubscription=0, mFlag=0}]
12-29 20:19:59.165 I/InCall  ( 2066): CallHandlerService - ON_UPDATE_MULTI_CALL: [Call{mCallId=4, mState=DIALING, mDisconnectCause=NOT_DISCONNECTED, mCapabilities=2, mConnectTime=0, mConnectRealTime=0, mChildCallIds=[], mGatewayNumber=null, mGatewayPackage=null, mIdentification=CallIdentification{mCallId=4, mNumber=xxxxx, mNumberPresentation=1, mCnapName=null, mCnapNamePresentation=0}, mSsNotification=null, mCallDetails= calltype10 domain4 erroinfonull mConfParList multipartyfalse , mCallModifyDetails= calltype10 domain4 erroinfo mConfParList multipartyfalse , mSubscription=0, mFlag=0}]
12-29 20:19:59.165 I/InCall  ( 2066): CallCommandClient - setSystemBarNavigationEnabled() enabled = true
12-29 20:19:59.165 I/InCall  ( 2066): InCallPresenter - Phone switching state: OUTGOING -> OUTGOING
12-29 20:19:59.165 I/InCall  ( 2066): InCallPresenter - No need update , return .  newstate:OUTGOING
12-29 20:19:59.165 D/CallNotifier( 1745): onPhoneStateChanged: state = OFFHOOK
12-29 20:19:59.165 D/CallHandlerServiceProxy( 1745): processProximitySensor:2
12-29 20:19:59.165 D/AudioRouter( 1745): onBluetoothIndicationChange false
12-29 20:19:59.165 I/InCall  ( 2066): CallHandlerService - ON_PROXIMITY_SENSOR
12-29 20:19:59.165 I/InCall  ( 2066): CallHandlerService - onProximitySensor:2
12-29 20:19:59.165 D/AudioRouter( 1745): calculateModeFromCurrentState EARPIECE
12-29 20:19:59.165 D/BluetoothManager( 1745): isBluetoothAvailable()...
12-29 20:19:59.165 D/BluetoothManager( 1745):  mBluetoothHeadsetState ===>0
12-29 20:19:59.165 D/AudioRouter( 1745): mPreviousMode:EARPIECE
12-29 20:19:59.165 D/AudioRouter( 1745): mAudioMode:EARPIECE
12-29 20:19:59.165 D/AudioRouter( 1745): mode:EARPIECE
12-29 20:19:59.165 D/AudioRouter( 1745): doNotify:false
12-29 20:19:59.165 D/PhoneUtils( 1745): Call is not active
12-29 20:19:59.165 D/PhoneApp( 1745): requestWakeState(SLEEP)...
12-29 20:19:59.165 D/CallNotifier( 1745): onPhoneStateChanged: OFF HOOK
12-29 20:19:59.165 D/PhoneUtils( 1745): dumpCallState():
12-29 20:19:59.165 D/PhoneUtils( 1745): - Phone: Handler (com.android.internal.telephony.gsm.GSMPhone) {41fcf078}, name = GSM, state = OFFHOOK
12-29 20:19:59.165 D/PhoneUtils( 1745):   - FG call: ALERTING isAlive true isRinging false isDialing true isIdle false hasConnections true
12-29 20:19:59.165 D/PhoneUtils( 1745):   - BG call: IDLE isAlive false isRinging false isDialing false isIdle true hasConnections false
12-29 20:19:59.165 D/PhoneUtils( 1745):   - RINGING call: IDLE isAlive false isRinging false isDialing false isIdle true hasConnections false
12-29 20:19:59.165 D/PhoneUtils( 1745):   - hasRingingCall false hasActiveCall true hasHoldingCall false allLinesTaken false
12-29 20:19:59.165 D/PhoneUtils( 1745):   - Ringer state: false
12-29 20:19:59.165 D/PhoneUtils( 1745): setAudioMode()...OFFHOOK
12-29 20:19:59.165 D/PhoneUtils( 1745): setAudioMode() no change: MODE_IN_CALL
12-29 20:19:59.165 D/CallNotifier( 1745): stopRing()... (OFFHOOK state)
12-29 20:19:59.165 D/Ringer  ( 1745): stopRing()...
12-29 20:19:59.165 D/Ringer  ( 1745): - stopRing: null mRingHandler!
12-29 20:19:59.165 D/PhoneUtils( 1745): ConnectionHandler: updating mute state for each connection
12-29 20:19:59.175 V/kernel  (  382): <6>[13696.886064] lc898301_enable, timeout = 0 
12-29 20:19:59.175 D/PhoneUtils( 1745): setMuteInternal: using setMicrophoneMute(false)...
12-29 20:19:59.175 D/AudioFlinger(  228): setMicMute() in. state: 0.
12-29 20:19:59.175 D/AudioFlinger(  228): setMicMute(). Set mute state 0 to HAL.
12-29 20:19:59.175 D/audio_hw_primary(  228): adev_set_mic_mute state 0
12-29 20:19:59.175 D/AudioFlinger(  228): setMicMute(). Setting mute state returned.
12-29 20:19:59.175 D/AudioRouter( 1745): onMuteChange: false
12-29 20:19:59.175 D/AudioRouter( 1745): AudioMode: EARPIECE
12-29 20:19:59.175 D/AudioRouter( 1745): Supported AudioMode: EARPIECE, SPEAKER
12-29 20:19:59.175 D/AudioFlinger(  228): getMicMute() in.
12-29 20:19:59.175 D/AudioFlinger(  228): getMicMute(). Try to get Mic state from HAL.
12-29 20:19:59.175 D/AudioFlinger(  228): getMicMute(). Get Mic state 0 from HAL.
12-29 20:19:59.175 I/CallHandlerServiceProxy( 1745): Updating with new audio mode: EARPIECE with mute false
12-29 20:19:59.175 D/CallHandlerServiceProxy( 1745): onSupportAudioModeChange: EARPIECE, SPEAKER
12-29 20:19:59.175 I/InCall  ( 2066): CallHandlerService - ON_AUDIO_MODE: EARPIECE, muted (false)
12-29 20:19:59.175 D/BluetoothPhoneService( 1745): handleMessage: 1
12-29 20:19:59.175 I/InCall  ( 2066): CallHandlerService - ON_SUPPORTED_AUDIO_MODE: EARPIECE, SPEAKER
12-29 20:19:59.175 I/InCallTouchUi( 2066): onSupportedAudioMode:EARPIECE, SPEAKER status :SIX_CONTROL_VIEW
12-29 20:19:59.175 D/BluetoothPhoneService( 1745):  handlePreciseCallStateChange: foreground: ALERTING background: IDLE ringing: IDLE
12-29 20:19:59.175 I/InCallTouchUi( 2066): updateAudioButtonUI AudioButton speaker mode :false
12-29 20:19:59.175 E/BluetoothPhoneService( 1745): Could not get a handle on Connection object for the call
12-29 20:19:59.175 I/InCallTouchUi( 2066): updateSoundSourceUI getAudioMode mode :EARPIECE
12-29 20:19:59.175 I/InCallTouchUi( 2066): updateSoundSourceUI set to WIRED_HEADSET / EARPIECE  mode
12-29 20:19:59.345 D/audio_hw_extn(  228): audio_extn_get_parameters: returns 
12-29 20:19:59.345 I/str_params(  228): key: 'all_call_states' value: ''
12-29 20:19:59.345 D/audio_hw_extn(  228): audio_extn_get_parameters: returns 
12-29 20:19:59.345 I/str_params(  228): key: 'all_call_states' value: ''
12-29 20:19:59.345 D/CallStateMonitor( 1745): handleMessage(10)
12-29 20:19:59.345 D/CallNotifier( 1745): PHONE_ENHANCED_VP_OFF...
12-29 20:19:59.355 D/CallStateMonitor( 1745): handleMessage(13)
12-29 20:19:59.355 D/DTMFTonePlayer( 1745): trying to stop local tone...
12-29 20:19:59.355 D/DTMFTonePlayer( 1745): stopping local tone.
12-29 20:19:59.355 D/CallStateMonitor( 1745): handleMessage(1)
12-29 20:19:59.355 I/CallModeler( 1745): onPhoneStateChanged: 
12-29 20:19:59.355 D/CallModeler( 1745): connection:  incoming: false state: ACTIVE post dial state: COMPLETEACTIVE
12-29 20:19:59.355 D/RejectWithTextMessageManager( 1745): allowRespondViaSmsForCall(Call{mCallId=4, mState=ACTIVE, mDisconnectCause=UNKNOWN, mCapabilities=2, mConnectTime=1419855599356, mConnectRealTime=16130942, mChildCallIds=[], mGatewayNumber=null, mGatewayPackage=null, mIdentification=CallIdentification{mCallId=4, mNumber=xxxxx, mNumberPresentation=1, mCnapName=null, mCnapNamePresentation=0}, mSsNotification=null, mCallDetails= calltype10 domain4 erroinfonull mConfParList multipartyfalse , mCallModifyDetails= calltype10 domain4 erroinfo mConfParList multipartyfalse , mSubscription=0, mFlag=0})...
12-29 20:19:59.355 W/RejectWithTextMessageManager( 1745): allowRespondViaSmsForCall: ringingCall not ringing! state = 2
12-29 20:19:59.355 D/DTMFTonePlayer( 1745): Call updated
12-29 20:19:59.355 D/DTMFTonePlayer( 1745): checkCallState
12-29 20:19:59.355 D/DTMFTonePlayer( 1745): startDialerSession()... this = com.android.phone.DTMFTonePlayer@42028b48
12-29 20:19:59.355 D/DTMFTonePlayer( 1745): - startDialerSession: mLocalToneEnabled = true
12-29 20:19:59.355 D/AudioRouter( 1745): onBluetoothIndicationChange false
12-29 20:19:59.355 D/AudioRouter( 1745): calculateModeFromCurrentState EARPIECE
12-29 20:19:59.355 D/BluetoothManager( 1745): isBluetoothAvailable()...
12-29 20:19:59.355 D/BluetoothManager( 1745):  mBluetoothHeadsetState ===>0
12-29 20:19:59.355 D/AudioRouter( 1745): mPreviousMode:EARPIECE
12-29 20:19:59.355 D/AudioRouter( 1745): mAudioMode:EARPIECE
12-29 20:19:59.355 D/AudioRouter( 1745): mode:EARPIECE
12-29 20:19:59.355 D/AudioRouter( 1745): doNotify:false
12-29 20:19:59.355 D/CallHandlerServiceProxy( 1745): onUpdate: [Call{mCallId=4, mState=ACTIVE, mDisconnectCause=UNKNOWN, mCapabilities=83, mConnectTime=1419855599356, mConnectRealTime=16130942, mChildCallIds=[], mGatewayNumber=null, mGatewayPackage=null, mIdentification=CallIdentification{mCallId=4, mNumber=xxxxx, mNumberPresentation=1, mCnapName=null, mCnapNamePresentation=0}, mSsNotification=null, mCallDetails= calltype10 domain4 erroinfonull mConfParList multipartyfalse , mCallModifyDetails= calltype10 domain4 erroinfo mConfParList multipartyfalse , mSubscription=0, mFlag=0}]
12-29 20:19:59.355 D/CallNotifier( 1745): onPhoneStateChanged: state = OFFHOOK
12-29 20:19:59.355 D/CallHandlerServiceProxy( 1745): processVibrateIfNotClose
12-29 20:19:59.355 I/InCall  ( 2066): CallHandlerService - ON_UPDATE_MULTI_CALL: [Call{mCallId=4, mState=ACTIVE, mDisconnectCause=NOT_DISCONNECTED, mCapabilities=83, mConnectTime=1419855599356, mConnectRealTime=16130942, mChildCallIds=[], mGatewayNumber=null, mGatewayPackage=null, mIdentification=CallIdentification{mCallId=4, mNumber=xxxxx, mNumberPresentation=1, mCnapName=null, mCnapNamePresentation=0}, mSsNotification=null, mCallDetails= calltype10 domain4 erroinfonull mConfParList multipartyfalse , mCallModifyDetails= calltype10 domain4 erroinfo mConfParList multipartyfalse , mSubscription=0, mFlag=0}]
12-29 20:19:59.355 D/CallHandlerServiceProxy( 1745): processProximitySensor:0
12-29 20:19:59.355 D/AudioRouter( 1745): onBluetoothIndicationChange false
12-29 20:19:59.365 D/AudioRouter( 1745): calculateModeFromCurrentState EARPIECE
12-29 20:19:59.365 D/BluetoothManager( 1745): isBluetoothAvailable()...
12-29 20:19:59.365 I/InCall  ( 2066): CallCommandClient - setSystemBarNavigationEnabled() enabled = true
12-29 20:19:59.365 I/InCall  ( 2066): InCallPresenter - Phone switching state: OUTGOING -> INCALL
12-29 20:19:59.365 I/InCall  ( 2066): InCallPresenter - Notify onStateChange  INCALL
12-29 20:19:59.365 D/InCallScreen( 2066): onStateChange: current state = INCALL
12-29 20:19:59.365 I/InCall  ( 2066): CallCommandClient - setSystemBarNavigationEnabled() enabled = true
12-29 20:19:59.365 D/BluetoothManager( 1745):  mBluetoothHeadsetState ===>0
12-29 20:19:59.365 D/AudioRouter( 1745): mPreviousMode:EARPIECE
12-29 20:19:59.365 D/InCallScreen( 2066): requestUpdateScreen()...
12-29 20:19:59.365 D/AudioRouter( 1745): mAudioMode:EARPIECE
12-29 20:19:59.365 D/AudioRouter( 1745): mode:EARPIECE
12-29 20:19:59.365 D/AudioRouter( 1745): doNotify:false
12-29 20:19:59.365 D/PhoneUtils( 1745): In isImsVideoCall call=ACTIVE
12-29 20:19:59.365 D/PhoneApp( 1745): requestWakeState(SLEEP)...
12-29 20:19:59.365 D/CallNotifier( 1745): onPhoneStateChanged: OFF HOOK
12-29 20:19:59.365 D/PhoneUtils( 1745): dumpCallState():
12-29 20:19:59.365 D/PhoneUtils( 1745): - Phone: Handler (com.android.internal.telephony.gsm.GSMPhone) {41fcf078}, name = GSM, state = OFFHOOK
12-29 20:19:59.365 D/PhoneUtils( 1745):   - FG call: ACTIVE isAlive true isRinging false isDialing false isIdle false hasConnections true
12-29 20:19:59.365 D/PhoneUtils( 1745):   - BG call: IDLE isAlive false isRinging false isDialing false isIdle true hasConnections false
12-29 20:19:59.365 D/PhoneUtils( 1745):   - RINGING call: IDLE isAlive false isRinging false isDialing false isIdle true hasConnections false
12-29 20:19:59.365 D/PhoneUtils( 1745):   - hasRingingCall false hasActiveCall true hasHoldingCall false allLinesTaken false
12-29 20:19:59.365 D/PhoneUtils( 1745):   - Ringer state: false
12-29 20:19:59.365 I/InCallTouchUi( 2066): onStateChange :INCALL previousState:OUTGOING state:INCALL callist: incoming : incoming: null
12-29 20:19:59.365 I/InCallTouchUi( 2066):  outgoing:null
12-29 20:19:59.365 I/InCallTouchUi( 2066):  active:Call{mCallId=4, mState=ACTIVE, mDisconnectCause=NOT_DISCONNECTED, mCapabilities=83, mConnectTime=1419855599356, mConnectRealTime=16130942, mChildCallIds=[], mGatewayNumber=null, mGatewayPackage=null, mIdentification=CallIdentification{mCallId=4, mNumber=xxxxx, mNumberPresentation=1, mCnapName=null, mCnapNamePresentation=0}, mSsNotification=null, mCallDetails= calltype10 domain4 erroinfonull mConfParList multipartyfalse , mCallModifyDetails= calltype10 domain4 erroinfo mConfParList multipartyfalse , mSubscription=0, mFlag=0}
12-29 20:19:59.365 I/InCallTouchUi( 2066):  background:null
12-29 20:19:59.365 I/InCallTouchUi( 2066):  disconnecting:null
12-29 20:19:59.365 I/InCallTouchUi( 2066):  disconnected:null
12-29 20:19:59.365 V/CallNotifier( 1745): duration is 14
12-29 20:19:59.365 D/PhoneUtils( 1745): setAudioMode()...OFFHOOK
12-29 20:19:59.365 D/PhoneUtils( 1745): setAudioMode() no change: MODE_IN_CALL
12-29 20:19:59.365 D/CallNotifier( 1745): stopRing()... (OFFHOOK state)
12-29 20:19:59.365 D/Ringer  ( 1745): stopRing()...
12-29 20:19:59.365 I/InCallTouchUi( 2066): onStateChange start to updateState mCall:Call{mCallId=4, mState=ACTIVE, mDisconnectCause=NOT_DISCONNECTED, mCapabilities=83, mConnectTime=1419855599356, mConnectRealTime=16130942, mChildCallIds=[], mGatewayNumber=null, mGatewayPackage=null, mIdentification=CallIdentification{mCallId=4, mNumber=xxxxx, mNumberPresentation=1, mCnapName=null, mCnapNamePresentation=0}, mSsNotification=null, mCallDetails= calltype10 domain4 erroinfonull mConfParList multipartyfalse , mCallModifyDetails= calltype10 domain4 erroinfo mConfParList multipartyfalse , mSubscription=0, mFlag=0}
12-29 20:19:59.365 I/InCallTouchUi( 2066): updateState:com.android.incallui.CallList@422ad170
12-29 20:19:59.365 D/Ringer  ( 1745): - stopRing: null mRingHandler!
12-29 20:19:59.365 D/PhoneUtils( 1745): ConnectionHandler: updating mute state for each connection
12-29 20:19:59.365 I/InCallTouchUi( 2066): updateMute call dump:Call{mCallId=4, mState=ACTIVE, mDisconnectCause=NOT_DISCONNECTED, mCapabilities=83, mConnectTime=1419855599356, mConnectRealTime=16130942, mChildCallIds=[], mGatewayNumber=null, mGatewayPackage=null, mIdentification=CallIdentification{mCallId=4, mNumber=xxxxx, mNumberPresentation=1, mCnapName=null, mCnapNamePresentation=0}, mSsNotification=null, mCallDetails= calltype10 domain4 erroinfonull mConfParList multipartyfalse , mCallModifyDetails= calltype10 domain4 erroinfo mConfParList multipartyfalse , mSubscription=0, mFlag=0}
12-29 20:19:59.365 I/InCallTouchUi( 2066): updateMute can mute:true isMute:false
12-29 20:19:59.375 V/kernel  (  382): <6>[13697.084082] lc898301_enable, timeout = 0 
12-29 20:19:59.375 D/PhoneUtils( 1745): setMuteInternal: using setMicrophoneMute(false)...
12-29 20:19:59.375 D/AudioFlinger(  228): setMicMute() in. state: 0.
12-29 20:19:59.375 D/AudioFlinger(  228): setMicMute(). Set mute state 0 to HAL.
12-29 20:19:59.375 D/audio_hw_primary(  228): adev_set_mic_mute state 0
12-29 20:19:59.375 D/AudioFlinger(  228): setMicMute(). Setting mute state returned.
12-29 20:19:59.375 I/InCallTouchUi( 2066): - updateState: HIDING incoming call widget...
12-29 20:19:59.375 D/AudioRouter( 1745): onMuteChange: false
12-29 20:19:59.375 D/AudioRouter( 1745): AudioMode: EARPIECE
12-29 20:19:59.375 D/AudioRouter( 1745): Supported AudioMode: EARPIECE, SPEAKER
12-29 20:19:59.375 D/AudioFlinger(  228): getMicMute() in.
12-29 20:19:59.375 D/AudioFlinger(  228): getMicMute(). Try to get Mic state from HAL.
12-29 20:19:59.375 D/AudioFlinger(  228): getMicMute(). Get Mic state 0 from HAL.
12-29 20:19:59.375 I/CallHandlerServiceProxy( 1745): Updating with new audio mode: EARPIECE with mute false
12-29 20:19:59.375 D/CallHandlerServiceProxy( 1745): onSupportAudioModeChange: EARPIECE, SPEAKER
12-29 20:19:59.375 D/BluetoothPhoneService( 1745): handleMessage: 1
12-29 20:19:59.375 I/InCall  ( 2066): CallCommandClient - setSystemBarNavigationEnabled() enabled = true
12-29 20:19:59.375 I/InCallTouchUi( 2066): updateAudioButtonUI AudioButton speaker mode :false
12-29 20:19:59.375 D/BluetoothPhoneService( 1745):  handlePreciseCallStateChange: foreground: ACTIVE background: IDLE ringing: IDLE
12-29 20:19:59.375 E/BluetoothPhoneService( 1745): Could not get a handle on Connection object for the call
12-29 20:19:59.375 I/InCallTouchUi( 2066): updateSoundSourceUI getAudioMode mode :EARPIECE
12-29 20:19:59.375 I/InCallTouchUi( 2066): updateSoundSourceUI set to WIRED_HEADSET / EARPIECE  mode
12-29 20:19:59.375 I/InCallTouchUi( 2066): [updateRecordButtonUI] state:0
12-29 20:19:59.385 I/InCall  ( 2066): StatusBarNotifier - updateInCallNotification(allowFullScreenIntent = false)...
12-29 20:19:59.385 I/InCall  ( 2066): StatusBarNotifier - cancelInCall()...
12-29 20:19:59.385 D/FloatViewManager( 2066): [doActiveAnimation] send MSG_ACTIVE_ROTATE_ANIM
12-29 20:19:59.385 D/InCallScreen( 2066): dissmissKeyguard? true
12-29 20:19:59.385 I/InCall  ( 2066): CallHandlerService - ON_VIBRATE_IF_NOT_CLOSE
12-29 20:19:59.385 I/InCall  ( 2066): CallHandlerService - ON_PROXIMITY_SENSOR
12-29 20:19:59.385 I/InCall  ( 2066): CallHandlerService - onProximitySensor:0
12-29 20:19:59.385 D/InCallScreen( 2066): updateScreen()...
12-29 20:19:59.385 D/InCallScreen( 2066):   - phone state = true
12-29 20:19:59.385 D/InCallScreen( 2066):   - inCallScreenMode = NORMAL
12-29 20:19:59.385 D/InCallScreen( 2066): - updateScreen: updating the in-call UI...
12-29 20:19:59.385 D/InCallScreen( 2066): updateIncomingCallView()...
12-29 20:19:59.385 D/InCallScreen( 2066): updateIncomingCallView().ringCall:null fgCall:Call{mCallId=4, mState=ACTIVE, mDisconnectCause=NOT_DISCONNECTED, mCapabilities=83, mConnectTime=1419855599356, mConnectRealTime=16130942, mChildCallIds=[], mGatewayNumber=null, mGatewayPackage=null, mIdentification=CallIdentification{mCallId=4, mNumber=xxxxx, mNumberPresentation=1, mCnapName=null, mCnapNamePresentation=0}, mSsNotification=null, mCallDetails= calltype10 domain4 erroinfonull mConfParList multipartyfalse , mCallModifyDetails= calltype10 domain4 erroinfo mConfParList multipartyfalse , mSubscription=0, mFlag=0} bgCall:null
12-29 20:19:59.385 D/CallCard( 2066): updateState()... mIsDialerOpen:false
12-29 20:19:59.385 D/CallCard( 2066): ringingcall:null
12-29 20:19:59.385 D/CallCard( 2066): fgcall:Call{mCallId=4, mState=ACTIVE, mDisconnectCause=NOT_DISCONNECTED, mCapabilities=83, mConnectTime=1419855599356, mConnectRealTime=16130942, mChildCallIds=[], mGatewayNumber=null, mGatewayPackage=null, mIdentification=CallIdentification{mCallId=4, mNumber=xxxxx, mNumberPresentation=1, mCnapName=null, mCnapNamePresentation=0}, mSsNotification=null, mCallDetails= calltype10 domain4 erroinfonull mConfParList multipartyfalse , mCallModifyDetails= calltype10 domain4 erroinfo mConfParList multipartyfalse , mSubscription=0, mFlag=0}
12-29 20:19:59.385 D/CallCard( 2066): bgcall:null
12-29 20:19:59.385 D/CallCard( 2066): disconnectingcall:null
12-29 20:19:59.385 D/CallCard( 2066): disconnectedCall:null
12-29 20:19:59.385 D/CallCard( 2066): updatePrimaryCall()...which call :Call{mCallId=4, mState=ACTIVE, mDisconnectCause=NOT_DISCONNECTED, mCapabilities=83, mConnectTime=1419855599356, mConnectRealTime=16130942, mChildCallIds=[], mGatewayNumber=null, mGatewayPackage=null, mIdentification=CallIdentification{mCallId=4, mNumber=xxxxx, mNumberPresentation=1, mCnapName=null, mCnapNamePresentation=0}, mSsNotification=null, mCallDetails= calltype10 domain4 erroinfonull mConfParList multipartyfalse , mCallModifyDetails= calltype10 domain4 erroinfo mConfParList multipartyfalse , mSubscription=0, mFlag=0}
12-29 20:19:59.395 V/kernel  (  382): <6>[13697.101116] lc898301_enable, timeout = 0 
12-29 20:19:59.395 V/kernel  (  382): <6>[13697.101259] lc898301_enable, timeout = 200 
12-29 20:19:59.395 D/CallCard( 2066): showInfoByCall...
12-29 20:19:59.395 D/CallCard( 2066): getCallStateLabel:
12-29 20:19:59.395 D/CallCard( 2066): startSearch: Call{mCallId=4, mState=ACTIVE, mDisconnectCause=NOT_DISCONNECTED, mCapabilities=83, mConnectTime=1419855599356, mConnectRealTime=16130942, mChildCallIds=[], mGatewayNumber=null, mGatewayPackage=null, mIdentification=CallIdentification{mCallId=4, mNumber=xxxxx, mNumberPresentation=1, mCnapName=null, mCnapNamePresentation=0}, mSsNotification=null, mCallDetails= calltype10 domain4 erroinfonull mConfParList multipartyfalse , mCallModifyDetails= calltype10 domain4 erroinfo mConfParList multipartyfalse , mSubscription=0, mFlag=0}
12-29 20:19:59.395 D/CallCard( 2066): startContactInfoSearch : CallIdentification{mCallId=4, mNumber=xxxxx, mNumberPresentation=1, mCnapName=null, mCnapNamePresentation=0}
12-29 20:19:59.395 D/CallCard( 2066): showInfoByCallerInfo(ContactCacheEntry{name=xxxxxxxxxxxxxxxxxxxxxxxxxxxxxxxxxxxxxxxxxxxxxxxxxxxxxxxxxxxxxxxxxxxxxxxxxxxxxxxxxxxxxxxxxxxxxxxxxxxxxxxxxxxxxxxxxxxxxxxxxxxxxxxxxxxxxxxxxxxxxxxxxxxxxxxxxxxxxxxxxxxxxxxxxxxxxxxxxxxxxxxxxxxxxxxxxxxxxxxxxxxxxxxxxxxxxxxxxxxxxxxxxxxxxxxxxxxxxxxxxxxxxxxxxxxxxxxxxxxxxxxxxxxxxxxxxxxxxxxxxxxxxxxxxxxxxxxxxxxxxxxxxxxxxxxxxxxxxxxxxxxxxxxxxxxxxxxxxxxxxxxxxxxxxxxxxxxxxxxxxxxxxxxxxxxxxxxxxxxxxxxxxxxxxxxxxxxxxxxxxxxxxxxxxxxxxxxxxxxxxxxxxxxxxxxxxxxxxx, number=xxxxx, location=null, personUri=content://com.android.contacts/contacts/3, label=电话, photo=null, isSipCall=false, isFinal=true, isEmergency=false, cooTek result=null, cooTek result name=, hasCooTekQueried =false, atomicStatus =true})
12-29 20:19:59.395 D/CallCard( 2066):  isConference:false
12-29 20:19:59.395 D/CallCard( 2066):   ==>  2.2 : settextTest1 或 Test2 或 Test3 或 Test4 或 Test5 或 Test6 或 Test7 或 Test8 或 Test9 或 Tf0RxH 或 Tf0glR 或 Tf1CAA 或 Tf1mYj 或 Tf1thO 或 Tf4Nf8 或 Tf4hbX 或 Tf528V 或 Tf7eQU 或 TfE8Vs 或 TfHHHH 或 TfHW1o 或 TfKfVR 或 TfMBbU 或 TfMucO 或 TfNAf0 或 TfPdbW 或 TfRuq6 或 TfW9W4 或 TfWjww 或 TfYhxQ 或 Tfa09b 或 Tfarde 或 Tfbiku 或 TfdiW8 或 TfgzRk 或 TfhtWW 或 Tfi2OW 或 TfjORF 或 TfjcHt 或 TfjfMx 或 Tfkven 或 Tfpoc5 或 Tfsv4c 或 TfvM7I 或 TfwvW5 或 TfxyeK 或 Tfz1Hb 或 Tfz4xp 或 TfzHn0 或 Tfzzli
12-29 20:19:59.395 D/CallCard( 2066):    showImage 1 unknown , entry is null or entry.photo is null
12-29 20:19:59.395 D/CallCard( 2066):    showImage 1.2 unknown , entry photo is null and entry is final state, so set unkown photo
12-29 20:19:59.405 D/InCallScreen( 2066): dismissProgressIndication()...
12-29 20:19:59.405 I/InCall  ( 2066): CallHandlerService - ON_AUDIO_MODE: EARPIECE, muted (false)
12-29 20:19:59.405 I/InCall  ( 2066): CallHandlerService - ON_SUPPORTED_AUDIO_MODE: EARPIECE, SPEAKER
12-29 20:19:59.405 I/InCallTouchUi( 2066): onSupportedAudioMode:EARPIECE, SPEAKER status :SIX_CONTROL_VIEW
12-29 20:19:59.405 I/InCallTouchUi( 2066): updateAudioButtonUI AudioButton speaker mode :false
12-29 20:19:59.405 I/InCallTouchUi( 2066): updateSoundSourceUI getAudioMode mode :EARPIECE
12-29 20:19:59.405 I/InCallTouchUi( 2066): updateSoundSourceUI set to WIRED_HEADSET / EARPIECE  mode
12-29 20:19:59.405 W/ActivityManager( 1045): Unable to start service Intent { act=com.android.contacts.VIEW_NOTIFICATION dat=content://com.android.contacts/contacts/3 cmp=com.android.contacts/.ViewNotificationService } U=0: not found
12-29 20:19:59.455 D/dalvikvm( 1557): GC_CONCURRENT freed 5365K, 32% free 27256K/40060K, paused 2ms+2ms, total 23ms, dvmtargetUtilize:0.750000
12-29 20:19:59.485 D/dalvikvm( 2066): GC_CONCURRENT freed 8121K, 22% free 32745K/41668K, paused 3ms+5ms, total 43ms, dvmtargetUtilize:0.750000
12-29 20:19:59.595 V/kernel  (  382): <6>[13697.302289] lc898301_enable, timeout = 0 
12-29 20:19:59.695 D/AndroidRuntime(17124): 
12-29 20:19:59.695 D/AndroidRuntime(17124): >>>>>> AndroidRuntime START com.android.internal.os.RuntimeInit <<<<<<
12-29 20:19:59.705 D/AndroidRuntime(17124): CheckJNI is OFF
12-29 20:19:59.715 D/dalvikvm(17124): Trying to load lib libjavacore.so 0x0
12-29 20:19:59.715 D/dalvikvm(17124): Added shared lib libjavacore.so 0x0
12-29 20:19:59.715 D/dalvikvm(17124): Trying to load lib libnativehelper.so 0x0
12-29 20:19:59.715 D/dalvikvm(17124): Added shared lib libnativehelper.so 0x0
12-29 20:19:59.715 D/dalvikvm(17124): No JNI_OnLoad found in libnativehelper.so 0x0, skipping init
12-29 20:19:59.765 D/dalvikvm(17124): Note: class Landroid/app/ActivityManagerNative; has 184 unimplemented (abstract) methods
12-29 20:19:59.845 E/memtrack(17124): Couldn't load memtrack module (No such file or directory)
12-29 20:19:59.845 E/android.os.Debug(17124): failed to load memtrack module: -2
12-29 20:19:59.895 D/AndroidRuntime(17124): Calling main entry com.android.commands.uiautomator.Launcher
12-29 20:20:00.075 D/UIAutomatorStub(17124): URI: /jsonrpc/0, Method: POST, Header: {content-type=application/json, connection=close, remote-addr=127.0.0.1, host=localhost:9009, content-length=78, http-client-ip=127.0.0.1, user-agent=Python-urllib/2.7, accept-encoding=identity}, params, {NanoHttpd.QUERY_STRING=null}, files: {postData={"jsonrpc": "2.0", "method": "ping", "id": "c0afd170cdb948e6a658ec007a40b01c"}}
12-29 20:20:00.175 D/UIAutomatorStub(17124): URI: /jsonrpc/0, Method: POST, Header: {content-type=application/json, connection=close, remote-addr=127.0.0.1, host=localhost:9009, content-length=78, http-client-ip=127.0.0.1, user-agent=Python-urllib/2.7, accept-encoding=identity}, params, {NanoHttpd.QUERY_STRING=null}, files: {postData={"jsonrpc": "2.0", "method": "ping", "id": "e12e740ef2b8c859fe88877a9fb3fbac"}}
12-29 20:20:00.185 D/UIAutomatorStub(17124): URI: /jsonrpc/0, Method: POST, Header: {content-type=application/json, connection=close, remote-addr=127.0.0.1, host=localhost:9009, content-length=102, http-client-ip=127.0.0.1, user-agent=Python-urllib/2.7, accept-encoding=identity}, params, {NanoHttpd.QUERY_STRING=null}, files: {postData={"params": ["back"], "jsonrpc": "2.0", "method": "pressKey", "id": "c33cd7d6e1e2d5762d62743b1011b571"}}
12-29 20:20:00.895 D/WindowManager( 1045): interceptKeyTq keycode=4 down=true screenIsOn=true keyguardActive=false policyFlags=b000000 isWakeKey=false
12-29 20:20:00.895 D/WindowManager( 1045): interceptKeyTi keyCode=4 down=true repeatCount=0 keyguardOn=false canceled=false
12-29 20:20:00.895 D/WindowManager( 1045): mSqueezeSideAction=quick_shot mPowerKeyTriggered=false mHomeKeyTriggered=false mVolumeUpKeyTriggered=false mVolumeDownKeyTriggered=false mBrightnessUpKeyTriggered=false mBrightnessDownKeyTriggered=false
12-29 20:20:00.895 D/WindowManager( 1045): null is detected
12-29 20:20:00.925 D/InCallScreen( 2066): handleDialerKeyDown: keyCode 4, event KeyEvent { action=ACTION_DOWN, keyCode=KEYCODE_BACK, scanCode=0, metaState=0, flags=0x0, repeatCount=0, eventTime=13698604, downTime=13698604, deviceId=-1, source=0x101 }...
12-29 20:20:00.925 D/InCallScreen( 2066): [okToDialDTMFTones] foreground state: 2, ringing state: false, call screen mode: NORMAL, result: true
12-29 20:20:00.925 D/DTMFTwelveKeyDialer( 2066): Notifying dtmf key down.
12-29 20:20:00.925 D/WindowManager( 1045): interceptKeyTq keycode=4 down=false screenIsOn=true keyguardActive=false policyFlags=b000000 isWakeKey=false
12-29 20:20:00.925 D/WindowManager( 1045): interceptKeyTi keyCode=4 down=false repeatCount=0 keyguardOn=false canceled=false
12-29 20:20:00.925 D/DTMFTwelveKeyDialer( 2066): Notifying dtmf key up.
12-29 20:20:00.925 D/InCallScreen( 2066): onBackPressed()...
12-29 20:20:00.925 D/InCallScreen( 2066): onBackPressed(): state = com.android.incallui.CallList@422ad170
12-29 20:20:00.925 I/InCallScreen( 2066): finish()... but actually invoke moveTaskToBack
12-29 20:20:00.925 I/ActivityManager( 1045): moveTaskToBack: 17
12-29 20:20:01.015 D/dalvikvm( 1045): GC_FOR_ALLOC freed 3417K, 20% free 22568K/27908K, paused 60ms, total 60ms, dvmtargetUtilize:0.799805
12-29 20:20:01.025 I/dalvikvm-heap( 1045): Grow heap (frag case) to 25.070MB for 1060744-byte allocation
12-29 20:20:01.035 I/InCallScreen( 2066): onPause()...
12-29 20:20:01.035 D/DTMFTwelveKeyDialer( 2066): Notifying dtmf key up.
12-29 20:20:01.035 D/InCallScreen( 2066): dismissAllDialogs()...
12-29 20:20:01.035 I/InCall  ( 2066): CallCommandClient - setSystemBarNavigationEnabled() enabled = true
12-29 20:20:01.035 I/InCall  ( 2066): CallCommandClient - setSystemBarNavigationEnabled() enabled = true
12-29 20:20:01.035 D/TAG     ( 1557): disable what:0
12-29 20:20:01.035 D/StatusBarManagerService( 1045): disableInternal
12-29 20:20:01.035 D/StatusBarManagerService( 1045): manageDisableList userId=0 what=0x0 pkg=com.smartisanos.keyguard token:android.os.BinderProxy@4260c6d8
12-29 20:20:01.045 E/NewLauncher( 1789): LauncherApplication : ACTION_ACTIVITY_RESUMED : component:com.android.contacts.activities.DialtactsActivity
12-29 20:20:01.045 I/NewLauncher( 1789): DatabaseUpdater : DEBUG : updateDatabase [EVENT_REMOVE_NEW_FLAG_BY_INTENT] !
12-29 20:20:01.045 I/NewLauncher( 1789): DatabaseHandler : DEBUG : DatabaseHandler begin !
12-29 20:20:01.045 I/NewLauncher( 1789): DatabaseHandler : DEBUG : handleMessage execute action [EVENT_REMOVE_NEW_FLAG_BY_INTENT]
12-29 20:20:01.045 I/NewLauncher( 1789): DatabaseHandler : DEBUG : get id [24] by cmpName com.android.contacts.activities.DialtactsActivity
12-29 20:20:01.055 D/InCallScreen( 2066): onWindowFocusChanged(false)...
12-29 20:20:01.055 D/InCallScreen( 2066): - onWindowFocusChanged: faking onDialerKeyUp()...
12-29 20:20:01.055 D/DTMFTwelveKeyDialer( 2066): Notifying dtmf key up.
12-29 20:20:01.055 I/NewLauncher( 1789): DatabaseHandler : DEBUG : databaseUpdateHandler Done !
12-29 20:20:01.055 I/DialtactsActivity(14086): onResume
12-29 20:20:01.055 I/DialtactsActivity(14086): onResume end
12-29 20:20:01.055 V/AudioPMB(  228): getOutput() in. device 0x1, stream 1, samplingRate 0, format 0, channelMask 0x3, flags 0x0. mAvailableOutputDevices: 0x3.
12-29 20:20:01.055 V/AudioPMB(  228): getOutput() out. Returns existing output 2
12-29 20:20:01.055 D/AudioTrack(14086): sampleRate 0, channelMask 0x1, format 1
12-29 20:20:01.055 D/AudioTrack(14086): streamType 1
12-29 20:20:01.065 V/AudioPMB(  228): getOutput() in. device 0x1, stream 1, samplingRate 0, format 0, channelMask 0x3, flags 0x0. mAvailableOutputDevices: 0x3.
12-29 20:20:01.065 V/AudioPMB(  228): getOutput() out. Returns existing output 2
12-29 20:20:01.065 V/AudioPMB(  228): getOutput() in. device 0x1, stream 1, samplingRate 48000, format 1, channelMask 0x1, flags 0x4. mAvailableOutputDevices: 0x3.
12-29 20:20:01.065 V/AudioPMB(  228): selectOutput() commonFlags for output 3, 0001
12-29 20:20:01.065 V/AudioPMB(  228): getOutput() out. Returns existing output 3
12-29 20:20:01.075 D/DialtactsActivity(14086): mHandler mHandler:Handler (com.android.contacts.activities.DialtactsActivity$2) {41fb76a8}; what:3
12-29 20:20:01.075 D/DialtactsActivity(14086): showOrhideDialog status:0
12-29 20:20:01.075 D/DialpadFragment(14086): setEnable visible:true; mProviderIsNormal:true
12-29 20:20:01.075 D/StatusBarManagerService( 1045): manageDisableList userId=0 what=0x0 pkg=WindowManager.LayoutParams token:android.os.Binder@424946a8
12-29 20:20:01.095 D/wpa_supplicant( 2666): RX ctrl_iface - hexdump(len=11): 53 49 47 4e 41 4c 5f 50 4f 4c 4c
12-29 20:20:01.095 D/wpa_supplicant( 2666): wlan0: Control interface command 'SIGNAL_POLL'
12-29 20:20:01.105 D/wpa_supplicant( 2666): nl80211: survey data missing!
12-29 20:20:01.105 D/StatusBar.NetworkController( 1573): updateWifiIcons mWifiConnected:true mWifiIconId:2130837888
12-29 20:20:01.105 E/Parcel  (  346): Reading a NULL string not supported here.
12-29 20:20:01.105 E/Parcel  (  346): Reading a NULL string not supported here.
12-29 20:20:01.195 V/bindGroupView(14086): bindGroupView0 3
12-29 20:20:01.195 V/countryIso(14086): countryIso:CN
12-29 20:20:01.205 I/ActivityManager(14086): Timeline: Activity_idle id: android.os.BinderProxy@41fa26c0 time:13698918
12-29 20:20:01.215 D/UIAutomatorStub(17124): URI: /jsonrpc/0, Method: POST, Header: {content-type=application/json, connection=close, remote-addr=127.0.0.1, host=localhost:9009, content-length=102, http-client-ip=127.0.0.1, user-agent=Python-urllib/2.7, accept-encoding=identity}, params, {NanoHttpd.QUERY_STRING=null}, files: {postData={"params": ["back"], "jsonrpc": "2.0", "method": "pressKey", "id": "e4b433dc8321d1a263f7bdc79cce806e"}}
12-29 20:20:01.475 I/ActivityManager( 1045): Timeline: Activity_windows_visible id: ActivityRecord{41fa9a78 u0 com.android.contacts/.activities.DialtactsActivity t12} time:13699180
12-29 20:20:01.475 I/InCallScreen( 2066): onStop()...
12-29 20:20:01.475 D/FloatViewManager( 2066): onActivityStopped...InUse=true, isDisconnecting=false, isIncallTop=false, isShutdownTop=false, screenOn=true
12-29 20:20:01.475 I/InCall  ( 2066): StatusBarNotifier - updateInCallNotification(allowFullScreenIntent = false)...
12-29 20:20:01.485 V/NotificationService( 1045): enqueueNotificationInternal: pkg=com.android.incallui id=1 notification=Notification(pri=1 contentView=com.android.incallui/0x109006e vibrate=null sound=null defaults=0x0 flags=0x2 kind=[null] 1 action)
12-29 20:20:01.485 V/NotificationService( 1045): Initial score is 10.
12-29 20:20:01.485 V/NotificationService( 1045): Final score is 10.
12-29 20:20:01.485 V/NotificationService( 1045): Assigned score=10 to Notification(pri=1 contentView=com.android.incallui/0x109006e vibrate=null sound=null defaults=0x0 flags=0x2 kind=[null] 1 action)
12-29 20:20:01.495 I/InCall  ( 2066): ProximitySensor - ProximitySensor{keybrd=0, offhook=1, ui=0, aud=EARPIECE}
12-29 20:20:01.495 I/InCall  ( 2066): ProximitySensor - turning off proximity sensor: releasing
12-29 20:20:01.495 I/InCall  ( 2066): CallCommandClient - setSystemBarNavigationEnabled() enabled = true
12-29 20:20:01.875 D/FloatViewManager( 2066): handleMessage msg.what: 0
12-29 20:20:01.885 D/FloatViewManager( 2066): Attach to window. phone=true, pendingMO=false, mIsAdded=false
12-29 20:20:01.905 D/FloatViewManager( 2066): [handleIdleAniamtion] isPhoneInUse
12-29 20:20:01.905 D/FloatViewManager( 2066): [showActiveWithoutAnimation] active, no animation
12-29 20:20:01.965 I/NewLauncher( 1789): LauncherReceiver : DEBUG : =========================================
12-29 20:20:01.965 I/NewLauncher( 1789): LauncherReceiver : DEBUG : | Launcher onReceive action = com.smartisanos.launcher.new_message
12-29 20:20:01.965 I/NewLauncher( 1789): LauncherReceiver : DEBUG : | Launcher onReceive intent = Intent { act=com.smartisanos.launcher.new_message flg=0x10 cmp=com.smartisanos.launcher/.receiver.LauncherReceiver (has extras) }
12-29 20:20:01.965 I/NewLauncher( 1789): LauncherReceiver : DEBUG : =========================================
12-29 20:20:01.965 I/NewLauncher( 1789): LauncherModel : DEBUG : handleOnNewMessage messageCount=0
12-29 20:20:01.965 I/NewLauncher( 1789): DatabaseUpdater : DEBUG : updateDatabase [EVENT_UPDATE_MESSAGE_COUNT] !
12-29 20:20:01.965 I/NewLauncher( 1789): DatabaseHandler : DEBUG : DatabaseHandler begin !
12-29 20:20:01.965 I/NewLauncher( 1789): DatabaseHandler : DEBUG : handleMessage execute action [EVENT_UPDATE_MESSAGE_COUNT]
12-29 20:20:01.965 I/NewLauncher( 1789): DatabaseHandler : handleEventUpdateMessageCount begin !
12-29 20:20:01.965 I/NewLauncher( 1789): DatabaseHandler : DEBUG : handleEventUpdateMessageCount set count to [0] where ==> packageName = 'com.android.contacts' AND componentName = 'com.android.contacts.activities.DialtactsActivity'
12-29 20:20:01.985 E/DefaultVoicemailNotifier(14086): No voicemails to notify about: clear the notification.
12-29 20:20:01.985 I/NewLauncher( 1789): DatabaseHandler : DEBUG : databaseUpdateHandler Done !
12-29 20:20:02.095 D/WindowManager( 1045): interceptKeyTq keycode=4 down=true screenIsOn=true keyguardActive=false policyFlags=b000000 isWakeKey=false
12-29 20:20:02.095 D/WindowManager( 1045): interceptKeyTi keyCode=4 down=true repeatCount=0 keyguardOn=false canceled=false
12-29 20:20:02.095 D/WindowManager( 1045): mSqueezeSideAction=quick_shot mPowerKeyTriggered=false mHomeKeyTriggered=false mVolumeUpKeyTriggered=false mVolumeDownKeyTriggered=false mBrightnessUpKeyTriggered=false mBrightnessDownKeyTriggered=false
12-29 20:20:02.095 D/WindowManager( 1045): null is detected
12-29 20:20:02.105 D/WindowManager( 1045): interceptKeyTq keycode=4 down=false screenIsOn=true keyguardActive=false policyFlags=b000000 isWakeKey=false
12-29 20:20:02.105 D/WindowManager( 1045): interceptKeyTi keyCode=4 down=false repeatCount=0 keyguardOn=false canceled=false
12-29 20:20:02.105 D/DialtactsActivity(14086): releaseUselessResource curItemIndex:2
12-29 20:20:02.105 I/ActivityManager( 1045): moveTaskToBack: 12
12-29 20:20:02.185 D/dalvikvm( 1045): GC_FOR_ALLOC freed 1345K, 22% free 22585K/28944K, paused 54ms, total 54ms, dvmtargetUtilize:0.799805
12-29 20:20:02.195 V/AudioPMB(  228): releaseOutput() in. output: 3
12-29 20:20:02.195 I/DialtactsActivity(14086): onPause
12-29 20:20:02.205 I/NewLauncher( 1789): Launcher : #### onResume #####
12-29 20:20:02.215 I/NewLauncher( 1789): Launcher : isThemeChanged = false, isDirtyMode:false
12-29 20:20:02.215 I/NewLauncher( 1789): Launcher : ### onResume and mHasKeyGuardOn == false
12-29 20:20:02.215 I/NewLauncher( 1789): Launcher : mHasStartSetupWizard ==> false
12-29 20:20:02.215 E/NewLauncher( 1789): restoreAnimationScale TRANSITION_ANIM_SCALE scale:-1.0
12-29 20:20:02.215 E/NewLauncher( 1789): restoreAnimationScale WINDOW_ANIM_SCALE scale:-1.0
12-29 20:20:02.215 I/NewLauncher( 1789): Launcher : #### onResume Done #####
12-29 20:20:02.215 E/NewLauncher( 1789): LauncherApplication : ACTION_ACTIVITY_RESUMED : component:com.smartisanos.launcher.Launcher
12-29 20:20:02.225 I/NewLauncher( 1789): luwei : onSurfaceChanged : true, size = 1080 , 1920
12-29 20:20:02.225 I/NewLauncher( 1789): Cell : DEBUG : clearFlagMessage --> EVENT_UPDATE_ITEM
12-29 20:20:02.225 I/NewLauncher( 1789): DatabaseUpdater : DEBUG : updateDatabase [EVENT_UPDATE_ITEM] !
12-29 20:20:02.225 I/NewLauncher( 1789): DatabaseHandler : DEBUG : getCellById cell:com.smartisanos.launcher.Cell@42bcaa78
12-29 20:20:02.225 I/NewLauncher( 1789): DatabaseHandler : DEBUG : isNewlyInstalled set false by convertContentValuesToItemInfo, name [电话], pkg [com.android.contacts], cmp [com.android.contacts.activities.DialtactsActivity]
