12-29 20:19:54.705 D/ACDB-LOADER(  228): ACDB -> send_voice_columns, table 2
12-29 20:19:54.705 D/ACDB-LOADER(  228): ACDB -> ACDB_CMD_GET_VOC_COLUMNS_INFO
12-29 20:19:54.705 D/ACDB-LOADER(  228): ACDB -> ACDB_CMD_GET_VOC_PROC_GAIN_DEP_VOLTBL
12-29 20:19:54.705 D/ACDB-LOADER(  228): ACDB -> AUDIO_SET_VOCPROC_VOL_CAL
12-29 20:19:54.705 D/ACDB-LOADER(  228): ACDB -> send_voice_columns, table 3
12-29 20:19:54.705 D/ACDB-LOADER(  228): ACDB -> ACDB_CMD_GET_VOC_COLUMNS_INFO
12-29 20:19:54.705 D/ACDB-LOADER(  228): ACDB -> ACDB_CMD_GET_VOC_STREAM_COMMON_TABLE
12-29 20:19:54.705 D/ACDB-LOADER(  228): ACDB -> AUDIO_SET_VOCPROC_STREAM_CAL
12-29 20:19:54.705 D/ACDB-LOADER(  228): ACDB -> AUDIO_SET_AFE_CAL
12-29 20:19:54.705 D/ACDB-LOADER(  228): ACDB -> AUDIO_SET_AFE_CAL
12-29 20:19:54.705 D/ACDB-LOADER(  228): Valid AANC Device for device 41 is 0
12-29 20:19:54.715 D/ACDB-LOADER(  228): ACDB -> Sent VocProc Cal!
12-29 20:19:54.725 D/audio_hw_primary(  228): select_devices exit 0
12-29 20:19:54.735 V/kernel  (  382): <3>[13691.934724] slim reconfig done!
12-29 20:19:54.735 V/kernel  (  382): <6>[13692.443502] taiko_codec taiko_codec: dapm: power up widget AIF1 PB
12-29 20:19:54.735 V/kernel  (  382): <6>[13692.443616] taiko_codec taiko_codec: dapm: power up widget SLIM RX1 MUX
12-29 20:19:54.735 V/kernel  (  382): <6>[13692.443661] taiko_codec taiko_codec: dapm: power up widget SLIM RX1
12-29 20:19:54.735 V/kernel  (  382): <6>[13692.444085] taiko_codec taiko_codec: dapm: power up widget RX1 MIX1 INP1
12-29 20:19:54.735 V/kernel  (  382): <6>[13692.444139] taiko_codec taiko_codec: dapm: power up widget RX1 MIX1
12-29 20:19:54.735 V/kernel  (  382): <6>[13692.444642] taiko_codec taiko_codec: dapm: power up widget COMP1_CLK
12-29 20:19:54.735 V/kernel  (  382): <6>[13692.444697] taiko_codec taiko_codec: dapm: power up widget RX1 MIX2
12-29 20:19:54.735 V/kernel  (  382): <6>[13692.444903] taiko_codec taiko_codec: dapm: power up widget RX1 CHAIN
12-29 20:19:54.735 V/kernel  (  382): <6>[13692.444949] taiko_codec taiko_codec: dapm: power up widget CLASS_H_DSM MUX
12-29 20:19:54.735 V/kernel  (  382): <6>[13692.444993] taiko_codec taiko_codec: dapm: power up widget DAC1
12-29 20:19:54.735 V/kernel  (  382): <6>[13692.445379] taiko_codec taiko_codec: dapm: power up widget RX_BIAS
12-29 20:19:54.735 V/kernel  (  382): <6>[13692.445431] taiko_codec taiko_codec: dapm: power up widget EAR_PA_MIXER
12-29 20:19:54.735 V/kernel  (  382): <6>[13692.446017] taiko_codec taiko_codec: dapm: power up widget MCLK
12-29 20:19:54.735 V/kernel  (  382): <6>[13692.446126] taiko_codec taiko_codec: dapm: power up widget EAR PA
12-29 20:19:54.735 V/kernel  (  382): <6>[13692.446170] taiko_codec taiko_codec: dapm: power up widget EAR
12-29 20:19:54.735 V/kernel  (  382): <6>[13692.446535] taiko_codec taiko_codec: dapm: powering up widget EAR
12-29 20:19:54.735 V/kernel  (  382): <6>[13692.446542] taiko_codec taiko_codec: dapm: powering up widget COMP1_CLK
12-29 20:19:54.735 V/kernel  (  382): <6>[13692.446549] taiko_codec taiko_codec: dapm: powering up widget RX_BIAS
12-29 20:19:54.735 V/kernel  (  382): <6>[13692.446555] taiko_codec taiko_codec: dapm: powering up widget MCLK
12-29 20:19:54.735 V/kernel  (  382): <6>[13692.446561] taiko_codec taiko_codec: dapm: powering up widget SLIM RX1 MUX
12-29 20:19:54.745 V/kernel  (  382): <6>[13692.450764] taiko_codec taiko_codec: dapm: powering up widget RX1 MIX1 INP1
12-29 20:19:54.745 V/kernel  (  382): <6>[13692.450773] taiko_codec taiko_codec: dapm: powering up widget CLASS_H_DSM MUX
12-29 20:19:54.745 V/kernel  (  382): <6>[13692.450780] taiko_codec taiko_codec: dapm: powering up widget SLIM RX1
12-29 20:19:54.745 V/kernel  (  382): <6>[13692.450903] taiko_codec taiko_codec: dapm: powering up widget RX1 MIX1
12-29 20:19:54.745 V/kernel  (  382): <6>[13692.450909] taiko_codec taiko_codec: dapm: powering up widget EAR_PA_MIXER
12-29 20:19:54.745 V/kernel  (  382): <6>[13692.450953] taiko_codec taiko_codec: dapm: powering up widget DAC1
12-29 20:19:54.745 V/kernel  (  382): <6>[13692.450960] taiko_codec taiko_codec: dapm: powering up widget RX1 CHAIN
12-29 20:19:54.745 V/kernel  (  382): <6>[13692.452963] taiko_codec taiko_codec: dapm: powering up widget RX1 MIX2
12-29 20:19:54.745 V/kernel  (  382): <6>[13692.453079] taiko_codec taiko_codec: dapm: powering up widget AIF1 PB
12-29 20:19:54.745 V/kernel  (  382): <6>[13692.453706] taiko_codec taiko_codec: dapm: powering up widget EAR PA
12-29 20:19:54.745 V/kernel  (  382): <3>[13692.454091] CODEC connect MC:0x 11, port:10
12-29 20:19:54.745 V/kernel  (  382): <3>[13692.454583] chan:144,ctrl:0,def:0, ref:1
12-29 20:19:54.765 V/kernel  (  382): <3>[13692.456503] slim reconfig done!
12-29 20:19:54.765 V/kernel  (  382): <6>[13692.472650] msm-pcm-routing msm-pcm-routing: dapm: power up widget CS-VOICE_DL1
12-29 20:19:54.765 V/kernel  (  382): <6>[13692.472786] msm-pcm-routing msm-pcm-routing: dapm: power up widget SLIM_0_RX_Voice Mixer
12-29 20:19:54.765 V/kernel  (  382): <6>[13692.472834] msm-pcm-routing msm-pcm-routing: dapm: power up widget SLIMBUS_0_RX
12-29 20:19:54.765 V/kernel  (  382): <6>[13692.473039] msm-pcm-routing msm-pcm-routing: dapm: power up widget BE_OUT
12-29 20:19:54.765 V/kernel  (  382): <6>[13692.474035] msm-pcm-routing msm-pcm-routing: dapm: powering up widget BE_OUT
12-29 20:19:54.765 V/kernel  (  382): <6>[13692.474042] msm-pcm-routing msm-pcm-routing: dapm: powering up widget SLIM_0_RX_Voice Mixer
12-29 20:19:54.765 V/kernel  (  382): <6>[13692.474050] msm-pcm-routing msm-pcm-routing: dapm: powering up widget CS-VOICE_DL1
12-29 20:19:54.765 V/kernel  (  382): <6>[13692.474056] msm-pcm-routing msm-pcm-routing: dapm: powering up widget SLIMBUS_0_RX
12-29 20:19:54.775 V/kernel  (  382): <6>[13692.484604] taiko_codec taiko_codec: dapm: power up widget AIF1 CAP
12-29 20:19:54.775 V/kernel  (  382): <6>[13692.484651] taiko_codec taiko_codec: dapm: power up widget AIF1_CAP Mixer
12-29 20:19:54.775 V/kernel  (  382): <6>[13692.484696] taiko_codec taiko_codec: dapm: power up widget SLIM TX8 MUX
12-29 20:19:54.775 V/kernel  (  382): <6>[13692.484741] taiko_codec taiko_codec: dapm: power up widget SLIM TX7 MUX
12-29 20:19:54.775 V/kernel  (  382): <6>[13692.484786] taiko_codec taiko_codec: dapm: power up widget DEC4 MUX
12-29 20:19:54.775 V/kernel  (  382): <6>[13692.484831] taiko_codec taiko_codec: dapm: power up widget DEC6 MUX
12-29 20:19:54.775 V/kernel  (  382): <6>[13692.484985] taiko_codec taiko_codec: dapm: power up widget CDC_CONN
12-29 20:19:54.775 V/kernel  (  382): <6>[13692.485030] taiko_codec taiko_codec: dapm: power up widget ADC3
12-29 20:19:54.775 V/kernel  (  382): <6>[13692.485074] taiko_codec taiko_codec: dapm: power up widget ADC1
12-29 20:19:54.775 V/kernel  (  382): <6>[13692.485119] taiko_codec taiko_codec: dapm: power up widget AMIC3
12-29 20:19:54.775 V/kernel  (  382): <6>[13692.485163] taiko_codec taiko_codec: dapm: power up widget AMIC1
12-29 20:19:54.775 V/kernel  (  382): <6>[13692.485208] taiko_codec taiko_codec: dapm: power up widget MIC BIAS3 Internal1
12-29 20:19:54.775 V/kernel  (  382): <6>[13692.485253] taiko_codec taiko_codec: dapm: power up widget MIC BIAS1 Internal1
12-29 20:19:54.775 V/kernel  (  382): <6>[13692.485298] taiko_codec taiko_codec: dapm: power up widget Secondary Mic
12-29 20:19:54.775 V/kernel  (  382): <6>[13692.485416] taiko_codec taiko_codec: dapm: power up widget LDO_H
12-29 20:19:54.775 V/kernel  (  382): <6>[13692.485461] taiko_codec taiko_codec: dapm: power up widget Primary Mic
12-29 20:19:54.775 V/kernel  (  382): <6>[13692.485866] taiko_codec taiko_codec: dapm: powering up widget AMIC3
12-29 20:19:54.775 V/kernel  (  382): <6>[13692.485873] taiko_codec taiko_codec: dapm: powering up widget AMIC1
12-29 20:19:54.775 V/kernel  (  382): <6>[13692.485880] taiko_codec taiko_codec: dapm: powering up widget LDO_H
12-29 20:19:54.775 V/kernel  (  382): <6>[13692.485888] taiko_codec taiko_codec: dapm: powering up widget CDC_CONN
12-29 20:19:54.775 V/kernel  (  382): <6>[13692.487556] taiko_codec taiko_codec: dapm: powering up widget MIC BIAS3 Internal1
12-29 20:19:54.775 V/kernel  (  382): <6>[13692.487674] taiko_codec taiko_codec: dapm: powering up widget MIC BIAS1 Internal1
12-29 20:19:54.775 V/kernel  (  382): <6>[13692.487684] taiko_codec taiko_codec: dapm: powering up widget ADC1
12-29 20:19:54.825 V/kernel  (  382): <6>[13692.528031] taiko_codec taiko_codec: dapm: powering up widget ADC3
12-29 20:19:54.825 V/kernel  (  382): <6>[13692.528450] taiko_codec taiko_codec: dapm: powering up widget Secondary Mic
12-29 20:19:54.825 V/kernel  (  382): <6>[13692.528695] taiko_codec taiko_codec: dapm: powering up widget Primary Mic
12-29 20:19:54.825 V/kernel  (  382): <6>[13692.528703] taiko_codec taiko_codec: dapm: powering up widget SLIM TX8 MUX
12-29 20:19:54.825 V/kernel  (  382): <6>[13692.528710] taiko_codec taiko_codec: dapm: powering up widget SLIM TX7 MUX
12-29 20:19:54.825 V/kernel  (  382): <6>[13692.528718] taiko_codec taiko_codec: dapm: powering up widget DEC4 MUX
12-29 20:19:54.825 V/kernel  (  382): <6>[13692.528726] taiko_codec taiko_codec: dapm: powering up widget DEC6 MUX
12-29 20:19:54.825 V/kernel  (  382): <6>[13692.528733] taiko_codec taiko_codec: dapm: powering up widget AIF1_CAP Mixer
12-29 20:19:54.825 V/kernel  (  382): <6>[13692.530046] taiko_codec taiko_codec: dapm: powering up widget AIF1 CAP
12-29 20:19:54.825 V/kernel  (  382): <3>[13692.530653] CODEC connect MC:0x 10, port:6
12-29 20:19:54.825 V/kernel  (  382): <3>[13692.531339] CODEC connect MC:0x 10, port:7
12-29 20:19:54.825 V/kernel  (  382): <3>[13692.531800] chan:134,ctrl:0,def:0, ref:1
12-29 20:19:54.825 V/kernel  (  382): <3>[13692.531941] chan:135,ctrl:0,def:0, ref:1
12-29 20:19:54.905 V/kernel  (  382): <3>[13692.534437] slim reconfig done!
12-29 20:19:54.905 V/kernel  (  382): <3>[13692.615916] voc_start_voice_call: Error: Start voice called in state 1
12-29 20:19:54.905 V/kernel  (  382): <6>[13692.616438] msm-pcm-routing msm-pcm-routing: dapm: power up widget CS-VOICE_UL1
12-29 20:19:54.905 V/kernel  (  382): <6>[13692.616485] msm-pcm-routing msm-pcm-routing: dapm: power up widget Voice_Tx Mixer
12-29 20:19:54.905 V/kernel  (  382): <6>[13692.616568] msm-pcm-routing msm-pcm-routing: dapm: power up widget SLIMBUS_0_TX
12-29 20:19:54.905 V/kernel  (  382): <6>[13692.616620] msm-pcm-routing msm-pcm-routing: dapm: power up widget BE_IN
12-29 20:19:54.905 D/voice_extn(  228): update_calls: cur_state=1 new_state=1 vsid=10dc1000
12-29 20:19:54.905 D/voice_extn(  228): update_calls: cur_state=1 new_state=1 vsid=10c02000
12-29 20:19:54.905 D/voice_extn(  228): update_calls: cur_state=1 new_state=1 vsid=10803000
12-29 20:19:54.905 D/audio_hw_extn(  228): audio_extn_set_anc_parameters: anc_enabled:0
12-29 20:19:54.905 D/audio_hw_primary(  228): out_set_parameters: exit: code(0)
12-29 20:19:54.905 V/AudioPMB(  228): setOutputDevice() out. output: 2, device: 0x1, delayMs: 0.
12-29 20:19:54.905 V/AudioPMB(  228): getNewDevice() out. Return selected device 0x1
12-29 20:19:54.905 V/AudioPMB(  228): setOutputDevice() in. output: 3 device: 0x1, force: 1, delayMs: 0
12-29 20:19:54.905 V/AudioPMB(  228): checkDeviceMuteStrategies() out. return 0 ms.
12-29 20:19:54.905 V/AudioPMB(  228): setOutputDevice() changing device: routing=1. prevDevice: 0x2, delay: 0 ms.
12-29 20:19:54.905 D/AudioFlinger(  228): setParameters(): io 3, keyvalue routing=1, calling pid 228
12-29 20:19:54.905 D/AudioFlinger(  228): setParameters(): tid 228, return from thread->setParameters()
12-29 20:19:54.915 V/kernel  (  382): <6>[13692.621388] msm-pcm-routing msm-pcm-routing: dapm: powering up widget BE_IN
12-29 20:19:54.915 V/kernel  (  382): <6>[13692.621399] msm-pcm-routing msm-pcm-routing: dapm: powering up widget Voice_Tx Mixer
12-29 20:19:54.915 V/kernel  (  382): <6>[13692.621406] msm-pcm-routing msm-pcm-routing: dapm: powering up widget CS-VOICE_UL1
12-29 20:19:54.915 V/kernel  (  382): <6>[13692.621413] msm-pcm-routing msm-pcm-routing: dapm: powering up widget SLIMBUS_0_TX
12-29 20:19:54.915 D/audio_hw_primary(  228): out_set_parameters: enter: usecase(1: low-latency-playback) kvpairs: routing=1
12-29 20:19:54.915 D/audio_hw_primary(  228): out_set_parameters: exit: code(0)
12-29 20:19:54.915 V/AudioPMB(  228): setOutputDevice() out. output: 3, device: 0x1, delayMs: 0.
12-29 20:19:54.915 V/AudioPMB(  228): setPhoneState() in call state management: new state is 2
12-29 20:19:54.915 V/AudioPMB(  228): handleIncallSonification() in. stream: 0, starting: 1, stateChange: 1.
12-29 20:19:54.915 V/AudioPMB(  228): handleIncallSonification() in. stream: 1, starting: 1, stateChange: 1.
12-29 20:19:54.915 V/AudioPMB(  228): handleIncallSonification() in. stream: 2, starting: 1, stateChange: 1.
12-29 20:19:54.915 V/AudioPMB(  228): handleIncallSonification() stream 2 starting 1 device 1 stateChange 1
12-29 20:19:54.915 V/AudioPMB(  228): handleIncallSonification() in. stream: 3, starting: 1, stateChange: 1.
12-29 20:19:54.915 V/AudioPMB(  228): handleIncallSonification() in. stream: 4, starting: 1, stateChange: 1.
12-29 20:19:54.915 V/AudioPMB(  228): handleIncallSonification() stream 4 starting 1 device 1 stateChange 1
12-29 20:19:54.915 V/AudioPMB(  228): handleIncallSonification() in. stream: 5, starting: 1, stateChange: 1.
12-29 20:19:54.915 V/AudioPMB(  228): handleIncallSonification() stream 5 starting 1 device 1 stateChange 1
12-29 20:19:54.915 V/AudioPMB(  228): handleIncallSonification() in. stream: 6, starting: 1, stateChange: 1.
12-29 20:19:54.915 V/AudioPMB(  228): handleIncallSonification() in. stream: 7, starting: 1, stateChange: 1.
12-29 20:19:54.915 V/AudioPMB(  228): handleIncallSonification() in. stream: 8, starting: 1, stateChange: 1.
12-29 20:19:54.915 V/AudioPMB(  228): handleIncallSonification() in. stream: 9, starting: 1, stateChange: 1.
12-29 20:19:54.915 V/AudioPMB(  228): handleIncallSonification() in. stream: 10, starting: 1, stateChange: 1.
12-29 20:19:54.915 V/AudioPMB(  228): setPhoneState() out. mPhoneState: 2.
12-29 20:19:54.915 V/AudioPMB(  228): getForceUse() in. mForceUse[0]: 0.
12-29 20:19:54.915 V/AudioPMB(  228): getDevicesForStream() out. return device 0x1 for stream 0.
12-29 20:19:54.915 V/AudioPMB(  228): setStreamVolumeIndex() in. stream 0, device 0x1, index 3, current index: 3.
12-29 20:19:54.915 I/MediaFocusControl( 1045):  AudioFocus  requestAudioFocus() from AudioFocus_For_Phone_Ring_And_Calls
12-29 20:19:54.915 V/AudioPMB(  228): getDevicesForStream() out. return device 0x1 for stream 8.
12-29 20:19:54.915 D/PhoneUtils( 1745): about to activate speaker
12-29 20:19:54.915 D/PhoneUtils( 1745): activateSpeakerIfDocked()...
12-29 20:19:54.915 V/AudioPMB(  228): setStreamVolumeIndex() in. stream 8, device 0x1, index 3, current index: 10.
12-29 20:19:54.915 D/CallController( 1745): CallStatusCode in smart way (handleMessage):SUCCESS
12-29 20:19:54.915 D/CallController( 1745): ==> placeCall(): success from placeCallInternal(): SUCCESS
12-29 20:19:54.925 V/AudioPMB(  228): setStreamVolumeIndex() in. stream 8, device 0x40000000, index 3, current index: 10.
12-29 20:19:54.925 V/AudioPMB(  228): setStreamVolumeIndex() in. stream 8, device 0x2, index 3, current index: 3.
12-29 20:19:54.925 V/AudioPMB(  228): setStreamVolumeIndex() in. stream 8, device 0x1, index 3, current index: 3.
12-29 20:19:54.935 D/PhoneUtils( 1745): query complete, updating connection.userdata
12-29 20:19:54.935 D/PhoneUtils( 1745): - onQueryComplete: CallerInfo:com.android.internal.telephony.CallerInfo@422034f0 { name non-null, phoneNumber non-null }
12-29 20:19:54.935 D/PhoneUtils( 1745): ==> Stashing CallerInfo com.android.internal.telephony.CallerInfo@422034f0 { name non-null, phoneNumber non-null } into the connection...
12-29 20:19:54.935 D/CallStateMonitor( 1745): handleMessage(1)
12-29 20:19:54.935 I/CallModeler( 1745): onPhoneStateChanged: 
12-29 20:19:54.935 D/CallModeler( 1745): connection:  incoming: false state: DIALING post dial state: NOT_STARTEDDIALING
12-29 20:19:54.935 D/RejectWithTextMessageManager( 1745): allowRespondViaSmsForCall(Call{mCallId=4, mState=DIALING, mDisconnectCause=UNKNOWN, mCapabilities=0, mConnectTime=0, mConnectRealTime=0, mChildCallIds=[], mGatewayNumber=null, mGatewayPackage=null, mIdentification=CallIdentification{mCallId=4, mNumber=xxxxx, mNumberPresentation=1, mCnapName=null, mCnapNamePresentation=1}, mSsNotification=null, mCallDetails= calltype10 domain4 erroinfonull mConfParList multipartyfalse , mCallModifyDetails= calltype10 domain4 erroinfo mConfParList multipartyfalse , mSubscription=0, mFlag=0})...
12-29 20:19:54.935 W/RejectWithTextMessageManager( 1745): allowRespondViaSmsForCall: ringingCall not ringing! state = 5
12-29 20:19:54.935 D/DTMFTonePlayer( 1745): Call updated
12-29 20:19:54.935 D/DTMFTonePlayer( 1745): checkCallState
12-29 20:19:54.935 D/DTMFTonePlayer( 1745): startDialerSession()... this = com.android.phone.DTMFTonePlayer@42028b48
12-29 20:19:54.935 D/DTMFTonePlayer( 1745): - startDialerSession: mLocalToneEnabled = true
12-29 20:19:54.935 V/AudioPMB(  228): getOutput() in. device 0x1, stream 8, samplingRate 0, format 0, channelMask 0x3, flags 0x0. mAvailableOutputDevices: 0x3.
12-29 20:19:54.935 V/AudioPMB(  228): getOutput() out. Returns existing output 2
12-29 20:19:54.935 D/AudioTrack( 1745): sampleRate 0, channelMask 0x1, format 1
12-29 20:19:54.935 D/AudioTrack( 1745): streamType 8
12-29 20:19:54.935 V/AudioPMB(  228): getOutput() in. device 0x1, stream 8, samplingRate 0, format 0, channelMask 0x3, flags 0x0. mAvailableOutputDevices: 0x3.
12-29 20:19:54.935 V/AudioPMB(  228): getOutput() out. Returns existing output 2
12-29 20:19:54.935 V/AudioPMB(  228): getOutput() in. device 0x1, stream 8, samplingRate 48000, format 1, channelMask 0x1, flags 0x4. mAvailableOutputDevices: 0x3.
12-29 20:19:54.935 V/AudioPMB(  228): selectOutput() commonFlags for output 3, 0001
12-29 20:19:54.935 V/AudioPMB(  228): getOutput() out. Returns existing output 3
12-29 20:19:54.935 D/AudioRouter( 1745): onBluetoothIndicationChange false
12-29 20:19:54.935 D/AudioRouter( 1745): calculateModeFromCurrentState EARPIECE
12-29 20:19:54.935 D/BluetoothManager( 1745): isBluetoothAvailable()...
12-29 20:19:54.945 D/BluetoothManager( 1745):  mBluetoothHeadsetState ===>0
12-29 20:19:54.945 D/AudioRouter( 1745): mPreviousMode:EARPIECE
12-29 20:19:54.945 D/AudioRouter( 1745): mAudioMode:EARPIECE
12-29 20:19:54.945 D/AudioRouter( 1745): mode:EARPIECE
12-29 20:19:54.945 D/AudioRouter( 1745): doNotify:false
12-29 20:19:54.945 D/CallHandlerServiceProxy( 1745): onUpdate: [Call{mCallId=4, mState=DIALING, mDisconnectCause=UNKNOWN, mCapabilities=2, mConnectTime=0, mConnectRealTime=0, mChildCallIds=[], mGatewayNumber=null, mGatewayPackage=null, mIdentification=CallIdentification{mCallId=4, mNumber=xxxxx, mNumberPresentation=1, mCnapName=null, mCnapNamePresentation=1}, mSsNotification=null, mCallDetails= calltype10 domain4 erroinfonull mConfParList multipartyfalse , mCallModifyDetails= calltype10 domain4 erroinfo mConfParList multipartyfalse , mSubscription=0, mFlag=0}]
12-29 20:19:54.945 D/CallNotifier( 1745): onPhoneStateChanged: state = OFFHOOK
12-29 20:19:54.945 D/CallHandlerServiceProxy( 1745): processProximitySensor:2
12-29 20:19:54.945 D/AudioRouter( 1745): onBluetoothIndicationChange false
12-29 20:19:54.945 I/InCall  ( 2066): CallHandlerService - ON_UPDATE_MULTI_CALL: [Call{mCallId=4, mState=DIALING, mDisconnectCause=NOT_DISCONNECTED, mCapabilities=2, mConnectTime=0, mConnectRealTime=0, mChildCallIds=[], mGatewayNumber=null, mGatewayPackage=null, mIdentification=CallIdentification{mCallId=4, mNumber=xxxxx, mNumberPresentation=1, mCnapName=null, mCnapNamePresentation=1}, mSsNotification=null, mCallDetails= calltype10 domain4 erroinfonull mConfParList multipartyfalse , mCallModifyDetails= calltype10 domain4 erroinfo mConfParList multipartyfalse , mSubscription=0, mFlag=0}]
12-29 20:19:54.945 D/AudioRouter( 1745): calculateModeFromCurrentState EARPIECE
12-29 20:19:54.945 D/BluetoothManager( 1745): isBluetoothAvailable()...
12-29 20:19:54.945 D/BluetoothManager( 1745):  mBluetoothHeadsetState ===>0
12-29 20:19:54.945 D/AudioRouter( 1745): mPreviousMode:EARPIECE
12-29 20:19:54.945 D/AudioRouter( 1745): mAudioMode:EARPIECE
12-29 20:19:54.945 D/AudioRouter( 1745): mode:EARPIECE
12-29 20:19:54.945 D/AudioRouter( 1745): doNotify:false
12-29 20:19:54.945 I/InCall  ( 2066): InCallPresenter - Start in call UI :true
12-29 20:19:54.945 I/InCallScreen( 2066): onResumeEntity
12-29 20:19:54.945 D/InCallUiState( 2066): dumpState():
12-29 20:19:54.945 D/InCallUiState( 2066):   - progressIndication: NONE
12-29 20:19:54.945 D/InCallUiState( 2066):   - provider info: none
12-29 20:19:54.945 D/InCallUiState( 2066):   - latestActiveCallOrigin: null
12-29 20:19:54.945 I/InCall  ( 2066): CallCommandClient - setSystemBarNavigationEnabled() enabled = true
12-29 20:19:54.945 I/InCall  ( 2066): StatusBarNotifier - updateInCallNotification(allowFullScreenIntent = false)...
12-29 20:19:54.945 D/PhoneUtils( 1745): Call is not active
12-29 20:19:54.945 D/PhoneApp( 1745): requestWakeState(FULL)...
12-29 20:19:54.945 I/InCall  ( 2066): StatusBarNotifier - cancelInCall()...
12-29 20:19:54.945 I/InCall  ( 2066): ProximitySensor - ProximitySensor{keybrd=0, offhook=0, ui=1, aud=EARPIECE}
12-29 20:19:54.945 I/InCall  ( 2066): ProximitySensor - turning off proximity sensor: already released
12-29 20:19:54.955 D/InCallScreen( 2066): setInCallScreenMode: NORMAL
12-29 20:19:54.955 D/CallNotifier( 1745): onPhoneStateChanged: OFF HOOK
12-29 20:19:54.955 D/PhoneUtils( 1745): dumpCallState():
12-29 20:19:54.955 D/PhoneUtils( 1745): - Phone: Handler (com.android.internal.telephony.gsm.GSMPhone) {41fcf078}, name = GSM, state = OFFHOOK
12-29 20:19:54.955 D/PhoneUtils( 1745):   - FG call: DIALING isAlive true isRinging false isDialing true isIdle false hasConnections true
12-29 20:19:54.955 D/PhoneUtils( 1745):   - BG call: IDLE isAlive false isRinging false isDialing false isIdle true hasConnections false
12-29 20:19:54.955 D/PhoneUtils( 1745):   - RINGING call: IDLE isAlive false isRinging false isDialing false isIdle true hasConnections false
12-29 20:19:54.955 D/PhoneUtils( 1745):   - hasRingingCall false hasActiveCall true hasHoldingCall false allLinesTaken false
12-29 20:19:54.955 D/PhoneUtils( 1745):   - Ringer state: false
12-29 20:19:54.955 D/PhoneUtils( 1745): setAudioMode()...OFFHOOK
12-29 20:19:54.955 D/InCallScreen( 2066): syncWithPhoneState()...
12-29 20:19:54.955 D/InCallScreen( 2066): ============== dumpBluetoothState() =============
12-29 20:19:54.955 D/InCallScreen( 2066): = isBluetoothAudioConnected: false
12-29 20:19:54.955 D/PhoneUtils( 1745): setAudioMode() no change: MODE_IN_CALL
12-29 20:19:54.955 D/CallNotifier( 1745): stopRing()... (OFFHOOK state)
12-29 20:19:54.955 D/Ringer  ( 1745): stopRing()...
12-29 20:19:54.955 D/InCallScreen( 2066): isBluetoothAudioConnectedOrPending: ==> FALSE
12-29 20:19:54.955 D/Ringer  ( 1745): - stopRing: null mRingHandler!
12-29 20:19:54.955 D/InCallScreen( 2066): = isBluetoothAudioConnectedOrPending: false
12-29 20:19:54.955 D/InCallScreen( 2066): syncWithPhoneState: it's ok to be here; update the screen...
12-29 20:19:54.955 D/InCallScreen( 2066): updateScreen()...
12-29 20:19:54.955 D/InCallScreen( 2066):   - phone state = true
12-29 20:19:54.955 D/InCallScreen( 2066):   - inCallScreenMode = NORMAL
12-29 20:19:54.955 D/InCallScreen( 2066): - updateScreen: updating the in-call UI...
12-29 20:19:54.955 D/InCallScreen( 2066): updateIncomingCallView()...
12-29 20:19:54.955 D/InCallScreen( 2066): updateIncomingCallView().ringCall:null fgCall:null bgCall:null
12-29 20:19:54.955 D/PhoneUtils( 1745): ConnectionHandler: updating mute state for each connection
12-29 20:19:54.955 D/CallCard( 2066): updateState()... mIsDialerOpen:false
12-29 20:19:54.955 D/CallCard( 2066): ringingcall:null
12-29 20:19:54.955 D/CallCard( 2066): fgcall:Call{mCallId=4, mState=DIALING, mDisconnectCause=NOT_DISCONNECTED, mCapabilities=2, mConnectTime=0, mConnectRealTime=0, mChildCallIds=[], mGatewayNumber=null, mGatewayPackage=null, mIdentification=CallIdentification{mCallId=4, mNumber=xxxxx, mNumberPresentation=1, mCnapName=null, mCnapNamePresentation=1}, mSsNotification=null, mCallDetails= calltype10 domain4 erroinfonull mConfParList multipartyfalse , mCallModifyDetails= calltype10 domain4 erroinfo mConfParList multipartyfalse , mSubscription=0, mFlag=0}
12-29 20:19:54.955 D/CallCard( 2066): bgcall:null
12-29 20:19:54.955 D/CallCard( 2066): disconnectingcall:null
12-29 20:19:54.955 D/CallCard( 2066): disconnectedCall:null
12-29 20:19:54.955 D/PhoneUtils( 1745): setMuteInternal: using setMicrophoneMute(false)...
12-29 20:19:54.955 D/AudioFlinger(  228): setMicMute() in. state: 0.
12-29 20:19:54.955 D/AudioFlinger(  228): setMicMute(). Set mute state 0 to HAL.
12-29 20:19:54.955 D/audio_hw_primary(  228): adev_set_mic_mute state 0
12-29 20:19:54.955 D/CallCard( 2066): updatePrimaryCall()...which call :Call{mCallId=4, mState=DIALING, mDisconnectCause=NOT_DISCONNECTED, mCapabilities=2, mConnectTime=0, mConnectRealTime=0, mChildCallIds=[], mGatewayNumber=null, mGatewayPackage=null, mIdentification=CallIdentification{mCallId=4, mNumber=xxxxx, mNumberPresentation=1, mCnapName=null, mCnapNamePresentation=1}, mSsNotification=null, mCallDetails= calltype10 domain4 erroinfonull mConfParList multipartyfalse , mCallModifyDetails= calltype10 domain4 erroinfo mConfParList multipartyfalse , mSubscription=0, mFlag=0}
12-29 20:19:54.955 D/CallCard( 2066): showInfoByCall...
12-29 20:19:54.955 D/CallCard( 2066): getCallStateLabel:正在拨号
12-29 20:19:54.955 D/AudioFlinger(  228): setMicMute(). Setting mute state returned.
12-29 20:19:54.955 D/AudioRouter( 1745): onMuteChange: false
12-29 20:19:54.955 D/AudioRouter( 1745): AudioMode: EARPIECE
12-29 20:19:54.955 D/AudioRouter( 1745): Supported AudioMode: EARPIECE, SPEAKER
12-29 20:19:54.955 D/AudioFlinger(  228): getMicMute() in.
12-29 20:19:54.955 D/AudioFlinger(  228): getMicMute(). Try to get Mic state from HAL.
12-29 20:19:54.955 D/AudioFlinger(  228): getMicMute(). Get Mic state 0 from HAL.
12-29 20:19:54.955 I/CallHandlerServiceProxy( 1745): Updating with new audio mode: EARPIECE with mute false
12-29 20:19:54.955 D/CallHandlerServiceProxy( 1745): onSupportAudioModeChange: EARPIECE, SPEAKER
12-29 20:19:54.955 D/BluetoothPhoneService( 1745): handleMessage: 1
12-29 20:19:54.955 D/BluetoothPhoneService( 1745):  handlePreciseCallStateChange: foreground: DIALING background: IDLE ringing: IDLE
12-29 20:19:54.955 E/BluetoothPhoneService( 1745): Could not get a handle on Connection object for the call
12-29 20:19:54.955 D/CallStateMonitor( 1745): handleMessage(1)
12-29 20:19:54.955 I/CallModeler( 1745): onPhoneStateChanged: 
12-29 20:19:54.955 D/CallModeler( 1745): connection:  incoming: false state: DIALING post dial state: NOT_STARTEDDIALING
12-29 20:19:54.955 D/CallCard( 2066): startSearch: Call{mCallId=4, mState=DIALING, mDisconnectCause=NOT_DISCONNECTED, mCapabilities=2, mConnectTime=0, mConnectRealTime=0, mChildCallIds=[], mGatewayNumber=null, mGatewayPackage=null, mIdentification=CallIdentification{mCallId=4, mNumber=xxxxx, mNumberPresentation=1, mCnapName=null, mCnapNamePresentation=1}, mSsNotification=null, mCallDetails= calltype10 domain4 erroinfonull mConfParList multipartyfalse , mCallModifyDetails= calltype10 domain4 erroinfo mConfParList multipartyfalse , mSubscription=0, mFlag=0}
12-29 20:19:54.955 D/CallCard( 2066): startContactInfoSearch : CallIdentification{mCallId=4, mNumber=xxxxx, mNumberPresentation=1, mCnapName=null, mCnapNamePresentation=1}
12-29 20:19:54.955 D/CallCard( 2066): showInfoByCallerInfo(ContactCacheEntry{name=xxxxxxxxxxxxxxxxxxxxxxxxxxxxxxxxxxxxxxxxxxxxxxxxxxxxxxxxxxxxxxxxxxxxxxxxxxxxxxxxxxxxxxxxxxxxxxxxxxxxxxxxxxxxxxxxxxxxxxxxxxxxxxxxxxxxxxxxxxxxxxxxxxxxxxxxxxxxxxxxxxxxxxxxxxxxxxxxxxxxxxxxxxxxxxxxxxxxxxxxxxxxxxxxxxxxxxxxxxxxxxxxxxxxxxxxxxxxxxxxxxxxxxxxxxxxxxxxxxxxxxxxxxxxxxxxxxxxxxxxxxxxxxxxxxxxxxxxxxxxxxxxxxxxxxxxxxxxxxxxxxxxxxxxxxxxxxxxxxxxxxxxxxxxxxxxxxxxxxxxxxxxxxxxxxxxxxxxxxxxxxxxxxxxxxxxxxxxxxxxxxxxxxxxxxxxxxxxxxxxxxxxxxxxxxxxxxxxxx, number=xxxxx, location=null, personUri=content://com.android.contacts/contacts/3, label=电话, photo=null, isSipCall=false, isFinal=true, isEmergency=false, cooTek result=null, cooTek result name=, hasCooTekQueried =false, atomicStatus =true})
12-29 20:19:54.955 D/CallCard( 2066):  isConference:false
12-29 20:19:54.955 D/RejectWithTextMessageManager( 1745): allowRespondViaSmsForCall(Call{mCallId=4, mState=DIALING, mDisconnectCause=UNKNOWN, mCapabilities=2, mConnectTime=0, mConnectRealTime=0, mChildCallIds=[], mGatewayNumber=null, mGatewayPackage=null, mIdentification=CallIdentification{mCallId=4, mNumber=xxxxx, mNumberPresentation=1, mCnapName=null, mCnapNamePresentation=1}, mSsNotification=null, mCallDetails= calltype10 domain4 erroinfonull mConfParList multipartyfalse , mCallModifyDetails= calltype10 domain4 erroinfo mConfParList multipartyfalse , mSubscription=0, mFlag=0})...
12-29 20:19:54.955 W/RejectWithTextMessageManager( 1745): allowRespondViaSmsForCall: ringingCall not ringing! state = 5
12-29 20:19:54.965 V/kernel  (  382): <6>[13692.669438] lc898301_enable, timeout = 0 
12-29 20:19:54.965 D/DTMFTonePlayer( 1745): Call updated
12-29 20:19:54.965 D/DTMFTonePlayer( 1745): checkCallState
12-29 20:19:54.965 D/DTMFTonePlayer( 1745): startDialerSession()... this = com.android.phone.DTMFTonePlayer@42028b48
12-29 20:19:54.965 D/DTMFTonePlayer( 1745): - startDialerSession: mLocalToneEnabled = true
12-29 20:19:54.965 D/AudioRouter( 1745): onBluetoothIndicationChange false
12-29 20:19:54.965 D/AudioRouter( 1745): calculateModeFromCurrentState EARPIECE
12-29 20:19:54.965 D/BluetoothManager( 1745): isBluetoothAvailable()...
12-29 20:19:54.965 D/BluetoothManager( 1745):  mBluetoothHeadsetState ===>0
12-29 20:19:54.965 D/AudioRouter( 1745): mPreviousMode:EARPIECE
12-29 20:19:54.965 D/AudioRouter( 1745): mAudioMode:EARPIECE
12-29 20:19:54.965 D/AudioRouter( 1745): mode:EARPIECE
12-29 20:19:54.965 D/AudioRouter( 1745): doNotify:false
12-29 20:19:54.965 D/CallCard( 2066):   ==>  2.2 : settextTest1 或 Test2 或 Test3 或 Test4 或 Test5 或 Test6 或 Test7 或 Test8 或 Test9 或 Tf0RxH 或 Tf0glR 或 Tf1CAA 或 Tf1mYj 或 Tf1thO 或 Tf4Nf8 或 Tf4hbX 或 Tf528V 或 Tf7eQU 或 TfE8Vs 或 TfHHHH 或 TfHW1o 或 TfKfVR 或 TfMBbU 或 TfMucO 或 TfNAf0 或 TfPdbW 或 TfRuq6 或 TfW9W4 或 TfWjww 或 TfYhxQ 或 Tfa09b 或 Tfarde 或 Tfbiku 或 TfdiW8 或 TfgzRk 或 TfhtWW 或 Tfi2OW 或 TfjORF 或 TfjcHt 或 TfjfMx 或 Tfkven 或 Tfpoc5 或 Tfsv4c 或 TfvM7I 或 TfwvW5 或 TfxyeK 或 Tfz1Hb 或 Tfz4xp 或 TfzHn0 或 Tfzzli
12-29 20:19:54.965 D/CallCard( 2066):    showImage 1 unknown , entry is null or entry.photo is null
12-29 20:19:54.965 D/CallCard( 2066):    showImage 1.2 unknown , entry photo is null and entry is final state, so set unkown photo
12-29 20:19:54.965 D/CallHandlerServiceProxy( 1745): onUpdate: [Call{mCallId=4, mState=DIALING, mDisconnectCause=UNKNOWN, mCapabilities=2, mConnectTime=0, mConnectRealTime=0, mChildCallIds=[], mGatewayNumber=null, mGatewayPackage=null, mIdentification=CallIdentification{mCallId=4, mNumber=xxxxx, mNumberPresentation=1, mCnapName=null, mCnapNamePresentation=1}, mSsNotification=null, mCallDetails= calltype10 domain4 erroinfonull mConfParList multipartyfalse , mCallModifyDetails= calltype10 domain4 erroinfo mConfParList multipartyfalse , mSubscription=0, mFlag=0}]
12-29 20:19:54.965 D/CallNotifier( 1745): onPhoneStateChanged: state = OFFHOOK
12-29 20:19:54.965 D/CallHandlerServiceProxy( 1745): processProximitySensor:2
12-29 20:19:54.965 D/AudioRouter( 1745): onBluetoothIndicationChange false
12-29 20:19:54.965 D/AudioRouter( 1745): calculateModeFromCurrentState EARPIECE
12-29 20:19:54.965 D/BluetoothManager( 1745): isBluetoothAvailable()...
12-29 20:19:54.965 D/BluetoothManager( 1745):  mBluetoothHeadsetState ===>0
12-29 20:19:54.965 D/AudioRouter( 1745): mPreviousMode:EARPIECE
12-29 20:19:54.965 D/AudioRouter( 1745): mAudioMode:EARPIECE
12-29 20:19:54.965 D/AudioRouter( 1745): mode:EARPIECE
12-29 20:19:54.965 D/AudioRouter( 1745): doNotify:false
12-29 20:19:54.965 D/PhoneUtils( 1745): Call is not active
12-29 20:19:54.965 D/PhoneApp( 1745): requestWakeState(FULL)...
12-29 20:19:54.965 D/CallNotifier( 1745): onPhoneStateChanged: OFF HOOK
12-29 20:19:54.965 D/PhoneUtils( 1745): dumpCallState():
12-29 20:19:54.965 D/PhoneUtils( 1745): - Phone: Handler (com.android.internal.telephony.gsm.GSMPhone) {41fcf078}, name = GSM, state = OFFHOOK
12-29 20:19:54.965 D/PhoneUtils( 1745):   - FG call: DIALING isAlive true isRinging false isDialing true isIdle false hasConnections true
12-29 20:19:54.965 D/PhoneUtils( 1745):   - BG call: IDLE isAlive false isRinging false isDialing false isIdle true hasConnections false
12-29 20:19:54.965 D/PhoneUtils( 1745):   - RINGING call: IDLE isAlive false isRinging false isDialing false isIdle true hasConnections false
12-29 20:19:54.965 D/PhoneUtils( 1745):   - hasRingingCall false hasActiveCall true hasHoldingCall false allLinesTaken false
12-29 20:19:54.965 D/PhoneUtils( 1745):   - Ringer state: false
12-29 20:19:54.965 D/PhoneUtils( 1745): setAudioMode()...OFFHOOK
12-29 20:19:54.965 D/PhoneUtils( 1745): setAudioMode() no change: MODE_IN_CALL
12-29 20:19:54.965 D/CallNotifier( 1745): stopRing()... (OFFHOOK state)
12-29 20:19:54.965 D/Ringer  ( 1745): stopRing()...
12-29 20:19:54.965 D/Ringer  ( 1745): - stopRing: null mRingHandler!
12-29 20:19:54.975 V/kernel  (  382): <6>[13692.686329] lc898301_enable, timeout = 0 
12-29 20:19:54.975 D/PhoneUtils( 1745): ConnectionHandler: updating mute state for each connection
12-29 20:19:54.975 D/PhoneUtils( 1745): setMuteInternal: using setMicrophoneMute(false)...
12-29 20:19:54.975 D/AudioFlinger(  228): setMicMute() in. state: 0.
12-29 20:19:54.975 D/AudioFlinger(  228): setMicMute(). Set mute state 0 to HAL.
12-29 20:19:54.975 D/audio_hw_primary(  228): adev_set_mic_mute state 0
12-29 20:19:54.975 D/AudioFlinger(  228): setMicMute(). Setting mute state returned.
12-29 20:19:54.975 D/AudioRouter( 1745): onMuteChange: false
12-29 20:19:54.975 D/AudioRouter( 1745): AudioMode: EARPIECE
12-29 20:19:54.975 D/AudioRouter( 1745): Supported AudioMode: EARPIECE, SPEAKER
12-29 20:19:54.975 D/AudioFlinger(  228): getMicMute() in.
12-29 20:19:54.975 D/AudioFlinger(  228): getMicMute(). Try to get Mic state from HAL.
12-29 20:19:54.975 D/AudioFlinger(  228): getMicMute(). Get Mic state 0 from HAL.
12-29 20:19:54.975 I/CallHandlerServiceProxy( 1745): Updating with new audio mode: EARPIECE with mute false
12-29 20:19:54.975 D/CallHandlerServiceProxy( 1745): onSupportAudioModeChange: EARPIECE, SPEAKER
12-29 20:19:54.975 D/BluetoothPhoneService( 1745): handleMessage: 1
12-29 20:19:54.975 D/BluetoothPhoneService( 1745):  handlePreciseCallStateChange: foreground: DIALING background: IDLE ringing: IDLE
12-29 20:19:54.975 E/BluetoothPhoneService( 1745): Could not get a handle on Connection object for the call
12-29 20:19:54.975 D/CallStateMonitor( 1745): handleMessage(10)
12-29 20:19:54.975 D/CallNotifier( 1745): PHONE_ENHANCED_VP_OFF...
12-29 20:19:54.975 D/CallStateMonitor( 1745): handleMessage(10)
12-29 20:19:54.975 D/CallNotifier( 1745): PHONE_ENHANCED_VP_OFF...
12-29 20:19:54.975 D/CallStateMonitor( 1745): handleMessage(1)
12-29 20:19:54.975 I/CallModeler( 1745): onPhoneStateChanged: 
12-29 20:19:54.975 D/CallModeler( 1745): connection:  incoming: false state: DIALING post dial state: NOT_STARTEDDIALING
12-29 20:19:54.975 D/InCallScreen( 2066): dismissProgressIndication()...
12-29 20:19:54.975 W/ActivityManager( 1045): Unable to start service Intent { act=com.android.contacts.VIEW_NOTIFICATION dat=content://com.android.contacts/contacts/3 cmp=com.android.contacts/.ViewNotificationService } U=0: not found
12-29 20:19:54.985 D/CallCommandService( 1745): [updateWakeState] remote called
12-29 20:19:54.985 D/PhoneUtils( 1745): Call is not active
12-29 20:19:54.985 D/PhoneApp( 1745): requestWakeState(FULL)...
12-29 20:19:54.985 D/InCallScreen( 2066): onResume() done.
12-29 20:19:54.985 I/InCall  ( 2066): CallCommandClient - setSystemBarNavigationEnabled() enabled = true
12-29 20:19:54.985 I/InCall  ( 2066): InCallPresenter - Phone switching state: NO_CALLS -> OUTGOING
12-29 20:19:54.985 I/InCall  ( 2066): InCallPresenter - Notify onStateChange  OUTGOING
12-29 20:19:54.985 D/InCallScreen( 2066): onStateChange: current state = OUTGOING
12-29 20:19:54.985 I/InCall  ( 2066): CallCommandClient - setSystemBarNavigationEnabled() enabled = true
12-29 20:19:54.985 D/InCallScreen( 2066): requestUpdateScreen()...
12-29 20:19:54.985 D/RejectWithTextMessageManager( 1745): allowRespondViaSmsForCall(Call{mCallId=4, mState=DIALING, mDisconnectCause=UNKNOWN, mCapabilities=2, mConnectTime=0, mConnectRealTime=0, mChildCallIds=[], mGatewayNumber=null, mGatewayPackage=null, mIdentification=CallIdentification{mCallId=4, mNumber=xxxxx, mNumberPresentation=1, mCnapName=null, mCnapNamePresentation=0}, mSsNotification=null, mCallDetails= calltype10 domain4 erroinfonull mConfParList multipartyfalse , mCallModifyDetails= calltype10 domain4 erroinfo mConfParList multipartyfalse , mSubscription=0, mFlag=0})...
12-29 20:19:54.985 I/InCallTouchUi( 2066): onStateChange :OUTGOING previousState:NO_CALLS state:OUTGOING callist: incoming : incoming: null
12-29 20:19:54.985 I/InCallTouchUi( 2066):  outgoing:Call{mCallId=4, mState=DIALING, mDisconnectCause=NOT_DISCONNECTED, mCapabilities=2, mConnectTime=0, mConnectRealTime=0, mChildCallIds=[], mGatewayNumber=null, mGatewayPackage=null, mIdentification=CallIdentification{mCallId=4, mNumber=xxxxx, mNumberPresentation=1, mCnapName=null, mCnapNamePresentation=1}, mSsNotification=null, mCallDetails= calltype10 domain4 erroinfonull mConfParList multipartyfalse , mCallModifyDetails= calltype10 domain4 erroinfo mConfParList multipartyfalse , mSubscription=0, mFlag=0}
12-29 20:19:54.985 I/InCallTouchUi( 2066):  active:null
12-29 20:19:54.985 I/InCallTouchUi( 2066):  background:null
12-29 20:19:54.985 I/InCallTouchUi( 2066):  disconnecting:null
12-29 20:19:54.985 I/InCallTouchUi( 2066):  disconnected:null
12-29 20:19:54.985 W/RejectWithTextMessageManager( 1745): allowRespondViaSmsForCall: ringingCall not ringing! state = 5
12-29 20:19:54.985 D/DTMFTonePlayer( 1745): Call updated
12-29 20:19:54.985 D/DTMFTonePlayer( 1745): checkCallState
12-29 20:19:54.985 D/DTMFTonePlayer( 1745): startDialerSession()... this = com.android.phone.DTMFTonePlayer@42028b48
12-29 20:19:54.985 D/DTMFTonePlayer( 1745): - startDialerSession: mLocalToneEnabled = true
12-29 20:19:54.985 D/AudioRouter( 1745): onBluetoothIndicationChange false
12-29 20:19:54.985 D/AudioRouter( 1745): calculateModeFromCurrentState EARPIECE
12-29 20:19:54.985 D/BluetoothManager( 1745): isBluetoothAvailable()...
12-29 20:19:54.985 D/BluetoothManager( 1745):  mBluetoothHeadsetState ===>0
12-29 20:19:54.985 I/InCallTouchUi( 2066): onStateChange start to updateState mCall:Call{mCallId=4, mState=DIALING, mDisconnectCause=NOT_DISCONNECTED, mCapabilities=2, mConnectTime=0, mConnectRealTime=0, mChildCallIds=[], mGatewayNumber=null, mGatewayPackage=null, mIdentification=CallIdentification{mCallId=4, mNumber=xxxxx, mNumberPresentation=1, mCnapName=null, mCnapNamePresentation=1}, mSsNotification=null, mCallDetails= calltype10 domain4 erroinfonull mConfParList multipartyfalse , mCallModifyDetails= calltype10 domain4 erroinfo mConfParList multipartyfalse , mSubscription=0, mFlag=0}
12-29 20:19:54.985 D/AudioRouter( 1745): mPreviousMode:EARPIECE
12-29 20:19:54.985 D/AudioRouter( 1745): mAudioMode:EARPIECE
12-29 20:19:54.985 D/AudioRouter( 1745): mode:EARPIECE
12-29 20:19:54.985 D/AudioRouter( 1745): doNotify:false
12-29 20:19:54.985 I/InCallTouchUi( 2066): updateState:com.android.incallui.CallList@422ad170
12-29 20:19:54.985 I/InCallTouchUi( 2066): updateMute call dump:Call{mCallId=4, mState=DIALING, mDisconnectCause=NOT_DISCONNECTED, mCapabilities=2, mConnectTime=0, mConnectRealTime=0, mChildCallIds=[], mGatewayNumber=null, mGatewayPackage=null, mIdentification=CallIdentification{mCallId=4, mNumber=xxxxx, mNumberPresentation=1, mCnapName=null, mCnapNamePresentation=1}, mSsNotification=null, mCallDetails= calltype10 domain4 erroinfonull mConfParList multipartyfalse , mCallModifyDetails= calltype10 domain4 erroinfo mConfParList multipartyfalse , mSubscription=0, mFlag=0}
12-29 20:19:54.985 D/CallHandlerServiceProxy( 1745): onUpdate: [Call{mCallId=4, mState=DIALING, mDisconnectCause=UNKNOWN, mCapabilities=2, mConnectTime=0, mConnectRealTime=0, mChildCallIds=[], mGatewayNumber=null, mGatewayPackage=null, mIdentification=CallIdentification{mCallId=4, mNumber=xxxxx, mNumberPresentation=1, mCnapName=null, mCnapNamePresentation=0}, mSsNotification=null, mCallDetails= calltype10 domain4 erroinfonull mConfParList multipartyfalse , mCallModifyDetails= calltype10 domain4 erroinfo mConfParList multipartyfalse , mSubscription=0, mFlag=0}]
12-29 20:19:54.985 I/InCallTouchUi( 2066): shouldDisableAllButtonfalse
12-29 20:19:54.985 I/InCallTouchUi( 2066): updateMute can mute:false isMute:false
12-29 20:19:54.985 D/CallNotifier( 1745): onPhoneStateChanged: state = OFFHOOK
12-29 20:19:54.985 I/InCallTouchUi( 2066): - updateState: HIDING incoming call widget...
12-29 20:19:54.985 D/CallHandlerServiceProxy( 1745): processProximitySensor:2
12-29 20:19:54.985 D/AudioRouter( 1745): onBluetoothIndicationChange false
12-29 20:19:54.985 I/InCall  ( 2066): CallCommandClient - setSystemBarNavigationEnabled() enabled = true
12-29 20:19:54.985 I/InCallTouchUi( 2066): updateAudioButtonUI AudioButton speaker mode :false
12-29 20:19:54.985 D/AudioRouter( 1745): calculateModeFromCurrentState EARPIECE
12-29 20:19:54.985 D/BluetoothManager( 1745): isBluetoothAvailable()...
12-29 20:19:54.985 D/BluetoothManager( 1745):  mBluetoothHeadsetState ===>0
12-29 20:19:54.985 D/AudioRouter( 1745): mPreviousMode:EARPIECE
12-29 20:19:54.985 D/AudioRouter( 1745): mAudioMode:EARPIECE
12-29 20:19:54.985 D/AudioRouter( 1745): mode:EARPIECE
12-29 20:19:54.985 D/AudioRouter( 1745): doNotify:false
12-29 20:19:54.985 D/PhoneUtils( 1745): Call is not active
12-29 20:19:54.985 D/PhoneApp( 1745): requestWakeState(FULL)...
12-29 20:19:54.985 D/CallNotifier( 1745): onPhoneStateChanged: OFF HOOK
12-29 20:19:54.985 D/PhoneUtils( 1745): dumpCallState():
12-29 20:19:54.985 D/PhoneUtils( 1745): - Phone: Handler (com.android.internal.telephony.gsm.GSMPhone) {41fcf078}, name = GSM, state = OFFHOOK
12-29 20:19:54.985 D/PhoneUtils( 1745):   - FG call: DIALING isAlive true isRinging false isDialing true isIdle false hasConnections true
12-29 20:19:54.985 D/PhoneUtils( 1745):   - BG call: IDLE isAlive false isRinging false isDialing false isIdle true hasConnections false
12-29 20:19:54.985 D/PhoneUtils( 1745):   - RINGING call: IDLE isAlive false isRinging false isDialing false isIdle true hasConnections false
12-29 20:19:54.985 D/PhoneUtils( 1745):   - hasRingingCall false hasActiveCall true hasHoldingCall false allLinesTaken false
12-29 20:19:54.985 D/PhoneUtils( 1745):   - Ringer state: false
12-29 20:19:54.985 D/PhoneUtils( 1745): setAudioMode()...OFFHOOK
12-29 20:19:54.985 I/InCallTouchUi( 2066): updateSoundSourceUI getAudioMode mode :EARPIECE
12-29 20:19:54.985 I/InCallTouchUi( 2066): updateSoundSourceUI set to WIRED_HEADSET / EARPIECE  mode
12-29 20:19:54.985 I/InCallTouchUi( 2066): [updateRecordButtonUI] state:0
12-29 20:19:54.985 D/PhoneUtils( 1745): setAudioMode() no change: MODE_IN_CALL
12-29 20:19:54.985 D/CallNotifier( 1745): stopRing()... (OFFHOOK state)
12-29 20:19:54.985 D/Ringer  ( 1745): stopRing()...
12-29 20:19:54.985 D/Ringer  ( 1745): - stopRing: null mRingHandler!
12-29 20:19:54.985 D/PhoneUtils( 1745): ConnectionHandler: updating mute state for each connection
12-29 20:19:54.995 V/kernel  (  382): <6>[13692.706725] lc898301_enable, timeout = 0 
12-29 20:19:54.995 I/InCall  ( 2066): StatusBarNotifier - updateInCallNotification(allowFullScreenIntent = false)...
12-29 20:19:54.995 I/InCall  ( 2066): StatusBarNotifier - cancelInCall()...
12-29 20:19:54.995 I/InCall  ( 2066): ProximitySensor - ProximitySensor{keybrd=0, offhook=1, ui=1, aud=EARPIECE}
12-29 20:19:54.995 I/InCall  ( 2066): ProximitySensor - turning on proximity sensor: acquiring
12-29 20:19:54.995 D/PhoneUtils( 1745): setMuteInternal: using setMicrophoneMute(false)...
12-29 20:19:54.995 D/AudioFlinger(  228): setMicMute() in. state: 0.
12-29 20:19:54.995 D/AudioFlinger(  228): setMicMute(). Set mute state 0 to HAL.
12-29 20:19:54.995 D/audio_hw_primary(  228): adev_set_mic_mute state 0
12-29 20:19:54.995 D/AudioFlinger(  228): setMicMute(). Setting mute state returned.
12-29 20:19:54.995 D/AudioRouter( 1745): onMuteChange: false
12-29 20:19:54.995 D/AudioRouter( 1745): AudioMode: EARPIECE
12-29 20:19:54.995 D/AudioRouter( 1745): Supported AudioMode: EARPIECE, SPEAKER
12-29 20:19:54.995 D/AudioFlinger(  228): getMicMute() in.
12-29 20:19:54.995 D/AudioFlinger(  228): getMicMute(). Try to get Mic state from HAL.
12-29 20:19:54.995 D/AudioFlinger(  228): getMicMute(). Get Mic state 0 from HAL.
12-29 20:19:54.995 I/CallHandlerServiceProxy( 1745): Updating with new audio mode: EARPIECE with mute false
12-29 20:19:54.995 D/CallHandlerServiceProxy( 1745): onSupportAudioModeChange: EARPIECE, SPEAKER
12-29 20:19:54.995 D/BluetoothPhoneService( 1745): handleMessage: 1
12-29 20:19:54.995 D/BluetoothPhoneService( 1745):  handlePreciseCallStateChange: foreground: DIALING background: IDLE ringing: IDLE
12-29 20:19:54.995 E/BluetoothPhoneService( 1745): Could not get a handle on Connection object for the call
12-29 20:19:54.995 D/FloatViewManager( 2066): [doDialingAnimation] send MSG_DIALING_ANIM
12-29 20:19:54.995 D/InCallScreen( 2066): dissmissKeyguard? true
12-29 20:19:54.995 I/InCall  ( 2066): ProximitySensor - onSensorChanged(), mValue=5.000305
12-29 20:19:54.995 I/InCall  ( 2066): CallCommandClient - setSystemBarNavigationEnabled() enabled = true
12-29 20:19:54.995 I/InCall  ( 2066): CallHandlerService - ON_PROXIMITY_SENSOR
12-29 20:19:54.995 I/InCall  ( 2066): CallHandlerService - onProximitySensor:2
12-29 20:19:54.995 I/InCall  ( 2066): CallHandlerService - ON_AUDIO_MODE: EARPIECE, muted (false)
12-29 20:19:54.995 I/InCall  ( 2066): CallHandlerService - ON_SUPPORTED_AUDIO_MODE: EARPIECE, SPEAKER
12-29 20:19:54.995 I/InCallTouchUi( 2066): onSupportedAudioMode:EARPIECE, SPEAKER status :SIX_CONTROL_VIEW
12-29 20:19:54.995 I/InCallTouchUi( 2066): updateAudioButtonUI AudioButton speaker mode :false
12-29 20:19:54.995 I/InCallTouchUi( 2066): updateSoundSourceUI getAudioMode mode :EARPIECE
12-29 20:19:55.005 I/InCallTouchUi( 2066): updateSoundSourceUI set to WIRED_HEADSET / EARPIECE  mode
12-29 20:19:55.075 D/wpa_supplicant( 2666): RX ctrl_iface - hexdump(len=11): 53 49 47 4e 41 4c 5f 50 4f 4c 4c
12-29 20:19:55.075 D/wpa_supplicant( 2666): wlan0: Control interface command 'SIGNAL_POLL'
12-29 20:19:55.075 I/InCall  ( 2066): CallHandlerService - ON_UPDATE_MULTI_CALL: [Call{mCallId=4, mState=DIALING, mDisconnectCause=NOT_DISCONNECTED, mCapabilities=2, mConnectTime=0, mConnectRealTime=0, mChildCallIds=[], mGatewayNumber=null, mGatewayPackage=null, mIdentification=CallIdentification{mCallId=4, mNumber=xxxxx, mNumberPresentation=1, mCnapName=null, mCnapNamePresentation=1}, mSsNotification=null, mCallDetails= calltype10 domain4 erroinfonull mConfParList multipartyfalse , mCallModifyDetails= calltype10 domain4 erroinfo mConfParList multipartyfalse , mSubscription=0, mFlag=0}]
12-29 20:19:55.075 I/InCall  ( 2066): CallCommandClient - setSystemBarNavigationEnabled() enabled = true
12-29 20:19:55.075 I/InCall  ( 2066): InCallPresenter - Phone switching state: OUTGOING -> OUTGOING
12-29 20:19:55.075 I/InCall  ( 2066): InCallPresenter - No need update , return .  newstate:OUTGOING
12-29 20:19:55.075 I/InCall  ( 2066): CallHandlerService - ON_PROXIMITY_SENSOR
12-29 20:19:55.075 I/InCall  ( 2066): CallHandlerService - onProximitySensor:2
12-29 20:19:55.075 I/InCall  ( 2066): CallHandlerService - ON_AUDIO_MODE: EARPIECE, muted (false)
12-29 20:19:55.075 I/InCall  ( 2066): CallHandlerService - ON_SUPPORTED_AUDIO_MODE: EARPIECE, SPEAKER
12-29 20:19:55.075 I/InCallTouchUi( 2066): onSupportedAudioMode:EARPIECE, SPEAKER status :SIX_CONTROL_VIEW
12-29 20:19:55.075 I/InCallTouchUi( 2066): updateAudioButtonUI AudioButton speaker mode :false
12-29 20:19:55.075 I/InCallTouchUi( 2066): updateSoundSourceUI getAudioMode mode :EARPIECE
12-29 20:19:55.075 I/InCallTouchUi( 2066): updateSoundSourceUI set to WIRED_HEADSET / EARPIECE  mode
12-29 20:19:55.075 D/InCallScreen( 2066): updateScreen()...
12-29 20:19:55.075 D/InCallScreen( 2066):   - phone state = true
12-29 20:19:55.075 D/InCallScreen( 2066):   - inCallScreenMode = NORMAL
12-29 20:19:55.075 D/InCallScreen( 2066): - updateScreen: updating the in-call UI...
12-29 20:19:55.075 D/InCallScreen( 2066): updateIncomingCallView()...
12-29 20:19:55.075 D/InCallScreen( 2066): updateIncomingCallView().ringCall:null fgCall:null bgCall:null
12-29 20:19:55.075 D/CallCard( 2066): updateState()... mIsDialerOpen:false
12-29 20:19:55.075 D/CallCard( 2066): ringingcall:null
12-29 20:19:55.085 D/CallCard( 2066): fgcall:Call{mCallId=4, mState=DIALING, mDisconnectCause=NOT_DISCONNECTED, mCapabilities=2, mConnectTime=0, mConnectRealTime=0, mChildCallIds=[], mGatewayNumber=null, mGatewayPackage=null, mIdentification=CallIdentification{mCallId=4, mNumber=xxxxx, mNumberPresentation=1, mCnapName=null, mCnapNamePresentation=1}, mSsNotification=null, mCallDetails= calltype10 domain4 erroinfonull mConfParList multipartyfalse , mCallModifyDetails= calltype10 domain4 erroinfo mConfParList multipartyfalse , mSubscription=0, mFlag=0}
12-29 20:19:55.085 D/CallCard( 2066): bgcall:null
12-29 20:19:55.085 D/wpa_supplicant( 2666): nl80211: survey data missing!
12-29 20:19:55.085 D/CallCard( 2066): disconnectingcall:null
