05-11 16:38:21.850 D/WindowManager( 1179): interceptKeyTq keycode=76 down=false screenIsOn=true keyguardActive=false policyFlags=b000000 isWakeKey=false
05-11 16:38:21.850 D/WindowManager( 1179): interceptKeyTi keyCode=76 down=false repeatCount=0 keyguardOn=false canceled=false
05-11 16:38:21.860 D/WindowManager( 1179): interceptKeyTq keycode=41 down=true screenIsOn=true keyguardActive=false policyFlags=b000000 isWakeKey=false
05-11 16:38:21.860 D/WindowManager( 1179): interceptKeyTi keyCode=41 down=true repeatCount=0 keyguardOn=false canceled=false
05-11 16:38:21.880 D/WindowManager( 1179): interceptKeyTq keycode=41 down=false screenIsOn=true keyguardActive=false policyFlags=b000000 isWakeKey=false
05-11 16:38:21.880 D/WindowManager( 1179): interceptKeyTi keyCode=41 down=false repeatCount=0 keyguardOn=false canceled=false
05-11 16:38:21.890 D/WindowManager( 1179): interceptKeyTq keycode=33 down=true screenIsOn=true keyguardActive=false policyFlags=b000000 isWakeKey=false
05-11 16:38:21.890 D/WindowManager( 1179): interceptKeyTi keyCode=33 down=true repeatCount=0 keyguardOn=false canceled=false
05-11 16:38:21.910 D/WindowManager( 1179): interceptKeyTq keycode=33 down=false screenIsOn=true keyguardActive=false policyFlags=b000000 isWakeKey=false
05-11 16:38:21.910 D/WindowManager( 1179): interceptKeyTi keyCode=33 down=false repeatCount=0 keyguardOn=false canceled=false
05-11 16:38:21.920 D/WindowManager( 1179): interceptKeyTq keycode=32 down=true screenIsOn=true keyguardActive=false policyFlags=b000000 isWakeKey=false
05-11 16:38:21.920 D/WindowManager( 1179): interceptKeyTi keyCode=32 down=true repeatCount=0 keyguardOn=false canceled=false
05-11 16:38:21.940 D/WindowManager( 1179): interceptKeyTq keycode=32 down=false screenIsOn=true keyguardActive=false policyFlags=b000000 isWakeKey=false
05-11 16:38:21.940 D/WindowManager( 1179): interceptKeyTi keyCode=32 down=false repeatCount=0 keyguardOn=false canceled=false
05-11 16:38:21.940 D/WindowManager( 1179): interceptKeyTq keycode=37 down=true screenIsOn=true keyguardActive=false policyFlags=b000000 isWakeKey=false
05-11 16:38:21.940 D/WindowManager( 1179): interceptKeyTi keyCode=37 down=true repeatCount=0 keyguardOn=false canceled=false
05-11 16:38:21.970 D/WindowManager( 1179): interceptKeyTq keycode=37 down=false screenIsOn=true keyguardActive=false policyFlags=b000000 isWakeKey=false
05-11 16:38:21.970 D/PowerManagerService( 1179): userActivityNoUpdateLocked: eventTime=9974602, event=1, flags=0x0, uid=1000
05-11 16:38:21.970 D/PowerManagerService( 1179): updateUserActivitySummaryLocked: mWakefulness=Awake, mUserActivitySummary=0x1, nextTimeout=9979603 (in 4995 ms)
05-11 16:38:21.970 D/PowerManagerService( 1179): updateScreenStateLocked: mDisplayReady=true, newScreenState=2, mWakefulness=1, mWakeLockSummary=0x0, mUserActivitySummary=0x1, mBootCompleted=true
05-11 16:38:21.980 D/WindowManager( 1179): interceptKeyTi keyCode=37 down=false repeatCount=0 keyguardOn=false canceled=false
05-11 16:38:21.980 D/WindowManager( 1179): interceptKeyTq keycode=29 down=true screenIsOn=true keyguardActive=false policyFlags=b000000 isWakeKey=false
05-11 16:38:21.980 D/WindowManager( 1179): interceptKeyTi keyCode=29 down=true repeatCount=0 keyguardOn=false canceled=false
05-11 16:38:21.980 D/PowerManagerService( 1179): handleSandman: canDream=true, mWakefulness=Awake
05-11 16:38:22.000 D/WindowManager( 1179): interceptKeyTq keycode=29 down=false screenIsOn=true keyguardActive=false policyFlags=b000000 isWakeKey=false
05-11 16:38:22.000 D/WindowManager( 1179): interceptKeyTi keyCode=29 down=false repeatCount=0 keyguardOn=false canceled=false
05-11 16:38:22.010 D/WindowManager( 1179): interceptKeyTq keycode=76 down=true screenIsOn=true keyguardActive=false policyFlags=b000000 isWakeKey=false
05-11 16:38:22.010 D/WindowManager( 1179): interceptKeyTi keyCode=76 down=true repeatCount=0 keyguardOn=false canceled=false
05-11 16:38:22.030 D/WindowManager( 1179): interceptKeyTq keycode=76 down=false screenIsOn=true keyguardActive=false policyFlags=b000000 isWakeKey=false
05-11 16:38:22.030 D/WindowManager( 1179): interceptKeyTi keyCode=76 down=false repeatCount=0 keyguardOn=false canceled=false
05-11 16:38:22.040 D/WindowManager( 1179): interceptKeyTq keycode=59 down=true screenIsOn=true keyguardActive=false policyFlags=b000000 isWakeKey=false
05-11 16:38:22.040 D/WindowManager( 1179): interceptKeyTi keyCode=59 down=true repeatCount=0 keyguardOn=false canceled=false
05-11 16:38:22.050 D/WindowManager( 1179): interceptKeyTq keycode=29 down=true screenIsOn=true keyguardActive=false policyFlags=b000000 isWakeKey=false
05-11 16:38:22.050 D/WindowManager( 1179): interceptKeyTi keyCode=29 down=true repeatCount=0 keyguardOn=false canceled=false
05-11 16:38:22.060 E/QCALOG  (  359): [MessageQ] ProcessNewMessage: [XTWWAN-PE] unknown deliver target [OS-Agent]
05-11 16:38:22.060 E/QCALOG  (  359): [MessageQ] ProcessNewMessage: [XTWiFi-PE] unknown deliver target [OS-Agent]
05-11 16:38:22.070 D/WindowManager( 1179): interceptKeyTq keycode=29 down=false screenIsOn=true keyguardActive=false policyFlags=b000000 isWakeKey=false
05-11 16:38:22.070 D/WindowManager( 1179): interceptKeyTi keyCode=29 down=false repeatCount=0 keyguardOn=false canceled=false
05-11 16:38:22.080 D/WindowManager( 1179): interceptKeyTq keycode=59 down=false screenIsOn=true keyguardActive=false policyFlags=b000000 isWakeKey=false
05-11 16:38:22.080 D/WindowManager( 1179): interceptKeyTi keyCode=59 down=false repeatCount=0 keyguardOn=false canceled=false
05-11 16:38:22.090 D/WindowManager( 1179): interceptKeyTq keycode=49 down=true screenIsOn=true keyguardActive=false policyFlags=b000000 isWakeKey=false
05-11 16:38:22.090 D/WindowManager( 1179): interceptKeyTi keyCode=49 down=true repeatCount=0 keyguardOn=false canceled=false
05-11 16:38:22.110 D/WindowManager( 1179): interceptKeyTq keycode=49 down=false screenIsOn=true keyguardActive=false policyFlags=b000000 isWakeKey=false
05-11 16:38:22.110 D/WindowManager( 1179): interceptKeyTi keyCode=49 down=false repeatCount=0 keyguardOn=false canceled=false
05-11 16:38:22.120 D/WindowManager( 1179): interceptKeyTq keycode=48 down=true screenIsOn=true keyguardActive=false policyFlags=b000000 isWakeKey=false
05-11 16:38:22.130 D/WindowManager( 1179): interceptKeyTi keyCode=48 down=true repeatCount=0 keyguardOn=false canceled=false
05-11 16:38:22.140 D/WindowManager( 1179): interceptKeyTq keycode=48 down=false screenIsOn=true keyguardActive=false policyFlags=b000000 isWakeKey=false
05-11 16:38:22.150 D/WindowManager( 1179): interceptKeyTi keyCode=48 down=false repeatCount=0 keyguardOn=false canceled=false
05-11 16:38:22.160 D/WindowManager( 1179): interceptKeyTq keycode=43 down=true screenIsOn=true keyguardActive=false policyFlags=b000000 isWakeKey=false
05-11 16:38:22.160 D/WindowManager( 1179): interceptKeyTi keyCode=43 down=true repeatCount=0 keyguardOn=false canceled=false
05-11 16:38:22.190 D/WindowManager( 1179): interceptKeyTq keycode=43 down=false screenIsOn=true keyguardActive=false policyFlags=b000000 isWakeKey=false
05-11 16:38:22.190 D/WindowManager( 1179): interceptKeyTi keyCode=43 down=false repeatCount=0 keyguardOn=false canceled=false
05-11 16:38:22.200 D/WindowManager( 1179): interceptKeyTq keycode=59 down=true screenIsOn=true keyguardActive=false policyFlags=b000000 isWakeKey=false
05-11 16:38:22.200 D/WindowManager( 1179): interceptKeyTi keyCode=59 down=true repeatCount=0 keyguardOn=false canceled=false
05-11 16:38:22.210 D/WindowManager( 1179): interceptKeyTq keycode=69 down=true screenIsOn=true keyguardActive=false policyFlags=b000000 isWakeKey=false
05-11 16:38:22.210 D/WindowManager( 1179): interceptKeyTi keyCode=69 down=true repeatCount=0 keyguardOn=false canceled=false
05-11 16:38:22.240 D/WindowManager( 1179): interceptKeyTq keycode=69 down=false screenIsOn=true keyguardActive=false policyFlags=b000000 isWakeKey=false
05-11 16:38:22.240 D/WindowManager( 1179): interceptKeyTi keyCode=69 down=false repeatCount=0 keyguardOn=false canceled=false
05-11 16:38:22.250 D/WindowManager( 1179): interceptKeyTq keycode=59 down=false screenIsOn=true keyguardActive=false policyFlags=b000000 isWakeKey=false
05-11 16:38:22.250 D/WindowManager( 1179): interceptKeyTi keyCode=59 down=false repeatCount=0 keyguardOn=false canceled=false
05-11 16:38:22.260 D/WindowManager( 1179): interceptKeyTq keycode=59 down=true screenIsOn=true keyguardActive=false policyFlags=b000000 isWakeKey=false
05-11 16:38:22.260 D/WindowManager( 1179): interceptKeyTi keyCode=59 down=true repeatCount=0 keyguardOn=false canceled=false
05-11 16:38:22.270 D/WindowManager( 1179): interceptKeyTq keycode=48 down=true screenIsOn=true keyguardActive=false policyFlags=b000000 isWakeKey=false
05-11 16:38:22.270 D/WindowManager( 1179): interceptKeyTi keyCode=48 down=true repeatCount=0 keyguardOn=false canceled=false
05-11 16:38:22.290 D/WindowManager( 1179): interceptKeyTq keycode=48 down=false screenIsOn=true keyguardActive=false policyFlags=b000000 isWakeKey=false
05-11 16:38:22.290 D/WindowManager( 1179): interceptKeyTi keyCode=48 down=false repeatCount=0 keyguardOn=false canceled=false
05-11 16:38:22.300 D/WindowManager( 1179): interceptKeyTq keycode=59 down=false screenIsOn=true keyguardActive=false policyFlags=b000000 isWakeKey=false
05-11 16:38:22.300 D/WindowManager( 1179): interceptKeyTi keyCode=59 down=false repeatCount=0 keyguardOn=false canceled=false
05-11 16:38:22.310 D/WindowManager( 1179): interceptKeyTq keycode=33 down=true screenIsOn=true keyguardActive=false policyFlags=b000000 isWakeKey=false
05-11 16:38:22.320 D/WindowManager( 1179): interceptKeyTi keyCode=33 down=true repeatCount=0 keyguardOn=false canceled=false
05-11 16:38:22.340 D/WindowManager( 1179): interceptKeyTq keycode=33 down=false screenIsOn=true keyguardActive=false policyFlags=b000000 isWakeKey=false
05-11 16:38:22.340 D/WindowManager( 1179): interceptKeyTi keyCode=33 down=false repeatCount=0 keyguardOn=false canceled=false
05-11 16:38:22.350 D/WindowManager( 1179): interceptKeyTq keycode=47 down=true screenIsOn=true keyguardActive=false policyFlags=b000000 isWakeKey=false
05-11 16:38:22.350 D/wpa_supplicant(19083): RX ctrl_iface - hexdump(len=11): 53 49 47 4e 41 4c 5f 50 4f 4c 4c
05-11 16:38:22.350 D/wpa_supplicant(19083): wlan0: Control interface command 'SIGNAL_POLL'
05-11 16:38:22.350 D/WindowManager( 1179): interceptKeyTi keyCode=47 down=true repeatCount=0 keyguardOn=false canceled=false
05-11 16:38:22.360 D/wpa_supplicant(19083): nl80211: survey data missing!
05-11 16:38:22.370 D/WindowManager( 1179): interceptKeyTq keycode=47 down=false screenIsOn=true keyguardActive=false policyFlags=b000000 isWakeKey=false
05-11 16:38:22.380 D/WindowManager( 1179): interceptKeyTi keyCode=47 down=false repeatCount=0 keyguardOn=false canceled=false
05-11 16:38:22.380 D/WindowManager( 1179): interceptKeyTq keycode=48 down=true screenIsOn=true keyguardActive=false policyFlags=b000000 isWakeKey=false
05-11 16:38:22.380 D/WindowManager( 1179): interceptKeyTi keyCode=48 down=true repeatCount=0 keyguardOn=false canceled=false
05-11 16:38:22.410 D/WindowManager( 1179): interceptKeyTq keycode=48 down=false screenIsOn=true keyguardActive=false policyFlags=b000000 isWakeKey=false
05-11 16:38:22.410 D/WindowManager( 1179): interceptKeyTi keyCode=48 down=false repeatCount=0 keyguardOn=false canceled=false
05-11 16:38:22.410 D/WindowManager( 1179): interceptKeyTq keycode=59 down=true screenIsOn=true keyguardActive=false policyFlags=b000000 isWakeKey=false
05-11 16:38:22.420 D/WindowManager( 1179): interceptKeyTi keyCode=59 down=true repeatCount=0 keyguardOn=false canceled=false
05-11 16:38:22.430 D/WindowManager( 1179): interceptKeyTq keycode=69 down=true screenIsOn=true keyguardActive=false policyFlags=b000000 isWakeKey=false
05-11 16:38:22.430 D/WindowManager( 1179): interceptKeyTi keyCode=69 down=true repeatCount=0 keyguardOn=false canceled=false
05-11 16:38:22.460 D/WindowManager( 1179): interceptKeyTq keycode=69 down=false screenIsOn=true keyguardActive=false policyFlags=b000000 isWakeKey=false
05-11 16:38:22.460 D/WindowManager( 1179): interceptKeyTi keyCode=69 down=false repeatCount=0 keyguardOn=false canceled=false
05-11 16:38:22.460 D/WindowManager( 1179): interceptKeyTq keycode=59 down=false screenIsOn=true keyguardActive=false policyFlags=b000000 isWakeKey=false
05-11 16:38:22.460 D/WindowManager( 1179): interceptKeyTi keyCode=59 down=false repeatCount=0 keyguardOn=false canceled=false
05-11 16:38:22.480 D/WindowManager( 1179): interceptKeyTq keycode=59 down=true screenIsOn=true keyguardActive=false policyFlags=b000000 isWakeKey=false
05-11 16:38:22.480 D/WindowManager( 1179): interceptKeyTi keyCode=59 down=true repeatCount=0 keyguardOn=false canceled=false
05-11 16:38:22.480 D/PowerManagerService( 1179): userActivityNoUpdateLocked: eventTime=9975110, event=1, flags=0x0, uid=1000
05-11 16:38:22.480 D/PowerManagerService( 1179): updateUserActivitySummaryLocked: mWakefulness=Awake, mUserActivitySummary=0x1, nextTimeout=9980112 (in 4999 ms)
05-11 16:38:22.480 D/PowerManagerService( 1179): updateScreenStateLocked: mDisplayReady=true, newScreenState=2, mWakefulness=1, mWakeLockSummary=0x0, mUserActivitySummary=0x1, mBootCompleted=true
05-11 16:38:22.480 D/PowerManagerService( 1179): handleSandman: canDream=true, mWakefulness=Awake
05-11 16:38:22.490 D/WindowManager( 1179): interceptKeyTq keycode=50 down=true screenIsOn=true keyguardActive=false policyFlags=b000000 isWakeKey=false
05-11 16:38:22.500 D/WindowManager( 1179): interceptKeyTi keyCode=50 down=true repeatCount=0 keyguardOn=false canceled=false
05-11 16:38:22.530 D/WindowManager( 1179): interceptKeyTq keycode=50 down=false screenIsOn=true keyguardActive=false policyFlags=b000000 isWakeKey=false
05-11 16:38:22.530 D/WindowManager( 1179): interceptKeyTi keyCode=50 down=false repeatCount=0 keyguardOn=false canceled=false
05-11 16:38:22.540 D/WindowManager( 1179): interceptKeyTq keycode=59 down=false screenIsOn=true keyguardActive=false policyFlags=b000000 isWakeKey=false
05-11 16:38:22.540 D/WindowManager( 1179): interceptKeyTi keyCode=59 down=false repeatCount=0 keyguardOn=false canceled=false
05-11 16:38:22.550 D/WindowManager( 1179): interceptKeyTq keycode=37 down=true screenIsOn=true keyguardActive=false policyFlags=b000000 isWakeKey=false
05-11 16:38:22.550 D/WindowManager( 1179): interceptKeyTi keyCode=37 down=true repeatCount=0 keyguardOn=false canceled=false
05-11 16:38:22.570 D/WindowManager( 1179): interceptKeyTq keycode=37 down=false screenIsOn=true keyguardActive=false policyFlags=b000000 isWakeKey=false
05-11 16:38:22.580 D/WindowManager( 1179): interceptKeyTi keyCode=37 down=false repeatCount=0 keyguardOn=false canceled=false
05-11 16:38:22.590 D/WindowManager( 1179): interceptKeyTq keycode=32 down=true screenIsOn=true keyguardActive=false policyFlags=b000000 isWakeKey=false
05-11 16:38:22.590 D/WindowManager( 1179): interceptKeyTi keyCode=32 down=true repeatCount=0 keyguardOn=false canceled=false
05-11 16:38:22.610 D/WindowManager( 1179): interceptKeyTq keycode=32 down=false screenIsOn=true keyguardActive=false policyFlags=b000000 isWakeKey=false
05-11 16:38:22.620 D/WindowManager( 1179): interceptKeyTi keyCode=32 down=false repeatCount=0 keyguardOn=false canceled=false
05-11 16:38:22.630 D/WindowManager( 1179): interceptKeyTq keycode=33 down=true screenIsOn=true keyguardActive=false policyFlags=b000000 isWakeKey=false
05-11 16:38:22.630 D/WindowManager( 1179): interceptKeyTi keyCode=33 down=true repeatCount=0 keyguardOn=false canceled=false
05-11 16:38:22.650 D/WindowManager( 1179): interceptKeyTq keycode=33 down=false screenIsOn=true keyguardActive=false policyFlags=b000000 isWakeKey=false
05-11 16:38:22.650 D/WindowManager( 1179): interceptKeyTi keyCode=33 down=false repeatCount=0 keyguardOn=false canceled=false
05-11 16:38:22.660 D/WindowManager( 1179): interceptKeyTq keycode=43 down=true screenIsOn=true keyguardActive=false policyFlags=b000000 isWakeKey=false
05-11 16:38:22.660 D/WindowManager( 1179): interceptKeyTi keyCode=43 down=true repeatCount=0 keyguardOn=false canceled=false
05-11 16:38:22.680 D/WindowManager( 1179): interceptKeyTq keycode=43 down=false screenIsOn=true keyguardActive=false policyFlags=b000000 isWakeKey=false
05-11 16:38:22.680 D/WindowManager( 1179): interceptKeyTi keyCode=43 down=false repeatCount=0 keyguardOn=false canceled=false
05-11 16:38:22.690 D/WindowManager( 1179): interceptKeyTq keycode=56 down=true screenIsOn=true keyguardActive=false policyFlags=b000000 isWakeKey=false
05-11 16:38:22.700 D/WindowManager( 1179): interceptKeyTi keyCode=56 down=true repeatCount=0 keyguardOn=false canceled=false
05-11 16:38:22.720 D/WindowManager( 1179): interceptKeyTq keycode=56 down=false screenIsOn=true keyguardActive=false policyFlags=b000000 isWakeKey=false
05-11 16:38:22.720 D/WindowManager( 1179): interceptKeyTi keyCode=56 down=false repeatCount=0 keyguardOn=false canceled=false
05-11 16:38:22.730 D/WindowManager( 1179): interceptKeyTq keycode=41 down=true screenIsOn=true keyguardActive=false policyFlags=b000000 isWakeKey=false
05-11 16:38:22.730 D/WindowManager( 1179): interceptKeyTi keyCode=41 down=true repeatCount=0 keyguardOn=false canceled=false
05-11 16:38:22.750 D/WindowManager( 1179): interceptKeyTq keycode=41 down=false screenIsOn=true keyguardActive=false policyFlags=b000000 isWakeKey=false
05-11 16:38:22.750 D/WindowManager( 1179): interceptKeyTi keyCode=41 down=false repeatCount=0 keyguardOn=false canceled=false
05-11 16:38:22.760 D/WindowManager( 1179): interceptKeyTq keycode=44 down=true screenIsOn=true keyguardActive=false policyFlags=b000000 isWakeKey=false
05-11 16:38:22.760 D/WindowManager( 1179): interceptKeyTi keyCode=44 down=true repeatCount=0 keyguardOn=false canceled=false
05-11 16:38:22.780 D/WindowManager( 1179): interceptKeyTq keycode=44 down=false screenIsOn=true keyguardActive=false policyFlags=b000000 isWakeKey=false
05-11 16:38:22.780 D/WindowManager( 1179): interceptKeyTi keyCode=44 down=false repeatCount=0 keyguardOn=false canceled=false
05-11 16:38:22.790 D/WindowManager( 1179): interceptKeyTq keycode=11 down=true screenIsOn=true keyguardActive=false policyFlags=b000000 isWakeKey=false
05-11 16:38:22.790 D/WindowManager( 1179): interceptKeyTi keyCode=11 down=true repeatCount=0 keyguardOn=false canceled=false
05-11 16:38:22.810 D/WindowManager( 1179): interceptKeyTq keycode=11 down=false screenIsOn=true keyguardActive=false policyFlags=b000000 isWakeKey=false
05-11 16:38:22.810 D/WindowManager( 1179): interceptKeyTi keyCode=11 down=false repeatCount=0 keyguardOn=false canceled=false
05-11 16:38:22.840 D/UIAutomatorStub(23692): URI: /jsonrpc/0, Method: POST, Header: {content-type=application/json, connection=close, remote-addr=127.0.0.1, host=localhost:9009, content-length=103, http-client-ip=127.0.0.1, user-agent=Python-urllib/2.7, accept-encoding=identity}, params, {NanoHttpd.QUERY_STRING=null}, files: {postData={"params": ["enter"], "jsonrpc": "2.0", "method": "pressKey", "id": "4c3834cc1249e7e770d40148c0458a06"}}
05-11 16:38:23.070 I/MSM-irqbalance(  385): Decided to move IRQ178 from CPU6 to CPU7
05-11 16:38:23.250 V/WLAN_PSA(  250): NL MSG, len[048], NL type[0x11] WNI type[0x5050] len[028]
05-11 16:38:23.250 V/WLAN_PSA(  250): NL MSG, PID: 250
05-11 16:38:23.300 D/WindowManager( 1179): interceptKeyTq keycode=66 down=true screenIsOn=true keyguardActive=false policyFlags=b000000 isWakeKey=false
05-11 16:38:23.300 D/PowerManagerService( 1179): userActivityNoUpdateLocked: eventTime=9975937, event=1, flags=0x0, uid=1000
05-11 16:38:23.310 D/WindowManager( 1179): interceptKeyTi keyCode=66 down=true repeatCount=0 keyguardOn=false canceled=false
05-11 16:38:23.310 D/PowerManagerService( 1179): updateUserActivitySummaryLocked: mWakefulness=Awake, mUserActivitySummary=0x1, nextTimeout=9980939 (in 4998 ms)
05-11 16:38:23.310 D/PowerManagerService( 1179): updateScreenStateLocked: mDisplayReady=true, newScreenState=2, mWakefulness=1, mWakeLockSummary=0x0, mUserActivitySummary=0x1, mBootCompleted=true
05-11 16:38:23.310 D/PowerManagerService( 1179): handleSandman: canDream=true, mWakefulness=Awake
05-11 16:38:23.340 D/AwContents(21722): loadUrl 0 {DEFAULT, BROWSER_INITIATED_HTTP_POST, DATA}
05-11 16:38:23.350 W/AwContents(21722): nativeOnDraw failed; clearing to background color.
05-11 16:38:23.350 D/WindowManager( 1179): interceptKeyTq keycode=66 down=false screenIsOn=true keyguardActive=false policyFlags=b000000 isWakeKey=false
05-11 16:38:23.360 D/WindowManager( 1179): interceptKeyTi keyCode=66 down=false repeatCount=0 keyguardOn=false canceled=false
05-11 16:38:23.440 D/AwContents(21722): shouldIgnoreNavigation isPost false, isRedirect false, hasUserGesture false, pageTransitionType 134217728, url: http://auto.smartisan.com/media/Auto_Test_Video.mp4, mDeferredShouldOverrideUrlLoadingIsPendingForPopup: false, mPopupContents: false
05-11 16:38:23.440 D/Tab     (21722): onPageStarted url: http://auto.smartisan.com/media/Auto_Test_Video.mp4, webview: com.android.browser.BrowserWebView{42268a38 VFEDHVCL .F...... 0,0-1080,1536}
05-11 16:38:24.030 D/ChromiumHTTPDataSource(  238): connect() in.
05-11 16:38:24.030 D/ChromiumHTTPDataSource(  238): connect_l() in.
05-11 16:38:24.100 D/StatusBar.MSimNetworkController( 2358): refreshViews subscription =0mMSimDataConnected =false mHasMobileDataFeature:true
05-11 16:38:24.100 D/StatusBar.MSimNetworkController( 2358): refreshViews: Data not connected!! Set no data type icon / Roaming for subscription: 0
05-11 16:38:24.100 D/StatusBar.MSimNetworkController( 2358): refreshViews connected={ wifi } level=4 mMSimcombinedSignalIconId=0x7f02019f/com.smartisanos.systemui:drawable/stat_sys_wifi_signal_3 mMSimcombinedActivityIconId=0x0 mAirplaneMode=false mMSimDataActivity=0 mMSimPhoneSignalIconId=0x7f020185 mMSimDataDirectionIconId=0x0 mMSimDataSignalIconId=0x7f020185 mMSimDataTypeIconId=0x0 mWifiIconId=0x7f02019f mBluetoothTetherIconId=0x10807e7
05-11 16:38:24.160 D/Tab     (21722): onPageFinished url: http://auto.smartisan.com/media/Auto_Test_Video.mp4, webview: com.android.browser.BrowserWebView{42268a38 VFEDHVCL .F...... 0,0-1080,1536}
05-11 16:38:24.330 D/VM_BMS  (  297): wake_lock acquired
05-11 16:38:24.330 D/VM_BMS  (  297): New BMS data - Size=56
05-11 16:38:24.330 D/VM_BMS  (  297): Start process_bms_data
05-11 16:38:24.330 D/VM_BMS  (  297): For batt_temp=274 fcc_mah=2995
05-11 16:38:24.330 D/VM_BMS  (  297): For ocv=4169870 batt_temp=274 soc=83
05-11 16:38:24.330 D/VM_BMS  (  297): fifo_count=5 acc_count=0
05-11 16:38:24.330 D/VM_BMS  (  297): INIT: ocv=4169870 last_ocv=4169870 batt_temp=274 soc=83
05-11 16:38:24.330 D/VM_BMS  (  297): For soc=83 batt_temp=274 slope=10800
05-11 16:38:24.330 D/VM_BMS  (  297): For soc=83 batt_temp=274 rbatt_sf=105
05-11 16:38:24.330 D/VM_BMS  (  297): rbatt_mohm_default=146, rbatt_mohm=153, sf=105 batt_temp=274
05-11 16:38:24.330 D/VM_BMS  (  297): For ocv=4169967 batt_temp=274 soc=83
05-11 16:38:24.330 D/VM_BMS  (  297): FIFO=0 fifo_avg=4.199082 rbatt=0.153000 slope=1.080000 ibatt=-0.190609 ocv=4.169968 soc=83 fcc_ah=2.995000 sample_count=128 sample_interval=40 seq_num=737
05-11 16:38:24.330 D/VM_BMS  (  297): For soc=83 batt_temp=274 slope=10800
05-11 16:38:24.330 D/VM_BMS  (  297): For soc=83 batt_temp=274 rbatt_sf=105
05-11 16:38:24.330 D/VM_BMS  (  297): rbatt_mohm_default=146, rbatt_mohm=153, sf=105 batt_temp=274
05-11 16:38:24.330 D/VM_BMS  (  297): For ocv=4170057 batt_temp=274 soc=83
05-11 16:38:24.330 D/VM_BMS  (  297): FIFO=1 fifo_avg=4.197027 rbatt=0.153000 slope=1.080000 ibatt=-0.176567 ocv=4.170058 soc=83 fcc_ah=2.995000 sample_count=128 sample_interval=40 seq_num=737
05-11 16:38:24.330 D/VM_BMS  (  297): For soc=83 batt_temp=274 slope=10800
05-11 16:38:24.330 D/VM_BMS  (  297): For soc=83 batt_temp=274 rbatt_sf=105
05-11 16:38:24.330 D/VM_BMS  (  297): rbatt_mohm_default=146, rbatt_mohm=153, sf=105 batt_temp=274
05-11 16:38:24.330 D/VM_BMS  (  297): For ocv=4170125 batt_temp=274 soc=83
05-11 16:38:24.330 D/VM_BMS  (  297): FIFO=2 fifo_avg=4.190571 rbatt=0.153000 slope=1.080000 ibatt=-0.133854 ocv=4.170125 soc=83 fcc_ah=2.995000 sample_count=128 sample_interval=40 seq_num=737
05-11 16:38:24.330 D/VM_BMS  (  297): For soc=83 batt_temp=274 slope=10800
05-11 16:38:24.330 D/VM_BMS  (  297): For soc=83 batt_temp=274 rbatt_sf=105
05-11 16:38:24.330 D/VM_BMS  (  297): rbatt_mohm_default=146, rbatt_mohm=153, sf=105 batt_temp=274
05-11 16:38:24.330 D/VM_BMS  (  297): For ocv=4170146 batt_temp=274 soc=83
05-11 16:38:24.330 D/VM_BMS  (  297): FIFO=3 fifo_avg=4.176480 rbatt=0.153000 slope=1.080000 ibatt=-0.041465 ocv=4.170146 soc=83 fcc_ah=2.995000 sample_count=128 sample_interval=40 seq_num=737
05-11 16:38:24.330 D/VM_BMS  (  297): For soc=83 batt_temp=274 slope=10800
05-11 16:38:24.330 D/VM_BMS  (  297): For soc=83 batt_temp=274 rbatt_sf=105
05-11 16:38:24.330 D/VM_BMS  (  297): rbatt_mohm_default=146, rbatt_mohm=153, sf=105 batt_temp=274
05-11 16:38:24.330 D/VM_BMS  (  297): For ocv=4170200 batt_temp=274 soc=83
05-11 16:38:24.330 D/VM_BMS  (  297): FIFO=4 fifo_avg=4.186461 rbatt=0.153000 slope=1.080000 ibatt=-0.106455 ocv=4.170200 soc=83 fcc_ah=2.995000 sample_count=128 sample_interval=40 seq_num=737
05-11 16:38:24.330 I/VM_BMS  (  297): power_supply_update: ocv_uv=4170200 ibatt=-106455 soc=83 seq_num=737
05-11 16:38:24.330 D/VM_BMS  (  297): End process_bms_data
05-11 16:38:24.330 D/VM_BMS  (  297): wake_lock released
05-11 16:38:24.350 D/ChromiumHTTPDataSource(  238): onConnectionEstablished() in.
05-11 16:38:24.350 D/ChromiumHTTPDataSource(  238): connect_l() out.
05-11 16:38:24.350 E/NuCachedSource2(  238): timeout = 3000000000 nanoseconds
05-11 16:38:24.350 D/MediaExtractor(  238): Create mime:(null)
05-11 16:38:24.520 D/AwContents(21722): loadUrl 2 {DEFAULT, BROWSER_INITIATED_HTTP_POST, DATA}
05-11 16:38:24.610 D/skia    (21722): Decoder Format : PNG
05-11 16:38:24.610 D/skia    (21722): call decode 
05-11 16:38:24.610 D/skia    (21722): Start onDecode 
05-11 16:38:24.610 D/skia    (21722): End onDecode 
05-11 16:38:24.630 D/ChromiumHTTPDataSource(  238): connect() in.
05-11 16:38:24.630 D/ChromiumHTTPDataSource(  238): connect_l() in.
05-11 16:38:24.930 D/ChromiumHTTPDataSource(  238): connect() in.
05-11 16:38:24.930 D/ChromiumHTTPDataSource(  238): connect_l() in.
05-11 16:38:24.960 D/NtpTrustedTime( 1179): currentTimeMillis() cache hit
05-11 16:38:24.960 I/PPPOEService( 1179): NetdCallbackReceiver onEvent 601601 limit alert globalAlert wlan0
05-11 16:38:24.960 D/PowerManagerService( 1179): acquireWakeLockInternal: lock=1111706368, flags=0x1, tag="NetworkStats", ws=null, uid=1000, pid=1179
05-11 16:38:24.960 D/PowerManagerService( 1179): updateWakeLockSummaryLocked: mWakefulness=Awake, mWakeLockSummary=0x1
05-11 16:38:24.960 D/PowerManagerService( 1179): updateScreenStateLocked: mDisplayReady=true, newScreenState=2, mWakefulness=1, mWakeLockSummary=0x1, mUserActivitySummary=0x1, mBootCompleted=true
05-11 16:38:24.960 D/PowerManagerService( 1179): Acquiring suspend blocker "PowerManagerService.WakeLocks".
05-11 16:38:24.960 D/PowerManagerService( 1179): handleSandman: canDream=true, mWakefulness=Awake
05-11 16:38:25.000 D/NtpTrustedTime( 1179): currentTimeMillis() cache hit
05-11 16:38:25.000 D/NtpTrustedTime( 1179): currentTimeMillis() cache hit
05-11 16:38:25.000 D/PowerManagerService( 1179): releaseWakeLockInternal: lock=1111706368 [NetworkStats], flags=0x0
05-11 16:38:25.000 D/PowerManagerService( 1179): updateWakeLockSummaryLocked: mWakefulness=Awake, mWakeLockSummary=0x0
05-11 16:38:25.000 D/PowerManagerService( 1179): updateScreenStateLocked: mDisplayReady=true, newScreenState=2, mWakefulness=1, mWakeLockSummary=0x0, mUserActivitySummary=0x1, mBootCompleted=true
05-11 16:38:25.000 D/PowerManagerService( 1179): Releasing suspend blocker "PowerManagerService.WakeLocks".
05-11 16:38:25.000 D/PowerManagerService( 1179): handleSandman: canDream=true, mWakefulness=Awake
05-11 16:38:25.010 D/MobileDataStateTracker( 1179): default: setPolicyDataEnable(enabled=true)
05-11 16:38:25.300 D/ChromiumHTTPDataSource(  238): onConnectionEstablished() in.
05-11 16:38:25.300 D/ChromiumHTTPDataSource(  238): connect_l() out.
05-11 16:38:25.300 E/NuCachedSource2(  238): timeout = 3000000000 nanoseconds
05-11 16:38:25.300 D/MediaExtractor(  238): Create mime:(null)
05-11 16:38:25.360 D/wpa_supplicant(19083): RX ctrl_iface - hexdump(len=11): 53 49 47 4e 41 4c 5f 50 4f 4c 4c
05-11 16:38:25.360 D/wpa_supplicant(19083): wlan0: Control interface command 'SIGNAL_POLL'
05-11 16:38:25.370 D/wpa_supplicant(19083): nl80211: survey data missing!
05-11 16:38:25.370 V/WLAN_PSA(  250): NL MSG, len[3998], NL type[0x1C] WNI type[0x5900] len[34319]
05-11 16:38:25.370 V/WLAN_PSA(  250): NL MSG, PID: 250
05-11 16:38:25.940 D/dalvikvm( 2653): GC_CONCURRENT freed <1K, 39% free 26308K/43104K, paused 4ms+4ms, total 70ms, dvmtargetUtilize:0.750000
05-11 16:38:26.010 E/QCALOG  (  359): [MessageQ] ProcessNewMessage: [XT-CS] unknown deliver target [OS-Agent]
05-11 16:38:26.790 D/ChromiumHTTPDataSource(  238): onConnectionEstablished() in.
05-11 16:38:26.800 D/ChromiumHTTPDataSource(  238): connect_l() out.
05-11 16:38:26.800 E/NuCachedSource2(  238): timeout = 3000000000 nanoseconds
05-11 16:38:26.800 D/MediaExtractor(  238): Create mime:(null)
05-11 16:38:27.060 E/QCALOG  (  359): [MessageQ] ProcessNewMessage: [XTWWAN-PE] unknown deliver target [OS-Agent]
05-11 16:38:27.060 E/QCALOG  (  359): [MessageQ] ProcessNewMessage: [XTWiFi-PE] unknown deliver target [OS-Agent]
05-11 16:38:27.930 V/kernel  ( 9294): <2>[ 9980.627037] wlan: [19072:F :CTL] WDI_printRegInfo: regCount: 9 scenario: 2 reasonCode: 8
05-11 16:38:27.930 V/kernel  ( 9294): <2>[ 9980.634471] wlan: [19072:F :CTL] a080eb4: 0
05-11 16:38:27.950 V/kernel  ( 9294): <2>[ 9980.638604] wlan: [19072:F :CTL] a080e20: 10ea500
05-11 16:38:27.950 V/kernel  ( 9294): <2>[ 9980.643286] wlan: [19072:F :CTL] a08040c: 0
05-11 16:38:27.950 V/kernel  ( 9294): <2>[ 9980.647194] wlan: [19072:F :CTL] a0821b8: 8f
05-11 16:38:27.950 V/kernel  ( 9294): <2>[ 9980.651714] wlan: [19072:F :CTL] a013c50: 0
05-11 16:38:27.970 V/kernel  ( 9294): <2>[ 9980.655739] wlan: [19072:F :CTL] a013c5c: 12
05-11 16:38:27.970 V/kernel  ( 9294): <2>[ 9980.659807] wlan: [19072:F :CTL] a013d38: 8c
05-11 16:38:27.970 V/kernel  ( 9294): <2>[ 9980.664550] wlan: [19072:F :CTL] a0800f4: 800007ff
05-11 16:38:27.970 V/kernel  ( 9294): <2>[ 9980.669048] wlan: [19072:F :CTL] a0801d0: 6
05-11 16:38:28.260 V/WLAN_PSA(  250): NL MSG, len[048], NL type[0x11] WNI type[0x5050] len[028]
05-11 16:38:28.260 V/WLAN_PSA(  250): NL MSG, PID: 250
05-11 16:38:28.310 D/PowerManagerService( 1179): handleUserActivityTimeout
05-11 16:38:28.310 D/PowerManagerService( 1179): updateUserActivitySummaryLocked: mWakefulness=Awake, mUserActivitySummary=0x1, nextTimeout=9999937 (in 18993 ms)
05-11 16:38:28.310 D/PowerManagerService( 1179): updateScreenStateLocked: mDisplayReady=true, newScreenState=2, mWakefulness=1, mWakeLockSummary=0x0, mUserActivitySummary=0x1, mBootCompleted=true
05-11 16:38:28.310 D/PowerManagerService( 1179): handleSandman: canDream=true, mWakefulness=Awake
05-11 16:38:28.370 D/wpa_supplicant(19083): RX ctrl_iface - hexdump(len=11): 53 49 47 4e 41 4c 5f 50 4f 4c 4c
05-11 16:38:28.370 D/wpa_supplicant(19083): wlan0: Control interface command 'SIGNAL_POLL'
05-11 16:38:28.390 D/wpa_supplicant(19083): nl80211: survey data missing!
05-11 16:38:31.010 E/QCALOG  (  359): [MessageQ] ProcessNewMessage: [XT-CS] unknown deliver target [OS-Agent]
05-11 16:38:31.380 D/wpa_supplicant(19083): RX ctrl_iface - hexdump(len=11): 53 49 47 4e 41 4c 5f 50 4f 4c 4c
05-11 16:38:31.380 D/wpa_supplicant(19083): wlan0: Control interface command 'SIGNAL_POLL'
05-11 16:38:31.390 D/wpa_supplicant(19083): nl80211: survey data missing!
05-11 16:38:31.390 V/WLAN_PSA(  250): NL MSG, len[4054], NL type[0x1C] WNI type[0x5900] len[48655]
05-11 16:38:31.390 V/WLAN_PSA(  250): NL MSG, PID: 250
05-11 16:38:32.070 E/QCALOG  (  359): [MessageQ] ProcessNewMessage: [XTWWAN-PE] unknown deliver target [OS-Agent]
05-11 16:38:32.070 E/QCALOG  (  359): [MessageQ] ProcessNewMessage: [XTWiFi-PE] unknown deliver target [OS-Agent]
05-11 16:38:33.070 I/MSM-irqbalance(  385): Decided to move IRQ155 from CPU7 to CPU6
05-11 16:38:33.270 V/WLAN_PSA(  250): NL MSG, len[048], NL type[0x11] WNI type[0x5050] len[028]
05-11 16:38:33.270 V/WLAN_PSA(  250): NL MSG, PID: 250
05-11 16:38:33.400 D/UIAutomatorStub(23692): URI: /jsonrpc/0, Method: POST, Header: {content-type=application/json, connection=close, remote-addr=127.0.0.1, host=localhost:9009, content-length=128, http-client-ip=127.0.0.1, user-agent=Python-urllib/2.7, accept-encoding=identity}, params, {NanoHttpd.QUERY_STRING=null}, files: {postData={"params": ["screenshot.png", 1.0, 100], "jsonrpc": "2.0", "method": "takeScreenshot", "id": "5ab8f22598c649c7a150c46cf729b211"}}
05-11 16:38:34.390 D/wpa_supplicant(19083): RX ctrl_iface - hexdump(len=11): 53 49 47 4e 41 4c 5f 50 4f 4c 4c
05-11 16:38:34.390 D/wpa_supplicant(19083): wlan0: Control interface command 'SIGNAL_POLL'
05-11 16:38:34.400 D/wpa_supplicant(19083): nl80211: survey data missing!
05-11 16:38:34.790 D/PRDrmPlugIn(  237): PRDrmPlugin::onInitialize, uniqueId = 4140
05-11 16:38:34.790 D/PRDrmPlugIn(  237): PRDrmPlugin::onSetOnInfoListener: starts! uniqueId = 4140
05-11 16:38:34.790 D/PRDrmPlugIn(  237): PRDrmPlugin::onSetOnInfoListener: ends!
05-11 16:38:34.790 D/PRDrmPlugIn(  237): PRDrmPlugin::onTerminate, uniqueId = 4140
05-11 16:38:35.110 I/NuCachedSource2(  238): new range: offset= 19905296
05-11 16:38:35.110 D/ChromiumHTTPDataSource(  238): disconnect_l() in.
05-11 16:38:35.110 D/ChromiumHTTPDataSource(  238): onDisconnectComplete() in.
05-11 16:38:35.110 D/ChromiumHTTPDataSource(  238): disconnect_l() out.
05-11 16:38:35.110 D/ChromiumHTTPDataSource(  238): connect_l() in.
05-11 16:38:35.150 D/UIAutomatorStub(23692): URI: /jsonrpc/0, Method: POST, Header: {content-type=application/json, connection=close, remote-addr=127.0.0.1, host=localhost:9009, content-length=101, http-client-ip=127.0.0.1, user-agent=Python-urllib/2.7, accept-encoding=identity}, params, {NanoHttpd.QUERY_STRING=null}, files: {postData={"params": [547, 945], "jsonrpc": "2.0", "method": "click", "id": "24cde298ad54ebbf776c4e69d35b9a6a"}}
05-11 16:38:35.160 D/InteractionController(23692): clickNoSync (547, 945)
05-11 16:38:35.160 D/PowerManagerService( 1179): userActivityNoUpdateLocked: eventTime=9987793, event=2, flags=0x0, uid=1000
05-11 16:38:35.160 D/PowerManagerService( 1179): updateUserActivitySummaryLocked: mWakefulness=Awake, mUserActivitySummary=0x1, nextTimeout=9992794 (in 4999 ms)
05-11 16:38:35.160 D/PowerManagerService( 1179): updateScreenStateLocked: mDisplayReady=true, newScreenState=2, mWakefulness=1, mWakeLockSummary=0x0, mUserActivitySummary=0x1, mBootCompleted=true
05-11 16:38:35.160 D/PowerManagerService( 1179): handleSandman: canDream=true, mWakefulness=Awake
05-11 16:38:35.520 V/kernel  ( 9294): <4>[ 9988.218499] IRQ39 no longer affine to CPU3
05-11 16:38:35.540 D/PRDrmPlugIn(  237): PRDrmPlugin::onInitialize, uniqueId = 4468
05-11 16:38:35.540 D/PRDrmPlugIn(  237): PRDrmPlugin::onSetOnInfoListener: starts! uniqueId = 4468
05-11 16:38:35.540 D/PRDrmPlugIn(  237): PRDrmPlugin::onSetOnInfoListener: ends!
05-11 16:38:35.540 D/PRDrmPlugIn(  237): PRDrmPlugin::onTerminate, uniqueId = 4468
05-11 16:38:36.010 E/QCALOG  (  359): [MessageQ] ProcessNewMessage: [XT-CS] unknown deliver target [OS-Agent]
05-11 16:38:36.290 D/UIAutomatorStub(23692): URI: /jsonrpc/0, Method: POST, Header: {content-type=application/json, connection=close, remote-addr=127.0.0.1, host=localhost:9009, content-length=128, http-client-ip=127.0.0.1, user-agent=Python-urllib/2.7, accept-encoding=identity}, params, {NanoHttpd.QUERY_STRING=null}, files: {postData={"params": ["screenshot.png", 1.0, 100], "jsonrpc": "2.0", "method": "takeScreenshot", "id": "7f841e3669f6e95e2437ef16a0d91fb2"}}
05-11 16:38:36.470 D/StatusBar.MSimNetworkController( 2358): onSignalStrengthsChanged received on subscription :0signalStrength=SignalStrength: 28 0 2147483647 2147483647 gsm|lte level=4
05-11 16:38:36.470 D/StatusBar.MSimNetworkController( 2358): updateTelephonySignalStrength: subscription =0
05-11 16:38:36.470 D/StatusBar.MSimNetworkController( 2358): updateTelephonySignalStrength iconList = [I@42142278iconLevel = 5 mInetCondition = 0
05-11 16:38:36.470 D/StatusBar.MSimNetworkController( 2358): refreshViews subscription =0mMSimDataConnected =false mHasMobileDataFeature:true
05-11 16:38:36.470 D/StatusBar.MSimNetworkController( 2358): refreshViews: Data not connected!! Set no data type icon / Roaming for subscription: 0
05-11 16:38:36.470 D/StatusBar.MSimNetworkController( 2358): refreshViews connected={ wifi } level=4 mMSimcombinedSignalIconId=0x7f02019f/com.smartisanos.systemui:drawable/stat_sys_wifi_signal_3 mMSimcombinedActivityIconId=0x0 mAirplaneMode=false mMSimDataActivity=0 mMSimPhoneSignalIconId=0x7f020185 mMSimDataDirectionIconId=0x0 mMSimDataSignalIconId=0x7f020185 mMSimDataTypeIconId=0x0 mWifiIconId=0x7f02019f mBluetoothTetherIconId=0x10807e7
05-11 16:38:37.040 E/QCALOG  (  359): [MessageQ] ProcessNewMessage: [LOWI-SERVER] unknown deliver target [OS-Agent]
05-11 16:38:37.070 E/QCALOG  (  359): [MessageQ] ProcessNewMessage: [XTWWAN-PE] unknown deliver target [OS-Agent]
05-11 16:38:37.070 E/QCALOG  (  359): [MessageQ] ProcessNewMessage: [XTWiFi-PE] unknown deliver target [OS-Agent]
05-11 16:38:37.400 D/wpa_supplicant(19083): RX ctrl_iface - hexdump(len=11): 53 49 47 4e 41 4c 5f 50 4f 4c 4c
05-11 16:38:37.400 D/wpa_supplicant(19083): wlan0: Control interface command 'SIGNAL_POLL'
05-11 16:38:37.410 D/wpa_supplicant(19083): nl80211: survey data missing!
05-11 16:38:38.040 D/UIAutomatorStub(23692): URI: /jsonrpc/0, Method: POST, Header: {content-type=application/json, connection=close, remote-addr=127.0.0.1, host=localhost:9009, content-length=101, http-client-ip=127.0.0.1, user-agent=Python-urllib/2.7, accept-encoding=identity}, params, {NanoHttpd.QUERY_STRING=null}, files: {postData={"params": [547, 945], "jsonrpc": "2.0", "method": "click", "id": "967ee000922d0a477ed377c9c503d509"}}
05-11 16:38:38.040 D/InteractionController(23692): clickNoSync (547, 945)
05-11 16:38:38.050 D/PowerManagerService( 1179): userActivityNoUpdateLocked: eventTime=9990679, event=2, flags=0x0, uid=1000
05-11 16:38:38.050 D/PowerManagerService( 1179): updateUserActivitySummaryLocked: mWakefulness=Awake, mUserActivitySummary=0x1, nextTimeout=9995680 (in 4999 ms)
05-11 16:38:38.050 D/PowerManagerService( 1179): updateScreenStateLocked: mDisplayReady=true, newScreenState=2, mWakefulness=1, mWakeLockSummary=0x0, mUserActivitySummary=0x1, mBootCompleted=true
05-11 16:38:38.050 D/PowerManagerService( 1179): handleSandman: canDream=true, mWakefulness=Awake
05-11 16:38:38.070 V/WLAN_PSA(  250): NL MSG, len[4067], NL type[0x1C] WNI type[0x5900] len[51983]
05-11 16:38:38.070 V/WLAN_PSA(  250): NL MSG, PID: 250
05-11 16:38:38.070 I/MSM-irqbalance(  385): Decided to move IRQ130 from CPU7 to CPU6
05-11 16:38:38.280 V/WLAN_PSA(  250): NL MSG, len[048], NL type[0x11] WNI type[0x5050] len[028]
05-11 16:38:38.280 V/WLAN_PSA(  250): NL MSG, PID: 250
05-11 16:38:38.390 I/NuCachedSource2(  238): new range: offset= 19905296
05-11 16:38:38.390 D/ChromiumHTTPDataSource(  238): disconnect_l() in.
05-11 16:38:38.390 D/ChromiumHTTPDataSource(  238): onDisconnectComplete() in.
05-11 16:38:38.390 D/ChromiumHTTPDataSource(  238): disconnect_l() out.
05-11 16:38:38.390 D/ChromiumHTTPDataSource(  238): connect_l() in.
05-11 16:38:39.170 D/ChromiumHTTPDataSource(  238): onConnectionEstablished() in.
05-11 16:38:39.170 D/ChromiumHTTPDataSource(  238): connect_l() out.
05-11 16:38:39.180 D/UIAutomatorStub(23692): URI: /jsonrpc/0, Method: POST, Header: {content-type=application/json, connection=close, remote-addr=127.0.0.1, host=localhost:9009, content-length=206, http-client-ip=127.0.0.1, user-agent=Python-urllib/2.7, accept-encoding=identity}, params, {NanoHttpd.QUERY_STRING=null}, files: {postData={"params": [{"childOrSiblingSelector": [], "className": "android.view.View", "mask": 16, "childOrSibling": []}, 15000], "jsonrpc": "2.0", "method": "waitForExists", "id": "16fab0116d17a4bc796941613dc6449c"}}
05-11 16:38:39.180 D/ChromiumHTTPDataSource(  238): onConnectionEstablished() in.
05-11 16:38:39.180 D/ChromiumHTTPDataSource(  238): connect_l() out.
05-11 16:38:39.240 I/PPPOEService( 1179): NetdCallbackReceiver onEvent 601601 limit alert globalAlert wlan0
05-11 16:38:39.240 D/PowerManagerService( 1179): acquireWakeLockInternal: lock=1111706368, flags=0x1, tag="NetworkStats", ws=null, uid=1000, pid=1179
05-11 16:38:39.240 D/PowerManagerService( 1179): updateWakeLockSummaryLocked: mWakefulness=Awake, mWakeLockSummary=0x1
05-11 16:38:39.240 D/PowerManagerService( 1179): updateScreenStateLocked: mDisplayReady=true, newScreenState=2, mWakefulness=1, mWakeLockSummary=0x1, mUserActivitySummary=0x1, mBootCompleted=true
05-11 16:38:39.240 D/PowerManagerService( 1179): Acquiring suspend blocker "PowerManagerService.WakeLocks".
05-11 16:38:39.250 D/NtpTrustedTime( 1179): currentTimeMillis() cache hit
05-11 16:38:39.250 D/PowerManagerService( 1179): handleSandman: canDream=true, mWakefulness=Awake
05-11 16:38:39.330 D/NtpTrustedTime( 1179): currentTimeMillis() cache hit
05-11 16:38:39.330 D/NtpTrustedTime( 1179): currentTimeMillis() cache hit
05-11 16:38:39.330 D/PowerManagerService( 1179): releaseWakeLockInternal: lock=1111706368 [NetworkStats], flags=0x0
05-11 16:38:39.330 D/PowerManagerService( 1179): updateWakeLockSummaryLocked: mWakefulness=Awake, mWakeLockSummary=0x0
05-11 16:38:39.330 D/PowerManagerService( 1179): updateScreenStateLocked: mDisplayReady=true, newScreenState=2, mWakefulness=1, mWakeLockSummary=0x0, mUserActivitySummary=0x1, mBootCompleted=true
05-11 16:38:39.340 D/PowerManagerService( 1179): Releasing suspend blocker "PowerManagerService.WakeLocks".
05-11 16:38:39.340 D/MobileDataStateTracker( 1179): default: setPolicyDataEnable(enabled=true)
05-11 16:38:39.340 D/PowerManagerService( 1179): handleSandman: canDream=true, mWakefulness=Awake
05-11 16:38:40.380 I/dalvikvm(21722): Jit: resizing JitTable from 4096 to 8192
05-11 16:38:40.410 D/wpa_supplicant(19083): RX ctrl_iface - hexdump(len=11): 53 49 47 4e 41 4c 5f 50 4f 4c 4c
05-11 16:38:40.410 D/wpa_supplicant(19083): wlan0: Control interface command 'SIGNAL_POLL'
05-11 16:38:40.420 D/wpa_supplicant(19083): nl80211: survey data missing!
05-11 16:38:41.010 E/QCALOG  (  359): [MessageQ] ProcessNewMessage: [XT-CS] unknown deliver target [OS-Agent]
05-11 16:38:41.240 D/StatusBar.MSimNetworkController( 2358): onSignalStrengthsChanged received on subscription :0signalStrength=SignalStrength: 29 0 2147483647 2147483647 gsm|lte level=4
05-11 16:38:41.240 D/StatusBar.MSimNetworkController( 2358): updateTelephonySignalStrength: subscription =0
05-11 16:38:41.240 D/StatusBar.MSimNetworkController( 2358): updateTelephonySignalStrength iconList = [I@42142278iconLevel = 5 mInetCondition = 0
05-11 16:38:41.240 D/StatusBar.MSimNetworkController( 2358): refreshViews subscription =0mMSimDataConnected =false mHasMobileDataFeature:true
05-11 16:38:41.240 D/StatusBar.MSimNetworkController( 2358): refreshViews: Data not connected!! Set no data type icon / Roaming for subscription: 0
05-11 16:38:41.240 D/StatusBar.MSimNetworkController( 2358): refreshViews connected={ wifi } level=4 mMSimcombinedSignalIconId=0x7f02019f/com.smartisanos.systemui:drawable/stat_sys_wifi_signal_3 mMSimcombinedActivityIconId=0x0 mAirplaneMode=false mMSimDataActivity=0 mMSimPhoneSignalIconId=0x7f020185 mMSimDataDirectionIconId=0x0 mMSimDataSignalIconId=0x7f020185 mMSimDataTypeIconId=0x0 mWifiIconId=0x7f02019f mBluetoothTetherIconId=0x10807e7
05-11 16:38:42.070 E/QCALOG  (  359): [MessageQ] ProcessNewMessage: [XTWWAN-PE] unknown deliver target [OS-Agent]
05-11 16:38:42.070 E/QCALOG  (  359): [MessageQ] ProcessNewMessage: [XTWiFi-PE] unknown deliver target [OS-Agent]
05-11 16:38:42.180 D/PRDrmPlugIn(  237): PRDrmPlugin::onInitialize, uniqueId = 7019
05-11 16:38:42.180 D/PRDrmPlugIn(  237): PRDrmPlugin::onSetOnInfoListener: starts! uniqueId = 7019
05-11 16:38:42.180 D/PRDrmPlugIn(  237): PRDrmPlugin::onSetOnInfoListener: ends!
05-11 16:38:42.190 D/PRDrmPlugIn(  237): PRDrmPlugin::onTerminate, uniqueId = 7019
05-11 16:38:42.280 I/NuCachedSource2(  238): new range: offset= 19905296
05-11 16:38:42.280 D/ChromiumHTTPDataSource(  238): disconnect_l() in.
05-11 16:38:42.280 D/ChromiumHTTPDataSource(  238): onDisconnectComplete() in.
05-11 16:38:42.280 D/ChromiumHTTPDataSource(  238): disconnect_l() out.
05-11 16:38:42.280 D/ChromiumHTTPDataSource(  238): connect_l() in.
05-11 16:38:43.050 D/PowerManagerService( 1179): handleUserActivityTimeout
05-11 16:38:43.050 D/PowerManagerService( 1179): updateUserActivitySummaryLocked: mWakefulness=Awake, mUserActivitySummary=0x1, nextTimeout=10014679 (in 18995 ms)
05-11 16:38:43.050 D/PowerManagerService( 1179): updateScreenStateLocked: mDisplayReady=true, newScreenState=2, mWakefulness=1, mWakeLockSummary=0x0, mUserActivitySummary=0x1, mBootCompleted=true
05-11 16:38:43.050 D/PowerManagerService( 1179): handleSandman: canDream=true, mWakefulness=Awake
05-11 16:38:43.070 V/WLAN_PSA(  250): NL MSG, len[4015], NL type[0x1C] WNI type[0x5900] len[38671]
05-11 16:38:43.070 V/WLAN_PSA(  250): NL MSG, PID: 250
05-11 16:38:43.070 I/MSM-irqbalance(  385): Decided to move IRQ200 from CPU7 to CPU6
05-11 16:38:43.290 V/WLAN_PSA(  250): NL MSG, len[048], NL type[0x11] WNI type[0x5050] len[028]
05-11 16:38:43.290 V/WLAN_PSA(  250): NL MSG, PID: 250
05-11 16:38:43.420 D/wpa_supplicant(19083): RX ctrl_iface - hexdump(len=11): 53 49 47 4e 41 4c 5f 50 4f 4c 4c
05-11 16:38:43.420 D/wpa_supplicant(19083): wlan0: Control interface command 'SIGNAL_POLL'
05-11 16:38:43.430 D/wpa_supplicant(19083): nl80211: survey data missing!
05-11 16:38:43.590 D/StatusBar.MSimNetworkController( 2358): onSignalStrengthsChanged received on subscription :0signalStrength=SignalStrength: 29 0 2147483647 2147483647 gsm|lte level=4
05-11 16:38:43.590 D/StatusBar.MSimNetworkController( 2358): updateTelephonySignalStrength: subscription =0
05-11 16:38:43.590 D/StatusBar.MSimNetworkController( 2358): updateTelephonySignalStrength iconList = [I@42142278iconLevel = 5 mInetCondition = 0
05-11 16:38:43.590 D/StatusBar.MSimNetworkController( 2358): refreshViews subscription =0mMSimDataConnected =false mHasMobileDataFeature:true
05-11 16:38:43.590 D/StatusBar.MSimNetworkController( 2358): refreshViews: Data not connected!! Set no data type icon / Roaming for subscription: 0
05-11 16:38:43.600 D/StatusBar.MSimNetworkController( 2358): refreshViews connected={ wifi } level=4 mMSimcombinedSignalIconId=0x7f02019f/com.smartisanos.systemui:drawable/stat_sys_wifi_signal_3 mMSimcombinedActivityIconId=0x0 mAirplaneMode=false mMSimDataActivity=0 mMSimPhoneSignalIconId=0x7f020185 mMSimDataDirectionIconId=0x0 mMSimDataSignalIconId=0x7f020185 mMSimDataTypeIconId=0x0 mWifiIconId=0x7f02019f mBluetoothTetherIconId=0x10807e7
05-11 16:38:44.890 D/ChromiumHTTPDataSource(  238): onConnectionEstablished() in.
05-11 16:38:44.890 D/ChromiumHTTPDataSource(  238): connect_l() out.
05-11 16:38:45.300 I/NuCachedSource2(  238): ERROR_END_OF_STREAM
05-11 16:38:46.010 E/QCALOG  (  359): [MessageQ] ProcessNewMessage: [XT-CS] unknown deliver target [OS-Agent]
05-11 16:38:46.370 D/PowerManagerService( 1179): acquireWakeLockInternal: lock=1113779584, flags=0x1, tag="AlarmManager", ws=WorkSource{10104}, uid=1000, pid=1179
05-11 16:38:46.370 D/PowerManagerService( 1179): updateWakeLockSummaryLocked: mWakefulness=Awake, mWakeLockSummary=0x1
05-11 16:38:46.370 D/PowerManagerService( 1179): updateScreenStateLocked: mDisplayReady=true, newScreenState=2, mWakefulness=1, mWakeLockSummary=0x1, mUserActivitySummary=0x1, mBootCompleted=true
05-11 16:38:46.370 D/PowerManagerService( 1179): Acquiring suspend blocker "PowerManagerService.WakeLocks".
05-11 16:38:46.370 D/PowerManagerService( 1179): handleSandman: canDream=true, mWakefulness=Awake
05-11 16:38:46.370 D/PowerManagerService( 1179): acquireWakeLockInternal: lock=1115101688, flags=0x1, tag="!32@/B4Tb64lLpLSCksk5w/QSxQTciH9sVsR", ws=null, uid=10104, pid=21883
05-11 16:38:46.370 D/PowerManagerService( 1179): updateWakeLockSummaryLocked: mWakefulness=Awake, mWakeLockSummary=0x1
05-11 16:38:46.370 D/PowerManagerService( 1179): updateScreenStateLocked: mDisplayReady=true, newScreenState=2, mWakefulness=1, mWakeLockSummary=0x1, mUserActivitySummary=0x1, mBootCompleted=true
05-11 16:38:46.380 D/PowerManagerService( 1179): handleSandman: canDream=true, mWakefulness=Awake
05-11 16:38:46.390 D/PowerManagerService( 1179): acquireWakeLockInternal: lock=1129086448, flags=0x1, tag="!32@/B4Tb64lLpLSCksk5w/QSxQTciH9sVsR", ws=null, uid=10104, pid=21883
05-11 16:38:46.390 D/PowerManagerService( 1179): updateWakeLockSummaryLocked: mWakefulness=Awake, mWakeLockSummary=0x1
05-11 16:38:46.390 D/PowerManagerService( 1179): updateScreenStateLocked: mDisplayReady=true, newScreenState=2, mWakefulness=1, mWakeLockSummary=0x1, mUserActivitySummary=0x1, mBootCompleted=true
05-11 16:38:46.390 D/PowerManagerService( 1179): handleSandman: canDream=true, mWakefulness=Awake
05-11 16:38:46.400 D/PowerManagerService( 1179): releaseWakeLockInternal: lock=1113779584 [AlarmManager], flags=0x0
05-11 16:38:46.400 D/PowerManagerService( 1179): updateWakeLockSummaryLocked: mWakefulness=Awake, mWakeLockSummary=0x1
05-11 16:38:46.400 D/PowerManagerService( 1179): updateScreenStateLocked: mDisplayReady=true, newScreenState=2, mWakefulness=1, mWakeLockSummary=0x1, mUserActivitySummary=0x1, mBootCompleted=true
05-11 16:38:46.410 D/PowerManagerService( 1179): handleSandman: canDream=true, mWakefulness=Awake
