--------- beginning of /dev/log/main
05-11 16:38:12.060 E/QCALOG  (  359): [MessageQ] ProcessNewMessage: [XTWWAN-PE] unknown deliver target [OS-Agent]
05-11 16:38:12.060 E/QCALOG  (  359): [MessageQ] ProcessNewMessage: [XTWiFi-PE] unknown deliver target [OS-Agent]
05-11 16:38:12.750 D/UIAutomatorStub(23692): URI: /jsonrpc/0, Method: POST, Header: {content-type=application/json, connection=close, remote-addr=127.0.0.1, host=localhost:9009, content-length=85, http-client-ip=127.0.0.1, user-agent=Python-urllib/2.7, accept-encoding=identity}, params, {NanoHttpd.QUERY_STRING=null}, files: {postData={"jsonrpc": "2.0", "method": "getWatchers", "id": "6fd325c52470a0c21857235779bd20c0"}}
05-11 16:38:12.780 D/UIAutomatorStub(23692): URI: /jsonrpc/0, Method: POST, Header: {content-type=application/json, connection=close, remote-addr=127.0.0.1, host=localhost:9009, content-length=85, http-client-ip=127.0.0.1, user-agent=Python-urllib/2.7, accept-encoding=identity}, params, {NanoHttpd.QUERY_STRING=null}, files: {postData={"jsonrpc": "2.0", "method": "getWatchers", "id": "91fe1582510b1ec73f462d2c1e1f9666"}}
05-11 16:38:12.800 D/UIAutomatorStub(23692): URI: /jsonrpc/0, Method: POST, Header: {content-type=application/json, connection=close, remote-addr=127.0.0.1, host=localhost:9009, content-length=94, http-client-ip=127.0.0.1, user-agent=Python-urllib/2.7, accept-encoding=identity}, params, {NanoHttpd.QUERY_STRING=null}, files: {postData={"jsonrpc": "2.0", "method": "resetWatcherTriggers", "id": "1aa7a7b11befd0aef6ba93338930711a"}}
05-11 16:38:12.820 D/UIAutomatorStub(23692): URI: /jsonrpc/0, Method: POST, Header: {content-type=application/json, connection=close, remote-addr=127.0.0.1, host=localhost:9009, content-length=85, http-client-ip=127.0.0.1, user-agent=Python-urllib/2.7, accept-encoding=identity}, params, {NanoHttpd.QUERY_STRING=null}, files: {postData={"jsonrpc": "2.0", "method": "getWatchers", "id": "fa1a320fe1d16c91ee26704b01a6599b"}}
05-11 16:38:12.840 D/UIAutomatorStub(23692): URI: /jsonrpc/0, Method: POST, Header: {content-type=application/json, connection=close, remote-addr=127.0.0.1, host=localhost:9009, content-length=85, http-client-ip=127.0.0.1, user-agent=Python-urllib/2.7, accept-encoding=identity}, params, {NanoHttpd.QUERY_STRING=null}, files: {postData={"jsonrpc": "2.0", "method": "getWatchers", "id": "a66dddd99bb11d91e26a7de08282a9c1"}}
05-11 16:38:12.860 D/UIAutomatorStub(23692): URI: /jsonrpc/0, Method: POST, Header: {content-type=application/json, connection=close, remote-addr=127.0.0.1, host=localhost:9009, content-length=322, http-client-ip=127.0.0.1, user-agent=Python-urllib/2.7, accept-encoding=identity}, params, {NanoHttpd.QUERY_STRING=null}, files: {postData={"params": ["IGNORE_ANR", [{"childOrSiblingSelector": [], "mask": 2, "textContains": "\u65e0\u54cd\u5e94", "childOrSibling": []}], {"childOrSiblingSelector": [], "text": "\u786e\u5b9a", "mask": 1, "childOrSibling": []}], "jsonrpc": "2.0", "method": "registerClickUiObjectWatcher", "id": "9299b99cbf578eceb90599bbf121fd8a"}}
05-11 16:38:12.930 D/UIAutomatorStub(23692): URI: /jsonrpc/0, Method: POST, Header: {content-type=application/json, connection=close, remote-addr=127.0.0.1, host=localhost:9009, content-length=330, http-client-ip=127.0.0.1, user-agent=Python-urllib/2.7, accept-encoding=identity}, params, {NanoHttpd.QUERY_STRING=null}, files: {postData={"params": ["IGNORE_CRASH", [{"childOrSiblingSelector": [], "mask": 2, "textContains": "\u505c\u6b62\u8fd0\u884c", "childOrSibling": []}], {"childOrSiblingSelector": [], "text": "\u786e\u5b9a", "mask": 1, "childOrSibling": []}], "jsonrpc": "2.0", "method": "registerClickUiObjectWatcher", "id": "00d5a8556513d0626e896daf18d8e9ea"}}
05-11 16:38:12.950 D/UIAutomatorStub(23692): URI: /jsonrpc/0, Method: POST, Header: {content-type=application/json, connection=close, remote-addr=127.0.0.1, host=localhost:9009, content-length=364, http-client-ip=127.0.0.1, user-agent=Python-urllib/2.7, accept-encoding=identity}, params, {NanoHttpd.QUERY_STRING=null}, files: {postData={"params": ["IGNORE_POPWINDOW_WEIBO", [{"childOrSiblingSelector": [], "mask": 2, "textContains": "\u7ed9\u6211\u4eec\u8bc4\u5206", "childOrSibling": []}], {"childOrSiblingSelector": [], "text": "\u4e0d\u4e86\uff0c\u8c22\u8c22", "mask": 1, "childOrSibling": []}], "jsonrpc": "2.0", "method": "registerClickUiObjectWatcher", "id": "543cee89d1ecdf3ee5d42c5377124e66"}}
05-11 16:38:12.970 D/UIAutomatorStub(23692): URI: /jsonrpc/0, Method: POST, Header: {content-type=application/json, connection=close, remote-addr=127.0.0.1, host=localhost:9009, content-length=360, http-client-ip=127.0.0.1, user-agent=Python-urllib/2.7, accept-encoding=identity}, params, {NanoHttpd.QUERY_STRING=null}, files: {postData={"params": ["IGNORE_DRAFT", [{"childOrSiblingSelector": [], "mask": 2, "textContains": "\u662f\u5426\u4fdd\u5b58\u8349\u7a3f", "childOrSibling": []}], {"childOrSiblingSelector": [], "text": "\u4e0d\u4fdd\u5b58\u8349\u7a3f", "mask": 1, "childOrSibling": []}], "jsonrpc": "2.0", "method": "registerClickUiObjectWatcher", "id": "d750e7270b16d59d13891e5779519853"}}
05-11 16:38:13.070 I/MSM-irqbalance(  385): Decided to move IRQ200 from CPU6 to CPU7
05-11 16:38:13.230 V/WLAN_PSA(  250): NL MSG, len[048], NL type[0x11] WNI type[0x5050] len[028]
05-11 16:38:13.230 V/WLAN_PSA(  250): NL MSG, PID: 250
05-11 16:38:13.230 V/WLAN_PSA(  250): NL MSG, len[3985], NL type[0x1C] WNI type[0x5900] len[30991]
05-11 16:38:13.230 V/WLAN_PSA(  250): NL MSG, PID: 250
05-11 16:38:13.290 D/wpa_supplicant(19083): RX ctrl_iface - hexdump(len=11): 53 49 47 4e 41 4c 5f 50 4f 4c 4c
05-11 16:38:13.290 D/wpa_supplicant(19083): wlan0: Control interface command 'SIGNAL_POLL'
05-11 16:38:13.300 D/wpa_supplicant(19083): nl80211: survey data missing!
05-11 16:38:13.360 D/AndroidRuntime(23732): 
05-11 16:38:13.360 D/AndroidRuntime(23732): >>>>>> AndroidRuntime START com.android.internal.os.RuntimeInit <<<<<<
05-11 16:38:13.360 D/AndroidRuntime(23732): CheckJNI is OFF
05-11 16:38:13.380 D/dalvikvm(23732): Unable to stat classpath element '/system/framework/qcom.fmradio.jar'
05-11 16:38:13.390 D/dalvikvm(23732): Trying to load lib libjavacore.so 0x0
05-11 16:38:13.400 D/dalvikvm(23732): Added shared lib libjavacore.so 0x0
05-11 16:38:13.400 D/dalvikvm(23732): Trying to load lib libnativehelper.so 0x0
05-11 16:38:13.400 D/dalvikvm(23732): Added shared lib libnativehelper.so 0x0
05-11 16:38:13.400 D/dalvikvm(23732): No JNI_OnLoad found in libnativehelper.so 0x0, skipping init
05-11 16:38:13.430 D/dalvikvm(23732): Note: class Landroid/app/ActivityManagerNative; has 185 unimplemented (abstract) methods
05-11 16:38:13.650 D/AndroidRuntime(23732): Calling main entry com.android.commands.am.Am
05-11 16:38:13.670 E/NewLauncher( 2653): Launcher : ### onPause ####
05-11 16:38:13.670 E/NewLauncher( 2653): UninstallApp : cancelUninstallWithoutAnim nothing to do by mUninstallDialog is null
05-11 16:38:13.670 D/AndroidRuntime(23732): Shutting down VM
--------- beginning of /dev/log/system
05-11 16:38:13.670 I/ActivityManager( 1179): START u0 {flg=0x10000000 cmp=com.android.browser/.BrowserActivity} from pid 23732
05-11 16:38:13.670 D/PowerManagerService( 1179): acquireWakeLockInternal: lock=1107865952, flags=0x1, tag="ActivityManager-Launch", ws=null, uid=1000, pid=1179
05-11 16:38:13.670 D/PowerManagerService( 1179): updateWakeLockSummaryLocked: mWakefulness=Awake, mWakeLockSummary=0x1
05-11 16:38:13.670 D/PowerManagerService( 1179): updateScreenStateLocked: mDisplayReady=true, newScreenState=2, mWakefulness=1, mWakeLockSummary=0x1, mUserActivitySummary=0x1, mBootCompleted=true
05-11 16:38:13.670 D/PowerManagerService( 1179): Acquiring suspend blocker "PowerManagerService.WakeLocks".
05-11 16:38:13.670 D/PowerManagerService( 1179): handleSandman: canDream=true, mWakefulness=Awake
05-11 16:38:13.680 D/dalvikvm(23732): GC_CONCURRENT freed 96K, 15% free 605K/704K, paused 0ms+0ms, total 2ms, dvmtargetUtilize:0.750000
05-11 16:38:13.690 D/skia    ( 1179): Decoder Format : PNG
05-11 16:38:13.690 D/skia    ( 1179): call decode 
05-11 16:38:13.690 D/skia    ( 1179): Start onDecode 
05-11 16:38:13.710 D/skia    ( 1179): End onDecode 
05-11 16:38:13.720 D/WebViewTimersControl(21722): onBrowserActivityResume
05-11 16:38:13.720 D/WebViewTimersControl(21722): Resuming webview timers, view=com.android.browser.BrowserWebView{43427260 VFEDHVCL .F...... 0,0-1080,1536}
05-11 16:38:13.730 V/kernel  ( 9294): <6>[ 9966.427384] mpu6050_power_ctl Power on
05-11 16:38:13.730 V/kernel  ( 9294): <4>[ 9966.430293] mpu6050 0-0068: Ignore power status change from 1 to 1
05-11 16:38:13.740 V/kernel  ( 9294): <6>[ 9966.436272] mpu6050_restore_context 
05-11 16:38:13.750 E/NewLauncher( 2653): Utils : DEBUG : ### rti = 1 ##
05-11 16:38:13.750 E/NewLauncher( 2653): Utils : DEBUG : ## rt = com.android.browser.BrowserActivity ##
05-11 16:38:13.750 E/NewLauncher( 2653): LauncherApplication : ACTION_ACTIVITY_RESUMED : component:com.android.browser.BrowserActivity
05-11 16:38:13.750 E/NewLauncher( 2653): DatabaseHandler : DEBUG : handleMessage execute action [EVENT_REMOVE_NEW_FLAG_BY_INTENT]
05-11 16:38:13.750 W/ActivityManager( 1179): ActivityManagerService, registerReceiver, caller == android.app.ApplicationThreadProxy@41f47bd0
05-11 16:38:13.750 W/ActivityManager( 1179): ActivityManagerService, registerReceiver, callerApp == ProcessRecord{430956f0 21722:com.android.browser/u0a2}
05-11 16:38:13.760 E/NewLauncher( 2653): DatabaseHandler : DEBUG : get id [20] by cmpName com.android.browser.BrowserActivity
05-11 16:38:13.760 W/ActivityManager( 1179): ActivityManagerService, registerReceiver, caller == android.app.ApplicationThreadProxy@41f00cc0
05-11 16:38:13.760 W/ActivityManager( 1179): ActivityManagerService, registerReceiver, callerApp == ProcessRecord{430956f0 21722:com.android.browser/u0a2}
05-11 16:38:13.770 W/ActivityManager( 1179): ActivityManagerService, registerReceiver, caller == android.app.ApplicationThreadProxy@422abd70
05-11 16:38:13.770 W/ActivityManager( 1179): ActivityManagerService, registerReceiver, callerApp == ProcessRecord{430956f0 21722:com.android.browser/u0a2}
05-11 16:38:13.800 E/NewLauncher( 2653): DatabaseHandler : DEBUG : DatabaseHandler action [EVENT_REMOVE_NEW_FLAG_BY_INTENT] Done !
05-11 16:38:13.800 E/NewLauncher( 2653): DatabaseHandler : DEBUG : isNewlyInstalled set false by convertContentValuesToItemInfo, name [浏览器], pkg [com.android.browser], cmp [com.android.browser.BrowserActivity]
05-11 16:38:13.820 D/StatusBarManagerService( 1179): manageDisableList userId=0 what=0x0 pkg=WindowManager.LayoutParams token:android.os.Binder@4267f9e8
05-11 16:38:13.850 W/AwContents(21722): nativeOnDraw failed; clearing to background color.
05-11 16:38:13.920 D/UIAutomatorStub(23692): URI: /jsonrpc/0, Method: POST, Header: {content-type=application/json, connection=close, remote-addr=127.0.0.1, host=localhost:9009, content-length=227, http-client-ip=127.0.0.1, user-agent=Python-urllib/2.7, accept-encoding=identity}, params, {NanoHttpd.QUERY_STRING=null}, files: {postData={"params": [{"childOrSiblingSelector": [], "resourceId": "com.android.browser:id/switch_btn", "mask": 2097152, "childOrSibling": []}, 5000], "jsonrpc": "2.0", "method": "waitForExists", "id": "879a2030887917ccbeccab6275daf52c"}}
05-11 16:38:13.950 D/SmartisanPhoneStatusBarTransitions( 2358): onTransition mode:0
05-11 16:38:13.950 D/StatusBarManagerService( 1179): manageDisableList userId=0 what=0x0 pkg=WindowManager.LayoutParams token:android.os.Binder@4267f9e8
05-11 16:38:14.020 D/PhoneWindow(21722): Twist is enabled, pacakge=com.android.browser
05-11 16:38:14.020 D/PhoneWindow(21722): onWindowFocusChanged, who=/system/priv-app/BrowserSmartisan.apk hasWindowFocus=true requestedOrientation=2 appUserOrientation=-1
05-11 16:38:14.060 I/Timeline(21722): Timeline: Activity_idle id: android.os.BinderProxy@41f01a00 time:9966691
05-11 16:38:14.060 D/PowerManagerService( 1179): releaseWakeLockInternal: lock=1107865952 [ActivityManager-Launch], flags=0x0
05-11 16:38:14.060 D/PowerManagerService( 1179): updateWakeLockSummaryLocked: mWakefulness=Awake, mWakeLockSummary=0x0
05-11 16:38:14.060 D/PowerManagerService( 1179): updateScreenStateLocked: mDisplayReady=true, newScreenState=2, mWakefulness=1, mWakeLockSummary=0x0, mUserActivitySummary=0x1, mBootCompleted=true
05-11 16:38:14.060 D/PowerManagerService( 1179): Releasing suspend blocker "PowerManagerService.WakeLocks".
05-11 16:38:14.060 D/PowerManagerService( 1179): handleSandman: canDream=true, mWakefulness=Awake
05-11 16:38:14.090 E/NewLauncher( 2653): Launcher : DEBUG : onWindowFocusChanged = false
05-11 16:38:14.090 E/QueryController(23692): Got null root node from accessibility - Retrying...
05-11 16:38:14.380 I/QueryController(23692): Matched selector: UiSelector[RESOURCE_ID=com.android.browser:id/switch_btn] <<==>> [android.view.accessibility.AccessibilityNodeInfo@d2d8; boundsInParent: Rect(0, 0 - 216, 153); boundsInScreen: Rect(432, 1767 - 648, 1920); packageName: com.android.browser; className: android.widget.ImageView; text: null; contentDescription: null; viewIdResName: com.android.browser:id/switch_btn; checkable: false; checked: false; focusable: false; focused: false; selected: false; clickable: true; longClickable: false; enabled: true; password: false; scrollable: false; [ACTION_SELECT, ACTION_CLEAR_SELECTION, ACTION_CLICK, ACTION_ACCESSIBILITY_FOCUS]]
05-11 16:38:14.400 D/UIAutomatorStub(23692): URI: /jsonrpc/0, Method: POST, Header: {content-type=application/json, connection=close, remote-addr=127.0.0.1, host=localhost:9009, content-length=238, http-client-ip=127.0.0.1, user-agent=Python-urllib/2.7, accept-encoding=identity}, params, {NanoHttpd.QUERY_STRING=null}, files: {postData={"params": [{"childOrSiblingSelector": [], "resourceId": "com.android.browser:id/newtab_btn", "mask": 2097152, "childOrSibling": []}, 3000], "jsonrpc": "2.0", "method": "clickAndWaitForNewWindow", "id": "f2543f7bf64f37105a6baeda08c9db7a"}}
05-11 16:38:14.400 E/SmartisanOS_Perf( 1179): SmartiPerformance has not been initialized!
05-11 16:38:14.400 I/Timeline( 1179): Timeline: Activity_windows_visible id: ActivityRecord{421a4fa0 u0 com.android.browser/.BrowserActivity t23} time:9967035
05-11 16:38:14.450 E/NewLauncher( 2653): Launcher : ### onStop ###
05-11 16:38:14.590 I/QueryController(23692): Matched selector: UiSelector[RESOURCE_ID=com.android.browser:id/newtab_btn] <<==>> [android.view.accessibility.AccessibilityNodeInfo@d699; boundsInParent: Rect(0, 0 - 216, 153); boundsInScreen: Rect(648, 1767 - 864, 1920); packageName: com.android.browser; className: android.widget.ImageView; text: null; contentDescription: null; viewIdResName: com.android.browser:id/newtab_btn; checkable: false; checked: false; focusable: false; focused: false; selected: false; clickable: true; longClickable: false; enabled: true; password: false; scrollable: false; [ACTION_SELECT, ACTION_CLEAR_SELECTION, ACTION_CLICK, ACTION_ACCESSIBILITY_FOCUS]]
05-11 16:38:14.590 D/InteractionController(23692): clickAndWaitForNewWindow(756, 1843)
05-11 16:38:14.600 D/PowerManagerService( 1179): userActivityNoUpdateLocked: eventTime=9967230, event=2, flags=0x0, uid=1000
05-11 16:38:14.600 D/PowerManagerService( 1179): updateUserActivitySummaryLocked: mWakefulness=Awake, mUserActivitySummary=0x1, nextTimeout=9972232 (in 4998 ms)
05-11 16:38:14.600 D/PowerManagerService( 1179): updateScreenStateLocked: mDisplayReady=true, newScreenState=2, mWakefulness=1, mWakeLockSummary=0x0, mUserActivitySummary=0x1, mBootCompleted=true
05-11 16:38:14.600 D/PowerManagerService( 1179): handleSandman: canDream=true, mWakefulness=Awake
05-11 16:38:14.740 D/dalvikvm(21722): GC_FOR_ALLOC freed 69K, 28% free 26526K/36696K, paused 32ms, total 32ms, dvmtargetUtilize:0.750000
05-11 16:38:14.760 I/dalvikvm-heap(21722): Grow heap (frag case) to 31.583MB for 3648256-byte allocation
05-11 16:38:14.760 W/AwContents(21722): nativeOnDraw failed; clearing to background color.
05-11 16:38:14.780 D/skia    (21722): Decoder Format : PNG
05-11 16:38:14.780 D/skia    (21722): call decode 
05-11 16:38:14.780 D/skia    (21722): Start onDecode 
05-11 16:38:14.780 D/skia    (21722): End onDecode 
05-11 16:38:14.780 D/skia    (21722): Decoder Format : PNG
05-11 16:38:14.780 D/skia    (21722): call decode 
05-11 16:38:14.780 D/skia    (21722): Start onDecode 
05-11 16:38:14.800 D/dalvikvm(21722): GC_FOR_ALLOC freed 14K, 25% free 30303K/40260K, paused 22ms, total 23ms, dvmtargetUtilize:0.750000
05-11 16:38:14.850 D/skia    (21722): End onDecode 
05-11 16:38:15.100 E/AccessibilityNodeInfoCache(23692): Duplicate input focus: android.view.accessibility.AccessibilityNodeInfo@10b27; boundsInParent: Rect(0, 0 - 1080, 153); boundsInScreen: Rect(81, 205 - 999, 335); packageName: com.android.browser; className: android.widget.FrameLayout; text: null; contentDescription: null; viewIdResName: com.android.browser:id/title_layout; checkable: false; checked: false; focusable: true; focused: true; selected: false; clickable: false; longClickable: false; enabled: true; password: false; scrollable: false; [ACTION_CLEAR_FOCUS, ACTION_SELECT, ACTION_CLEAR_SELECTION, ACTION_ACCESSIBILITY_FOCUS]
05-11 16:38:15.340 D/StatusBar.MSimNetworkController( 2358): onSignalStrengthsChanged received on subscription :1signalStrength=SignalStrength: 11 0 2147483647 2147483647 gsm|lte level=3
05-11 16:38:15.340 D/StatusBar.MSimNetworkController( 2358): updateTelephonySignalStrength: subscription =1
05-11 16:38:15.340 D/StatusBar.MSimNetworkController( 2358): updateTelephonySignalStrength iconList = [I@42142378iconLevel = 4 mInetCondition = 0
05-11 16:38:15.340 D/StatusBar.MSimNetworkController( 2358): refreshViews subscription =1mMSimDataConnected =false mHasMobileDataFeature:true
05-11 16:38:15.340 D/StatusBar.MSimNetworkController( 2358): refreshViews: Data not connected!! Set no data type icon / Roaming for subscription: 1
05-11 16:38:15.350 D/StatusBar.MSimNetworkController( 2358): refreshViews connected={ wifi } level=3 mMSimcombinedSignalIconId=0x7f02019f/com.smartisanos.systemui:drawable/stat_sys_wifi_signal_3 mMSimcombinedActivityIconId=0x0 mAirplaneMode=false mMSimDataActivity=0 mMSimPhoneSignalIconId=0x7f02018f mMSimDataDirectionIconId=0x0 mMSimDataSignalIconId=0x7f02018f mMSimDataTypeIconId=0x0 mWifiIconId=0x7f02019f mBluetoothTetherIconId=0x10807e7
05-11 16:38:15.780 D/dalvikvm( 2653): GC_EXPLICIT freed 186K, 39% free 26332K/43104K, paused 4ms+5ms, total 110ms, dvmtargetUtilize:0.750000
05-11 16:38:15.810 W/AwContents(21722): nativeOnDraw failed; clearing to background color.
05-11 16:38:15.830 W/AwContents(21722): nativeOnDraw failed; clearing to background color.
05-11 16:38:16.000 E/QCALOG  (  359): [MessageQ] ProcessNewMessage: [XT-CS] unknown deliver target [OS-Agent]
05-11 16:38:16.310 D/wpa_supplicant(19083): RX ctrl_iface - hexdump(len=11): 53 49 47 4e 41 4c 5f 50 4f 4c 4c
05-11 16:38:16.310 D/wpa_supplicant(19083): wlan0: Control interface command 'SIGNAL_POLL'
05-11 16:38:16.320 D/wpa_supplicant(19083): nl80211: survey data missing!
05-11 16:38:17.010 W/AwContents(21722): nativeOnDraw failed; clearing to background color.
05-11 16:38:17.030 W/AwContents(21722): nativeOnDraw failed; clearing to background color.
05-11 16:38:17.050 W/AwContents(21722): nativeOnDraw failed; clearing to background color.
05-11 16:38:17.060 E/QCALOG  (  359): [MessageQ] ProcessNewMessage: [XTWWAN-PE] unknown deliver target [OS-Agent]
05-11 16:38:17.060 W/AwContents(21722): nativeOnDraw failed; clearing to background color.
05-11 16:38:17.060 E/QCALOG  (  359): [MessageQ] ProcessNewMessage: [XTWiFi-PE] unknown deliver target [OS-Agent]
05-11 16:38:17.080 W/AwContents(21722): nativeOnDraw failed; clearing to background color.
05-11 16:38:17.100 W/AwContents(21722): nativeOnDraw failed; clearing to background color.
05-11 16:38:17.110 W/AwContents(21722): nativeOnDraw failed; clearing to background color.
05-11 16:38:17.130 W/AwContents(21722): nativeOnDraw failed; clearing to background color.
05-11 16:38:17.150 W/AwContents(21722): nativeOnDraw failed; clearing to background color.
05-11 16:38:17.160 W/AwContents(21722): nativeOnDraw failed; clearing to background color.
05-11 16:38:17.190 W/AwContents(21722): nativeOnDraw failed; clearing to background color.
05-11 16:38:17.200 W/AwContents(21722): nativeOnDraw failed; clearing to background color.
05-11 16:38:17.210 W/AwContents(21722): nativeOnDraw failed; clearing to background color.
05-11 16:38:17.230 W/AwContents(21722): nativeOnDraw failed; clearing to background color.
05-11 16:38:17.250 W/AwContents(21722): nativeOnDraw failed; clearing to background color.
05-11 16:38:17.260 W/AwContents(21722): nativeOnDraw failed; clearing to background color.
05-11 16:38:17.290 W/AwContents(21722): nativeOnDraw failed; clearing to background color.
05-11 16:38:17.710 W/InteractionController(23692): runAndwaitForEvent timedout waiting for events
05-11 16:38:17.710 D/StatusBar.MSimNetworkController( 2358): onSignalStrengthsChanged received on subscription :1signalStrength=SignalStrength: 10 0 2147483647 2147483647 gsm|lte level=3
05-11 16:38:17.710 D/StatusBar.MSimNetworkController( 2358): updateTelephonySignalStrength: subscription =1
05-11 16:38:17.710 D/StatusBar.MSimNetworkController( 2358): updateTelephonySignalStrength iconList = [I@42142378iconLevel = 4 mInetCondition = 0
05-11 16:38:17.710 D/StatusBar.MSimNetworkController( 2358): refreshViews subscription =1mMSimDataConnected =false mHasMobileDataFeature:true
05-11 16:38:17.710 D/StatusBar.MSimNetworkController( 2358): refreshViews: Data not connected!! Set no data type icon / Roaming for subscription: 1
05-11 16:38:17.710 D/StatusBar.MSimNetworkController( 2358): refreshViews connected={ wifi } level=3 mMSimcombinedSignalIconId=0x7f02019f/com.smartisanos.systemui:drawable/stat_sys_wifi_signal_3 mMSimcombinedActivityIconId=0x0 mAirplaneMode=false mMSimDataActivity=0 mMSimPhoneSignalIconId=0x7f02018f mMSimDataDirectionIconId=0x0 mMSimDataSignalIconId=0x7f02018f mMSimDataTypeIconId=0x0 mWifiIconId=0x7f02019f mBluetoothTetherIconId=0x10807e7
05-11 16:38:17.730 D/UIAutomatorStub(23692): URI: /jsonrpc/0, Method: POST, Header: {content-type=application/json, connection=close, remote-addr=127.0.0.1, host=localhost:9009, content-length=292, http-client-ip=127.0.0.1, user-agent=Python-urllib/2.7, accept-encoding=identity}, params, {NanoHttpd.QUERY_STRING=null}, files: {postData={"params": [{"childOrSiblingSelector": [], "text": "\u8f93\u5165\u7f51\u5740", "mask": 2097153, "resourceId": "com.android.browser:id/url", "childOrSibling": []}, "auto.smartisan.com/media/Auto_Test_Video.mp4"], "jsonrpc": "2.0", "method": "setText", "id": "d5d5fa493890060b7d8f5964eeaf136e"}}
05-11 16:38:17.770 I/QueryController(23692): Matched selector: UiSelector[TEXT=输入网址, RESOURCE_ID=com.android.browser:id/url] <<==>> [android.view.accessibility.AccessibilityNodeInfo@8042; boundsInParent: Rect(0, 0 - 950, 159); boundsInScreen: Rect(0, 76 - 950, 235); packageName: com.android.browser; className: android.widget.EditText; text: 输入网址; contentDescription: null; viewIdResName: com.android.browser:id/url; checkable: false; checked: false; focusable: true; focused: false; selected: false; clickable: true; longClickable: true; enabled: true; password: false; scrollable: false; [ACTION_FOCUS, ACTION_SELECT, ACTION_CLEAR_SELECTION, ACTION_CLICK, ACTION_LONG_CLICK, ACTION_ACCESSIBILITY_FOCUS]]
05-11 16:38:17.770 D/PowerManagerService( 1179): userActivityNoUpdateLocked: eventTime=9970407, event=2, flags=0x0, uid=1000
05-11 16:38:17.780 D/PowerManagerService( 1179): updateUserActivitySummaryLocked: mWakefulness=Awake, mUserActivitySummary=0x1, nextTimeout=9975410 (in 4999 ms)
05-11 16:38:17.780 D/PowerManagerService( 1179): updateScreenStateLocked: mDisplayReady=true, newScreenState=2, mWakefulness=1, mWakeLockSummary=0x0, mUserActivitySummary=0x1, mBootCompleted=true
05-11 16:38:17.780 D/PowerManagerService( 1179): handleSandman: canDream=true, mWakefulness=Awake
05-11 16:38:18.240 V/WLAN_PSA(  250): NL MSG, len[048], NL type[0x11] WNI type[0x5050] len[028]
05-11 16:38:18.240 V/WLAN_PSA(  250): NL MSG, PID: 250
05-11 16:38:18.310 D/PowerManagerService( 1179): userActivityNoUpdateLocked: eventTime=9970940, event=2, flags=0x0, uid=1000
05-11 16:38:18.310 D/PowerManagerService( 1179): updateUserActivitySummaryLocked: mWakefulness=Awake, mUserActivitySummary=0x1, nextTimeout=9975942 (in 4999 ms)
05-11 16:38:18.310 D/PowerManagerService( 1179): updateScreenStateLocked: mDisplayReady=true, newScreenState=2, mWakefulness=1, mWakeLockSummary=0x0, mUserActivitySummary=0x1, mBootCompleted=true
05-11 16:38:18.310 D/PowerManagerService( 1179): handleSandman: canDream=true, mWakefulness=Awake
05-11 16:38:18.320 W/AwContents(21722): nativeOnDraw failed; clearing to background color.
05-11 16:38:18.450 D/skia    (17832): Decoder Format : PNG
05-11 16:38:18.450 D/skia    (17832): call decode 
05-11 16:38:18.450 D/skia    (17832): Start onDecode 
05-11 16:38:18.450 D/skia    (17832): End onDecode 
05-11 16:38:18.470 D/skia    (17832): Decoder Format : PNG
05-11 16:38:18.470 D/skia    (17832): call decode 
05-11 16:38:18.470 D/skia    (17832): Start onDecode 
05-11 16:38:18.470 D/skia    (17832): End onDecode 
05-11 16:38:18.470 D/skia    (17832): Decoder Format : PNG
05-11 16:38:18.470 D/skia    (17832): call decode 
05-11 16:38:18.470 D/skia    (17832): Start onDecode 
05-11 16:38:18.470 D/skia    (17832): End onDecode 
05-11 16:38:18.470 D/skia    (17832): Decoder Format : PNG
05-11 16:38:18.470 D/skia    (17832): call decode 
05-11 16:38:18.470 D/skia    (17832): Start onDecode 
05-11 16:38:18.470 D/skia    (17832): End onDecode 
05-11 16:38:18.470 D/skia    (17832): Decoder Format : PNG
05-11 16:38:18.470 D/skia    (17832): call decode 
05-11 16:38:18.470 D/skia    (17832): Start onDecode 
05-11 16:38:18.470 D/skia    (17832): End onDecode 
05-11 16:38:18.480 D/skia    (17832): Decoder Format : PNG
05-11 16:38:18.480 D/skia    (17832): call decode 
05-11 16:38:18.480 D/skia    (17832): Start onDecode 
05-11 16:38:18.480 D/skia    (17832): End onDecode 
05-11 16:38:18.480 D/skia    (17832): Decoder Format : PNG
05-11 16:38:18.480 D/skia    (17832): call decode 
05-11 16:38:18.480 D/skia    (17832): Start onDecode 
05-11 16:38:18.480 D/skia    (17832): End onDecode 
05-11 16:38:18.480 D/skia    (17832): Decoder Format : PNG
05-11 16:38:18.480 D/skia    (17832): call decode 
05-11 16:38:18.480 D/skia    (17832): Start onDecode 
05-11 16:38:18.480 D/skia    (17832): End onDecode 
05-11 16:38:18.480 D/skia    (17832): Decoder Format : PNG
05-11 16:38:18.480 D/skia    (17832): call decode 
05-11 16:38:18.480 D/skia    (17832): Start onDecode 
05-11 16:38:18.480 D/skia    (17832): End onDecode 
05-11 16:38:18.480 D/skia    (17832): Decoder Format : PNG
05-11 16:38:18.480 D/skia    (17832): call decode 
05-11 16:38:18.480 D/skia    (17832): Start onDecode 
05-11 16:38:18.490 D/skia    (17832): End onDecode 
05-11 16:38:18.490 D/skia    (17832): Decoder Format : PNG
05-11 16:38:18.490 D/skia    (17832): call decode 
05-11 16:38:18.490 D/skia    (17832): Start onDecode 
05-11 16:38:18.490 D/skia    (17832): End onDecode 
05-11 16:38:18.490 D/skia    (17832): Decoder Format : PNG
05-11 16:38:18.490 D/skia    (17832): call decode 
05-11 16:38:18.490 D/skia    (17832): Start onDecode 
05-11 16:38:18.490 D/skia    (17832): End onDecode 
05-11 16:38:18.490 D/skia    (17832): Decoder Format : PNG
05-11 16:38:18.490 D/skia    (17832): call decode 
05-11 16:38:18.490 D/skia    (17832): Start onDecode 
05-11 16:38:18.490 D/skia    (17832): End onDecode 
05-11 16:38:18.490 D/skia    (17832): Decoder Format : PNG
05-11 16:38:18.490 D/skia    (17832): call decode 
05-11 16:38:18.490 D/skia    (17832): Start onDecode 
05-11 16:38:18.500 D/skia    (17832): End onDecode 
05-11 16:38:18.500 D/skia    (17832): Decoder Format : PNG
05-11 16:38:18.500 D/skia    (17832): call decode 
05-11 16:38:18.500 D/skia    (17832): Start onDecode 
05-11 16:38:18.500 D/skia    (17832): End onDecode 
05-11 16:38:18.500 D/skia    (17832): Decoder Format : PNG
05-11 16:38:18.500 D/skia    (17832): call decode 
05-11 16:38:18.500 D/skia    (17832): Start onDecode 
05-11 16:38:18.500 D/skia    (17832): End onDecode 
05-11 16:38:18.500 D/skia    (17832): Decoder Format : PNG
05-11 16:38:18.500 D/skia    (17832): call decode 
05-11 16:38:18.500 D/skia    (17832): Start onDecode 
05-11 16:38:18.500 D/skia    (17832): End onDecode 
05-11 16:38:18.500 D/skia    (17832): Decoder Format : PNG
05-11 16:38:18.500 D/skia    (17832): call decode 
05-11 16:38:18.500 D/skia    (17832): Start onDecode 
05-11 16:38:18.500 D/skia    (17832): End onDecode 
05-11 16:38:18.500 D/skia    (17832): Decoder Format : PNG
05-11 16:38:18.500 D/skia    (17832): call decode 
05-11 16:38:18.500 D/skia    (17832): Start onDecode 
05-11 16:38:18.500 D/skia    (17832): End onDecode 
05-11 16:38:18.500 D/skia    (17832): Decoder Format : PNG
05-11 16:38:18.500 D/skia    (17832): call decode 
05-11 16:38:18.500 D/skia    (17832): Start onDecode 
05-11 16:38:18.510 D/skia    (17832): End onDecode 
05-11 16:38:18.510 D/skia    (17832): Decoder Format : PNG
05-11 16:38:18.510 D/skia    (17832): call decode 
05-11 16:38:18.510 D/skia    (17832): Start onDecode 
05-11 16:38:18.510 D/skia    (17832): End onDecode 
05-11 16:38:18.510 D/skia    (17832): Decoder Format : PNG
05-11 16:38:18.510 D/skia    (17832): call decode 
05-11 16:38:18.510 D/skia    (17832): Start onDecode 
05-11 16:38:18.510 D/skia    (17832): End onDecode 
05-11 16:38:18.520 D/skia    (17832): Decoder Format : PNG
05-11 16:38:18.520 D/skia    (17832): call decode 
05-11 16:38:18.520 D/skia    (17832): Start onDecode 
05-11 16:38:18.520 D/skia    (17832): End onDecode 
05-11 16:38:18.570 V/NotificationService( 1179): enqueueNotificationInternal: pkg=android id=17040598 notification=Notification(pri=0 contentView=android/0x109006f vibrate=null sound=null defaults=0x0 flags=0x2 kind=[android.system.imeswitcher])
05-11 16:38:18.570 V/NotificationService( 1179): Initial score is 0.
05-11 16:38:18.570 V/NotificationService( 1179): Final score is 0.
05-11 16:38:18.570 V/NotificationService( 1179): Assigned score=0 to Notification(pri=0 contentView=android/0x109006f vibrate=null sound=null defaults=0x0 flags=0x2 kind=[android.system.imeswitcher])
05-11 16:38:18.590 D/skia    ( 2358): Decoder Format : PNG
05-11 16:38:18.590 D/skia    ( 2358): call decode 
05-11 16:38:18.590 D/skia    ( 2358): Start onDecode 
05-11 16:38:18.590 D/skia    ( 2358): End onDecode 
05-11 16:38:18.600 D/skia    ( 2358): Decoder Format : PNG
05-11 16:38:18.600 D/skia    ( 2358): call decode 
05-11 16:38:18.600 D/skia    ( 2358): Start onDecode 
05-11 16:38:18.600 D/skia    ( 2358): End onDecode 
05-11 16:38:18.600 I/StatusBarDebug( 2358): updateNotificationVetoButton:false
05-11 16:38:18.610 D/skia    ( 2358): Decoder Format : PNG
05-11 16:38:18.610 D/skia    ( 2358): call decode 
05-11 16:38:18.610 D/skia    ( 2358): Start onDecode 
05-11 16:38:18.610 D/skia    ( 2358): End onDecode 
05-11 16:38:18.620 D/skia    ( 2358): Decoder Format : PNG
05-11 16:38:18.620 D/skia    ( 2358): call decode 
05-11 16:38:18.620 D/skia    ( 2358): Start onDecode 
05-11 16:38:18.620 D/skia    ( 2358): End onDecode 
05-11 16:38:18.620 D/skia    ( 2358): Decoder Format : PNG
05-11 16:38:18.620 D/skia    ( 2358): call decode 
05-11 16:38:18.620 D/skia    ( 2358): Start onDecode 
05-11 16:38:18.620 D/skia    ( 2358): End onDecode 
05-11 16:38:18.620 D/skia    ( 2358): Decoder Format : PNG
05-11 16:38:18.620 D/skia    ( 2358): call decode 
05-11 16:38:18.620 D/skia    ( 2358): Start onDecode 
05-11 16:38:18.620 D/skia    ( 2358): End onDecode 
05-11 16:38:18.620 D/skia    ( 2358): Decoder Format : PNG
05-11 16:38:18.620 D/skia    ( 2358): call decode 
05-11 16:38:18.620 D/skia    ( 2358): Start onDecode 
05-11 16:38:18.620 D/skia    ( 2358): End onDecode 
05-11 16:38:18.620 D/skia    ( 2358): Decoder Format : PNG
05-11 16:38:18.620 D/skia    ( 2358): call decode 
05-11 16:38:18.620 D/skia    ( 2358): Start onDecode 
05-11 16:38:18.620 D/skia    ( 2358): End onDecode 
05-11 16:38:18.620 D/skia    ( 2358): Decoder Format : PNG
05-11 16:38:18.620 D/skia    ( 2358): call decode 
05-11 16:38:18.620 D/skia    ( 2358): Start onDecode 
05-11 16:38:18.620 D/skia    ( 2358): End onDecode 
05-11 16:38:18.630 D/skia    ( 2358): Decoder Format : PNG
05-11 16:38:18.630 D/skia    ( 2358): call decode 
05-11 16:38:18.630 D/skia    ( 2358): Start onDecode 
05-11 16:38:18.630 D/skia    ( 2358): End onDecode 
05-11 16:38:18.630 D/skia    ( 2358): Decoder Format : PNG
05-11 16:38:18.630 D/skia    ( 2358): call decode 
05-11 16:38:18.630 D/skia    ( 2358): Start onDecode 
05-11 16:38:18.630 D/skia    ( 2358): End onDecode 
05-11 16:38:18.690 D/dalvikvm(17832): GC_FOR_ALLOC freed 6317K, 35% free 14822K/22504K, paused 36ms, total 37ms, dvmtargetUtilize:0.750000
05-11 16:38:18.710 I/dalvikvm-heap(17832): Grow heap (frag case) to 19.517MB for 2982160-byte allocation
05-11 16:38:18.740 D/dalvikvm(17832): GC_CONCURRENT freed 664K, 33% free 17073K/25420K, paused 5ms+3ms, total 33ms, dvmtargetUtilize:0.750000
05-11 16:38:18.760 W/AwContents(21722): nativeOnDraw failed; clearing to background color.
05-11 16:38:18.790 V/kernel  ( 9294): <5>[ 9971.464859] type=1400 audit(1431333498.760:88): avc:  denied  { ioctl } for  pid=21722 comm="android.browser" path="/dev/kgsl-3d0" dev="tmpfs" ino=7080 scontext=u:r:untrusted_app:s0 tcontext=u:object_r:device:s0 tclass=chr_file
05-11 16:38:18.800 W/AwContents(21722): nativeOnDraw failed; clearing to background color.
05-11 16:38:18.840 V/kernel  ( 9294): <5>[ 9971.512294] type=1400 audit(1431333498.810:89): avc:  denied  { read write } for  pid=21722 comm="android.browser" path="/dev/kgsl-3d0" dev="tmpfs" ino=7080 scontext=u:r:untrusted_app:s0 tcontext=u:object_r:device:s0 tclass=chr_file
05-11 16:38:18.970 I/StatusBarDebug( 2358): update notifcaion package :android
05-11 16:38:18.970 I/StatusBarDebug( 2358): update notifcaion contentsUnchanged :true bigContentsUnchanged:true orderUnchanged:true isTopAnyway:true
05-11 16:38:18.970 V/NotificationService( 1179): enqueueNotificationInternal: pkg=android id=17040598 notification=Notification(pri=0 contentView=android/0x109006f vibrate=null sound=null defaults=0x0 flags=0x2 kind=[android.system.imeswitcher])
05-11 16:38:18.970 V/NotificationService( 1179): Initial score is 0.
05-11 16:38:18.970 V/NotificationService( 1179): Final score is 0.
05-11 16:38:18.970 V/NotificationService( 1179): Assigned score=0 to Notification(pri=0 contentView=android/0x109006f vibrate=null sound=null defaults=0x0 flags=0x2 kind=[android.system.imeswitcher])
05-11 16:38:18.990 I/StatusBarDebug( 2358): updateNotificationVetoButton:false
05-11 16:38:19.070 D/StatusBar.MSimNetworkController( 2358): refreshViews subscription =0mMSimDataConnected =false mHasMobileDataFeature:true
05-11 16:38:19.070 D/StatusBar.MSimNetworkController( 2358): refreshViews: Data not connected!! Set no data type icon / Roaming for subscription: 0
05-11 16:38:19.070 D/StatusBar.MSimNetworkController( 2358): refreshViews connected={ wifi } level=4 mMSimcombinedSignalIconId=0x7f02019f/com.smartisanos.systemui:drawable/stat_sys_wifi_signal_3 mMSimcombinedActivityIconId=0x0 mAirplaneMode=false mMSimDataActivity=0 mMSimPhoneSignalIconId=0x7f020185 mMSimDataDirectionIconId=0x0 mMSimDataSignalIconId=0x7f020185 mMSimDataTypeIconId=0x0 mWifiIconId=0x7f02019f mBluetoothTetherIconId=0x10807e7
05-11 16:38:19.330 D/wpa_supplicant(19083): RX ctrl_iface - hexdump(len=11): 53 49 47 4e 41 4c 5f 50 4f 4c 4c
05-11 16:38:19.330 D/wpa_supplicant(19083): wlan0: Control interface command 'SIGNAL_POLL'
05-11 16:38:19.330 V/WLAN_PSA(  250): NL MSG, len[4030], NL type[0x1C] WNI type[0x5900] len[42511]
05-11 16:38:19.330 V/WLAN_PSA(  250): NL MSG, PID: 250
05-11 16:38:19.350 D/wpa_supplicant(19083): nl80211: survey data missing!
05-11 16:38:20.090 D/StatusBar.MSimNetworkController( 2358): refreshViews subscription =0mMSimDataConnected =false mHasMobileDataFeature:true
05-11 16:38:20.090 D/StatusBar.MSimNetworkController( 2358): refreshViews: Data not connected!! Set no data type icon / Roaming for subscription: 0
05-11 16:38:20.090 D/StatusBar.MSimNetworkController( 2358): refreshViews connected={ wifi } level=4 mMSimcombinedSignalIconId=0x7f02019f/com.smartisanos.systemui:drawable/stat_sys_wifi_signal_3 mMSimcombinedActivityIconId=0x0 mAirplaneMode=false mMSimDataActivity=0 mMSimPhoneSignalIconId=0x7f020185 mMSimDataDirectionIconId=0x0 mMSimDataSignalIconId=0x7f020185 mMSimDataTypeIconId=0x0 mWifiIconId=0x7f02019f mBluetoothTetherIconId=0x10807e7
05-11 16:38:20.860 D/dalvikvm( 2653): GC_EXPLICIT freed 24K, 39% free 26308K/43104K, paused 4ms+4ms, total 79ms, dvmtargetUtilize:0.750000
05-11 16:38:20.940 D/WindowManager( 1179): interceptKeyTq keycode=67 down=true screenIsOn=true keyguardActive=false policyFlags=b000000 isWakeKey=false
05-11 16:38:20.940 D/PowerManagerService( 1179): userActivityNoUpdateLocked: eventTime=9973575, event=1, flags=0x0, uid=1000
05-11 16:38:20.940 D/PowerManagerService( 1179): updateUserActivitySummaryLocked: mWakefulness=Awake, mUserActivitySummary=0x1, nextTimeout=9978577 (in 4999 ms)
05-11 16:38:20.940 D/PowerManagerService( 1179): updateScreenStateLocked: mDisplayReady=true, newScreenState=2, mWakefulness=1, mWakeLockSummary=0x0, mUserActivitySummary=0x1, mBootCompleted=true
05-11 16:38:20.950 D/WindowManager( 1179): interceptKeyTi keyCode=67 down=true repeatCount=0 keyguardOn=false canceled=false
05-11 16:38:20.950 D/WindowManager( 1179): interceptKeyTq keycode=67 down=false screenIsOn=true keyguardActive=false policyFlags=b000000 isWakeKey=false
05-11 16:38:20.950 D/PowerManagerService( 1179): handleSandman: canDream=true, mWakefulness=Awake
05-11 16:38:20.950 D/WindowManager( 1179): Unhandled key: win=Window{42252e98 u0 com.android.browser/com.android.browser.BrowserActivity}, action=0, flags=0, keyCode=67, scanCode=0, metaState=0, repeatCount=0, policyFlags=1258291200
05-11 16:38:20.950 D/WindowManager( 1179): No fallback.
05-11 16:38:20.960 D/WindowManager( 1179): interceptKeyTi keyCode=67 down=false repeatCount=0 keyguardOn=false canceled=false
05-11 16:38:21.000 E/QCALOG  (  359): [MessageQ] ProcessNewMessage: [XT-CS] unknown deliver target [OS-Agent]
05-11 16:38:21.080 D/WindowManager( 1179): Unhandled key: win=Window{42252e98 u0 com.android.browser/com.android.browser.BrowserActivity}, action=1, flags=0, keyCode=67, scanCode=0, metaState=0, repeatCount=0, policyFlags=1258291200
05-11 16:38:21.080 D/WindowManager( 1179): No fallback.
05-11 16:38:21.090 D/WindowManager( 1179): interceptKeyTq keycode=29 down=true screenIsOn=true keyguardActive=false policyFlags=b000000 isWakeKey=false
05-11 16:38:21.090 D/WindowManager( 1179): interceptKeyTi keyCode=29 down=true repeatCount=0 keyguardOn=false canceled=false
05-11 16:38:21.230 D/dalvikvm(17832): GC_EXPLICIT freed 820K, 35% free 16663K/25420K, paused 4ms+4ms, total 49ms, dvmtargetUtilize:0.750000
05-11 16:38:21.230 D/WindowManager( 1179): interceptKeyTq keycode=29 down=false screenIsOn=true keyguardActive=false policyFlags=b000000 isWakeKey=false
05-11 16:38:21.240 D/WindowManager( 1179): interceptKeyTi keyCode=29 down=false repeatCount=0 keyguardOn=false canceled=false
05-11 16:38:21.260 W/AwContents(21722): nativeOnDraw failed; clearing to background color.
05-11 16:38:21.310 D/WindowManager( 1179): interceptKeyTq keycode=49 down=true screenIsOn=true keyguardActive=false policyFlags=b000000 isWakeKey=false
05-11 16:38:21.310 D/WindowManager( 1179): interceptKeyTi keyCode=49 down=true repeatCount=0 keyguardOn=false canceled=false
05-11 16:38:21.330 D/WindowManager( 1179): interceptKeyTq keycode=49 down=false screenIsOn=true keyguardActive=false policyFlags=b000000 isWakeKey=false
05-11 16:38:21.330 D/WindowManager( 1179): interceptKeyTi keyCode=49 down=false repeatCount=0 keyguardOn=false canceled=false
05-11 16:38:21.350 D/WindowManager( 1179): interceptKeyTq keycode=48 down=true screenIsOn=true keyguardActive=false policyFlags=b000000 isWakeKey=false
05-11 16:38:21.350 D/WindowManager( 1179): interceptKeyTi keyCode=48 down=true repeatCount=0 keyguardOn=false canceled=false
05-11 16:38:21.370 D/WindowManager( 1179): interceptKeyTq keycode=48 down=false screenIsOn=true keyguardActive=false policyFlags=b000000 isWakeKey=false
05-11 16:38:21.370 D/WindowManager( 1179): interceptKeyTi keyCode=48 down=false repeatCount=0 keyguardOn=false canceled=false
05-11 16:38:21.380 D/WindowManager( 1179): interceptKeyTq keycode=43 down=true screenIsOn=true keyguardActive=false policyFlags=b000000 isWakeKey=false
05-11 16:38:21.380 D/WindowManager( 1179): interceptKeyTi keyCode=43 down=true repeatCount=0 keyguardOn=false canceled=false
05-11 16:38:21.400 D/WindowManager( 1179): interceptKeyTq keycode=43 down=false screenIsOn=true keyguardActive=false policyFlags=b000000 isWakeKey=false
05-11 16:38:21.400 D/WindowManager( 1179): interceptKeyTi keyCode=43 down=false repeatCount=0 keyguardOn=false canceled=false
05-11 16:38:21.410 D/WindowManager( 1179): interceptKeyTq keycode=56 down=true screenIsOn=true keyguardActive=false policyFlags=b000000 isWakeKey=false
05-11 16:38:21.410 D/WindowManager( 1179): interceptKeyTi keyCode=56 down=true repeatCount=0 keyguardOn=false canceled=false
05-11 16:38:21.420 D/WindowManager( 1179): interceptKeyTq keycode=56 down=false screenIsOn=true keyguardActive=false policyFlags=b000000 isWakeKey=false
05-11 16:38:21.430 D/WindowManager( 1179): interceptKeyTi keyCode=56 down=false repeatCount=0 keyguardOn=false canceled=false
05-11 16:38:21.430 D/WindowManager( 1179): interceptKeyTq keycode=47 down=true screenIsOn=true keyguardActive=false policyFlags=b000000 isWakeKey=false
05-11 16:38:21.430 D/WindowManager( 1179): interceptKeyTi keyCode=47 down=true repeatCount=0 keyguardOn=false canceled=false
05-11 16:38:21.450 D/WindowManager( 1179): interceptKeyTq keycode=47 down=false screenIsOn=true keyguardActive=false policyFlags=b000000 isWakeKey=false
05-11 16:38:21.450 D/WindowManager( 1179): interceptKeyTi keyCode=47 down=false repeatCount=0 keyguardOn=false canceled=false
05-11 16:38:21.450 D/PowerManagerService( 1179): userActivityNoUpdateLocked: eventTime=9974082, event=1, flags=0x0, uid=1000
05-11 16:38:21.450 D/PowerManagerService( 1179): updateUserActivitySummaryLocked: mWakefulness=Awake, mUserActivitySummary=0x1, nextTimeout=9979084 (in 4998 ms)
05-11 16:38:21.450 D/PowerManagerService( 1179): updateScreenStateLocked: mDisplayReady=true, newScreenState=2, mWakefulness=1, mWakeLockSummary=0x0, mUserActivitySummary=0x1, mBootCompleted=true
05-11 16:38:21.450 D/PowerManagerService( 1179): handleSandman: canDream=true, mWakefulness=Awake
05-11 16:38:21.460 D/WindowManager( 1179): interceptKeyTq keycode=41 down=true screenIsOn=true keyguardActive=false policyFlags=b000000 isWakeKey=false
05-11 16:38:21.460 D/WindowManager( 1179): interceptKeyTi keyCode=41 down=true repeatCount=0 keyguardOn=false canceled=false
05-11 16:38:21.470 D/WindowManager( 1179): interceptKeyTq keycode=41 down=false screenIsOn=true keyguardActive=false policyFlags=b000000 isWakeKey=false
05-11 16:38:21.470 D/WindowManager( 1179): interceptKeyTi keyCode=41 down=false repeatCount=0 keyguardOn=false canceled=false
05-11 16:38:21.480 D/WindowManager( 1179): interceptKeyTq keycode=29 down=true screenIsOn=true keyguardActive=false policyFlags=b000000 isWakeKey=false
05-11 16:38:21.480 D/WindowManager( 1179): interceptKeyTi keyCode=29 down=true repeatCount=0 keyguardOn=false canceled=false
05-11 16:38:21.500 D/WindowManager( 1179): interceptKeyTq keycode=29 down=false screenIsOn=true keyguardActive=false policyFlags=b000000 isWakeKey=false
05-11 16:38:21.510 D/WindowManager( 1179): interceptKeyTi keyCode=29 down=false repeatCount=0 keyguardOn=false canceled=false
05-11 16:38:21.510 D/WindowManager( 1179): interceptKeyTq keycode=46 down=true screenIsOn=true keyguardActive=false policyFlags=b000000 isWakeKey=false
05-11 16:38:21.510 D/WindowManager( 1179): interceptKeyTi keyCode=46 down=true repeatCount=0 keyguardOn=false canceled=false
05-11 16:38:21.520 D/WindowManager( 1179): interceptKeyTq keycode=46 down=false screenIsOn=true keyguardActive=false policyFlags=b000000 isWakeKey=false
05-11 16:38:21.530 D/WindowManager( 1179): interceptKeyTi keyCode=46 down=false repeatCount=0 keyguardOn=false canceled=false
05-11 16:38:21.530 D/WindowManager( 1179): interceptKeyTq keycode=48 down=true screenIsOn=true keyguardActive=false policyFlags=b000000 isWakeKey=false
05-11 16:38:21.530 D/WindowManager( 1179): interceptKeyTi keyCode=48 down=true repeatCount=0 keyguardOn=false canceled=false
05-11 16:38:21.550 D/WindowManager( 1179): interceptKeyTq keycode=48 down=false screenIsOn=true keyguardActive=false policyFlags=b000000 isWakeKey=false
05-11 16:38:21.560 D/WindowManager( 1179): interceptKeyTi keyCode=48 down=false repeatCount=0 keyguardOn=false canceled=false
05-11 16:38:21.560 D/WindowManager( 1179): interceptKeyTq keycode=37 down=true screenIsOn=true keyguardActive=false policyFlags=b000000 isWakeKey=false
05-11 16:38:21.560 D/WindowManager( 1179): interceptKeyTi keyCode=37 down=true repeatCount=0 keyguardOn=false canceled=false
05-11 16:38:21.590 D/WindowManager( 1179): interceptKeyTq keycode=37 down=false screenIsOn=true keyguardActive=false policyFlags=b000000 isWakeKey=false
05-11 16:38:21.590 D/WindowManager( 1179): interceptKeyTi keyCode=37 down=false repeatCount=0 keyguardOn=false canceled=false
05-11 16:38:21.590 D/WindowManager( 1179): interceptKeyTq keycode=47 down=true screenIsOn=true keyguardActive=false policyFlags=b000000 isWakeKey=false
05-11 16:38:21.600 D/WindowManager( 1179): interceptKeyTi keyCode=47 down=true repeatCount=0 keyguardOn=false canceled=false
05-11 16:38:21.620 D/WindowManager( 1179): interceptKeyTq keycode=47 down=false screenIsOn=true keyguardActive=false policyFlags=b000000 isWakeKey=false
05-11 16:38:21.620 D/WindowManager( 1179): interceptKeyTi keyCode=47 down=false repeatCount=0 keyguardOn=false canceled=false
05-11 16:38:21.630 D/WindowManager( 1179): interceptKeyTq keycode=29 down=true screenIsOn=true keyguardActive=false policyFlags=b000000 isWakeKey=false
05-11 16:38:21.640 D/WindowManager( 1179): interceptKeyTi keyCode=29 down=true repeatCount=0 keyguardOn=false canceled=false
05-11 16:38:21.660 D/WindowManager( 1179): interceptKeyTq keycode=29 down=false screenIsOn=true keyguardActive=false policyFlags=b000000 isWakeKey=false
05-11 16:38:21.660 D/WindowManager( 1179): interceptKeyTi keyCode=29 down=false repeatCount=0 keyguardOn=false canceled=false
05-11 16:38:21.660 D/WindowManager( 1179): interceptKeyTq keycode=42 down=true screenIsOn=true keyguardActive=false policyFlags=b000000 isWakeKey=false
05-11 16:38:21.660 D/WindowManager( 1179): interceptKeyTi keyCode=42 down=true repeatCount=0 keyguardOn=false canceled=false
05-11 16:38:21.690 D/WindowManager( 1179): interceptKeyTq keycode=42 down=false screenIsOn=true keyguardActive=false policyFlags=b000000 isWakeKey=false
05-11 16:38:21.690 D/WindowManager( 1179): interceptKeyTi keyCode=42 down=false repeatCount=0 keyguardOn=false canceled=false
05-11 16:38:21.700 D/WindowManager( 1179): interceptKeyTq keycode=56 down=true screenIsOn=true keyguardActive=false policyFlags=b000000 isWakeKey=false
05-11 16:38:21.700 D/WindowManager( 1179): interceptKeyTi keyCode=56 down=true repeatCount=0 keyguardOn=false canceled=false
05-11 16:38:21.710 D/WindowManager( 1179): interceptKeyTq keycode=56 down=false screenIsOn=true keyguardActive=false policyFlags=b000000 isWakeKey=false
05-11 16:38:21.720 D/WindowManager( 1179): interceptKeyTi keyCode=56 down=false repeatCount=0 keyguardOn=false canceled=false
05-11 16:38:21.730 D/WindowManager( 1179): interceptKeyTq keycode=31 down=true screenIsOn=true keyguardActive=false policyFlags=b000000 isWakeKey=false
05-11 16:38:21.730 D/WindowManager( 1179): interceptKeyTi keyCode=31 down=true repeatCount=0 keyguardOn=false canceled=false
05-11 16:38:21.740 D/WindowManager( 1179): interceptKeyTq keycode=31 down=false screenIsOn=true keyguardActive=false policyFlags=b000000 isWakeKey=false
05-11 16:38:21.740 D/WindowManager( 1179): interceptKeyTi keyCode=31 down=false repeatCount=0 keyguardOn=false canceled=false
05-11 16:38:21.750 D/WindowManager( 1179): interceptKeyTq keycode=43 down=true screenIsOn=true keyguardActive=false policyFlags=b000000 isWakeKey=false
05-11 16:38:21.760 D/WindowManager( 1179): interceptKeyTi keyCode=43 down=true repeatCount=0 keyguardOn=false canceled=false
05-11 16:38:21.770 D/WindowManager( 1179): interceptKeyTq keycode=43 down=false screenIsOn=true keyguardActive=false policyFlags=b000000 isWakeKey=false
05-11 16:38:21.780 D/WindowManager( 1179): interceptKeyTi keyCode=43 down=false repeatCount=0 keyguardOn=false canceled=false
05-11 16:38:21.790 D/WindowManager( 1179): interceptKeyTq keycode=41 down=true screenIsOn=true keyguardActive=false policyFlags=b000000 isWakeKey=false
05-11 16:38:21.790 D/WindowManager( 1179): interceptKeyTi keyCode=41 down=true repeatCount=0 keyguardOn=false canceled=false
05-11 16:38:21.810 D/WindowManager( 1179): interceptKeyTq keycode=41 down=false screenIsOn=true keyguardActive=false policyFlags=b000000 isWakeKey=false
05-11 16:38:21.810 D/WindowManager( 1179): interceptKeyTi keyCode=41 down=false repeatCount=0 keyguardOn=false canceled=false
05-11 16:38:21.820 D/WindowManager( 1179): interceptKeyTq keycode=76 down=true screenIsOn=true keyguardActive=false policyFlags=b000000 isWakeKey=false
05-11 16:38:21.830 D/WindowManager( 1179): interceptKeyTi keyCode=76 down=true repeatCount=0 keyguardOn=false canceled=false
