05-11 16:38:46.430 D/wpa_supplicant(19083): RX ctrl_iface - hexdump(len=11): 53 49 47 4e 41 4c 5f 50 4f 4c 4c
05-11 16:38:46.430 D/wpa_supplicant(19083): wlan0: Control interface command 'SIGNAL_POLL'
05-11 16:38:46.440 D/wpa_supplicant(19083): nl80211: survey data missing!
05-11 16:38:46.600 D/PowerManagerService( 1179): releaseWakeLockInternal: lock=1129086448 [!32@/B4Tb64lLpLSCksk5w/QSxQTciH9sVsR], flags=0x0
05-11 16:38:46.600 D/PowerManagerService( 1179): updateWakeLockSummaryLocked: mWakefulness=Awake, mWakeLockSummary=0x1
05-11 16:38:46.600 D/PowerManagerService( 1179): updateScreenStateLocked: mDisplayReady=true, newScreenState=2, mWakefulness=1, mWakeLockSummary=0x1, mUserActivitySummary=0x1, mBootCompleted=true
05-11 16:38:46.600 D/PowerManagerService( 1179): handleSandman: canDream=true, mWakefulness=Awake
05-11 16:38:46.810 I/NuCachedSource2(  238): ERROR_END_OF_STREAM
05-11 16:38:46.820 D/PowerManagerService( 1179): acquireWakeLockInternal: lock=1115101688, flags=0x1, tag="!32@/B4Tb64lLpLSCksk5w/QSxQTciH9sVsR", ws=null, uid=10104, pid=21883
05-11 16:38:46.820 D/PowerManagerService( 1179): updateWakeLockSummaryLocked: mWakefulness=Awake, mWakeLockSummary=0x1
05-11 16:38:46.820 D/PowerManagerService( 1179): updateScreenStateLocked: mDisplayReady=true, newScreenState=2, mWakefulness=1, mWakeLockSummary=0x1, mUserActivitySummary=0x1, mBootCompleted=true
05-11 16:38:46.820 D/PowerManagerService( 1179): handleSandman: canDream=true, mWakefulness=Awake
05-11 16:38:46.950 I/NuCachedSource2(  238): ERROR_END_OF_STREAM
05-11 16:38:47.070 E/QCALOG  (  359): [MessageQ] ProcessNewMessage: [XTWWAN-PE] unknown deliver target [OS-Agent]
05-11 16:38:47.070 E/QCALOG  (  359): [MessageQ] ProcessNewMessage: [XTWiFi-PE] unknown deliver target [OS-Agent]
05-11 16:38:47.320 D/PowerManagerService( 1179): releaseWakeLockInternal: lock=1115101688 [!32@/B4Tb64lLpLSCksk5w/QSxQTciH9sVsR], flags=0x0
05-11 16:38:47.320 D/PowerManagerService( 1179): updateWakeLockSummaryLocked: mWakefulness=Awake, mWakeLockSummary=0x0
05-11 16:38:47.320 D/PowerManagerService( 1179): updateScreenStateLocked: mDisplayReady=true, newScreenState=2, mWakefulness=1, mWakeLockSummary=0x0, mUserActivitySummary=0x1, mBootCompleted=true
05-11 16:38:47.320 D/PowerManagerService( 1179): Releasing suspend blocker "PowerManagerService.WakeLocks".
05-11 16:38:47.320 D/PowerManagerService( 1179): handleSandman: canDream=true, mWakefulness=Awake
05-11 16:38:47.470 D/dalvikvm(23692): GC_FOR_ALLOC freed 7021K, 86% free 1170K/8192K, paused 24ms, total 24ms, dvmtargetUtilize:0.750000
05-11 16:38:48.070 I/MSM-irqbalance(  385): Decided to move IRQ215 from CPU7 to CPU6
05-11 16:38:48.210 D/StatusBar.MSimNetworkController( 2358): refreshViews subscription =0mMSimDataConnected =false mHasMobileDataFeature:true
05-11 16:38:48.210 D/StatusBar.MSimNetworkController( 2358): refreshViews: Data not connected!! Set no data type icon / Roaming for subscription: 0
05-11 16:38:48.210 D/StatusBar.MSimNetworkController( 2358): refreshViews connected={ wifi } level=4 mMSimcombinedSignalIconId=0x7f02019f/com.smartisanos.systemui:drawable/stat_sys_wifi_signal_3 mMSimcombinedActivityIconId=0x0 mAirplaneMode=false mMSimDataActivity=0 mMSimPhoneSignalIconId=0x7f020185 mMSimDataDirectionIconId=0x0 mMSimDataSignalIconId=0x7f020185 mMSimDataTypeIconId=0x0 mWifiIconId=0x7f02019f mBluetoothTetherIconId=0x10807e7
05-11 16:38:48.290 D/StatusBar.MSimNetworkController( 2358): onSignalStrengthsChanged received on subscription :0signalStrength=SignalStrength: 29 0 2147483647 2147483647 gsm|lte level=4
05-11 16:38:48.290 D/StatusBar.MSimNetworkController( 2358): updateTelephonySignalStrength: subscription =0
05-11 16:38:48.290 D/StatusBar.MSimNetworkController( 2358): updateTelephonySignalStrength iconList = [I@42142278iconLevel = 5 mInetCondition = 0
05-11 16:38:48.290 D/StatusBar.MSimNetworkController( 2358): refreshViews subscription =0mMSimDataConnected =false mHasMobileDataFeature:true
05-11 16:38:48.290 D/StatusBar.MSimNetworkController( 2358): refreshViews: Data not connected!! Set no data type icon / Roaming for subscription: 0
05-11 16:38:48.290 D/StatusBar.MSimNetworkController( 2358): refreshViews connected={ wifi } level=4 mMSimcombinedSignalIconId=0x7f02019f/com.smartisanos.systemui:drawable/stat_sys_wifi_signal_3 mMSimcombinedActivityIconId=0x0 mAirplaneMode=false mMSimDataActivity=0 mMSimPhoneSignalIconId=0x7f020185 mMSimDataDirectionIconId=0x0 mMSimDataSignalIconId=0x7f020185 mMSimDataTypeIconId=0x0 mWifiIconId=0x7f02019f mBluetoothTetherIconId=0x10807e7
05-11 16:38:48.300 V/WLAN_PSA(  250): NL MSG, len[048], NL type[0x11] WNI type[0x5050] len[028]
05-11 16:38:48.300 V/WLAN_PSA(  250): NL MSG, PID: 250
05-11 16:38:49.440 D/wpa_supplicant(19083): RX ctrl_iface - hexdump(len=11): 53 49 47 4e 41 4c 5f 50 4f 4c 4c
05-11 16:38:49.440 D/wpa_supplicant(19083): wlan0: Control interface command 'SIGNAL_POLL'
05-11 16:38:49.440 V/WLAN_PSA(  250): NL MSG, len[4019], NL type[0x1C] WNI type[0x5900] len[39695]
05-11 16:38:49.440 V/WLAN_PSA(  250): NL MSG, PID: 250
05-11 16:38:49.460 D/wpa_supplicant(19083): nl80211: survey data missing!
05-11 16:38:50.550 D/StatusBar.MSimNetworkController( 2358): onSignalStrengthsChanged received on subscription :0signalStrength=SignalStrength: 28 0 2147483647 2147483647 gsm|lte level=4
05-11 16:38:50.550 D/StatusBar.MSimNetworkController( 2358): updateTelephonySignalStrength: subscription =0
05-11 16:38:50.560 D/StatusBar.MSimNetworkController( 2358): updateTelephonySignalStrength iconList = [I@42142278iconLevel = 5 mInetCondition = 0
05-11 16:38:50.560 D/StatusBar.MSimNetworkController( 2358): refreshViews subscription =0mMSimDataConnected =false mHasMobileDataFeature:true
05-11 16:38:50.560 D/StatusBar.MSimNetworkController( 2358): refreshViews: Data not connected!! Set no data type icon / Roaming for subscription: 0
05-11 16:38:50.560 D/StatusBar.MSimNetworkController( 2358): refreshViews connected={ wifi } level=4 mMSimcombinedSignalIconId=0x7f02019f/com.smartisanos.systemui:drawable/stat_sys_wifi_signal_3 mMSimcombinedActivityIconId=0x0 mAirplaneMode=false mMSimDataActivity=0 mMSimPhoneSignalIconId=0x7f020185 mMSimDataDirectionIconId=0x0 mMSimDataSignalIconId=0x7f020185 mMSimDataTypeIconId=0x0 mWifiIconId=0x7f02019f mBluetoothTetherIconId=0x10807e7
05-11 16:38:51.010 E/QCALOG  (  359): [MessageQ] ProcessNewMessage: [XT-CS] unknown deliver target [OS-Agent]
05-11 16:38:51.350 D/ExtendedUtils(  238): extended extractor not needed, return default
05-11 16:38:51.350 D/MediaResourceGetter(21722): resource has video|duration:11797|url:http://auto.smartisan.com/media/Auto_Test_Video.mp4|cookies:
05-11 16:38:51.360 D/ChromiumHTTPDataSource(  238): disconnect() in.
05-11 16:38:51.360 D/ChromiumHTTPDataSource(  238): disconnect_l() in.
05-11 16:38:51.360 D/ChromiumHTTPDataSource(  238): onDisconnectComplete() in.
05-11 16:38:51.360 D/ChromiumHTTPDataSource(  238): disconnect_l() out.
05-11 16:38:51.360 D/MediaResourceGetter(21722): MediaMetadata duration:11797|width:1920|height:1080|success:true
05-11 16:38:52.070 E/QCALOG  (  359): [MessageQ] ProcessNewMessage: [XTWWAN-PE] unknown deliver target [OS-Agent]
05-11 16:38:52.070 E/QCALOG  (  359): [MessageQ] ProcessNewMessage: [XTWiFi-PE] unknown deliver target [OS-Agent]
05-11 16:38:52.460 D/wpa_supplicant(19083): RX ctrl_iface - hexdump(len=11): 53 49 47 4e 41 4c 5f 50 4f 4c 4c
05-11 16:38:52.460 D/wpa_supplicant(19083): wlan0: Control interface command 'SIGNAL_POLL'
05-11 16:38:52.480 D/wpa_supplicant(19083): nl80211: survey data missing!
05-11 16:38:52.860 D/ExtendedUtils(  238): extended extractor not needed, return default
05-11 16:38:52.870 D/MediaResourceGetter(21722): resource has video|duration:11797|url:http://auto.smartisan.com/media/Auto_Test_Video.mp4|cookies:
05-11 16:38:52.870 D/ChromiumHTTPDataSource(  238): disconnect() in.
05-11 16:38:52.870 D/ChromiumHTTPDataSource(  238): disconnect_l() in.
05-11 16:38:52.870 D/ChromiumHTTPDataSource(  238): onDisconnectComplete() in.
05-11 16:38:52.870 D/ChromiumHTTPDataSource(  238): disconnect_l() out.
05-11 16:38:52.880 D/MediaResourceGetter(21722): MediaMetadata duration:11797|width:1920|height:1080|success:true
05-11 16:38:52.880 E/MediaPlayer-JNI(21722): QCMediaPlayer mediaplayer NOT present
05-11 16:38:52.890 I/MediaFocusControl( 1179):  AudioFocus  requestAudioFocus() from android.media.AudioManager@41f15f38com.android.org.chromium.media.MediaPlayerListener@431947d0
05-11 16:38:52.890 D/MediaPlayer(21722): Couldn't open file on client side, trying server side
05-11 16:38:52.890 D/AwesomePlayer(  238): AwesomePlayer() in.
05-11 16:38:52.890 D/AwesomePlayer(  238): reset() in.
05-11 16:38:52.890 D/AwesomePlayer(  238): reset_l() in.
05-11 16:38:52.890 D/AwesomePlayer(  238): setDataSource() in. uri: http://auto.smartisan.com/media/Auto_Test_Video.mp4.
05-11 16:38:52.890 D/AwesomePlayer(  238): reset_l() in.
05-11 16:38:52.890 D/Utils   (  238): printFileName http://auto.smartisan.com/media/Auto_Test_Video.mp4
05-11 16:38:52.890 I/AwesomePlayer(  238): setDataSource_l(URL suppressed)
05-11 16:38:52.900 D/AwesomePlayer(  238): prepareAsync() in.
05-11 16:38:52.900 D/AwesomePlayer(  238): prepareAsync_l() in.
05-11 16:38:52.900 D/ChromiumHTTPDataSource(  238): connect() in.
05-11 16:38:52.900 D/ChromiumHTTPDataSource(  238): connect_l() in.
05-11 16:38:52.900 W/ActivityManager( 1179): ActivityManagerService, registerReceiver, caller == android.app.ApplicationThreadProxy@423b3500
05-11 16:38:52.900 W/ActivityManager( 1179): ActivityManagerService, registerReceiver, callerApp == ProcessRecord{430956f0 21722:com.android.browser/u0a2}
05-11 16:38:52.940 D/ChromiumHTTPDataSource(  238): onConnectionEstablished() in.
05-11 16:38:52.950 D/ChromiumHTTPDataSource(  238): connect_l() out.
05-11 16:38:52.950 E/NuCachedSource2(  238): timeout = 3000000000 nanoseconds
05-11 16:38:52.960 D/ExtendedUtils(  238): extended extractor not needed, return default
05-11 16:38:52.960 D/MediaResourceGetter(21722): resource has video|duration:11797|url:http://auto.smartisan.com/media/Auto_Test_Video.mp4|cookies:
05-11 16:38:52.980 D/ChromiumHTTPDataSource(  238): disconnect() in.
05-11 16:38:52.980 D/ChromiumHTTPDataSource(  238): disconnect_l() in.
05-11 16:38:52.980 D/ChromiumHTTPDataSource(  238): onDisconnectComplete() in.
05-11 16:38:52.980 D/ChromiumHTTPDataSource(  238): disconnect_l() out.
05-11 16:38:52.980 D/MediaResourceGetter(21722): MediaMetadata duration:11797|width:1920|height:1080|success:true
05-11 16:38:52.990 D/PowerManagerService( 1179): acquireWakeLockInternal: lock=1109016784, flags=0x2000000a, tag="WindowManager", ws=WorkSource{10002}, uid=1000, pid=1179
05-11 16:38:52.990 D/PowerManagerService( 1179): updateWakeLockSummaryLocked: mWakefulness=Awake, mWakeLockSummary=0x23
05-11 16:38:52.990 D/PowerManagerService( 1179): updateScreenStateLocked: mDisplayReady=true, newScreenState=2, mWakefulness=1, mWakeLockSummary=0x23, mUserActivitySummary=0x1, mBootCompleted=true
05-11 16:38:52.990 D/PowerManagerService( 1179): Acquiring suspend blocker "PowerManagerService.WakeLocks".
05-11 16:38:52.990 D/PowerManagerService( 1179): handleSandman: canDream=true, mWakefulness=Awake
05-11 16:38:53.070 I/MSM-irqbalance(  385): Decided to move IRQ177 from CPU7 to CPU6
05-11 16:38:53.220 D/StatusBar.MSimNetworkController( 2358): refreshViews subscription =0mMSimDataConnected =false mHasMobileDataFeature:true
05-11 16:38:53.220 D/StatusBar.MSimNetworkController( 2358): refreshViews: Data not connected!! Set no data type icon / Roaming for subscription: 0
05-11 16:38:53.230 D/StatusBar.MSimNetworkController( 2358): refreshViews connected={ wifi } level=4 mMSimcombinedSignalIconId=0x7f02019f/com.smartisanos.systemui:drawable/stat_sys_wifi_signal_3 mMSimcombinedActivityIconId=0x0 mAirplaneMode=false mMSimDataActivity=0 mMSimPhoneSignalIconId=0x7f020185 mMSimDataDirectionIconId=0x0 mMSimDataSignalIconId=0x7f020185 mMSimDataTypeIconId=0x0 mWifiIconId=0x7f02019f mBluetoothTetherIconId=0x10807e7
05-11 16:38:53.310 V/WLAN_PSA(  250): NL MSG, len[048], NL type[0x11] WNI type[0x5050] len[028]
05-11 16:38:53.310 V/WLAN_PSA(  250): NL MSG, PID: 250
05-11 16:38:53.520 I/QueryController(23692): Matched selector: UiSelector[CLASS=android.view.View] <<==>> [android.view.accessibility.AccessibilityNodeInfo@5fff9; boundsInParent: Rect(0, 0 - 1080, 1536); boundsInScreen: Rect(0, 231 - 1080, 1767); packageName: com.android.browser; className: android.view.View; text: null; contentDescription: null; viewIdResName: null; checkable: false; checked: false; focusable: false; focused: false; selected: false; clickable: false; longClickable: false; enabled: true; password: false; scrollable: false; [ACTION_SELECT, ACTION_CLEAR_SELECTION, ACTION_ACCESSIBILITY_FOCUS]]
05-11 16:38:53.720 D/VM_BMS  (  297): wake_lock acquired
05-11 16:38:53.720 D/VM_BMS  (  297): New BMS data - Size=56
05-11 16:38:53.720 D/VM_BMS  (  297): Start process_bms_data
05-11 16:38:53.730 D/VM_BMS  (  297): For batt_temp=273 fcc_mah=2995
05-11 16:38:53.730 D/VM_BMS  (  297): For ocv=4170200 batt_temp=273 soc=83
05-11 16:38:53.730 D/VM_BMS  (  297): fifo_count=5 acc_count=0
05-11 16:38:53.730 D/VM_BMS  (  297): INIT: ocv=4170200 last_ocv=4170200 batt_temp=273 soc=83
05-11 16:38:53.730 D/VM_BMS  (  297): For soc=83 batt_temp=273 slope=10800
05-11 16:38:53.730 D/VM_BMS  (  297): For soc=83 batt_temp=273 rbatt_sf=106
05-11 16:38:53.730 D/VM_BMS  (  297): rbatt_mohm_default=146, rbatt_mohm=154, sf=106 batt_temp=273
05-11 16:38:53.730 D/VM_BMS  (  297): For ocv=4170286 batt_temp=273 soc=83
05-11 16:38:53.730 D/VM_BMS  (  297): FIFO=0 fifo_avg=4.196367 rbatt=0.154000 slope=1.080000 ibatt=-0.169633 ocv=4.170287 soc=83 fcc_ah=2.995000 sample_count=128 sample_interval=40 seq_num=738
05-11 16:38:53.730 D/VM_BMS  (  297): For soc=83 batt_temp=273 slope=10800
05-11 16:38:53.730 D/VM_BMS  (  297): For soc=83 batt_temp=273 rbatt_sf=106
05-11 16:38:53.730 D/VM_BMS  (  297): rbatt_mohm_default=146, rbatt_mohm=154, sf=106 batt_temp=273
05-11 16:38:53.730 D/VM_BMS  (  297): For ocv=4170367 batt_temp=273 soc=83
05-11 16:38:53.730 D/VM_BMS  (  297): FIFO=1 fifo_avg=4.194606 rbatt=0.154000 slope=1.080000 ibatt=-0.157657 ocv=4.170367 soc=83 fcc_ah=2.995000 sample_count=128 sample_interval=40 seq_num=738
05-11 16:38:53.730 D/VM_BMS  (  297): For soc=83 batt_temp=273 slope=10800
05-11 16:38:53.730 D/VM_BMS  (  297): For soc=83 batt_temp=273 rbatt_sf=106
05-11 16:38:53.730 D/VM_BMS  (  297): rbatt_mohm_default=146, rbatt_mohm=154, sf=106 batt_temp=273
05-11 16:38:53.730 D/VM_BMS  (  297): For ocv=4170412 batt_temp=273 soc=83
05-11 16:38:53.730 D/VM_BMS  (  297): FIFO=2 fifo_avg=4.184043 rbatt=0.154000 slope=1.080000 ibatt=-0.088659 ocv=4.170412 soc=83 fcc_ah=2.995000 sample_count=128 sample_interval=40 seq_num=738
05-11 16:38:53.730 D/VM_BMS  (  297): For soc=83 batt_temp=273 slope=10800
05-11 16:38:53.730 D/VM_BMS  (  297): For soc=83 batt_temp=273 rbatt_sf=106
05-11 16:38:53.730 D/VM_BMS  (  297): rbatt_mohm_default=146, rbatt_mohm=154, sf=106 batt_temp=273
05-11 16:38:53.730 D/VM_BMS  (  297): For ocv=4170507 batt_temp=273 soc=83
05-11 16:38:53.730 D/VM_BMS  (  297): FIFO=3 fifo_avg=4.199010 rbatt=0.154000 slope=1.080000 ibatt=-0.185392 ocv=4.170507 soc=83 fcc_ah=2.995000 sample_count=128 sample_interval=40 seq_num=738
05-11 16:38:53.730 D/VM_BMS  (  297): For soc=83 batt_temp=273 slope=10800
05-11 16:38:53.730 D/VM_BMS  (  297): For soc=83 batt_temp=273 rbatt_sf=106
05-11 16:38:53.730 D/VM_BMS  (  297): rbatt_mohm_default=146, rbatt_mohm=154, sf=106 batt_temp=273
05-11 16:38:53.730 D/VM_BMS  (  297): For ocv=4170631 batt_temp=273 soc=83
05-11 16:38:53.730 D/VM_BMS  (  297): FIFO=4 fifo_avg=4.207815 rbatt=0.154000 slope=1.080000 ibatt=-0.241858 ocv=4.170631 soc=83 fcc_ah=2.995000 sample_count=128 sample_interval=40 seq_num=738
05-11 16:38:53.730 I/VM_BMS  (  297): power_supply_update: ocv_uv=4170631 ibatt=-241858 soc=83 seq_num=738
05-11 16:38:53.730 D/VM_BMS  (  297): End process_bms_data
05-11 16:38:53.730 D/VM_BMS  (  297): wake_lock released
05-11 16:38:55.480 D/wpa_supplicant(19083): RX ctrl_iface - hexdump(len=11): 53 49 47 4e 41 4c 5f 50 4f 4c 4c
05-11 16:38:55.480 D/wpa_supplicant(19083): wlan0: Control interface command 'SIGNAL_POLL'
05-11 16:38:55.480 V/WLAN_PSA(  250): NL MSG, len[4074], NL type[0x1C] WNI type[0x5900] len[53775]
05-11 16:38:55.480 V/WLAN_PSA(  250): NL MSG, PID: 250
05-11 16:38:55.480 D/wpa_supplicant(19083): nl80211: survey data missing!
05-11 16:38:56.010 E/QCALOG  (  359): [MessageQ] ProcessNewMessage: [XT-CS] unknown deliver target [OS-Agent]
05-11 16:38:57.070 E/QCALOG  (  359): [MessageQ] ProcessNewMessage: [XTWWAN-PE] unknown deliver target [OS-Agent]
05-11 16:38:57.070 E/QCALOG  (  359): [MessageQ] ProcessNewMessage: [XTWiFi-PE] unknown deliver target [OS-Agent]
05-11 16:38:58.070 D/PRDrmPlugIn(  237): PRDrmPlugin::onInitialize, uniqueId = 6928
05-11 16:38:58.070 D/PRDrmPlugIn(  237): PRDrmPlugin::onSetOnInfoListener: starts! uniqueId = 6928
05-11 16:38:58.070 D/PRDrmPlugIn(  237): PRDrmPlugin::onSetOnInfoListener: ends!
05-11 16:38:58.070 I/MSM-irqbalance(  385): Decided to move IRQ166 from CPU7 to CPU6
05-11 16:38:58.070 D/PRDrmPlugIn(  237): PRDrmPlugin::onTerminate, uniqueId = 6928
05-11 16:38:58.230 I/PPPOEService( 1179): NetdCallbackReceiver onEvent 601601 limit alert globalAlert wlan0
05-11 16:38:58.230 D/NtpTrustedTime( 1179): currentTimeMillis() cache hit
05-11 16:38:58.230 D/PowerManagerService( 1179): acquireWakeLockInternal: lock=1111706368, flags=0x1, tag="NetworkStats", ws=null, uid=1000, pid=1179
05-11 16:38:58.230 D/PowerManagerService( 1179): updateWakeLockSummaryLocked: mWakefulness=Awake, mWakeLockSummary=0x23
05-11 16:38:58.230 D/PowerManagerService( 1179): updateScreenStateLocked: mDisplayReady=true, newScreenState=2, mWakefulness=1, mWakeLockSummary=0x23, mUserActivitySummary=0x1, mBootCompleted=true
05-11 16:38:58.230 D/PowerManagerService( 1179): handleSandman: canDream=true, mWakefulness=Awake
05-11 16:38:58.270 D/MediaExtractor(  238): Create mime:video/mp4
05-11 16:38:58.310 D/NtpTrustedTime( 1179): currentTimeMillis() cache hit
05-11 16:38:58.310 D/NtpTrustedTime( 1179): currentTimeMillis() cache hit
05-11 16:38:58.310 D/PowerManagerService( 1179): releaseWakeLockInternal: lock=1111706368 [NetworkStats], flags=0x0
05-11 16:38:58.310 D/PowerManagerService( 1179): updateWakeLockSummaryLocked: mWakefulness=Awake, mWakeLockSummary=0x23
05-11 16:38:58.320 V/WLAN_PSA(  250): NL MSG, len[048], NL type[0x11] WNI type[0x5050] len[028]
05-11 16:38:58.320 V/WLAN_PSA(  250): NL MSG, PID: 250
05-11 16:38:58.320 D/PowerManagerService( 1179): updateScreenStateLocked: mDisplayReady=true, newScreenState=2, mWakefulness=1, mWakeLockSummary=0x23, mUserActivitySummary=0x1, mBootCompleted=true
05-11 16:38:58.320 D/PowerManagerService( 1179): handleSandman: canDream=true, mWakefulness=Awake
05-11 16:38:58.320 D/MobileDataStateTracker( 1179): default: setPolicyDataEnable(enabled=true)
05-11 16:38:58.390 I/NuCachedSource2(  238): new range: offset= 19905296
05-11 16:38:58.390 D/ChromiumHTTPDataSource(  238): disconnect_l() in.
05-11 16:38:58.400 D/ChromiumHTTPDataSource(  238): onDisconnectComplete() in.
05-11 16:38:58.400 D/ChromiumHTTPDataSource(  238): disconnect_l() out.
05-11 16:38:58.400 D/ChromiumHTTPDataSource(  238): connect_l() in.
05-11 16:38:58.490 D/wpa_supplicant(19083): RX ctrl_iface - hexdump(len=11): 53 49 47 4e 41 4c 5f 50 4f 4c 4c
05-11 16:38:58.490 D/wpa_supplicant(19083): wlan0: Control interface command 'SIGNAL_POLL'
05-11 16:38:58.490 D/wpa_supplicant(19083): nl80211: survey data missing!
05-11 16:38:58.660 D/ChromiumHTTPDataSource(  238): onConnectionEstablished() in.
05-11 16:38:58.660 D/ChromiumHTTPDataSource(  238): connect_l() out.
05-11 16:38:59.990 D/PowerManagerService( 1179): acquireWakeLockInternal: lock=1113779584, flags=0x1, tag="AlarmManager", ws=WorkSource{1000}, uid=1000, pid=1179
05-11 16:38:59.990 D/PowerManagerService( 1179): updateWakeLockSummaryLocked: mWakefulness=Awake, mWakeLockSummary=0x23
05-11 16:38:59.990 D/PowerManagerService( 1179): updateScreenStateLocked: mDisplayReady=true, newScreenState=2, mWakefulness=1, mWakeLockSummary=0x23, mUserActivitySummary=0x1, mBootCompleted=true
05-11 16:38:59.990 D/PowerManagerService( 1179): handleSandman: canDream=true, mWakefulness=Awake
05-11 16:39:00.000 D/PowerManagerService( 1179): releaseWakeLockInternal: lock=1113779584 [AlarmManager], flags=0x0
05-11 16:39:00.000 D/PowerManagerService( 1179): updateWakeLockSummaryLocked: mWakefulness=Awake, mWakeLockSummary=0x23
05-11 16:39:00.000 D/PowerManagerService( 1179): updateScreenStateLocked: mDisplayReady=true, newScreenState=2, mWakefulness=1, mWakeLockSummary=0x23, mUserActivitySummary=0x1, mBootCompleted=true
05-11 16:39:00.000 D/PowerManagerService( 1179): handleSandman: canDream=true, mWakefulness=Awake
05-11 16:39:01.010 E/QCALOG  (  359): [MessageQ] ProcessNewMessage: [XT-CS] unknown deliver target [OS-Agent]
05-11 16:39:01.500 D/wpa_supplicant(19083): RX ctrl_iface - hexdump(len=11): 53 49 47 4e 41 4c 5f 50 4f 4c 4c
05-11 16:39:01.500 D/wpa_supplicant(19083): wlan0: Control interface command 'SIGNAL_POLL'
05-11 16:39:01.500 D/wpa_supplicant(19083): nl80211: survey data missing!
05-11 16:39:01.770 V/WLAN_PSA(  250): NL MSG, len[4024], NL type[0x1C] WNI type[0x5900] len[40975]
05-11 16:39:01.770 V/WLAN_PSA(  250): NL MSG, PID: 250
05-11 16:39:02.050 D/PowerManagerService( 1179): handleUserActivityTimeout
05-11 16:39:02.050 D/PowerManagerService( 1179): updateUserActivitySummaryLocked: mWakefulness=Awake, mUserActivitySummary=0x2, nextTimeout=10020679 (in 5997 ms)
05-11 16:39:02.050 D/PowerManagerService( 1179): updateScreenStateLocked: mDisplayReady=true, newScreenState=2, mWakefulness=1, mWakeLockSummary=0x23, mUserActivitySummary=0x2, mBootCompleted=true
05-11 16:39:02.050 D/PowerManagerService( 1179): handleSandman: canDream=true, mWakefulness=Awake
05-11 16:39:02.070 E/QCALOG  (  359): [MessageQ] ProcessNewMessage: [XTWWAN-PE] unknown deliver target [OS-Agent]
05-11 16:39:02.070 E/QCALOG  (  359): [MessageQ] ProcessNewMessage: [XTWiFi-PE] unknown deliver target [OS-Agent]
05-11 16:39:02.410 I/NuCachedSource2(  238): ERROR_END_OF_STREAM
05-11 16:39:03.070 I/MSM-irqbalance(  385): Decided to move IRQ174 from CPU7 to CPU6
05-11 16:39:03.330 V/WLAN_PSA(  250): NL MSG, len[048], NL type[0x11] WNI type[0x5050] len[028]
05-11 16:39:03.330 V/WLAN_PSA(  250): NL MSG, PID: 250
05-11 16:39:04.270 D/StatusBar.MSimNetworkController( 2358): refreshViews subscription =0mMSimDataConnected =false mHasMobileDataFeature:true
05-11 16:39:04.270 D/StatusBar.MSimNetworkController( 2358): refreshViews: Data not connected!! Set no data type icon / Roaming for subscription: 0
05-11 16:39:04.270 D/StatusBar.MSimNetworkController( 2358): refreshViews connected={ wifi } level=4 mMSimcombinedSignalIconId=0x7f02019f/com.smartisanos.systemui:drawable/stat_sys_wifi_signal_3 mMSimcombinedActivityIconId=0x0 mAirplaneMode=false mMSimDataActivity=0 mMSimPhoneSignalIconId=0x7f020185 mMSimDataDirectionIconId=0x0 mMSimDataSignalIconId=0x7f020185 mMSimDataTypeIconId=0x0 mWifiIconId=0x7f02019f mBluetoothTetherIconId=0x10807e7
05-11 16:39:04.510 D/wpa_supplicant(19083): RX ctrl_iface - hexdump(len=11): 53 49 47 4e 41 4c 5f 50 4f 4c 4c
05-11 16:39:04.510 D/wpa_supplicant(19083): wlan0: Control interface command 'SIGNAL_POLL'
05-11 16:39:04.520 D/wpa_supplicant(19083): nl80211: survey data missing!
05-11 16:39:06.010 E/QCALOG  (  359): [MessageQ] ProcessNewMessage: [XT-CS] unknown deliver target [OS-Agent]
05-11 16:39:07.070 E/QCALOG  (  359): [MessageQ] ProcessNewMessage: [XTWWAN-PE] unknown deliver target [OS-Agent]
05-11 16:39:07.070 E/QCALOG  (  359): [MessageQ] ProcessNewMessage: [XTWiFi-PE] unknown deliver target [OS-Agent]
05-11 16:39:07.520 D/wpa_supplicant(19083): RX ctrl_iface - hexdump(len=11): 53 49 47 4e 41 4c 5f 50 4f 4c 4c
05-11 16:39:07.530 D/wpa_supplicant(19083): wlan0: Control interface command 'SIGNAL_POLL'
05-11 16:39:07.540 D/wpa_supplicant(19083): nl80211: survey data missing!
05-11 16:39:08.050 D/PowerManagerService( 1179): handleUserActivityTimeout
05-11 16:39:08.050 D/PowerManagerService( 1179): updateUserActivitySummaryLocked: mWakefulness=Awake, mUserActivitySummary=0x0, nextTimeout=10020679 (3 ms ago)
05-11 16:39:08.050 D/PowerManagerService( 1179): updateScreenStateLocked: mDisplayReady=true, newScreenState=2, mWakefulness=1, mWakeLockSummary=0x23, mUserActivitySummary=0x0, mBootCompleted=true
05-11 16:39:08.050 D/PowerManagerService( 1179): handleSandman: canDream=true, mWakefulness=Awake
05-11 16:39:08.340 V/WLAN_PSA(  250): NL MSG, len[048], NL type[0x11] WNI type[0x5050] len[028]
05-11 16:39:08.340 V/WLAN_PSA(  250): NL MSG, PID: 250
05-11 16:39:08.470 D/ExtendedUtils(  238): extended extractor not needed, return default
05-11 16:39:08.470 D/AwesomePlayer(  238): After MediaExtractor::Create mime:video/mp4
05-11 16:39:08.470 D/AwesomePlayer(  238): finishSetDataSource_l ok
05-11 16:39:08.480 V/kernel  ( 9294): <6>[10021.174348] msm_vidc: info: Opening video instance: d8cfa180, 1
05-11 16:39:08.520 V/kernel  ( 9294): <6>[10021.218710] subsys-pil-tz 1de0000.qcom,venus: venus: loading from 0x8f800000 to 0x8fd00000
05-11 16:39:08.570 D/UIAutomatorStub(23692): URI: /jsonrpc/0, Method: POST, Header: {content-type=application/json, connection=close, remote-addr=127.0.0.1, host=localhost:9009, content-length=102, http-client-ip=127.0.0.1, user-agent=Python-urllib/2.7, accept-encoding=identity}, params, {NanoHttpd.QUERY_STRING=null}, files: {postData={"params": ["back"], "jsonrpc": "2.0", "method": "pressKey", "id": "568bb91077817ef82cc24fac4648312e"}}
05-11 16:39:08.570 D/WindowManager( 1179): interceptKeyTq keycode=4 down=true screenIsOn=true keyguardActive=false policyFlags=b000000 isWakeKey=false
05-11 16:39:08.570 D/WindowManager( 1179): interceptKeyTi keyCode=4 down=true repeatCount=0 keyguardOn=false canceled=false
05-11 16:39:08.570 D/WindowManager( 1179): mSqueezeSideAction=quick_shot mPowerKeyTriggered=false mHomeKeyTriggered=false mVolumeUpKeyTriggered=false mVolumeDownKeyTriggered=false mBrightnessUpKeyTriggered=false mBrightnessDownKeyTriggered=false
05-11 16:39:08.570 D/WindowManager( 1179): null is detected
05-11 16:39:08.570 D/PowerManagerService( 1179): userActivityNoUpdateLocked: eventTime=10021201, event=1, flags=0x0, uid=1000
05-11 16:39:08.570 D/PowerManagerService( 1179): updateUserActivitySummaryLocked: mWakefulness=Awake, mUserActivitySummary=0x1, nextTimeout=10026204 (in 4999 ms)
05-11 16:39:08.570 D/PowerManagerService( 1179): updateScreenStateLocked: mDisplayReady=true, newScreenState=2, mWakefulness=1, mWakeLockSummary=0x23, mUserActivitySummary=0x1, mBootCompleted=true
05-11 16:39:08.570 D/PowerManagerService( 1179): handleSandman: canDream=true, mWakefulness=Awake
05-11 16:39:08.580 W/UnimplementedWebViewApi(21722): Unimplemented WebView method onKeyDown called from: android.webkit.WebView.onKeyDown(WebView.java:2178)
05-11 16:39:08.580 D/WindowManager( 1179): interceptKeyTq keycode=4 down=false screenIsOn=true keyguardActive=false policyFlags=b000000 isWakeKey=false
05-11 16:39:08.580 D/WindowManager( 1179): interceptKeyTi keyCode=4 down=false repeatCount=0 keyguardOn=false canceled=false
05-11 16:39:08.590 I/ActivityManager( 1179): moveTaskToBack: 23
05-11 16:39:08.650 V/kernel  ( 9294): <6>[10021.348213] subsys-pil-tz 1de0000.qcom,venus: venus: Brought out of reset
05-11 16:39:08.720 D/OMXCodec(  238): Successfully allocated OMX node 'OMX.qcom.video.decoder.avc'
05-11 16:39:08.720 I/OMXCodec(  238): [OMX.qcom.video.decoder.avc] AVC profile = 66 (Baseline), level = 40
05-11 16:39:08.720 I/ExtendedCodec(  238): Decoder will be in frame by frame mode
05-11 16:39:08.740 I/ExtendedCodec(  238): Smoothstreaming Enabled
05-11 16:39:08.750 I/OMXCodec(  238): [OMX.qcom.video.decoder.avc] video dimensions are 1920 x 1080
05-11 16:39:08.750 I/OMXCodec(  238): [OMX.qcom.video.decoder.avc] Crop rect is 1920 x 1080 @ (0, 0)
05-11 16:39:08.750 D/dalvikvm( 1179): GC_FOR_ALLOC freed 3567K, 28% free 34327K/47308K, paused 128ms, total 129ms, dvmtargetUtilize:0.799805
05-11 16:39:08.750 I/dalvikvm-heap( 1179): Grow heap (frag case) to 36.671MB for 1060744-byte allocation
05-11 16:39:08.760 D/WebViewTimersControl(21722): onBrowserActivityPause
05-11 16:39:08.760 D/WebViewTimersControl(21722): Pausing webview timers, view=com.android.browser.BrowserWebView{42268a38 VFEDHVCL .F...... 0,0-1080,1536}
05-11 16:39:08.760 D/PowerManagerService( 1179): acquireWakeLockInternal: lock=1107865952, flags=0x1, tag="ActivityManager-Launch", ws=null, uid=1000, pid=1179
05-11 16:39:08.760 D/PowerManagerService( 1179): updateWakeLockSummaryLocked: mWakefulness=Awake, mWakeLockSummary=0x23
05-11 16:39:08.760 D/PowerManagerService( 1179): updateScreenStateLocked: mDisplayReady=true, newScreenState=2, mWakefulness=1, mWakeLockSummary=0x23, mUserActivitySummary=0x1, mBootCompleted=true
05-11 16:39:08.760 D/PowerManagerService( 1179): handleSandman: canDream=true, mWakefulness=Awake
05-11 16:39:08.790 E/OMXCodec(  238): native_window_set_buffers_transform failed: Success (0)
05-11 16:39:08.790 I/OMXCodec(  238): NOTE: Overriding minUndequeuedBufs to 5
05-11 16:39:08.790 I/OMXCodec(  238): NOTE: Allocating 11 buffers on output port
05-11 16:39:08.920 E/NewLauncher( 2653): Launcher : #### onResume #####
05-11 16:39:08.930 E/NewLauncher( 2653): LauncherApplication : ACTION_ACTIVITY_RESUMED : component:com.smartisanos.launcher.Launcher
05-11 16:39:08.990 E/NewLauncher( 2653): SMRenderer : DEBUG : onSurfaceChanged : true, size = 1080 , 1920
05-11 16:39:09.090 V/WLAN_PSA(  250): NL MSG, len[4016], NL type[0x1C] WNI type[0x5900] len[38927]
05-11 16:39:09.090 V/WLAN_PSA(  250): NL MSG, PID: 250
05-11 16:39:09.100 V/kernel  ( 9294): <3>[10021.790684] wlan: [19072:E :HDP] hdd_tx_rx_pkt_cnt_stat_timer_handler: Disable split scan
05-11 16:39:09.130 D/StatusBarManagerService( 1179): manageDisableList userId=0 what=0x0 pkg=WindowManager.LayoutParams token:android.os.Binder@4267f9e8
05-11 16:39:09.140 E/NewLauncher( 2653): SMRenderer : DEBUG : onSurfaceChanged : true, size = 1080 , 1920
05-11 16:39:09.150 D/SmartisanPhoneStatusBarTransitions( 2358): onTransition mode:4
05-11 16:39:09.220 D/AwesomePlayer(  238): mime is audio/mp4a-latm.
05-11 16:39:09.220 D/OMXCodec(  238): Successfully allocated OMX node 'OMX.google.aac.decoder'
05-11 16:39:09.230 D/PowerManagerService( 1179): acquireWakeLockInternal: lock=1118221176, flags=0x1, tag="TimedEventQueue", ws=null, uid=1013, pid=238
05-11 16:39:09.230 D/PowerManagerService( 1179): updateWakeLockSummaryLocked: mWakefulness=Awake, mWakeLockSummary=0x23
05-11 16:39:09.230 D/PowerManagerService( 1179): updateScreenStateLocked: mDisplayReady=true, newScreenState=2, mWakefulness=1, mWakeLockSummary=0x23, mUserActivitySummary=0x1, mBootCompleted=true
05-11 16:39:09.230 D/PowerManagerService( 1179): handleSandman: canDream=true, mWakefulness=Awake
05-11 16:39:09.240 D/AwesomePlayer(  238): pause_l() in.
05-11 16:39:09.240 E/NewLauncher( 2653): Launcher : DEBUG : onWindowFocusChanged = true
05-11 16:39:09.240 D/PhoneWindow( 2653): Twist is disabled, pacakge=com.smartisanos.launcher
05-11 16:39:09.240 D/PhoneWindow( 2653): onWindowFocusChanged, who=/system/priv-app/LauncherSmartisanNew.apk hasWindowFocus=true requestedOrientation=1 appUserOrientation=-1
05-11 16:39:09.460 I/Timeline( 2653): Timeline: Activity_idle id: android.os.BinderProxy@41ea42f0 time:10022092
05-11 16:39:09.460 D/PowerManagerService( 1179): releaseWakeLockInternal: lock=1107865952 [ActivityManager-Launch], flags=0x0
05-11 16:39:09.470 D/PowerManagerService( 1179): updateWakeLockSummaryLocked: mWakefulness=Awake, mWakeLockSummary=0x23
05-11 16:39:09.470 D/PowerManagerService( 1179): updateScreenStateLocked: mDisplayReady=true, newScreenState=2, mWakefulness=1, mWakeLockSummary=0x23, mUserActivitySummary=0x1, mBootCompleted=true
05-11 16:39:09.470 D/PowerManagerService( 1179): handleSandman: canDream=true, mWakefulness=Awake
05-11 16:39:09.510 D/StatusBarManagerService( 1179): manageDisableList userId=0 what=0x0 pkg=WindowManager.LayoutParams token:android.os.Binder@4267f9e8
05-11 16:39:09.540 E/OMX_C2D (  238): Destroy C2D instance
05-11 16:39:09.540 E/OMX_C2D (  238): Destroy C2D instance
05-11 16:39:09.550 V/kernel  ( 9294): <6>[10022.241892] msm_vidc: info: Closed video instance: d8cfa180
05-11 16:39:09.560 V/kernel  ( 9294): <6>[10022.253690] msm_vidc: info: Opening video instance: db0e10c0, 1
05-11 16:39:09.590 V/kernel  ( 9294): <6>[10022.288994] subsys-pil-tz 1de0000.qcom,venus: venus: loading from 0x8f800000 to 0x8fd00000
05-11 16:39:09.720 V/kernel  ( 9294): <6>[10022.410585] subsys-pil-tz 1de0000.qcom,venus: venus: Brought out of reset
05-11 16:39:09.760 W/InteractionController(23692): runAndwaitForEvent timedout waiting for events
05-11 16:39:09.770 D/OMXCodec(  238): Successfully allocated OMX node 'OMX.qcom.video.decoder.avc'
05-11 16:39:09.770 I/OMXCodec(  238): [OMX.qcom.video.decoder.avc] AVC profile = 66 (Baseline), level = 40
05-11 16:39:09.770 I/ExtendedCodec(  238): Decoder will be in frame by frame mode
05-11 16:39:09.790 D/UIAutomatorStub(23692): URI: /jsonrpc/0, Method: POST, Header: {content-type=application/json, connection=close, remote-addr=127.0.0.1, host=localhost:9009, content-length=84, http-client-ip=127.0.0.1, user-agent=Python-urllib/2.7, accept-encoding=identity}, params, {NanoHttpd.QUERY_STRING=null}, files: {postData={"jsonrpc": "2.0", "method": "deviceInfo", "id": "2a29c932581ea213e83524593508124c"}}
05-11 16:39:09.800 D/dalvikvm(23692): GC_CONCURRENT freed 1987K, 87% free 1121K/8192K, paused 1ms+1ms, total 13ms, dvmtargetUtilize:0.750000
05-11 16:39:09.810 E/C2DColorConvert(  238): unknown format passed for luma alignment number
05-11 16:39:09.840 E/C2DColorConvert(  238): unknown format passed for luma alignment number
05-11 16:39:09.870 E/C2DColorConvert(  238): unknown format passed for luma alignment number
05-11 16:39:09.870 E/C2DColorConvert(  238): unknown format passed for luma alignment number
05-11 16:39:09.870 E/C2DColorConvert(  238): unknown format passed for luma alignment number
05-11 16:39:09.880 D/UIAutomatorStub(23692): URI: /jsonrpc/0, Method: POST, Header: {content-type=application/json, connection=close, remote-addr=127.0.0.1, host=localhost:9009, content-length=238, http-client-ip=127.0.0.1, user-agent=Python-urllib/2.7, accept-encoding=identity}, params, {NanoHttpd.QUERY_STRING=null}, files: {postData={"params": [{"childOrSiblingSelector": [], "resourceId": "com.android.browser:id/switch_btn", "mask": 2097152, "childOrSibling": []}, 3000], "jsonrpc": "2.0", "method": "clickAndWaitForNewWindow", "id": "3bfeb0687035402a71ac0461d95748f1"}}
05-11 16:39:09.910 E/C2DColorConvert(  238): unknown format passed for luma alignment number
05-11 16:39:09.910 I/ExtendedCodec(  238): Smoothstreaming Enabled
05-11 16:39:09.950 V/ActivityManager( 1179): Bringing up ServiceRecord{43553cb8 u0 com.smartisanos.weather/.service.UpdateService} android.content.Intent$FilterComparison@c9ea6b53
05-11 16:39:09.980 I/Timeline( 1179): Timeline: Activity_windows_visible id: ActivityRecord{42103258 u0 com.smartisanos.launcher/.Launcher t2} time:10022610
05-11 16:39:09.990 D/PowerManagerService( 1179): userActivityNoUpdateLocked: eventTime=10022626, event=0, flags=0x0, uid=1000
05-11 16:39:09.990 D/PowerManagerService( 1179): updateUserActivitySummaryLocked: mWakefulness=Awake, mUserActivitySummary=0x1, nextTimeout=10027627 (in 4999 ms)
05-11 16:39:09.990 D/PowerManagerService( 1179): updateScreenStateLocked: mDisplayReady=true, newScreenState=2, mWakefulness=1, mWakeLockSummary=0x23, mUserActivitySummary=0x1, mBootCompleted=true
05-11 16:39:09.990 D/PowerManagerService( 1179): handleSandman: canDream=true, mWakefulness=Awake
05-11 16:39:10.000 D/PowerManagerService( 1179): releaseWakeLockInternal: lock=1109016784 [WindowManager], flags=0x0
05-11 16:39:10.000 D/PowerManagerService( 1179): userActivityNoUpdateLocked: eventTime=10022630, event=0, flags=0x1, uid=1000
05-11 16:39:10.000 D/PowerManagerService( 1179): updateWakeLockSummaryLocked: mWakefulness=Awake, mWakeLockSummary=0x1
05-11 16:39:10.000 D/PowerManagerService( 1179): updateUserActivitySummaryLocked: mWakefulness=Awake, mUserActivitySummary=0x1, nextTimeout=10027631 (in 4999 ms)
05-11 16:39:10.000 D/PowerManagerService( 1179): updateScreenStateLocked: mDisplayReady=true, newScreenState=2, mWakefulness=1, mWakeLockSummary=0x1, mUserActivitySummary=0x1, mBootCompleted=true
05-11 16:39:10.000 D/PowerManagerService( 1179): handleSandman: canDream=true, mWakefulness=Awake
05-11 16:39:10.040 E/C2DColorConvert(  238): unknown format passed for luma alignment number
05-11 16:39:10.070 E/C2DColorConvert(  238): unknown format passed for luma alignment number
05-11 16:39:10.070 E/C2DColorConvert(  238): unknown format passed for luma alignment number
05-11 16:39:10.070 I/OMXCodec(  238): [OMX.qcom.video.decoder.avc] video dimensions are 1920 x 1080
05-11 16:39:10.070 I/OMXCodec(  238): [OMX.qcom.video.decoder.avc] Crop rect is 1920 x 1080 @ (0, 0)
05-11 16:39:10.110 E/C2DColorConvert(  238): unknown format passed for luma alignment number
05-11 16:39:10.110 E/C2DColorConvert(  238): unknown format passed for luma alignment number
05-11 16:39:10.280 D/StatusBar.MSimNetworkController( 2358): refreshViews subscription =0mMSimDataConnected =false mHasMobileDataFeature:true
05-11 16:39:10.280 D/StatusBar.MSimNetworkController( 2358): refreshViews: Data not connected!! Set no data type icon / Roaming for subscription: 0
05-11 16:39:10.280 D/StatusBar.MSimNetworkController( 2358): refreshViews connected={ wifi } level=4 mMSimcombinedSignalIconId=0x7f02019f/com.smartisanos.systemui:drawable/stat_sys_wifi_signal_3 mMSimcombinedActivityIconId=0x0 mAirplaneMode=false mMSimDataActivity=0 mMSimPhoneSignalIconId=0x7f020185 mMSimDataDirectionIconId=0x0 mMSimDataSignalIconId=0x7f020185 mMSimDataTypeIconId=0x0 mWifiIconId=0x7f02019f mBluetoothTetherIconId=0x10807e7
05-11 16:39:10.300 E/OMX-VDEC-1080P(  238): IL client buffer header 0xb791e7e0
05-11 16:39:10.330 E/OMX-VDEC-1080P(  238): IL client buffer header 0xb791e830
05-11 16:39:10.340 E/OMX-VDEC-1080P(  238): IL client buffer header 0xb791e880
05-11 16:39:10.370 E/OMX-VDEC-1080P(  238): IL client buffer header 0xb791e8d0
05-11 16:39:10.390 E/OMX-VDEC-1080P(  238): IL client buffer header 0xb791e920
05-11 16:39:10.410 E/OMX-VDEC-1080P(  238): IL client buffer header 0xb791e970
05-11 16:39:10.410 D/PowerManagerService( 1179): releaseWakeLockInternal: lock=1118221176 [TimedEventQueue], flags=0x0
05-11 16:39:10.420 D/AwesomePlayer(  238): reset() in.
05-11 16:39:10.420 D/AwesomePlayer(  238): reset_l() in.
05-11 16:39:10.420 D/PowerManagerService( 1179): updateWakeLockSummaryLocked: mWakefulness=Awake, mWakeLockSummary=0x0
05-11 16:39:10.420 D/PowerManagerService( 1179): updateScreenStateLocked: mDisplayReady=true, newScreenState=2, mWakefulness=1, mWakeLockSummary=0x0, mUserActivitySummary=0x1, mBootCompleted=true
05-11 16:39:10.420 D/PowerManagerService( 1179): Releasing suspend blocker "PowerManagerService.WakeLocks".
05-11 16:39:10.420 D/PowerManagerService( 1179): handleSandman: canDream=true, mWakefulness=Awake
05-11 16:39:10.440 D/ChromiumHTTPDataSource(  238): disconnect() in.
05-11 16:39:10.450 D/ChromiumHTTPDataSource(  238): disconnect_l() in.
05-11 16:39:10.450 D/ChromiumHTTPDataSource(  238): onDisconnectComplete() in.
05-11 16:39:10.450 D/ChromiumHTTPDataSource(  238): disconnect_l() out.
05-11 16:39:10.490 E/OMX_C2D (  238): Destroy C2D instance
05-11 16:39:10.490 E/OMX_C2D (  238): Destroy C2D instance
05-11 16:39:10.500 V/kernel  ( 9294): <6>[10023.193384] msm_vidc: info: Closed video instance: db0e10c0
05-11 16:39:10.500 D/AwesomePlayer(  238): reset() in.
05-11 16:39:10.500 D/AwesomePlayer(  238): reset_l() in.
05-11 16:39:10.500 D/AwesomePlayer(  238): ~AwesomePlayer() in.
05-11 16:39:10.500 D/AwesomePlayer(  238): reset() in.
05-11 16:39:10.500 D/AwesomePlayer(  238): reset_l() in.
05-11 16:39:10.500 D/AudioSink(  238): in close
05-11 16:39:10.500 D/AudioSink(  238): out close
05-11 16:39:10.500 I/MediaFocusControl( 1179):  AudioFocus  abandonAudioFocus() from android.media.AudioManager@41f15f38com.android.org.chromium.media.MediaPlayerListener@431947d0
05-11 16:39:10.510 I/MediaFocusControl( 1179): updating focussed RCC change to RCD: CallingPackageName:com.smartisanos.music isFocussed:true isAvailable:true
05-11 16:39:10.510 W/IInputConnectionWrapper(21722): showStatusIcon on inactive InputConnection
05-11 16:39:10.540 D/wpa_supplicant(19083): RX ctrl_iface - hexdump(len=11): 53 49 47 4e 41 4c 5f 50 4f 4c 4c
05-11 16:39:10.540 D/wpa_supplicant(19083): wlan0: Control interface command 'SIGNAL_POLL'
05-11 16:39:10.560 D/wpa_supplicant(19083): nl80211: survey data missing!
05-11 16:39:11.010 E/QCALOG  (  359): [MessageQ] ProcessNewMessage: [XT-CS] unknown deliver target [OS-Agent]
05-11 16:39:11.310 D/StatusBar.MSimNetworkController( 2358): refreshViews subscription =0mMSimDataConnected =false mHasMobileDataFeature:true
05-11 16:39:11.310 D/StatusBar.MSimNetworkController( 2358): refreshViews: Data not connected!! Set no data type icon / Roaming for subscription: 0
05-11 16:39:11.310 D/StatusBar.MSimNetworkController( 2358): refreshViews connected={ wifi } level=4 mMSimcombinedSignalIconId=0x7f02019f/com.smartisanos.systemui:drawable/stat_sys_wifi_signal_3 mMSimcombinedActivityIconId=0x0 mAirplaneMode=false mMSimDataActivity=0 mMSimPhoneSignalIconId=0x7f020185 mMSimDataDirectionIconId=0x0 mMSimDataSignalIconId=0x7f020185 mMSimDataTypeIconId=0x0 mWifiIconId=0x7f02019f mBluetoothTetherIconId=0x10807e7
05-11 16:39:12.070 E/QCALOG  (  359): [MessageQ] ProcessNewMessage: [XTWWAN-PE] unknown deliver target [OS-Agent]
05-11 16:39:12.070 E/QCALOG  (  359): [MessageQ] ProcessNewMessage: [XTWiFi-PE] unknown deliver target [OS-Agent]
05-11 16:39:13.350 V/WLAN_PSA(  250): NL MSG, len[048], NL type[0x11] WNI type[0x5050] len[028]
05-11 16:39:13.350 V/WLAN_PSA(  250): NL MSG, PID: 250
05-11 16:39:13.570 D/wpa_supplicant(19083): RX ctrl_iface - hexdump(len=11): 53 49 47 4e 41 4c 5f 50 4f 4c 4c
05-11 16:39:13.570 D/wpa_supplicant(19083): wlan0: Control interface command 'SIGNAL_POLL'
05-11 16:39:13.590 D/wpa_supplicant(19083): nl80211: survey data missing!
05-11 16:39:14.190 D/StatusBar.MSimNetworkController( 2358): onSignalStrengthsChanged received on subscription :0signalStrength=SignalStrength: 28 0 2147483647 2147483647 gsm|lte level=4
05-11 16:39:14.190 D/StatusBar.MSimNetworkController( 2358): updateTelephonySignalStrength: subscription =0
05-11 16:39:14.190 D/StatusBar.MSimNetworkController( 2358): updateTelephonySignalStrength iconList = [I@42142278iconLevel = 5 mInetCondition = 0
05-11 16:39:14.190 D/StatusBar.MSimNetworkController( 2358): refreshViews subscription =0mMSimDataConnected =false mHasMobileDataFeature:true
05-11 16:39:14.190 D/StatusBar.MSimNetworkController( 2358): refreshViews: Data not connected!! Set no data type icon / Roaming for subscription: 0
05-11 16:39:14.190 D/StatusBar.MSimNetworkController( 2358): refreshViews connected={ wifi } level=4 mMSimcombinedSignalIconId=0x7f02019f/com.smartisanos.systemui:drawable/stat_sys_wifi_signal_3 mMSimcombinedActivityIconId=0x0 mAirplaneMode=false mMSimDataActivity=0 mMSimPhoneSignalIconId=0x7f020185 mMSimDataDirectionIconId=0x0 mMSimDataSignalIconId=0x7f020185 mMSimDataTypeIconId=0x0 mWifiIconId=0x7f02019f mBluetoothTetherIconId=0x10807e7
05-11 16:39:15.000 D/PowerManagerService( 1179): handleUserActivityTimeout
05-11 16:39:15.000 D/PowerManagerService( 1179): updateUserActivitySummaryLocked: mWakefulness=Awake, mUserActivitySummary=0x1, nextTimeout=10046626 (in 18989 ms)
05-11 16:39:15.000 D/PowerManagerService( 1179): updateScreenStateLocked: mDisplayReady=true, newScreenState=2, mWakefulness=1, mWakeLockSummary=0x0, mUserActivitySummary=0x1, mBootCompleted=true
05-11 16:39:15.000 D/PowerManagerService( 1179): handleSandman: canDream=true, mWakefulness=Awake
05-11 16:39:15.640 I/ActivityManager( 1179): Start proc com.smartisanos.crashmonitor for broadcast com.smartisanos.crashmonitor/.Trigger: pid=23881 uid=10006 gids={50006, 1007, 3003}
05-11 16:39:15.670 V/kernel  ( 9294): <5>[10028.358587] type=1400 audit(1431333555.650:90): avc:  denied  { getattr } for  pid=23881 comm="zygote" path="socket:[15055]" dev="sockfs" ino=15055 scontext=u:r:untrusted_app:s0 tcontext=u:r:zygote:s0 tclass=unix_stream_socket
05-11 16:39:15.700 V/kernel  ( 9294): <5>[10028.378255] type=1400 audit(1431333555.670:91): avc:  denied  { getopt } for  pid=23881 comm="zygote" path="/dev/socket/zygote" scontext=u:r:untrusted_app:s0 tcontext=u:r:zygote:s0 tclass=unix_stream_socket
05-11 16:39:15.720 D/ActivityThread(23881): handleBindApplication:com.smartisanos.crashmonitor
05-11 16:39:15.720 D/ActivityThread(23881): setTargetHeapUtilization:0.75
05-11 16:39:15.720 D/ActivityThread(23881): setTargetHeapMinFree:2097152
05-11 16:39:15.760 D/crashmonitor(23881): crashmonitor is enabled  , intializing...
05-11 16:39:15.780 D/crashmonitor(23881): tag: system_app_strictmode
05-11 16:39:15.780 I/AndroidRuntime(23881): VM exiting with result code 0, cleanup skipped.
05-11 16:39:15.890 I/ActivityManager( 1179): Process com.smartisanos.crashmonitor (pid 23881) has died.
05-11 16:39:16.010 E/QCALOG  (  359): [MessageQ] ProcessNewMessage: [XT-CS] unknown deliver target [OS-Agent]
05-11 16:39:16.580 D/wpa_supplicant(19083): RX ctrl_iface - hexdump(len=11): 53 49 47 4e 41 4c 5f 50 4f 4c 4c
05-11 16:39:16.580 D/wpa_supplicant(19083): wlan0: Control interface command 'SIGNAL_POLL'
05-11 16:39:16.580 V/WLAN_PSA(  250): NL MSG, len[4077], NL type[0x1C] WNI type[0x5900] len[54543]
05-11 16:39:16.580 V/WLAN_PSA(  250): NL MSG, PID: 250
05-11 16:39:16.600 D/wpa_supplicant(19083): nl80211: survey data missing!
05-11 16:39:17.070 E/QCALOG  (  359): [MessageQ] ProcessNewMessage: [XTWWAN-PE] unknown deliver target [OS-Agent]
05-11 16:39:17.070 E/QCALOG  (  359): [MessageQ] ProcessNewMessage: [XTWiFi-PE] unknown deliver target [OS-Agent]
05-11 16:39:18.360 V/WLAN_PSA(  250): NL MSG, len[048], NL type[0x11] WNI type[0x5050] len[028]
05-11 16:39:18.360 V/WLAN_PSA(  250): NL MSG, PID: 250
05-11 16:39:18.890 D/StatusBar.MSimNetworkController( 2358): onSignalStrengthsChanged received on subscription :0signalStrength=SignalStrength: 28 0 2147483647 2147483647 gsm|lte level=4
05-11 16:39:18.890 D/StatusBar.MSimNetworkController( 2358): updateTelephonySignalStrength: subscription =0
05-11 16:39:18.890 D/StatusBar.MSimNetworkController( 2358): updateTelephonySignalStrength iconList = [I@42142278iconLevel = 5 mInetCondition = 0
05-11 16:39:18.890 D/StatusBar.MSimNetworkController( 2358): refreshViews subscription =0mMSimDataConnected =false mHasMobileDataFeature:true
05-11 16:39:18.890 D/StatusBar.MSimNetworkController( 2358): refreshViews: Data not connected!! Set no data type icon / Roaming for subscription: 0
05-11 16:39:18.900 D/StatusBar.MSimNetworkController( 2358): refreshViews connected={ wifi } level=4 mMSimcombinedSignalIconId=0x7f02019f/com.smartisanos.systemui:drawable/stat_sys_wifi_signal_3 mMSimcombinedActivityIconId=0x0 mAirplaneMode=false mMSimDataActivity=0 mMSimPhoneSignalIconId=0x7f020185 mMSimDataDirectionIconId=0x0 mMSimDataSignalIconId=0x7f020185 mMSimDataTypeIconId=0x0 mWifiIconId=0x7f02019f mBluetoothTetherIconId=0x10807e7
05-11 16:39:19.600 D/wpa_supplicant(19083): RX ctrl_iface - hexdump(len=11): 53 49 47 4e 41 4c 5f 50 4f 4c 4c
05-11 16:39:19.600 D/wpa_supplicant(19083): wlan0: Control interface command 'SIGNAL_POLL'
05-11 16:39:19.620 D/wpa_supplicant(19083): nl80211: survey data missing!
05-11 16:39:21.010 E/QCALOG  (  359): [MessageQ] ProcessNewMessage: [XT-CS] unknown deliver target [OS-Agent]
05-11 16:39:21.350 W/JsonRpcServer(23692): Error in JSON-RPC Service
05-11 16:39:21.350 W/JsonRpcServer(23692): java.lang.reflect.InvocationTargetException
05-11 16:39:21.350 W/JsonRpcServer(23692): 	at java.lang.reflect.Method.invokeNative(Native Method)
05-11 16:39:21.350 W/JsonRpcServer(23692): 	at java.lang.reflect.Method.invoke(Method.java:515)
05-11 16:39:21.350 W/JsonRpcServer(23692): 	at com.googlecode.jsonrpc4j.JsonRpcServer.invoke(JsonRpcServer.java:513)
05-11 16:39:21.350 W/JsonRpcServer(23692): 	at com.googlecode.jsonrpc4j.JsonRpcServer.handleObject(JsonRpcServer.java:384)
05-11 16:39:21.350 W/JsonRpcServer(23692): 	at com.googlecode.jsonrpc4j.JsonRpcServer.handleNode(JsonRpcServer.java:293)
05-11 16:39:21.350 W/JsonRpcServer(23692): 	at com.googlecode.jsonrpc4j.JsonRpcServer.handle(JsonRpcServer.java:230)
05-11 16:39:21.350 W/JsonRpcServer(23692): 	at com.github.uiautomatorstub.AutomatorHttpServer.serve(AutomatorHttpServer.java:70)
05-11 16:39:21.350 W/JsonRpcServer(23692): 	at fi.iki.elonen.NanoHTTPD.serve(NanoHTTPD.java:298)
05-11 16:39:21.350 W/JsonRpcServer(23692): 	at fi.iki.elonen.NanoHTTPD$HTTPSession.execute(NanoHTTPD.java:922)
05-11 16:39:21.350 W/JsonRpcServer(23692): 	at fi.iki.elonen.NanoHTTPD$1$1.run(NanoHTTPD.java:175)
05-11 16:39:21.350 W/JsonRpcServer(23692): 	at java.lang.Thread.run(Thread.java:841)
05-11 16:39:21.350 W/JsonRpcServer(23692): Caused by: com.android.uiautomator.core.UiObjectNotFoundException: UiSelector[RESOURCE_ID=com.android.browser:id/switch_btn]
05-11 16:39:21.350 W/JsonRpcServer(23692): 	at com.android.uiautomator.core.UiObject.clickAndWaitForNewWindow(UiObject.java:432)
05-11 16:39:21.350 W/JsonRpcServer(23692): 	at com.github.uiautomatorstub.AutomatorServiceImpl.clickAndWaitForNewWindow(AutomatorServiceImpl.java:618)
05-11 16:39:21.350 W/JsonRpcServer(23692): 	... 11 more
