05-11 16:39:21.420 D/UIAutomatorStub(23692): URI: /jsonrpc/0, Method: POST, Header: {content-type=application/json, connection=close, remote-addr=127.0.0.1, host=localhost:9009, content-length=238, http-client-ip=127.0.0.1, user-agent=Python-urllib/2.7, accept-encoding=identity}, params, {NanoHttpd.QUERY_STRING=null}, files: {postData={"params": [{"childOrSiblingSelector": [], "resourceId": "com.android.browser:id/switch_btn", "mask": 2097152, "childOrSibling": []}, 3000], "jsonrpc": "2.0", "method": "clickAndWaitForNewWindow", "id": "e2fd1aa870453f0e2846bf71e10cfdd5"}}
05-11 16:39:22.070 E/QCALOG  (  359): [MessageQ] ProcessNewMessage: [XTWWAN-PE] unknown deliver target [OS-Agent]
05-11 16:39:22.070 E/QCALOG  (  359): [MessageQ] ProcessNewMessage: [XTWiFi-PE] unknown deliver target [OS-Agent]
05-11 16:39:22.620 D/wpa_supplicant(19083): RX ctrl_iface - hexdump(len=11): 53 49 47 4e 41 4c 5f 50 4f 4c 4c
05-11 16:39:22.620 D/wpa_supplicant(19083): wlan0: Control interface command 'SIGNAL_POLL'
05-11 16:39:22.650 V/WLAN_PSA(  250): NL MSG, len[4075], NL type[0x1C] WNI type[0x5900] len[54031]
05-11 16:39:22.650 V/WLAN_PSA(  250): NL MSG, PID: 250
05-11 16:39:22.650 D/wpa_supplicant(19083): nl80211: survey data missing!
05-11 16:39:23.070 I/MSM-irqbalance(  385): Decided to move IRQ155 from CPU6 to CPU4
05-11 16:39:23.120 D/VM_BMS  (  297): wake_lock acquired
05-11 16:39:23.120 D/VM_BMS  (  297): New BMS data - Size=56
05-11 16:39:23.120 D/VM_BMS  (  297): Start process_bms_data
05-11 16:39:23.130 D/VM_BMS  (  297): For batt_temp=274 fcc_mah=2995
05-11 16:39:23.130 D/VM_BMS  (  297): For ocv=4170631 batt_temp=274 soc=83
05-11 16:39:23.130 D/VM_BMS  (  297): fifo_count=5 acc_count=0
05-11 16:39:23.130 D/VM_BMS  (  297): INIT: ocv=4170631 last_ocv=4170631 batt_temp=274 soc=83
05-11 16:39:23.130 D/VM_BMS  (  297): For soc=83 batt_temp=274 slope=10800
05-11 16:39:23.130 D/VM_BMS  (  297): For soc=83 batt_temp=274 rbatt_sf=105
05-11 16:39:23.130 D/VM_BMS  (  297): rbatt_mohm_default=146, rbatt_mohm=153, sf=105 batt_temp=274
05-11 16:39:23.130 D/VM_BMS  (  297): For ocv=4170690 batt_temp=274 soc=83
05-11 16:39:23.130 D/VM_BMS  (  297): FIFO=0 fifo_avg=4.188447 rbatt=0.153000 slope=1.080000 ibatt=-0.116250 ocv=4.170691 soc=83 fcc_ah=2.995000 sample_count=128 sample_interval=40 seq_num=739
05-11 16:39:23.130 D/VM_BMS  (  297): For soc=83 batt_temp=274 slope=10800
05-11 16:39:23.130 D/VM_BMS  (  297): For soc=83 batt_temp=274 rbatt_sf=105
05-11 16:39:23.130 D/VM_BMS  (  297): rbatt_mohm_default=146, rbatt_mohm=153, sf=105 batt_temp=274
05-11 16:39:23.130 D/VM_BMS  (  297): For ocv=4170802 batt_temp=274 soc=83
05-11 16:39:23.130 D/VM_BMS  (  297): FIFO=1 fifo_avg=4.204293 rbatt=0.153000 slope=1.080000 ibatt=-0.219258 ocv=4.170803 soc=83 fcc_ah=2.995000 sample_count=128 sample_interval=40 seq_num=739
05-11 16:39:23.130 D/VM_BMS  (  297): For soc=83 batt_temp=274 slope=10800
05-11 16:39:23.130 D/VM_BMS  (  297): For soc=83 batt_temp=274 rbatt_sf=105
05-11 16:39:23.130 D/VM_BMS  (  297): rbatt_mohm_default=146, rbatt_mohm=153, sf=105 batt_temp=274
05-11 16:39:23.130 D/VM_BMS  (  297): For ocv=4170876 batt_temp=274 soc=83
05-11 16:39:23.130 D/VM_BMS  (  297): FIFO=2 fifo_avg=4.192845 rbatt=0.153000 slope=1.080000 ibatt=-0.143829 ocv=4.170876 soc=83 fcc_ah=2.995000 sample_count=128 sample_interval=40 seq_num=739
05-11 16:39:23.130 D/VM_BMS  (  297): For soc=83 batt_temp=274 slope=10800
05-11 16:39:23.130 D/VM_BMS  (  297): For soc=83 batt_temp=274 rbatt_sf=105
05-11 16:39:23.130 D/VM_BMS  (  297): rbatt_mohm_default=146, rbatt_mohm=153, sf=105 batt_temp=274
05-11 16:39:23.130 D/VM_BMS  (  297): For ocv=4170956 batt_temp=274 soc=83
05-11 16:39:23.130 D/VM_BMS  (  297): FIFO=3 fifo_avg=4.194903 rbatt=0.153000 slope=1.080000 ibatt=-0.156776 ocv=4.170957 soc=83 fcc_ah=2.995000 sample_count=128 sample_interval=40 seq_num=739
05-11 16:39:23.130 D/VM_BMS  (  297): For soc=83 batt_temp=274 slope=10800
05-11 16:39:23.130 D/VM_BMS  (  297): For soc=83 batt_temp=274 rbatt_sf=105
05-11 16:39:23.130 D/VM_BMS  (  297): rbatt_mohm_default=146, rbatt_mohm=153, sf=105 batt_temp=274
05-11 16:39:23.130 D/VM_BMS  (  297): For ocv=4171091 batt_temp=274 soc=83
05-11 16:39:23.130 D/VM_BMS  (  297): FIFO=4 fifo_avg=4.211337 rbatt=0.153000 slope=1.080000 ibatt=-0.263486 ocv=4.171091 soc=83 fcc_ah=2.995000 sample_count=128 sample_interval=40 seq_num=739
05-11 16:39:23.130 I/VM_BMS  (  297): power_supply_update: ocv_uv=4171091 ibatt=-263486 soc=83 seq_num=739
05-11 16:39:23.130 D/VM_BMS  (  297): End process_bms_data
05-11 16:39:23.130 D/VM_BMS  (  297): wake_lock released
05-11 16:39:23.370 V/WLAN_PSA(  250): NL MSG, len[048], NL type[0x11] WNI type[0x5050] len[028]
05-11 16:39:23.370 V/WLAN_PSA(  250): NL MSG, PID: 250
05-11 16:39:23.610 D/StatusBar.MSimNetworkController( 2358): onSignalStrengthsChanged received on subscription :1signalStrength=SignalStrength: 11 0 2147483647 2147483647 gsm|lte level=3
05-11 16:39:23.610 D/StatusBar.MSimNetworkController( 2358): updateTelephonySignalStrength: subscription =1
05-11 16:39:23.610 D/StatusBar.MSimNetworkController( 2358): updateTelephonySignalStrength iconList = [I@42142378iconLevel = 4 mInetCondition = 0
05-11 16:39:23.610 D/StatusBar.MSimNetworkController( 2358): refreshViews subscription =1mMSimDataConnected =false mHasMobileDataFeature:true
05-11 16:39:23.610 D/StatusBar.MSimNetworkController( 2358): refreshViews: Data not connected!! Set no data type icon / Roaming for subscription: 1
05-11 16:39:23.610 D/StatusBar.MSimNetworkController( 2358): refreshViews connected={ wifi } level=3 mMSimcombinedSignalIconId=0x7f02019f/com.smartisanos.systemui:drawable/stat_sys_wifi_signal_3 mMSimcombinedActivityIconId=0x0 mAirplaneMode=false mMSimDataActivity=0 mMSimPhoneSignalIconId=0x7f02018f mMSimDataDirectionIconId=0x0 mMSimDataSignalIconId=0x7f02018f mMSimDataTypeIconId=0x0 mWifiIconId=0x7f02019f mBluetoothTetherIconId=0x10807e7
05-11 16:39:25.340 D/MDnsDS  (  227): MDnsSdListener::Monitor poll timed out
05-11 16:39:25.340 D/MDnsDS  (  227): Going to poll with pollCount 1
05-11 16:39:25.650 D/wpa_supplicant(19083): RX ctrl_iface - hexdump(len=11): 53 49 47 4e 41 4c 5f 50 4f 4c 4c
05-11 16:39:25.650 D/wpa_supplicant(19083): wlan0: Control interface command 'SIGNAL_POLL'
05-11 16:39:25.670 D/wpa_supplicant(19083): nl80211: survey data missing!
05-11 16:39:26.020 E/QCALOG  (  359): [MessageQ] ProcessNewMessage: [XT-CS] unknown deliver target [OS-Agent]
05-11 16:39:27.070 E/QCALOG  (  359): [MessageQ] ProcessNewMessage: [XTWiFi-PE] unknown deliver target [OS-Agent]
05-11 16:39:27.070 E/QCALOG  (  359): [MessageQ] ProcessNewMessage: [XTWWAN-PE] unknown deliver target [OS-Agent]
05-11 16:39:28.070 I/MSM-irqbalance(  385): Decided to move IRQ130 from CPU6 to CPU7
05-11 16:39:28.320 D/StatusBar.MSimNetworkController( 2358): onSignalStrengthsChanged received on subscription :0signalStrength=SignalStrength: 29 0 2147483647 2147483647 gsm|lte level=4
05-11 16:39:28.320 D/StatusBar.MSimNetworkController( 2358): updateTelephonySignalStrength: subscription =0
05-11 16:39:28.320 D/StatusBar.MSimNetworkController( 2358): updateTelephonySignalStrength iconList = [I@42142278iconLevel = 5 mInetCondition = 0
05-11 16:39:28.320 D/StatusBar.MSimNetworkController( 2358): refreshViews subscription =0mMSimDataConnected =false mHasMobileDataFeature:true
05-11 16:39:28.320 D/StatusBar.MSimNetworkController( 2358): refreshViews: Data not connected!! Set no data type icon / Roaming for subscription: 0
05-11 16:39:28.320 D/StatusBar.MSimNetworkController( 2358): refreshViews connected={ wifi } level=4 mMSimcombinedSignalIconId=0x7f02019f/com.smartisanos.systemui:drawable/stat_sys_wifi_signal_3 mMSimcombinedActivityIconId=0x0 mAirplaneMode=false mMSimDataActivity=0 mMSimPhoneSignalIconId=0x7f020185 mMSimDataDirectionIconId=0x0 mMSimDataSignalIconId=0x7f020185 mMSimDataTypeIconId=0x0 mWifiIconId=0x7f02019f mBluetoothTetherIconId=0x10807e7
05-11 16:39:28.380 V/WLAN_PSA(  250): NL MSG, len[048], NL type[0x11] WNI type[0x5050] len[028]
05-11 16:39:28.380 V/WLAN_PSA(  250): NL MSG, PID: 250
05-11 16:39:28.670 D/wpa_supplicant(19083): RX ctrl_iface - hexdump(len=11): 53 49 47 4e 41 4c 5f 50 4f 4c 4c
05-11 16:39:28.670 D/wpa_supplicant(19083): wlan0: Control interface command 'SIGNAL_POLL'
05-11 16:39:28.690 D/wpa_supplicant(19083): nl80211: survey data missing!
05-11 16:39:28.690 V/WLAN_PSA(  250): NL MSG, len[4043], NL type[0x1C] WNI type[0x5900] len[45839]
05-11 16:39:28.690 V/WLAN_PSA(  250): NL MSG, PID: 250
05-11 16:39:29.370 D/StatusBar.MSimNetworkController( 2358): refreshViews subscription =0mMSimDataConnected =false mHasMobileDataFeature:true
05-11 16:39:29.370 D/StatusBar.MSimNetworkController( 2358): refreshViews: Data not connected!! Set no data type icon / Roaming for subscription: 0
05-11 16:39:29.370 D/StatusBar.MSimNetworkController( 2358): refreshViews connected={ wifi } level=4 mMSimcombinedSignalIconId=0x7f02019f/com.smartisanos.systemui:drawable/stat_sys_wifi_signal_3 mMSimcombinedActivityIconId=0x0 mAirplaneMode=false mMSimDataActivity=0 mMSimPhoneSignalIconId=0x7f020185 mMSimDataDirectionIconId=0x0 mMSimDataSignalIconId=0x7f020185 mMSimDataTypeIconId=0x0 mWifiIconId=0x7f02019f mBluetoothTetherIconId=0x10807e7
05-11 16:39:30.370 D/StatusBar.MSimNetworkController( 2358): refreshViews subscription =0mMSimDataConnected =false mHasMobileDataFeature:true
05-11 16:39:30.370 D/StatusBar.MSimNetworkController( 2358): refreshViews: Data not connected!! Set no data type icon / Roaming for subscription: 0
05-11 16:39:30.370 D/StatusBar.MSimNetworkController( 2358): refreshViews connected={ wifi } level=4 mMSimcombinedSignalIconId=0x7f02019f/com.smartisanos.systemui:drawable/stat_sys_wifi_signal_3 mMSimcombinedActivityIconId=0x0 mAirplaneMode=false mMSimDataActivity=0 mMSimPhoneSignalIconId=0x7f020185 mMSimDataDirectionIconId=0x0 mMSimDataSignalIconId=0x7f020185 mMSimDataTypeIconId=0x0 mWifiIconId=0x7f02019f mBluetoothTetherIconId=0x10807e7
05-11 16:39:31.010 E/QCALOG  (  359): [MessageQ] ProcessNewMessage: [XT-CS] unknown deliver target [OS-Agent]
05-11 16:39:31.390 D/StatusBar.MSimNetworkController( 2358): refreshViews subscription =0mMSimDataConnected =false mHasMobileDataFeature:true
05-11 16:39:31.390 D/StatusBar.MSimNetworkController( 2358): refreshViews: Data not connected!! Set no data type icon / Roaming for subscription: 0
05-11 16:39:31.390 D/StatusBar.MSimNetworkController( 2358): refreshViews connected={ wifi } level=4 mMSimcombinedSignalIconId=0x7f02019f/com.smartisanos.systemui:drawable/stat_sys_wifi_signal_3 mMSimcombinedActivityIconId=0x0 mAirplaneMode=false mMSimDataActivity=0 mMSimPhoneSignalIconId=0x7f020185 mMSimDataDirectionIconId=0x0 mMSimDataSignalIconId=0x7f020185 mMSimDataTypeIconId=0x0 mWifiIconId=0x7f02019f mBluetoothTetherIconId=0x10807e7
05-11 16:39:31.690 D/wpa_supplicant(19083): RX ctrl_iface - hexdump(len=11): 53 49 47 4e 41 4c 5f 50 4f 4c 4c
05-11 16:39:31.690 D/wpa_supplicant(19083): wlan0: Control interface command 'SIGNAL_POLL'
05-11 16:39:31.710 D/wpa_supplicant(19083): nl80211: survey data missing!
05-11 16:39:32.070 E/QCALOG  (  359): [MessageQ] ProcessNewMessage: [XTWiFi-PE] unknown deliver target [OS-Agent]
05-11 16:39:32.070 E/QCALOG  (  359): [MessageQ] ProcessNewMessage: [XTWWAN-PE] unknown deliver target [OS-Agent]
05-11 16:39:32.800 W/JsonRpcServer(23692): Error in JSON-RPC Service
05-11 16:39:32.800 W/JsonRpcServer(23692): java.lang.reflect.InvocationTargetException
05-11 16:39:32.800 W/JsonRpcServer(23692): 	at java.lang.reflect.Method.invokeNative(Native Method)
05-11 16:39:32.800 W/JsonRpcServer(23692): 	at java.lang.reflect.Method.invoke(Method.java:515)
05-11 16:39:32.800 W/JsonRpcServer(23692): 	at com.googlecode.jsonrpc4j.JsonRpcServer.invoke(JsonRpcServer.java:513)
05-11 16:39:32.800 W/JsonRpcServer(23692): 	at com.googlecode.jsonrpc4j.JsonRpcServer.handleObject(JsonRpcServer.java:384)
05-11 16:39:32.800 W/JsonRpcServer(23692): 	at com.googlecode.jsonrpc4j.JsonRpcServer.handleNode(JsonRpcServer.java:293)
05-11 16:39:32.800 W/JsonRpcServer(23692): 	at com.googlecode.jsonrpc4j.JsonRpcServer.handle(JsonRpcServer.java:230)
05-11 16:39:32.800 W/JsonRpcServer(23692): 	at com.github.uiautomatorstub.AutomatorHttpServer.serve(AutomatorHttpServer.java:70)
05-11 16:39:32.800 W/JsonRpcServer(23692): 	at fi.iki.elonen.NanoHTTPD.serve(NanoHTTPD.java:298)
05-11 16:39:32.800 W/JsonRpcServer(23692): 	at fi.iki.elonen.NanoHTTPD$HTTPSession.execute(NanoHTTPD.java:922)
05-11 16:39:32.800 W/JsonRpcServer(23692): 	at fi.iki.elonen.NanoHTTPD$1$1.run(NanoHTTPD.java:175)
05-11 16:39:32.800 W/JsonRpcServer(23692): 	at java.lang.Thread.run(Thread.java:841)
05-11 16:39:32.800 W/JsonRpcServer(23692): Caused by: com.android.uiautomator.core.UiObjectNotFoundException: UiSelector[RESOURCE_ID=com.android.browser:id/switch_btn]
05-11 16:39:32.800 W/JsonRpcServer(23692): 	at com.android.uiautomator.core.UiObject.clickAndWaitForNewWindow(UiObject.java:432)
05-11 16:39:32.800 W/JsonRpcServer(23692): 	at com.github.uiautomatorstub.AutomatorServiceImpl.clickAndWaitForNewWindow(AutomatorServiceImpl.java:618)
05-11 16:39:32.800 W/JsonRpcServer(23692): 	... 11 more
05-11 16:39:33.000 D/StatusBar.MSimNetworkController( 2358): onSignalStrengthsChanged received on subscription :1signalStrength=SignalStrength: 10 0 2147483647 2147483647 gsm|lte level=3
05-11 16:39:33.000 D/StatusBar.MSimNetworkController( 2358): updateTelephonySignalStrength: subscription =1
05-11 16:39:33.000 D/StatusBar.MSimNetworkController( 2358): updateTelephonySignalStrength iconList = [I@42142378iconLevel = 4 mInetCondition = 0
05-11 16:39:33.000 D/StatusBar.MSimNetworkController( 2358): refreshViews subscription =1mMSimDataConnected =false mHasMobileDataFeature:true
05-11 16:39:33.000 D/StatusBar.MSimNetworkController( 2358): refreshViews: Data not connected!! Set no data type icon / Roaming for subscription: 1
05-11 16:39:33.010 D/StatusBar.MSimNetworkController( 2358): refreshViews connected={ wifi } level=3 mMSimcombinedSignalIconId=0x7f02019f/com.smartisanos.systemui:drawable/stat_sys_wifi_signal_3 mMSimcombinedActivityIconId=0x0 mAirplaneMode=false mMSimDataActivity=0 mMSimPhoneSignalIconId=0x7f02018f mMSimDataDirectionIconId=0x0 mMSimDataSignalIconId=0x7f02018f mMSimDataTypeIconId=0x0 mWifiIconId=0x7f02019f mBluetoothTetherIconId=0x10807e7
05-11 16:39:33.070 I/MSM-irqbalance(  385): Decided to move IRQ166 from CPU6 to CPU7
05-11 16:39:33.390 V/WLAN_PSA(  250): NL MSG, len[048], NL type[0x11] WNI type[0x5050] len[028]
05-11 16:39:33.390 V/WLAN_PSA(  250): NL MSG, PID: 250
05-11 16:39:34.010 D/PowerManagerService( 1179): handleUserActivityTimeout
05-11 16:39:34.010 D/PowerManagerService( 1179): updateUserActivitySummaryLocked: mWakefulness=Awake, mUserActivitySummary=0x2, nextTimeout=10052626 (in 5979 ms)
05-11 16:39:34.010 D/PowerManagerService( 1179): updateScreenStateLocked: mDisplayReady=false, newScreenState=1, mWakefulness=1, mWakeLockSummary=0x0, mUserActivitySummary=0x2, mBootCompleted=true
05-11 16:39:34.010 D/PowerManagerService( 1179): handleSandman: canDream=true, mWakefulness=Awake
05-11 16:39:34.020 D/PowerManagerService( 1179): updateScreenStateLocked: mDisplayReady=true, newScreenState=1, mWakefulness=1, mWakeLockSummary=0x0, mUserActivitySummary=0x2, mBootCompleted=true
05-11 16:39:34.420 D/StatusBar.MSimNetworkController( 2358): refreshViews subscription =0mMSimDataConnected =false mHasMobileDataFeature:true
05-11 16:39:34.420 D/StatusBar.MSimNetworkController( 2358): refreshViews: Data not connected!! Set no data type icon / Roaming for subscription: 0
05-11 16:39:34.430 D/StatusBar.MSimNetworkController( 2358): refreshViews connected={ wifi } level=4 mMSimcombinedSignalIconId=0x7f02019f/com.smartisanos.systemui:drawable/stat_sys_wifi_signal_3 mMSimcombinedActivityIconId=0x0 mAirplaneMode=false mMSimDataActivity=0 mMSimPhoneSignalIconId=0x7f020185 mMSimDataDirectionIconId=0x0 mMSimDataSignalIconId=0x7f020185 mMSimDataTypeIconId=0x0 mWifiIconId=0x7f02019f mBluetoothTetherIconId=0x10807e7
05-11 16:39:34.710 D/wpa_supplicant(19083): RX ctrl_iface - hexdump(len=11): 53 49 47 4e 41 4c 5f 50 4f 4c 4c
05-11 16:39:34.710 D/wpa_supplicant(19083): wlan0: Control interface command 'SIGNAL_POLL'
05-11 16:39:34.720 D/wpa_supplicant(19083): nl80211: survey data missing!
05-11 16:39:35.340 D/StatusBar.MSimNetworkController( 2358): onSignalStrengthsChanged received on subscription :0signalStrength=SignalStrength: 29 0 2147483647 2147483647 gsm|lte level=4
05-11 16:39:35.340 D/StatusBar.MSimNetworkController( 2358): updateTelephonySignalStrength: subscription =0
05-11 16:39:35.340 D/StatusBar.MSimNetworkController( 2358): updateTelephonySignalStrength iconList = [I@42142278iconLevel = 5 mInetCondition = 0
05-11 16:39:35.340 D/StatusBar.MSimNetworkController( 2358): refreshViews subscription =0mMSimDataConnected =false mHasMobileDataFeature:true
05-11 16:39:35.340 D/StatusBar.MSimNetworkController( 2358): refreshViews: Data not connected!! Set no data type icon / Roaming for subscription: 0
05-11 16:39:35.340 D/StatusBar.MSimNetworkController( 2358): refreshViews connected={ wifi } level=4 mMSimcombinedSignalIconId=0x7f02019f/com.smartisanos.systemui:drawable/stat_sys_wifi_signal_3 mMSimcombinedActivityIconId=0x0 mAirplaneMode=false mMSimDataActivity=0 mMSimPhoneSignalIconId=0x7f020185 mMSimDataDirectionIconId=0x0 mMSimDataSignalIconId=0x7f020185 mMSimDataTypeIconId=0x0 mWifiIconId=0x7f02019f mBluetoothTetherIconId=0x10807e7
05-11 16:39:35.410 D/StatusBar.MSimNetworkController( 2358): refreshViews subscription =0mMSimDataConnected =false mHasMobileDataFeature:true
05-11 16:39:35.410 D/StatusBar.MSimNetworkController( 2358): refreshViews: Data not connected!! Set no data type icon / Roaming for subscription: 0
05-11 16:39:35.420 D/StatusBar.MSimNetworkController( 2358): refreshViews connected={ wifi } level=4 mMSimcombinedSignalIconId=0x7f02019f/com.smartisanos.systemui:drawable/stat_sys_wifi_signal_3 mMSimcombinedActivityIconId=0x0 mAirplaneMode=false mMSimDataActivity=0 mMSimPhoneSignalIconId=0x7f020185 mMSimDataDirectionIconId=0x0 mMSimDataSignalIconId=0x7f020185 mMSimDataTypeIconId=0x0 mWifiIconId=0x7f02019f mBluetoothTetherIconId=0x10807e7
05-11 16:39:35.440 D/dalvikvm( 2358): GC_CONCURRENT freed 6383K, 56% free 16098K/35988K, paused 3ms+4ms, total 27ms, dvmtargetUtilize:0.750000
05-11 16:39:36.010 E/QCALOG  (  359): [MessageQ] ProcessNewMessage: [XT-CS] unknown deliver target [OS-Agent]
