05-13 14:11:00.107 V/WLAN_PSA(  244): NL MSG, PID: 244
05-13 14:11:00.227 V/WLAN_PSA(  244): NL MSG, len[4018], NL type[0x1C] WNI type[0x5900] len[39439]
05-13 14:11:00.227 V/WLAN_PSA(  244): NL MSG, PID: 244
05-13 14:11:00.347 V/WLAN_PSA(  244): NL MSG, len[4001], NL type[0x1C] WNI type[0x5900] len[35087]
05-13 14:11:00.347 V/WLAN_PSA(  244): NL MSG, PID: 244
05-13 14:11:00.397 V/WLAN_PSA(  244): NL MSG, len[914], NL type[0x11] WNI type[0x5050] len[894]
05-13 14:11:00.397 V/WLAN_PSA(  244): NL MSG, PID: 244
05-13 14:11:00.397 V/WLAN_PSA(  244): NL MSG, len[4007], NL type[0x1C] WNI type[0x5900] len[36623]
05-13 14:11:00.397 V/WLAN_PSA(  244): NL MSG, PID: 244
05-13 14:11:00.397 V/WLAN_PSA(  244): NL MSG, len[3974], NL type[0x1C] WNI type[0x5900] len[28175]
05-13 14:11:00.397 V/WLAN_PSA(  244): NL MSG, PID: 244
05-13 14:11:00.407 D/wpa_supplicant( 1530): nl80211: Event message available
05-13 14:11:00.407 D/wpa_supplicant( 1530): nl80211: Drv Event 34 (NL80211_CMD_NEW_SCAN_RESULTS) received for wlan0
05-13 14:11:00.407 D/wpa_supplicant( 1530): wlan0: nl80211: New scan results available
05-13 14:11:00.407 D/wpa_supplicant( 1530): wlan0: Event SCAN_RESULTS (3) received
05-13 14:11:00.407 D/wpa_supplicant( 1530): nl80211: Associated on 2437 MHz
05-13 14:11:00.407 D/wpa_supplicant( 1530): nl80211: Associated with c0:7b:bc:6b:4a:21
05-13 14:11:00.407 D/wpa_supplicant( 1530): nl80211: Received scan results (13 BSSes)
05-13 14:11:00.407 D/wpa_supplicant( 1530): nl80211: Survey data missing
05-13 14:11:00.407 D/wpa_supplicant( 1530): nl80211: Scan results indicate BSS status with c0:7b:bc:6b:4a:21 as associated
05-13 14:11:00.407 D/wpa_supplicant( 1530): wlan0: BSS: Start scan result update 77
05-13 14:11:00.407 D/wpa_supplicant( 1530): wlan0: BSS: Add new id 263 BSSID c0:7b:bc:f0:22:61 SSID 'Smartisan-Guest'
05-13 14:11:00.407 D/wpa_supplicant( 1530): CTRL_IFACE monitor send - hexdump(len=39): 2f 64 61 74 61 2f 6d 69 73 63 2f 77 69 66 69 2f 73 6f 63 6b 65 74 73 2f 77 70 61 5f 63 74 72 6c ...
05-13 14:11:00.407 D/wpa_supplicant( 1530): wlan0: BSS: Add new id 264 BSSID c0:7b:bc:f0:22:67 SSID 'smcc'
05-13 14:11:00.407 D/wpa_supplicant( 1530): CTRL_IFACE monitor send - hexdump(len=39): 2f 64 61 74 61 2f 6d 69 73 63 2f 77 69 66 69 2f 73 6f 63 6b 65 74 73 2f 77 70 61 5f 63 74 72 6c ...
05-13 14:11:00.407 D/wpa_supplicant( 1530): wlan0: BSS: Add new id 265 BSSID 00:26:7a:21:a4:88 SSID 'CMCC-WEB'
05-13 14:11:00.407 D/wpa_supplicant( 1530): CTRL_IFACE monitor send - hexdump(len=39): 2f 64 61 74 61 2f 6d 69 73 63 2f 77 69 66 69 2f 73 6f 63 6b 65 74 73 2f 77 70 61 5f 63 74 72 6c ...
05-13 14:11:00.407 D/wpa_supplicant( 1530): wlan0: BSS: Remove id 255 BSSID c0:7b:bc:6b:86:42 SSID 'SmartisanHW' due to no match in scan
05-13 14:11:00.407 D/wpa_supplicant( 1530): CTRL_IFACE monitor send - hexdump(len=39): 2f 64 61 74 61 2f 6d 69 73 63 2f 77 69 66 69 2f 73 6f 63 6b 65 74 73 2f 77 70 61 5f 63 74 72 6c ...
05-13 14:11:00.407 D/wpa_supplicant( 1530): BSS: last_scan_res_used=13/64 last_scan_full=0
05-13 14:11:00.407 D/wpa_supplicant( 1530): wlan0: Scan-only results received
05-13 14:11:00.407 D/wpa_supplicant( 1530): CTRL_IFACE monitor send - hexdump(len=39): 2f 64 61 74 61 2f 6d 69 73 63 2f 77 69 66 69 2f 73 6f 63 6b 65 74 73 2f 77 70 61 5f 63 74 72 6c ...
05-13 14:11:00.407 D/wpa_supplicant( 1530): wlan0: P2P: Station mode scan operation not pending anymore (sta_scan_pending=0 p2p_cb_on_scan_complete=0)
05-13 14:11:00.407 D/wpa_supplicant( 1530): RX ctrl_iface - hexdump(len=25): 42 53 53 20 52 41 4e 47 45 3d 30 2d 20 4d 41 53 4b 3d 30 78 32 31 39 38 37
05-13 14:11:00.407 D/wpa_supplicant( 1530): wlan0: Control interface command 'BSS RANGE=0- MASK=0x21987'
05-13 14:11:00.467 D/wpa_supplicant( 1530): RX ctrl_iface - hexdump(len=11): 53 49 47 4e 41 4c 5f 50 4f 4c 4c
05-13 14:11:00.467 D/wpa_supplicant( 1530): wlan0: Control interface command 'SIGNAL_POLL'
05-13 14:11:00.467 D/wpa_supplicant( 1530): nl80211: survey data missing!
05-13 14:11:00.467 D/StatusBar.NetworkController( 1416): updateWifiIcons mWifiConnected:true mWifiIconId:2130837919
05-13 14:11:00.467 D/StatusBar.MSimNetworkController( 1416): refreshViews subscription =0mMSimDataConnected =false mHasMobileDataFeature:true
05-13 14:11:00.467 D/StatusBar.MSimNetworkController( 1416): refreshViews: Data not connected!! Set no data type icon / Roaming for subscription: 0
05-13 14:11:00.477 D/StatusBar.MSimNetworkController( 1416): refreshViews connected={ wifi } level=4 mMSimcombinedSignalIconId=0x7f02019f/com.smartisanos.systemui:drawable/stat_sys_wifi_signal_3 mMSimcombinedActivityIconId=0x0 mAirplaneMode=false mMSimDataActivity=0 mMSimPhoneSignalIconId=0x7f020185 mMSimDataDirectionIconId=0x0 mMSimDataSignalIconId=0x7f020185 mMSimDataTypeIconId=0x0 mWifiIconId=0x7f02019f mBluetoothTetherIconId=0x10807e7
05-13 14:11:00.507 V/WLAN_PSA(  244): NL MSG, len[048], NL type[0x11] WNI type[0x5050] len[028]
05-13 14:11:00.507 V/WLAN_PSA(  244): NL MSG, PID: 244
05-13 14:11:00.507 V/WLAN_PSA(  244): NL MSG, len[4036], NL type[0x1C] WNI type[0x5900] len[44047]
05-13 14:11:00.507 V/WLAN_PSA(  244): NL MSG, PID: 244
05-13 14:11:00.507 V/WLAN_PSA(  244): NL MSG, len[048], NL type[0x11] WNI type[0x5050] len[028]
05-13 14:11:00.507 V/WLAN_PSA(  244): NL MSG, PID: 244
05-13 14:11:00.567 D/dalvikvm( 2919): GC_CONCURRENT freed 1897K, 43% free 9533K/16472K, paused 4ms+2ms, total 38ms, dvmtargetUtilize:0.750000
05-13 14:11:00.887 I/MSM-irqbalance(  375): Decided to move IRQ270 from CPU7 to CPU5
05-13 14:11:01.077 D/StatusBar.MSimNetworkController( 1416): refreshViews subscription =0mMSimDataConnected =false mHasMobileDataFeature:true
05-13 14:11:01.077 D/StatusBar.MSimNetworkController( 1416): refreshViews: Data not connected!! Set no data type icon / Roaming for subscription: 0
05-13 14:11:01.077 D/StatusBar.MSimNetworkController( 1416): refreshViews connected={ wifi } level=4 mMSimcombinedSignalIconId=0x7f02019f/com.smartisanos.systemui:drawable/stat_sys_wifi_signal_3 mMSimcombinedActivityIconId=0x0 mAirplaneMode=false mMSimDataActivity=0 mMSimPhoneSignalIconId=0x7f020185 mMSimDataDirectionIconId=0x0 mMSimDataSignalIconId=0x7f020185 mMSimDataTypeIconId=0x0 mWifiIconId=0x7f02019f mBluetoothTetherIconId=0x10807e7
05-13 14:11:01.227 E/QCALOG  (  368): [MessageQ] ProcessNewMessage: [XT-CS] unknown deliver target [OS-Agent]
05-13 14:11:01.257 E/QCALOG  (  368): [MessageQ] ProcessNewMessage: [XTWWAN-PE] unknown deliver target [OS-Agent]
05-13 14:11:01.257 E/QCALOG  (  368): [MessageQ] ProcessNewMessage: [XTWiFi-PE] unknown deliver target [OS-Agent]
05-13 14:11:01.327 V/kernel  (  390): <3>[ 1479.301506] wlan: [1408:E :PE ] limProcessAddBaInd: 5633: BA setup for staId = 3, TID: 0, SSN: 17
05-13 14:11:01.327 V/WLAN_PSA(  244): NL MSG, len[048], NL type[0x11] WNI type[0x5050] len[028]
05-13 14:11:01.327 V/WLAN_PSA(  244): NL MSG, PID: 244
05-13 14:11:01.337 V/WLAN_PSA(  244): NL MSG, len[048], NL type[0x11] WNI type[0x5050] len[028]
05-13 14:11:01.337 V/WLAN_PSA(  244): NL MSG, PID: 244
05-13 14:11:01.527 W/JsonRpcServer( 9970): Error in JSON-RPC Service
05-13 14:11:01.527 W/JsonRpcServer( 9970): java.lang.reflect.InvocationTargetException
05-13 14:11:01.527 W/JsonRpcServer( 9970): 	at java.lang.reflect.Method.invokeNative(Native Method)
05-13 14:11:01.527 W/JsonRpcServer( 9970): 	at java.lang.reflect.Method.invoke(Method.java:515)
05-13 14:11:01.527 W/JsonRpcServer( 9970): 	at com.googlecode.jsonrpc4j.JsonRpcServer.invoke(JsonRpcServer.java:513)
05-13 14:11:01.527 W/JsonRpcServer( 9970): 	at com.googlecode.jsonrpc4j.JsonRpcServer.handleObject(JsonRpcServer.java:384)
05-13 14:11:01.527 W/JsonRpcServer( 9970): 	at com.googlecode.jsonrpc4j.JsonRpcServer.handleNode(JsonRpcServer.java:293)
05-13 14:11:01.527 W/JsonRpcServer( 9970): 	at com.googlecode.jsonrpc4j.JsonRpcServer.handle(JsonRpcServer.java:230)
05-13 14:11:01.527 W/JsonRpcServer( 9970): 	at com.github.uiautomatorstub.AutomatorHttpServer.serve(AutomatorHttpServer.java:70)
05-13 14:11:01.527 W/JsonRpcServer( 9970): 	at fi.iki.elonen.NanoHTTPD.serve(NanoHTTPD.java:298)
05-13 14:11:01.527 W/JsonRpcServer( 9970): 	at fi.iki.elonen.NanoHTTPD$HTTPSession.execute(NanoHTTPD.java:922)
05-13 14:11:01.527 W/JsonRpcServer( 9970): 	at fi.iki.elonen.NanoHTTPD$1$1.run(NanoHTTPD.java:175)
05-13 14:11:01.527 W/JsonRpcServer( 9970): 	at java.lang.Thread.run(Thread.java:841)
05-13 14:11:01.527 W/JsonRpcServer( 9970): Caused by: com.android.uiautomator.core.UiObjectNotFoundException: UiSelector[RESOURCE_ID=com.android.browser:id/newtab_btn]
05-13 14:11:01.527 W/JsonRpcServer( 9970): 	at com.android.uiautomator.core.UiObject.clickAndWaitForNewWindow(UiObject.java:432)
05-13 14:11:01.527 W/JsonRpcServer( 9970): 	at com.github.uiautomatorstub.AutomatorServiceImpl.clickAndWaitForNewWindow(AutomatorServiceImpl.java:618)
05-13 14:11:01.527 W/JsonRpcServer( 9970): 	... 11 more
05-13 14:11:02.577 V/WLAN_PSA(  244): NL MSG, len[048], NL type[0x11] WNI type[0x5050] len[028]
05-13 14:11:02.577 V/WLAN_PSA(  244): NL MSG, PID: 244
05-13 14:11:02.597 D/PowerManagerService(  893): acquireWakeLockInternal: lock=1110579912, flags=0x1, tag="AlarmManager", ws=WorkSource{10103}, uid=1000, pid=893
05-13 14:11:02.597 D/PowerManagerService(  893): updateWakeLockSummaryLocked: mWakefulness=Awake, mWakeLockSummary=0x1
05-13 14:11:02.597 D/PowerManagerService(  893): updateScreenStateLocked: mDisplayReady=true, newScreenState=2, mWakefulness=1, mWakeLockSummary=0x1, mUserActivitySummary=0x1, mBootCompleted=true
05-13 14:11:02.597 D/PowerManagerService(  893): Acquiring suspend blocker "PowerManagerService.WakeLocks".
05-13 14:11:02.597 D/PowerManagerService(  893): handleSandman: canDream=true, mWakefulness=Awake
05-13 14:11:02.617 D/PowerManagerService(  893): acquireWakeLockInternal: lock=1118893984, flags=0x1, tag="PushService", ws=null, uid=10103, pid=2919
05-13 14:11:02.617 D/PowerManagerService(  893): updateWakeLockSummaryLocked: mWakefulness=Awake, mWakeLockSummary=0x1
05-13 14:11:02.617 D/PowerManagerService(  893): updateScreenStateLocked: mDisplayReady=true, newScreenState=2, mWakefulness=1, mWakeLockSummary=0x1, mUserActivitySummary=0x1, mBootCompleted=true
05-13 14:11:02.617 D/PowerManagerService(  893): handleSandman: canDream=true, mWakefulness=Awake
05-13 14:11:02.637 D/PowerManagerService(  893): releaseWakeLockInternal: lock=1118893984 [PushService], flags=0x0
05-13 14:11:02.637 D/PowerManagerService(  893): updateWakeLockSummaryLocked: mWakefulness=Awake, mWakeLockSummary=0x1
05-13 14:11:02.637 D/PowerManagerService(  893): updateScreenStateLocked: mDisplayReady=true, newScreenState=2, mWakefulness=1, mWakeLockSummary=0x1, mUserActivitySummary=0x1, mBootCompleted=true
05-13 14:11:02.637 D/PowerManagerService(  893): handleSandman: canDream=true, mWakefulness=Awake
05-13 14:11:02.637 D/PowerManagerService(  893): releaseWakeLockInternal: lock=1110579912 [AlarmManager], flags=0x0
05-13 14:11:02.637 D/PowerManagerService(  893): updateWakeLockSummaryLocked: mWakefulness=Awake, mWakeLockSummary=0x0
05-13 14:11:02.647 D/PowerManagerService(  893): updateScreenStateLocked: mDisplayReady=true, newScreenState=2, mWakefulness=1, mWakeLockSummary=0x0, mUserActivitySummary=0x1, mBootCompleted=true
05-13 14:11:02.647 D/PowerManagerService(  893): Releasing suspend blocker "PowerManagerService.WakeLocks".
05-13 14:11:02.647 D/PowerManagerService(  893): handleSandman: canDream=true, mWakefulness=Awake
05-13 14:11:03.477 D/wpa_supplicant( 1530): RX ctrl_iface - hexdump(len=11): 53 49 47 4e 41 4c 5f 50 4f 4c 4c
05-13 14:11:03.477 D/wpa_supplicant( 1530): wlan0: Control interface command 'SIGNAL_POLL'
05-13 14:11:03.487 D/wpa_supplicant( 1530): nl80211: survey data missing!
05-13 14:11:04.297 D/PowerManagerService(  893): handleUserActivityTimeout
05-13 14:11:04.307 D/PowerManagerService(  893): updateUserActivitySummaryLocked: mWakefulness=Awake, mUserActivitySummary=0x1, nextTimeout=1501206 (in 18995 ms)
05-13 14:11:04.307 D/PowerManagerService(  893): updateScreenStateLocked: mDisplayReady=true, newScreenState=2, mWakefulness=1, mWakeLockSummary=0x0, mUserActivitySummary=0x1, mBootCompleted=true
05-13 14:11:04.307 D/PowerManagerService(  893): handleSandman: canDream=true, mWakefulness=Awake
05-13 14:11:04.317 V/WLAN_PSA(  244): NL MSG, len[4095], NL type[0x1C] WNI type[0x5900] len[59151]
05-13 14:11:04.317 V/WLAN_PSA(  244): NL MSG, PID: 244
05-13 14:11:04.967 D/UIAutomatorStub( 9970): URI: /jsonrpc/0, Method: POST, Header: {content-type=application/json, connection=close, remote-addr=127.0.0.1, host=localhost:9009, content-length=238, http-client-ip=127.0.0.1, user-agent=Python-urllib/2.7, accept-encoding=identity}, params, {NanoHttpd.QUERY_STRING=null}, files: {postData={"params": [{"childOrSiblingSelector": [], "resourceId": "com.android.browser:id/switch_btn", "mask": 2097152, "childOrSibling": []}, 3000], "jsonrpc": "2.0", "method": "clickAndWaitForNewWindow", "id": "87889166546cfa5cf6a5ee38ad686544"}}
05-13 14:11:05.887 I/MSM-irqbalance(  375): Decided to move IRQ215 from CPU4 to CPU5
05-13 14:11:06.227 E/QCALOG  (  368): [MessageQ] ProcessNewMessage: [XT-CS] unknown deliver target [OS-Agent]
05-13 14:11:06.257 E/QCALOG  (  368): [MessageQ] ProcessNewMessage: [XTWWAN-PE] unknown deliver target [OS-Agent]
05-13 14:11:06.257 E/QCALOG  (  368): [MessageQ] ProcessNewMessage: [XTWiFi-PE] unknown deliver target [OS-Agent]
05-13 14:11:06.497 D/wpa_supplicant( 1530): RX ctrl_iface - hexdump(len=11): 53 49 47 4e 41 4c 5f 50 4f 4c 4c
05-13 14:11:06.497 D/wpa_supplicant( 1530): wlan0: Control interface command 'SIGNAL_POLL'
05-13 14:11:06.497 D/wpa_supplicant( 1530): nl80211: survey data missing!
05-13 14:11:07.127 D/StatusBar.MSimNetworkController( 1416): onSignalStrengthsChanged received on subscription :0signalStrength=SignalStrength: 30 0 2147483647 2147483647 gsm|lte level=4
05-13 14:11:07.127 D/StatusBar.MSimNetworkController( 1416): updateTelephonySignalStrength: subscription =0
05-13 14:11:07.127 D/StatusBar.MSimNetworkController( 1416): updateTelephonySignalStrength iconList = [I@420d31a0iconLevel = 5 mInetCondition = 0
05-13 14:11:07.127 D/StatusBar.MSimNetworkController( 1416): refreshViews subscription =0mMSimDataConnected =false mHasMobileDataFeature:true
05-13 14:11:07.127 D/StatusBar.MSimNetworkController( 1416): refreshViews: Data not connected!! Set no data type icon / Roaming for subscription: 0
05-13 14:11:07.137 D/StatusBar.MSimNetworkController( 1416): refreshViews connected={ wifi } level=4 mMSimcombinedSignalIconId=0x7f02019f/com.smartisanos.systemui:drawable/stat_sys_wifi_signal_3 mMSimcombinedActivityIconId=0x0 mAirplaneMode=false mMSimDataActivity=0 mMSimPhoneSignalIconId=0x7f020185 mMSimDataDirectionIconId=0x0 mMSimDataSignalIconId=0x7f020185 mMSimDataTypeIconId=0x0 mWifiIconId=0x7f02019f mBluetoothTetherIconId=0x10807e7
05-13 14:11:07.587 V/WLAN_PSA(  244): NL MSG, len[048], NL type[0x11] WNI type[0x5050] len[028]
05-13 14:11:07.587 V/WLAN_PSA(  244): NL MSG, PID: 244
05-13 14:11:09.507 D/wpa_supplicant( 1530): RX ctrl_iface - hexdump(len=11): 53 49 47 4e 41 4c 5f 50 4f 4c 4c
05-13 14:11:09.507 D/wpa_supplicant( 1530): wlan0: Control interface command 'SIGNAL_POLL'
05-13 14:11:09.507 D/wpa_supplicant( 1530): nl80211: survey data missing!
05-13 14:11:11.227 E/QCALOG  (  368): [MessageQ] ProcessNewMessage: [XT-CS] unknown deliver target [OS-Agent]
05-13 14:11:11.267 E/QCALOG  (  368): [MessageQ] ProcessNewMessage: [XTWWAN-PE] unknown deliver target [OS-Agent]
05-13 14:11:11.267 E/QCALOG  (  368): [MessageQ] ProcessNewMessage: [XTWiFi-PE] unknown deliver target [OS-Agent]
05-13 14:11:11.727 D/StatusBar.MSimNetworkController( 1416): onSignalStrengthsChanged received on subscription :1signalStrength=SignalStrength: 7 0 2147483647 2147483647 gsm|lte level=2
05-13 14:11:11.727 D/StatusBar.MSimNetworkController( 1416): updateTelephonySignalStrength: subscription =1
05-13 14:11:11.727 D/StatusBar.MSimNetworkController( 1416): updateTelephonySignalStrength iconList = [I@420d32a0iconLevel = 3 mInetCondition = 0
05-13 14:11:11.727 D/StatusBar.MSimNetworkController( 1416): refreshViews subscription =1mMSimDataConnected =false mHasMobileDataFeature:true
05-13 14:11:11.727 D/StatusBar.MSimNetworkController( 1416): refreshViews: Data not connected!! Set no data type icon / Roaming for subscription: 1
05-13 14:11:11.727 D/StatusBar.MSimNetworkController( 1416): refreshViews connected={ wifi } level=2 mMSimcombinedSignalIconId=0x7f02019f/com.smartisanos.systemui:drawable/stat_sys_wifi_signal_3 mMSimcombinedActivityIconId=0x0 mAirplaneMode=false mMSimDataActivity=0 mMSimPhoneSignalIconId=0x7f02018d mMSimDataDirectionIconId=0x0 mMSimDataSignalIconId=0x7f02018d mMSimDataTypeIconId=0x0 mWifiIconId=0x7f02019f mBluetoothTetherIconId=0x10807e7
05-13 14:11:12.517 D/wpa_supplicant( 1530): RX ctrl_iface - hexdump(len=11): 53 49 47 4e 41 4c 5f 50 4f 4c 4c
05-13 14:11:12.517 D/wpa_supplicant( 1530): wlan0: Control interface command 'SIGNAL_POLL'
05-13 14:11:12.517 V/WLAN_PSA(  244): NL MSG, len[4032], NL type[0x1C] WNI type[0x5900] len[43023]
05-13 14:11:12.517 V/WLAN_PSA(  244): NL MSG, PID: 244
05-13 14:11:12.597 V/WLAN_PSA(  244): NL MSG, len[048], NL type[0x11] WNI type[0x5050] len[028]
05-13 14:11:12.597 V/WLAN_PSA(  244): NL MSG, PID: 244
05-13 14:11:12.657 D/wpa_supplicant( 1530): nl80211: survey data missing!
05-13 14:11:15.657 D/wpa_supplicant( 1530): RX ctrl_iface - hexdump(len=11): 53 49 47 4e 41 4c 5f 50 4f 4c 4c
05-13 14:11:15.657 D/wpa_supplicant( 1530): wlan0: Control interface command 'SIGNAL_POLL'
05-13 14:11:15.677 D/wpa_supplicant( 1530): nl80211: survey data missing!
05-13 14:11:16.137 D/StatusBar.MSimNetworkController( 1416): refreshViews subscription =0mMSimDataConnected =false mHasMobileDataFeature:true
05-13 14:11:16.137 D/StatusBar.MSimNetworkController( 1416): refreshViews: Data not connected!! Set no data type icon / Roaming for subscription: 0
05-13 14:11:16.137 D/StatusBar.MSimNetworkController( 1416): refreshViews connected={ wifi } level=4 mMSimcombinedSignalIconId=0x7f02019f/com.smartisanos.systemui:drawable/stat_sys_wifi_signal_3 mMSimcombinedActivityIconId=0x0 mAirplaneMode=false mMSimDataActivity=0 mMSimPhoneSignalIconId=0x7f020185 mMSimDataDirectionIconId=0x0 mMSimDataSignalIconId=0x7f020185 mMSimDataTypeIconId=0x0 mWifiIconId=0x7f02019f mBluetoothTetherIconId=0x10807e7
05-13 14:11:16.227 E/QCALOG  (  368): [MessageQ] ProcessNewMessage: [XT-CS] unknown deliver target [OS-Agent]
05-13 14:11:16.267 E/QCALOG  (  368): [MessageQ] ProcessNewMessage: [XTWWAN-PE] unknown deliver target [OS-Agent]
05-13 14:11:16.267 E/QCALOG  (  368): [MessageQ] ProcessNewMessage: [XTWiFi-PE] unknown deliver target [OS-Agent]
05-13 14:11:16.457 D/StatusBar.MSimNetworkController( 1416): onSignalStrengthsChanged received on subscription :0signalStrength=SignalStrength: 29 0 2147483647 2147483647 gsm|lte level=4
05-13 14:11:16.457 D/StatusBar.MSimNetworkController( 1416): updateTelephonySignalStrength: subscription =0
05-13 14:11:16.467 D/StatusBar.MSimNetworkController( 1416): updateTelephonySignalStrength iconList = [I@420d31a0iconLevel = 5 mInetCondition = 0
05-13 14:11:16.467 D/StatusBar.MSimNetworkController( 1416): refreshViews subscription =0mMSimDataConnected =false mHasMobileDataFeature:true
05-13 14:11:16.467 D/StatusBar.MSimNetworkController( 1416): refreshViews: Data not connected!! Set no data type icon / Roaming for subscription: 0
05-13 14:11:16.467 D/StatusBar.MSimNetworkController( 1416): refreshViews connected={ wifi } level=4 mMSimcombinedSignalIconId=0x7f02019f/com.smartisanos.systemui:drawable/stat_sys_wifi_signal_3 mMSimcombinedActivityIconId=0x0 mAirplaneMode=false mMSimDataActivity=0 mMSimPhoneSignalIconId=0x7f020185 mMSimDataDirectionIconId=0x0 mMSimDataSignalIconId=0x7f020185 mMSimDataTypeIconId=0x0 mWifiIconId=0x7f02019f mBluetoothTetherIconId=0x10807e7
05-13 14:11:16.657 W/JsonRpcServer( 9970): Error in JSON-RPC Service
05-13 14:11:16.657 W/JsonRpcServer( 9970): java.lang.reflect.InvocationTargetException
05-13 14:11:16.657 W/JsonRpcServer( 9970): 	at java.lang.reflect.Method.invokeNative(Native Method)
05-13 14:11:16.657 W/JsonRpcServer( 9970): 	at java.lang.reflect.Method.invoke(Method.java:515)
05-13 14:11:16.657 W/JsonRpcServer( 9970): 	at com.googlecode.jsonrpc4j.JsonRpcServer.invoke(JsonRpcServer.java:513)
05-13 14:11:16.657 W/JsonRpcServer( 9970): 	at com.googlecode.jsonrpc4j.JsonRpcServer.handleObject(JsonRpcServer.java:384)
05-13 14:11:16.657 W/JsonRpcServer( 9970): 	at com.googlecode.jsonrpc4j.JsonRpcServer.handleNode(JsonRpcServer.java:293)
05-13 14:11:16.657 W/JsonRpcServer( 9970): 	at com.googlecode.jsonrpc4j.JsonRpcServer.handle(JsonRpcServer.java:230)
05-13 14:11:16.657 W/JsonRpcServer( 9970): 	at com.github.uiautomatorstub.AutomatorHttpServer.serve(AutomatorHttpServer.java:70)
05-13 14:11:16.657 W/JsonRpcServer( 9970): 	at fi.iki.elonen.NanoHTTPD.serve(NanoHTTPD.java:298)
05-13 14:11:16.657 W/JsonRpcServer( 9970): 	at fi.iki.elonen.NanoHTTPD$HTTPSession.execute(NanoHTTPD.java:922)
05-13 14:11:16.657 W/JsonRpcServer( 9970): 	at fi.iki.elonen.NanoHTTPD$1$1.run(NanoHTTPD.java:175)
05-13 14:11:16.657 W/JsonRpcServer( 9970): 	at java.lang.Thread.run(Thread.java:841)
05-13 14:11:16.657 W/JsonRpcServer( 9970): Caused by: com.android.uiautomator.core.UiObjectNotFoundException: UiSelector[RESOURCE_ID=com.android.browser:id/switch_btn]
05-13 14:11:16.657 W/JsonRpcServer( 9970): 	at com.android.uiautomator.core.UiObject.clickAndWaitForNewWindow(UiObject.java:432)
05-13 14:11:16.657 W/JsonRpcServer( 9970): 	at com.github.uiautomatorstub.AutomatorServiceImpl.clickAndWaitForNewWindow(AutomatorServiceImpl.java:618)
05-13 14:11:16.657 W/JsonRpcServer( 9970): 	... 11 more
05-13 14:11:16.717 D/UIAutomatorStub( 9970): URI: /jsonrpc/0, Method: POST, Header: {content-type=application/json, connection=close, remote-addr=127.0.0.1, host=localhost:9009, content-length=238, http-client-ip=127.0.0.1, user-agent=Python-urllib/2.7, accept-encoding=identity}, params, {NanoHttpd.QUERY_STRING=null}, files: {postData={"params": [{"childOrSiblingSelector": [], "resourceId": "com.android.browser:id/switch_btn", "mask": 2097152, "childOrSibling": []}, 3000], "jsonrpc": "2.0", "method": "clickAndWaitForNewWindow", "id": "47a9dbec3f0c9680bf06e33897193e5d"}}
05-13 14:11:17.607 V/WLAN_PSA(  244): NL MSG, len[048], NL type[0x11] WNI type[0x5050] len[028]
05-13 14:11:17.607 V/WLAN_PSA(  244): NL MSG, PID: 244
05-13 14:11:17.837 D/dalvikvm( 9970): GC_CONCURRENT freed 1924K, 86% free 1149K/8148K, paused 2ms+1ms, total 18ms, dvmtargetUtilize:0.750000
05-13 14:11:18.677 D/wpa_supplicant( 1530): RX ctrl_iface - hexdump(len=11): 53 49 47 4e 41 4c 5f 50 4f 4c 4c
05-13 14:11:18.677 D/wpa_supplicant( 1530): wlan0: Control interface command 'SIGNAL_POLL'
05-13 14:11:18.687 V/WLAN_PSA(  244): NL MSG, len[4066], NL type[0x1C] WNI type[0x5900] len[51727]
05-13 14:11:18.687 V/WLAN_PSA(  244): NL MSG, PID: 244
05-13 14:11:18.697 D/wpa_supplicant( 1530): nl80211: survey data missing!
05-13 14:11:20.447 D/wpa_supplicant( 1530): RX ctrl_iface - hexdump(len=14): 53 43 41 4e 20 54 59 50 45 3d 4f 4e 4c 59
05-13 14:11:20.447 D/wpa_supplicant( 1530): wlan0: Control interface command 'SCAN TYPE=ONLY'
05-13 14:11:20.447 D/wpa_supplicant( 1530): wlan0: Setting scan request: 0 sec 0 usec
05-13 14:11:20.447 D/wpa_supplicant( 1530): wlan0: Starting AP scan for wildcard SSID
05-13 14:11:20.447 D/wpa_supplicant( 1530): wlan0: nl80211: scan request
05-13 14:11:20.447 D/wpa_supplicant( 1530): nl80211: Scan SSID - hexdump(len=0): [NULL]
05-13 14:11:20.447 D/wpa_supplicant( 1530): Scan requested (ret=0) - scan timeout 30 seconds
05-13 14:11:20.457 D/wpa_supplicant( 1530): nl80211: Event message available
05-13 14:11:20.457 D/wpa_supplicant( 1530): nl80211: Drv Event 33 (NL80211_CMD_TRIGGER_SCAN) received for wlan0
05-13 14:11:20.457 D/wpa_supplicant( 1530): wlan0: nl80211: Scan trigger
05-13 14:11:20.457 D/wpa_supplicant( 1530): wlan0: Event SCAN_STARTED (57) received
05-13 14:11:20.457 D/wpa_supplicant( 1530): wlan0: Own scan request started a scan
05-13 14:11:20.457 I/wpa_supplicant( 1530): wlan0: CTRL-EVENT-SCAN-STARTED 
05-13 14:11:20.457 D/wpa_supplicant( 1530): CTRL_IFACE monitor send - hexdump(len=39): 2f 64 61 74 61 2f 6d 69 73 63 2f 77 69 66 69 2f 73 6f 63 6b 65 74 73 2f 77 70 61 5f 63 74 72 6c ...
05-13 14:11:20.457 V/WLAN_PSA(  244): NL MSG, len[914], NL type[0x11] WNI type[0x5050] len[894]
05-13 14:11:20.457 V/WLAN_PSA(  244): NL MSG, PID: 244
05-13 14:11:20.457 V/WLAN_PSA(  244): NL MSG, len[048], NL type[0x11] WNI type[0x5050] len[028]
05-13 14:11:20.457 V/WLAN_PSA(  244): NL MSG, PID: 244
05-13 14:11:20.457 V/WLAN_PSA(  244): NL MSG, len[4013], NL type[0x1C] WNI type[0x5900] len[38159]
05-13 14:11:20.457 V/WLAN_PSA(  244): NL MSG, PID: 244
05-13 14:11:20.587 V/WLAN_PSA(  244): NL MSG, len[4065], NL type[0x1C] WNI type[0x5900] len[51471]
05-13 14:11:20.587 V/WLAN_PSA(  244): NL MSG, PID: 244
05-13 14:11:20.717 V/WLAN_PSA(  244): NL MSG, len[3998], NL type[0x1C] WNI type[0x5900] len[34319]
05-13 14:11:20.717 V/WLAN_PSA(  244): NL MSG, PID: 244
05-13 14:11:20.857 V/WLAN_PSA(  244): NL MSG, len[4055], NL type[0x1C] WNI type[0x5900] len[48911]
05-13 14:11:20.857 V/WLAN_PSA(  244): NL MSG, PID: 244
05-13 14:11:20.987 V/WLAN_PSA(  244): NL MSG, len[4066], NL type[0x1C] WNI type[0x5900] len[51727]
05-13 14:11:20.987 V/WLAN_PSA(  244): NL MSG, PID: 244
05-13 14:11:21.117 V/WLAN_PSA(  244): NL MSG, len[4066], NL type[0x1C] WNI type[0x5900] len[51727]
05-13 14:11:21.117 V/WLAN_PSA(  244): NL MSG, PID: 244
05-13 14:11:21.127 V/WLAN_PSA(  244): NL MSG, len[914], NL type[0x11] WNI type[0x5050] len[894]
05-13 14:11:21.127 V/WLAN_PSA(  244): NL MSG, PID: 244
05-13 14:11:21.137 V/WLAN_PSA(  244): NL MSG, len[4088], NL type[0x1C] WNI type[0x5900] len[57359]
05-13 14:11:21.137 V/WLAN_PSA(  244): NL MSG, PID: 244
05-13 14:11:21.137 V/WLAN_PSA(  244): NL MSG, len[4042], NL type[0x1C] WNI type[0x5900] len[45583]
05-13 14:11:21.137 V/WLAN_PSA(  244): NL MSG, PID: 244
05-13 14:11:21.137 D/wpa_supplicant( 1530): nl80211: Event message available
05-13 14:11:21.137 D/wpa_supplicant( 1530): nl80211: Drv Event 34 (NL80211_CMD_NEW_SCAN_RESULTS) received for wlan0
05-13 14:11:21.137 D/wpa_supplicant( 1530): wlan0: nl80211: New scan results available
05-13 14:11:21.137 D/wpa_supplicant( 1530): wlan0: Event SCAN_RESULTS (3) received
05-13 14:11:21.137 D/wpa_supplicant( 1530): nl80211: Associated on 2437 MHz
05-13 14:11:21.137 D/wpa_supplicant( 1530): nl80211: Associated with c0:7b:bc:6b:4a:21
05-13 14:11:21.137 D/wpa_supplicant( 1530): nl80211: Received scan results (27 BSSes)
05-13 14:11:21.137 D/wpa_supplicant( 1530): nl80211: Survey data missing
05-13 14:11:21.137 D/wpa_supplicant( 1530): nl80211: Scan results indicate BSS status with c0:7b:bc:6b:4a:21 as associated
05-13 14:11:21.137 D/wpa_supplicant( 1530): wlan0: BSS: Start scan result update 78
05-13 14:11:21.137 D/wpa_supplicant( 1530): wlan0: BSS: Add new id 266 BSSID c0:7b:bc:f0:22:65 SSID '\x00'
05-13 14:11:21.137 D/wpa_supplicant( 1530): CTRL_IFACE monitor send - hexdump(len=39): 2f 64 61 74 61 2f 6d 69 73 63 2f 77 69 66 69 2f 73 6f 63 6b 65 74 73 2f 77 70 61 5f 63 74 72 6c ...
05-13 14:11:21.137 D/wpa_supplicant( 1530): wlan0: BSS: Add new id 267 BSSID c0:7b:bc:f0:22:63 SSID 'ttttt'
05-13 14:11:21.137 D/wpa_supplicant( 1530): CTRL_IFACE monitor send - hexdump(len=39): 2f 64 61 74 61 2f 6d 69 73 63 2f 77 69 66 69 2f 73 6f 63 6b 65 74 73 2f 77 70 61 5f 63 74 72 6c ...
05-13 14:11:21.137 D/wpa_supplicant( 1530): wlan0: BSS: Add new id 268 BSSID 08:cc:68:66:bc:42 SSID 'LASHOU_Guest'
05-13 14:11:21.137 D/wpa_supplicant( 1530): CTRL_IFACE monitor send - hexdump(len=39): 2f 64 61 74 61 2f 6d 69 73 63 2f 77 69 66 69 2f 73 6f 63 6b 65 74 73 2f 77 70 61 5f 63 74 72 6c ...
05-13 14:11:21.137 D/wpa_supplicant( 1530): wlan0: BSS: Add new id 269 BSSID 58:66:ba:a0:6e:42 SSID 'CTTIC-Guest'
05-13 14:11:21.137 D/wpa_supplicant( 1530): CTRL_IFACE monitor send - hexdump(len=39): 2f 64 61 74 61 2f 6d 69 73 63 2f 77 69 66 69 2f 73 6f 63 6b 65 74 73 2f 77 70 61 5f 63 74 72 6c ...
05-13 14:11:21.137 D/wpa_supplicant( 1530): wlan0: BSS: Add new id 270 BSSID d6:df:9a:d8:d6:d8 SSID ''
05-13 14:11:21.137 D/wpa_supplicant( 1530): CTRL_IFACE monitor send - hexdump(len=39): 2f 64 61 74 61 2f 6d 69 73 63 2f 77 69 66 69 2f 73 6f 63 6b 65 74 73 2f 77 70 61 5f 63 74 72 6c ...
05-13 14:11:21.147 D/wpa_supplicant( 1530): wlan0: BSS: Add new id 271 BSSID 08:cc:68:66:bc:43 SSID 'LASHOU_Test'
05-13 14:11:21.147 D/wpa_supplicant( 1530): CTRL_IFACE monitor send - hexdump(len=39): 2f 64 61 74 61 2f 6d 69 73 63 2f 77 69 66 69 2f 73 6f 63 6b 65 74 73 2f 77 70 61 5f 63 74 72 6c ...
05-13 14:11:21.147 D/wpa_supplicant( 1530): wlan0: BSS: Add new id 272 BSSID 08:cc:68:66:bc:41 SSID 'LASHOU_ONE'
05-13 14:11:21.147 D/wpa_supplicant( 1530): CTRL_IFACE monitor send - hexdump(len=39): 2f 64 61 74 61 2f 6d 69 73 63 2f 77 69 66 69 2f 73 6f 63 6b 65 74 73 2f 77 70 61 5f 63 74 72 6c ...
05-13 14:11:21.147 D/wpa_supplicant( 1530): wlan0: BSS: Add new id 273 BSSID 58:66:ba:a0:6e:41 SSID 'CTTIC-Company'
05-13 14:11:21.147 D/wpa_supplicant( 1530): CTRL_IFACE monitor send - hexdump(len=39): 2f 64 61 74 61 2f 6d 69 73 63 2f 77 69 66 69 2f 73 6f 63 6b 65 74 73 2f 77 70 61 5f 63 74 72 6c ...
05-13 14:11:21.147 D/wpa_supplicant( 1530): wlan0: BSS: Add new id 274 BSSID 8c:be:be:44:a3:db SSID '\xe4\xbc\xbc\xe9\xa9\xac\xe8\xb9\x84\xe5\xa3\xb0'
05-13 14:11:21.147 D/wpa_supplicant( 1530): CTRL_IFACE monitor send - hexdump(len=39): 2f 64 61 74 61 2f 6d 69 73 63 2f 77 69 66 69 2f 73 6f 63 6b 65 74 73 2f 77 70 61 5f 63 74 72 6c ...
05-13 14:11:21.147 D/wpa_supplicant( 1530): wlan0: BSS: Add new id 275 BSSID 00:26:7a:21:a9:e2 SSID 'CMCC-WEB'
05-13 14:11:21.147 D/wpa_supplicant( 1530): CTRL_IFACE monitor send - hexdump(len=39): 2f 64 61 74 61 2f 6d 69 73 63 2f 77 69 66 69 2f 73 6f 63 6b 65 74 73 2f 77 70 61 5f 63 74 72 6c ...
05-13 14:11:21.147 D/wpa_supplicant( 1530): wlan0: BSS: Remove id 192 BSSID c0:7b:bc:6b:81:40 SSID 'Smartisan' due to no match in scan
05-13 14:11:21.147 D/wpa_supplicant( 1530): CTRL_IFACE monitor send - hexdump(len=39): 2f 64 61 74 61 2f 6d 69 73 63 2f 77 69 66 69 2f 73 6f 63 6b 65 74 73 2f 77 70 61 5f 63 74 72 6c ...
05-13 14:11:21.147 D/wpa_supplicant( 1530): wlan0: BSS: Remove id 219 BSSID c0:7b:bc:6b:81:41 SSID 'Smartisan-Guest' due to no match in scan
05-13 14:11:21.147 D/wpa_supplicant( 1530): CTRL_IFACE monitor send - hexdump(len=39): 2f 64 61 74 61 2f 6d 69 73 63 2f 77 69 66 69 2f 73 6f 63 6b 65 74 73 2f 77 70 61 5f 63 74 72 6c ...
05-13 14:11:21.147 D/wpa_supplicant( 1530): wlan0: BSS: Remove id 196 BSSID c0:7b:bc:6b:81:44 SSID 'Smota' due to no match in scan
05-13 14:11:21.147 D/wpa_supplicant( 1530): CTRL_IFACE monitor send - hexdump(len=39): 2f 64 61 74 61 2f 6d 69 73 63 2f 77 69 66 69 2f 73 6f 63 6b 65 74 73 2f 77 70 61 5f 63 74 72 6c ...
05-13 14:11:21.147 D/wpa_supplicant( 1530): wlan0: BSS: Remove id 247 BSSID 00:26:7a:22:ae:1a SSID 'CMCC' due to no match in scan
05-13 14:11:21.147 D/wpa_supplicant( 1530): CTRL_IFACE monitor send - hexdump(len=39): 2f 64 61 74 61 2f 6d 69 73 63 2f 77 69 66 69 2f 73 6f 63 6b 65 74 73 2f 77 70 61 5f 63 74 72 6c ...
05-13 14:11:21.147 D/wpa_supplicant( 1530): wlan0: BSS: Remove id 257 BSSID c0:7b:bc:6b:81:45 SSID '\x00' due to no match in scan
05-13 14:11:21.147 D/wpa_supplicant( 1530): CTRL_IFACE monitor send - hexdump(len=39): 2f 64 61 74 61 2f 6d 69 73 63 2f 77 69 66 69 2f 73 6f 63 6b 65 74 73 2f 77 70 61 5f 63 74 72 6c ...
05-13 14:11:21.147 D/wpa_supplicant( 1530): wlan0: BSS: Remove id 148 BSSID ec:55:f9:c0:86:3a SSID '360\xe5\x85\x8d\xe8\xb4\xb9WiFi-UB' due to no match in scan
05-13 14:11:21.147 D/wpa_supplicant( 1530): CTRL_IFACE monitor send - hexdump(len=39): 2f 64 61 74 61 2f 6d 69 73 63 2f 77 69 66 69 2f 73 6f 63 6b 65 74 73 2f 77 70 61 5f 63 74 72 6c ...
05-13 14:11:21.147 D/wpa_supplicant( 1530): wlan0: BSS: Remove id 235 BSSID 44:94:fc:33:ff:02 SSID 'NET' due to no match in scan
05-13 14:11:21.147 D/wpa_supplicant( 1530): CTRL_IFACE monitor send - hexdump(len=39): 2f 64 61 74 61 2f 6d 69 73 63 2f 77 69 66 69 2f 73 6f 63 6b 65 74 73 2f 77 70 61 5f 63 74 72 6c ...
05-13 14:11:21.147 D/wpa_supplicant( 1530): wlan0: BSS: Remove id 228 BSSID 58:66:ba:a0:6e:40 SSID 'CTTIC-Goldencard' due to no match in scan
05-13 14:11:21.147 D/wpa_supplicant( 1530): CTRL_IFACE monitor send - hexdump(len=39): 2f 64 61 74 61 2f 6d 69 73 63 2f 77 69 66 69 2f 73 6f 63 6b 65 74 73 2f 77 70 61 5f 63 74 72 6c ...
05-13 14:11:21.147 D/wpa_supplicant( 1530): wlan0: BSS: Remove id 251 BSSID c0:7b:bc:6b:4a:22 SSID 'SmartisanHW' due to no match in scan
05-13 14:11:21.147 D/wpa_supplicant( 1530): CTRL_IFACE monitor send - hexdump(len=39): 2f 64 61 74 61 2f 6d 69 73 63 2f 77 69 66 69 2f 73 6f 63 6b 65 74 73 2f 77 70 61 5f 63 74 72 6c ...
05-13 14:11:21.147 D/wpa_supplicant( 1530): wlan0: BSS: Remove id 256 BSSID 00:26:7a:22:a9:14 SSID 'CMCC' due to no match in scan
05-13 14:11:21.147 D/wpa_supplicant( 1530): CTRL_IFACE monitor send - hexdump(len=39): 2f 64 61 74 61 2f 6d 69 73 63 2f 77 69 66 69 2f 73 6f 63 6b 65 74 73 2f 77 70 61 5f 63 74 72 6c ...
05-13 14:11:21.147 D/wpa_supplicant( 1530): wlan0: BSS: Remove id 258 BSSID c0:7b:bc:6b:86:40 SSID 'Smartisan' due to no match in scan
05-13 14:11:21.147 D/wpa_supplicant( 1530): CTRL_IFACE monitor send - hexdump(len=39): 2f 64 61 74 61 2f 6d 69 73 63 2f 77 69 66 69 2f 73 6f 63 6b 65 74 73 2f 77 70 61 5f 63 74 72 6c ...
05-13 14:11:21.147 D/wpa_supplicant( 1530): wlan0: BSS: Remove id 261 BSSID c0:7b:bc:6b:86:44 SSID 'Smota' due to no match in scan
05-13 14:11:21.147 D/wpa_supplicant( 1530): CTRL_IFACE monitor send - hexdump(len=39): 2f 64 61 74 61 2f 6d 69 73 63 2f 77 69 66 69 2f 73 6f 63 6b 65 74 73 2f 77 70 61 5f 63 74 72 6c ...
05-13 14:11:21.147 D/wpa_supplicant( 1530): wlan0: BSS: Remove id 242 BSSID 00:26:7a:21:a9:22 SSID 'CMCC-WEB' due to no match in scan
05-13 14:11:21.147 D/wpa_supplicant( 1530): CTRL_IFACE monitor send - hexdump(len=39): 2f 64 61 74 61 2f 6d 69 73 63 2f 77 69 66 69 2f 73 6f 63 6b 65 74 73 2f 77 70 61 5f 63 74 72 6c ...
05-13 14:11:21.147 D/wpa_supplicant( 1530): BSS: last_scan_res_used=27/64 last_scan_full=0
05-13 14:11:21.147 D/wpa_supplicant( 1530): wlan0: Scan-only results received
05-13 14:11:21.147 D/wpa_supplicant( 1530): CTRL_IFACE monitor send - hexdump(len=39): 2f 64 61 74 61 2f 6d 69 73 63 2f 77 69 66 69 2f 73 6f 63 6b 65 74 73 2f 77 70 61 5f 63 74 72 6c ...
05-13 14:11:21.147 D/wpa_supplicant( 1530): wlan0: P2P: Station mode scan operation not pending anymore (sta_scan_pending=0 p2p_cb_on_scan_complete=0)
05-13 14:11:21.157 D/wpa_supplicant( 1530): RX ctrl_iface - hexdump(len=25): 42 53 53 20 52 41 4e 47 45 3d 30 2d 20 4d 41 53 4b 3d 30 78 32 31 39 38 37
05-13 14:11:21.157 D/wpa_supplicant( 1530): wlan0: Control interface command 'BSS RANGE=0- MASK=0x21987'
05-13 14:11:21.167 D/StatusBar.MSimNetworkController( 1416): refreshViews subscription =0mMSimDataConnected =false mHasMobileDataFeature:true
05-13 14:11:21.167 D/StatusBar.MSimNetworkController( 1416): refreshViews: Data not connected!! Set no data type icon / Roaming for subscription: 0
05-13 14:11:21.167 D/StatusBar.MSimNetworkController( 1416): refreshViews connected={ wifi } level=4 mMSimcombinedSignalIconId=0x7f02019f/com.smartisanos.systemui:drawable/stat_sys_wifi_signal_3 mMSimcombinedActivityIconId=0x0 mAirplaneMode=false mMSimDataActivity=0 mMSimPhoneSignalIconId=0x7f020185 mMSimDataDirectionIconId=0x0 mMSimDataSignalIconId=0x7f020185 mMSimDataTypeIconId=0x0 mWifiIconId=0x7f02019f mBluetoothTetherIconId=0x10807e7
05-13 14:11:21.227 E/QCALOG  (  368): [MessageQ] ProcessNewMessage: [XT-CS] unknown deliver target [OS-Agent]
05-13 14:11:21.227 D/StatusBar.MSimNetworkController( 1416): onSignalStrengthsChanged received on subscription :0signalStrength=SignalStrength: 30 0 2147483647 2147483647 gsm|lte level=4
05-13 14:11:21.227 D/StatusBar.MSimNetworkController( 1416): updateTelephonySignalStrength: subscription =0
05-13 14:11:21.227 D/StatusBar.MSimNetworkController( 1416): updateTelephonySignalStrength iconList = [I@420d31a0iconLevel = 5 mInetCondition = 0
05-13 14:11:21.227 D/StatusBar.MSimNetworkController( 1416): refreshViews subscription =0mMSimDataConnected =false mHasMobileDataFeature:true
05-13 14:11:21.227 D/StatusBar.MSimNetworkController( 1416): refreshViews: Data not connected!! Set no data type icon / Roaming for subscription: 0
05-13 14:11:21.227 D/StatusBar.MSimNetworkController( 1416): refreshViews connected={ wifi } level=4 mMSimcombinedSignalIconId=0x7f02019f/com.smartisanos.systemui:drawable/stat_sys_wifi_signal_3 mMSimcombinedActivityIconId=0x0 mAirplaneMode=false mMSimDataActivity=0 mMSimPhoneSignalIconId=0x7f020185 mMSimDataDirectionIconId=0x0 mMSimDataSignalIconId=0x7f020185 mMSimDataTypeIconId=0x0 mWifiIconId=0x7f02019f mBluetoothTetherIconId=0x10807e7
05-13 14:11:21.267 E/QCALOG  (  368): [MessageQ] ProcessNewMessage: [XTWWAN-PE] unknown deliver target [OS-Agent]
05-13 14:11:21.267 E/QCALOG  (  368): [MessageQ] ProcessNewMessage: [XTWiFi-PE] unknown deliver target [OS-Agent]
05-13 14:11:21.697 D/wpa_supplicant( 1530): RX ctrl_iface - hexdump(len=11): 53 49 47 4e 41 4c 5f 50 4f 4c 4c
05-13 14:11:21.697 D/wpa_supplicant( 1530): wlan0: Control interface command 'SIGNAL_POLL'
05-13 14:11:21.707 V/WLAN_PSA(  244): NL MSG, len[4069], NL type[0x1C] WNI type[0x5900] len[52495]
05-13 14:11:21.707 V/WLAN_PSA(  244): NL MSG, PID: 244
05-13 14:11:21.707 D/wpa_supplicant( 1530): nl80211: survey data missing!
05-13 14:11:22.177 D/StatusBar.MSimNetworkController( 1416): refreshViews subscription =0mMSimDataConnected =false mHasMobileDataFeature:true
05-13 14:11:22.177 D/StatusBar.MSimNetworkController( 1416): refreshViews: Data not connected!! Set no data type icon / Roaming for subscription: 0
05-13 14:11:22.177 D/StatusBar.MSimNetworkController( 1416): refreshViews connected={ wifi } level=4 mMSimcombinedSignalIconId=0x7f02019f/com.smartisanos.systemui:drawable/stat_sys_wifi_signal_3 mMSimcombinedActivityIconId=0x0 mAirplaneMode=false mMSimDataActivity=0 mMSimPhoneSignalIconId=0x7f020185 mMSimDataDirectionIconId=0x0 mMSimDataSignalIconId=0x7f020185 mMSimDataTypeIconId=0x0 mWifiIconId=0x7f02019f mBluetoothTetherIconId=0x10807e7
05-13 14:11:22.617 V/WLAN_PSA(  244): NL MSG, len[048], NL type[0x11] WNI type[0x5050] len[028]
05-13 14:11:22.617 V/WLAN_PSA(  244): NL MSG, PID: 244
05-13 14:11:23.187 D/StatusBar.MSimNetworkController( 1416): refreshViews subscription =0mMSimDataConnected =false mHasMobileDataFeature:true
05-13 14:11:23.187 D/StatusBar.MSimNetworkController( 1416): refreshViews: Data not connected!! Set no data type icon / Roaming for subscription: 0
05-13 14:11:23.187 D/StatusBar.MSimNetworkController( 1416): refreshViews connected={ wifi } level=4 mMSimcombinedSignalIconId=0x7f02019f/com.smartisanos.systemui:drawable/stat_sys_wifi_signal_3 mMSimcombinedActivityIconId=0x0 mAirplaneMode=false mMSimDataActivity=0 mMSimPhoneSignalIconId=0x7f020185 mMSimDataDirectionIconId=0x0 mMSimDataSignalIconId=0x7f020185 mMSimDataTypeIconId=0x0 mWifiIconId=0x7f02019f mBluetoothTetherIconId=0x10807e7
05-13 14:11:23.317 D/PowerManagerService(  893): handleUserActivityTimeout
05-13 14:11:23.317 D/PowerManagerService(  893): updateUserActivitySummaryLocked: mWakefulness=Awake, mUserActivitySummary=0x2, nextTimeout=1507206 (in 5983 ms)
05-13 14:11:23.317 D/PowerManagerService(  893): updateScreenStateLocked: mDisplayReady=false, newScreenState=1, mWakefulness=1, mWakeLockSummary=0x0, mUserActivitySummary=0x2, mBootCompleted=true
05-13 14:11:23.317 D/PowerManagerService(  893): handleSandman: canDream=true, mWakefulness=Awake
05-13 14:11:23.317 D/PowerManagerService(  893): updateScreenStateLocked: mDisplayReady=true, newScreenState=1, mWakefulness=1, mWakeLockSummary=0x0, mUserActivitySummary=0x2, mBootCompleted=true
05-13 14:11:24.717 D/wpa_supplicant( 1530): RX ctrl_iface - hexdump(len=11): 53 49 47 4e 41 4c 5f 50 4f 4c 4c
05-13 14:11:24.717 D/wpa_supplicant( 1530): wlan0: Control interface command 'SIGNAL_POLL'
05-13 14:11:24.727 D/wpa_supplicant( 1530): nl80211: survey data missing!
05-13 14:11:25.207 D/StatusBar.MSimNetworkController( 1416): refreshViews subscription =0mMSimDataConnected =false mHasMobileDataFeature:true
05-13 14:11:25.207 D/StatusBar.MSimNetworkController( 1416): refreshViews: Data not connected!! Set no data type icon / Roaming for subscription: 0
05-13 14:11:25.217 D/StatusBar.MSimNetworkController( 1416): refreshViews connected={ wifi } level=4 mMSimcombinedSignalIconId=0x7f02019f/com.smartisanos.systemui:drawable/stat_sys_wifi_signal_3 mMSimcombinedActivityIconId=0x0 mAirplaneMode=false mMSimDataActivity=0 mMSimPhoneSignalIconId=0x7f020185 mMSimDataDirectionIconId=0x0 mMSimDataSignalIconId=0x7f020185 mMSimDataTypeIconId=0x0 mWifiIconId=0x7f02019f mBluetoothTetherIconId=0x10807e7
05-13 14:11:26.227 E/QCALOG  (  368): [MessageQ] ProcessNewMessage: [XT-CS] unknown deliver target [OS-Agent]
05-13 14:11:26.267 E/QCALOG  (  368): [MessageQ] ProcessNewMessage: [XTWWAN-PE] unknown deliver target [OS-Agent]
05-13 14:11:26.267 E/QCALOG  (  368): [MessageQ] ProcessNewMessage: [XTWiFi-PE] unknown deliver target [OS-Agent]
05-13 14:11:27.257 D/VM_BMS  (  373): wake_lock acquired
05-13 14:11:27.257 D/VM_BMS  (  373): New BMS data - Size=56
05-13 14:11:27.257 D/VM_BMS  (  373): Start process_bms_data
05-13 14:11:27.257 D/VM_BMS  (  373): For batt_temp=293 fcc_mah=2994
05-13 14:11:27.257 D/VM_BMS  (  373): For ocv=4265122 batt_temp=293 soc=92
05-13 14:11:27.257 D/VM_BMS  (  373): fifo_count=5 acc_count=0
05-13 14:11:27.257 D/VM_BMS  (  373): INIT: ocv=4265122 last_ocv=4265122 batt_temp=293 soc=92
05-13 14:11:27.257 D/VM_BMS  (  373): For soc=92 batt_temp=293 slope=11600
05-13 14:11:27.257 D/VM_BMS  (  373): For soc=92 batt_temp=293 rbatt_sf=95
05-13 14:11:27.257 D/VM_BMS  (  373): rbatt_mohm_default=146, rbatt_mohm=138, sf=95 batt_temp=293
05-13 14:11:27.257 D/VM_BMS  (  373): For ocv=4265136 batt_temp=293 soc=92
05-13 14:11:27.257 D/VM_BMS  (  373): FIFO=0 fifo_avg=4.268565 rbatt=0.138000 slope=1.160000 ibatt=-0.024901 ocv=4.265136 soc=92 fcc_ah=2.994000 sample_count=128 sample_interval=40 seq_num=52
05-13 14:11:27.257 D/VM_BMS  (  373): For soc=92 batt_temp=293 slope=11600
05-13 14:11:27.257 D/VM_BMS  (  373): For soc=92 batt_temp=293 rbatt_sf=95
05-13 14:11:27.257 D/VM_BMS  (  373): rbatt_mohm_default=146, rbatt_mohm=138, sf=95 batt_temp=293
05-13 14:11:27.257 D/VM_BMS  (  373): For ocv=4265126 batt_temp=293 soc=92
05-13 14:11:27.257 D/VM_BMS  (  373): FIFO=1 fifo_avg=4.262697 rbatt=0.138000 slope=1.160000 ibatt=0.017635 ocv=4.265126 soc=92 fcc_ah=2.994000 sample_count=128 sample_interval=40 seq_num=52
05-13 14:11:27.257 D/VM_BMS  (  373): For soc=92 batt_temp=293 slope=11600
05-13 14:11:27.257 D/VM_BMS  (  373): For soc=92 batt_temp=293 rbatt_sf=95
05-13 14:11:27.257 D/VM_BMS  (  373): rbatt_mohm_default=146, rbatt_mohm=138, sf=95 batt_temp=293
05-13 14:11:27.257 D/VM_BMS  (  373): For ocv=4265181 batt_temp=293 soc=92
05-13 14:11:27.257 D/VM_BMS  (  373): FIFO=2 fifo_avg=4.278837 rbatt=0.138000 slope=1.160000 ibatt=-0.099157 ocv=4.265181 soc=92 fcc_ah=2.994000 sample_count=128 sample_interval=40 seq_num=52
05-13 14:11:27.257 D/VM_BMS  (  373): For soc=92 batt_temp=293 slope=11600
05-13 14:11:27.257 D/VM_BMS  (  373): For soc=92 batt_temp=293 rbatt_sf=95
05-13 14:11:27.257 D/VM_BMS  (  373): rbatt_mohm_default=146, rbatt_mohm=138, sf=95 batt_temp=293
05-13 14:11:27.257 D/VM_BMS  (  373): For ocv=4265251 batt_temp=293 soc=92
05-13 14:11:27.257 D/VM_BMS  (  373): FIFO=3 fifo_avg=4.282944 rbatt=0.138000 slope=1.160000 ibatt=-0.128462 ocv=4.265252 soc=92 fcc_ah=2.994000 sample_count=128 sample_interval=40 seq_num=52
05-13 14:11:27.257 D/VM_BMS  (  373): For soc=92 batt_temp=293 slope=11600
05-13 14:11:27.257 D/VM_BMS  (  373): For soc=92 batt_temp=293 rbatt_sf=95
05-13 14:11:27.257 D/VM_BMS  (  373): rbatt_mohm_default=146, rbatt_mohm=138, sf=95 batt_temp=293
05-13 14:11:27.257 D/VM_BMS  (  373): For ocv=4265331 batt_temp=293 soc=92
05-13 14:11:27.257 D/VM_BMS  (  373): FIFO=4 fifo_avg=4.285293 rbatt=0.138000 slope=1.160000 ibatt=-0.144942 ocv=4.265331 soc=92 fcc_ah=2.994000 sample_count=128 sample_interval=40 seq_num=52
05-13 14:11:27.257 I/VM_BMS  (  373): power_supply_update: ocv_uv=4265331 ibatt=-144942 soc=92 seq_num=52
05-13 14:11:27.257 D/VM_BMS  (  373): End process_bms_data
05-13 14:11:27.257 D/VM_BMS  (  373): wake_lock released
05-13 14:11:27.627 V/WLAN_PSA(  244): NL MSG, len[048], NL type[0x11] WNI type[0x5050] len[028]
05-13 14:11:27.627 V/WLAN_PSA(  244): NL MSG, PID: 244
05-13 14:11:27.737 D/wpa_supplicant( 1530): RX ctrl_iface - hexdump(len=11): 53 49 47 4e 41 4c 5f 50 4f 4c 4c
05-13 14:11:27.737 D/wpa_supplicant( 1530): wlan0: Control interface command 'SIGNAL_POLL'
05-13 14:11:27.747 D/wpa_supplicant( 1530): nl80211: survey data missing!
05-13 14:11:28.317 V/WLAN_PSA(  244): NL MSG, len[4093], NL type[0x1C] WNI type[0x5900] len[58639]
05-13 14:11:28.317 V/WLAN_PSA(  244): NL MSG, PID: 244
05-13 14:11:28.477 W/JsonRpcServer( 9970): Error in JSON-RPC Service
05-13 14:11:28.477 W/JsonRpcServer( 9970): java.lang.reflect.InvocationTargetException
05-13 14:11:28.477 W/JsonRpcServer( 9970): 	at java.lang.reflect.Method.invokeNative(Native Method)
05-13 14:11:28.477 W/JsonRpcServer( 9970): 	at java.lang.reflect.Method.invoke(Method.java:515)
05-13 14:11:28.477 W/JsonRpcServer( 9970): 	at com.googlecode.jsonrpc4j.JsonRpcServer.invoke(JsonRpcServer.java:513)
05-13 14:11:28.477 W/JsonRpcServer( 9970): 	at com.googlecode.jsonrpc4j.JsonRpcServer.handleObject(JsonRpcServer.java:384)
05-13 14:11:28.477 W/JsonRpcServer( 9970): 	at com.googlecode.jsonrpc4j.JsonRpcServer.handleNode(JsonRpcServer.java:293)
05-13 14:11:28.477 W/JsonRpcServer( 9970): 	at com.googlecode.jsonrpc4j.JsonRpcServer.handle(JsonRpcServer.java:230)
05-13 14:11:28.477 W/JsonRpcServer( 9970): 	at com.github.uiautomatorstub.AutomatorHttpServer.serve(AutomatorHttpServer.java:70)
05-13 14:11:28.477 W/JsonRpcServer( 9970): 	at fi.iki.elonen.NanoHTTPD.serve(NanoHTTPD.java:298)
05-13 14:11:28.477 W/JsonRpcServer( 9970): 	at fi.iki.elonen.NanoHTTPD$HTTPSession.execute(NanoHTTPD.java:922)
05-13 14:11:28.477 W/JsonRpcServer( 9970): 	at fi.iki.elonen.NanoHTTPD$1$1.run(NanoHTTPD.java:175)
05-13 14:11:28.477 W/JsonRpcServer( 9970): 	at java.lang.Thread.run(Thread.java:841)
05-13 14:11:28.477 W/JsonRpcServer( 9970): Caused by: com.android.uiautomator.core.UiObjectNotFoundException: UiSelector[RESOURCE_ID=com.android.browser:id/switch_btn]
05-13 14:11:28.477 W/JsonRpcServer( 9970): 	at com.android.uiautomator.core.UiObject.clickAndWaitForNewWindow(UiObject.java:432)
05-13 14:11:28.477 W/JsonRpcServer( 9970): 	at com.github.uiautomatorstub.AutomatorServiceImpl.clickAndWaitForNewWindow(AutomatorServiceImpl.java:618)
05-13 14:11:28.477 W/JsonRpcServer( 9970): 	... 11 more
05-13 14:11:29.297 D/PowerManagerService(  893): handleUserActivityTimeout
05-13 14:11:29.307 D/PowerManagerService(  893): updateUserActivitySummaryLocked: mWakefulness=Awake, mUserActivitySummary=0x0, nextTimeout=1270980 (236230 ms ago)
05-13 14:11:29.307 D/PowerManagerService(  893): updateScreenStateLocked: mDisplayReady=true, newScreenState=1, mWakefulness=1, mWakeLockSummary=0x0, mUserActivitySummary=0x0, mBootCompleted=true
05-13 14:11:29.307 D/PowerManagerService(  893): handleSandman: canDream=true, mWakefulness=Awake
