--------- beginning of /dev/log/main
05-13 14:10:20.887 I/MSM-irqbalance(  375): Decided to move IRQ200 from CPU7 to CPU4
05-13 14:10:21.227 E/QCALOG  (  368): [MessageQ] ProcessNewMessage: [XT-CS] unknown deliver target [OS-Agent]
05-13 14:10:21.257 E/QCALOG  (  368): [MessageQ] ProcessNewMessage: [XTWWAN-PE] unknown deliver target [OS-Agent]
05-13 14:10:21.257 E/QCALOG  (  368): [MessageQ] ProcessNewMessage: [XTWiFi-PE] unknown deliver target [OS-Agent]
05-13 14:10:21.257 D/wpa_supplicant( 1530): RX ctrl_iface - hexdump(len=11): 53 49 47 4e 41 4c 5f 50 4f 4c 4c
05-13 14:10:21.257 D/wpa_supplicant( 1530): wlan0: Control interface command 'SIGNAL_POLL'
05-13 14:10:21.277 D/wpa_supplicant( 1530): nl80211: survey data missing!
05-13 14:10:21.277 V/WLAN_PSA(  244): NL MSG, len[4059], NL type[0x1C] WNI type[0x5900] len[49935]
05-13 14:10:21.277 V/WLAN_PSA(  244): NL MSG, PID: 244
05-13 14:10:21.367 D/UIAutomatorStub( 9970): URI: /jsonrpc/0, Method: POST, Header: {content-type=application/json, connection=close, remote-addr=127.0.0.1, host=localhost:9009, content-length=85, http-client-ip=127.0.0.1, user-agent=Python-urllib/2.7, accept-encoding=identity}, params, {NanoHttpd.QUERY_STRING=null}, files: {postData={"jsonrpc": "2.0", "method": "getWatchers", "id": "980b9d2e34d48e9469ea014411c3c65a"}}
05-13 14:10:21.387 D/UIAutomatorStub( 9970): URI: /jsonrpc/0, Method: POST, Header: {content-type=application/json, connection=close, remote-addr=127.0.0.1, host=localhost:9009, content-length=85, http-client-ip=127.0.0.1, user-agent=Python-urllib/2.7, accept-encoding=identity}, params, {NanoHttpd.QUERY_STRING=null}, files: {postData={"jsonrpc": "2.0", "method": "getWatchers", "id": "c3e469281d3077087471f30cca7159eb"}}
05-13 14:10:21.407 D/UIAutomatorStub( 9970): URI: /jsonrpc/0, Method: POST, Header: {content-type=application/json, connection=close, remote-addr=127.0.0.1, host=localhost:9009, content-length=94, http-client-ip=127.0.0.1, user-agent=Python-urllib/2.7, accept-encoding=identity}, params, {NanoHttpd.QUERY_STRING=null}, files: {postData={"jsonrpc": "2.0", "method": "resetWatcherTriggers", "id": "805e939031349c423fbcb70199ac5e70"}}
05-13 14:10:21.427 D/UIAutomatorStub( 9970): URI: /jsonrpc/0, Method: POST, Header: {content-type=application/json, connection=close, remote-addr=127.0.0.1, host=localhost:9009, content-length=85, http-client-ip=127.0.0.1, user-agent=Python-urllib/2.7, accept-encoding=identity}, params, {NanoHttpd.QUERY_STRING=null}, files: {postData={"jsonrpc": "2.0", "method": "getWatchers", "id": "a0073e754b05bace70d409a429521d6a"}}
05-13 14:10:21.447 D/UIAutomatorStub( 9970): URI: /jsonrpc/0, Method: POST, Header: {content-type=application/json, connection=close, remote-addr=127.0.0.1, host=localhost:9009, content-length=85, http-client-ip=127.0.0.1, user-agent=Python-urllib/2.7, accept-encoding=identity}, params, {NanoHttpd.QUERY_STRING=null}, files: {postData={"jsonrpc": "2.0", "method": "getWatchers", "id": "3d7959124e73f9409a603f332089cdf5"}}
05-13 14:10:21.467 D/UIAutomatorStub( 9970): URI: /jsonrpc/0, Method: POST, Header: {content-type=application/json, connection=close, remote-addr=127.0.0.1, host=localhost:9009, content-length=322, http-client-ip=127.0.0.1, user-agent=Python-urllib/2.7, accept-encoding=identity}, params, {NanoHttpd.QUERY_STRING=null}, files: {postData={"params": ["IGNORE_ANR", [{"childOrSiblingSelector": [], "mask": 2, "textContains": "\u65e0\u54cd\u5e94", "childOrSibling": []}], {"childOrSiblingSelector": [], "text": "\u786e\u5b9a", "mask": 1, "childOrSibling": []}], "jsonrpc": "2.0", "method": "registerClickUiObjectWatcher", "id": "a41f846ad9315c9ba40da8540525adbc"}}
05-13 14:10:21.497 D/UIAutomatorStub( 9970): URI: /jsonrpc/0, Method: POST, Header: {content-type=application/json, connection=close, remote-addr=127.0.0.1, host=localhost:9009, content-length=330, http-client-ip=127.0.0.1, user-agent=Python-urllib/2.7, accept-encoding=identity}, params, {NanoHttpd.QUERY_STRING=null}, files: {postData={"params": ["IGNORE_CRASH", [{"childOrSiblingSelector": [], "mask": 2, "textContains": "\u505c\u6b62\u8fd0\u884c", "childOrSibling": []}], {"childOrSiblingSelector": [], "text": "\u786e\u5b9a", "mask": 1, "childOrSibling": []}], "jsonrpc": "2.0", "method": "registerClickUiObjectWatcher", "id": "97c51f8d4f155e10434577b61ae51a48"}}
05-13 14:10:21.517 D/UIAutomatorStub( 9970): URI: /jsonrpc/0, Method: POST, Header: {content-type=application/json, connection=close, remote-addr=127.0.0.1, host=localhost:9009, content-length=364, http-client-ip=127.0.0.1, user-agent=Python-urllib/2.7, accept-encoding=identity}, params, {NanoHttpd.QUERY_STRING=null}, files: {postData={"params": ["IGNORE_POPWINDOW_WEIBO", [{"childOrSiblingSelector": [], "mask": 2, "textContains": "\u7ed9\u6211\u4eec\u8bc4\u5206", "childOrSibling": []}], {"childOrSiblingSelector": [], "text": "\u4e0d\u4e86\uff0c\u8c22\u8c22", "mask": 1, "childOrSibling": []}], "jsonrpc": "2.0", "method": "registerClickUiObjectWatcher", "id": "fdfac2f56461815996b6cc38f05cdca9"}}
05-13 14:10:21.537 D/UIAutomatorStub( 9970): URI: /jsonrpc/0, Method: POST, Header: {content-type=application/json, connection=close, remote-addr=127.0.0.1, host=localhost:9009, content-length=360, http-client-ip=127.0.0.1, user-agent=Python-urllib/2.7, accept-encoding=identity}, params, {NanoHttpd.QUERY_STRING=null}, files: {postData={"params": ["IGNORE_DRAFT", [{"childOrSiblingSelector": [], "mask": 2, "textContains": "\u662f\u5426\u4fdd\u5b58\u8349\u7a3f", "childOrSibling": []}], {"childOrSiblingSelector": [], "text": "\u4e0d\u4fdd\u5b58\u8349\u7a3f", "mask": 1, "childOrSibling": []}], "jsonrpc": "2.0", "method": "registerClickUiObjectWatcher", "id": "b4c37dbedf190c69298a6fcce89fecf2"}}
05-13 14:10:21.937 D/AndroidRuntime(10854): 
05-13 14:10:21.937 D/AndroidRuntime(10854): >>>>>> AndroidRuntime START com.android.internal.os.RuntimeInit <<<<<<
05-13 14:10:21.937 D/AndroidRuntime(10854): CheckJNI is OFF
05-13 14:10:21.967 D/dalvikvm(10854): Unable to stat classpath element '/system/framework/qcom.fmradio.jar'
05-13 14:10:21.977 D/dalvikvm(10854): Trying to load lib libjavacore.so 0x0
05-13 14:10:21.977 D/dalvikvm(10854): Added shared lib libjavacore.so 0x0
05-13 14:10:21.977 D/dalvikvm(10854): Trying to load lib libnativehelper.so 0x0
05-13 14:10:21.987 D/dalvikvm(10854): Added shared lib libnativehelper.so 0x0
05-13 14:10:21.987 D/dalvikvm(10854): No JNI_OnLoad found in libnativehelper.so 0x0, skipping init
05-13 14:10:22.037 D/dalvikvm(10854): Note: class Landroid/app/ActivityManagerNative; has 185 unimplemented (abstract) methods
05-13 14:10:22.107 D/wpa_supplicant( 1530): RX ctrl_iface - hexdump(len=14): 53 43 41 4e 20 54 59 50 45 3d 4f 4e 4c 59
05-13 14:10:22.107 D/wpa_supplicant( 1530): wlan0: Control interface command 'SCAN TYPE=ONLY'
05-13 14:10:22.107 D/wpa_supplicant( 1530): wlan0: Setting scan request: 0 sec 0 usec
05-13 14:10:22.107 D/wpa_supplicant( 1530): wlan0: Starting AP scan for wildcard SSID
05-13 14:10:22.107 D/wpa_supplicant( 1530): wlan0: nl80211: scan request
05-13 14:10:22.107 D/wpa_supplicant( 1530): nl80211: Scan SSID - hexdump(len=0): [NULL]
05-13 14:10:22.107 D/wpa_supplicant( 1530): Scan requested (ret=0) - scan timeout 30 seconds
05-13 14:10:22.107 D/wpa_supplicant( 1530): nl80211: Event message available
05-13 14:10:22.107 D/wpa_supplicant( 1530): nl80211: Drv Event 33 (NL80211_CMD_TRIGGER_SCAN) received for wlan0
05-13 14:10:22.107 D/wpa_supplicant( 1530): wlan0: nl80211: Scan trigger
05-13 14:10:22.107 D/wpa_supplicant( 1530): wlan0: Event SCAN_STARTED (57) received
05-13 14:10:22.107 D/wpa_supplicant( 1530): wlan0: Own scan request started a scan
05-13 14:10:22.107 I/wpa_supplicant( 1530): wlan0: CTRL-EVENT-SCAN-STARTED 
05-13 14:10:22.107 D/wpa_supplicant( 1530): CTRL_IFACE monitor send - hexdump(len=39): 2f 64 61 74 61 2f 6d 69 73 63 2f 77 69 66 69 2f 73 6f 63 6b 65 74 73 2f 77 70 61 5f 63 74 72 6c ...
05-13 14:10:22.117 V/WLAN_PSA(  244): NL MSG, len[914], NL type[0x11] WNI type[0x5050] len[894]
05-13 14:10:22.117 V/WLAN_PSA(  244): NL MSG, PID: 244
05-13 14:10:22.117 V/WLAN_PSA(  244): NL MSG, len[048], NL type[0x11] WNI type[0x5050] len[028]
05-13 14:10:22.117 V/WLAN_PSA(  244): NL MSG, PID: 244
05-13 14:10:22.117 V/WLAN_PSA(  244): NL MSG, len[4019], NL type[0x1C] WNI type[0x5900] len[39695]
05-13 14:10:22.117 V/WLAN_PSA(  244): NL MSG, PID: 244
--------- beginning of /dev/log/system
05-13 14:10:22.187 D/StatusBar.MSimNetworkController( 1416): onSignalStrengthsChanged received on subscription :0signalStrength=SignalStrength: 31 0 2147483647 2147483647 gsm|lte level=4
05-13 14:10:22.187 D/StatusBar.MSimNetworkController( 1416): updateTelephonySignalStrength: subscription =0
05-13 14:10:22.187 D/StatusBar.MSimNetworkController( 1416): updateTelephonySignalStrength iconList = [I@420d31a0iconLevel = 5 mInetCondition = 0
05-13 14:10:22.187 D/StatusBar.MSimNetworkController( 1416): refreshViews subscription =0mMSimDataConnected =false mHasMobileDataFeature:true
05-13 14:10:22.187 D/StatusBar.MSimNetworkController( 1416): refreshViews: Data not connected!! Set no data type icon / Roaming for subscription: 0
05-13 14:10:22.187 D/StatusBar.MSimNetworkController( 1416): refreshViews connected={ wifi } level=4 mMSimcombinedSignalIconId=0x7f02019f/com.smartisanos.systemui:drawable/stat_sys_wifi_signal_3 mMSimcombinedActivityIconId=0x0 mAirplaneMode=false mMSimDataActivity=0 mMSimPhoneSignalIconId=0x7f020185 mMSimDataDirectionIconId=0x0 mMSimDataSignalIconId=0x7f020185 mMSimDataTypeIconId=0x0 mWifiIconId=0x7f02019f mBluetoothTetherIconId=0x10807e7
05-13 14:10:22.227 V/WLAN_PSA(  244): NL MSG, len[4015], NL type[0x1C] WNI type[0x5900] len[38671]
05-13 14:10:22.227 V/WLAN_PSA(  244): NL MSG, PID: 244
05-13 14:10:22.347 D/AndroidRuntime(10854): Calling main entry com.android.commands.am.Am
05-13 14:10:22.367 V/WLAN_PSA(  244): NL MSG, len[4073], NL type[0x1C] WNI type[0x5900] len[53519]
05-13 14:10:22.367 V/WLAN_PSA(  244): NL MSG, PID: 244
05-13 14:10:22.367 I/ActivityManager(  893): START u0 {flg=0x10000000 cmp=com.android.browser/.BrowserActivity} from pid 10854
05-13 14:10:22.377 E/NewLauncher( 1676): Launcher : ### onPause ####
05-13 14:10:22.377 E/NewLauncher( 1676): UninstallApp : cancelUninstallWithoutAnim nothing to do by mUninstallDialog is null
05-13 14:10:22.377 D/AndroidRuntime(10854): Shutting down VM
05-13 14:10:22.377 D/PowerManagerService(  893): acquireWakeLockInternal: lock=1107835800, flags=0x1, tag="ActivityManager-Launch", ws=null, uid=1000, pid=893
05-13 14:10:22.377 D/PowerManagerService(  893): updateWakeLockSummaryLocked: mWakefulness=Awake, mWakeLockSummary=0x1
05-13 14:10:22.377 D/PowerManagerService(  893): updateScreenStateLocked: mDisplayReady=true, newScreenState=2, mWakefulness=1, mWakeLockSummary=0x1, mUserActivitySummary=0x1, mBootCompleted=true
05-13 14:10:22.377 D/PowerManagerService(  893): Acquiring suspend blocker "PowerManagerService.WakeLocks".
05-13 14:10:22.377 D/PowerManagerService(  893): handleSandman: canDream=true, mWakefulness=Awake
05-13 14:10:22.387 D/dalvikvm(10854): GC_CONCURRENT freed 96K, 14% free 605K/704K, paused 0ms+0ms, total 3ms, dvmtargetUtilize:0.750000
05-13 14:10:22.397 D/skia    (  893): Decoder Format : PNG
05-13 14:10:22.397 D/skia    (  893): call decode 
05-13 14:10:22.397 D/skia    (  893): Start onDecode 
05-13 14:10:22.407 D/skia    (  893): End onDecode 
05-13 14:10:22.427 D/WebViewTimersControl(10177): onBrowserActivityResume
05-13 14:10:22.427 D/WebViewTimersControl(10177): Resuming webview timers, view=com.android.browser.BrowserWebView{430d4fc8 VFEDHVCL .F...... 0,0-1080,1536}
05-13 14:10:22.447 V/kernel  (  390): <6>[ 1440.420720] mpu6050_power_ctl Power on
05-13 14:10:22.447 V/kernel  (  390): <4>[ 1440.423464] mpu6050 0-0068: Ignore power status change from 1 to 1
05-13 14:10:22.447 V/kernel  (  390): <6>[ 1440.430057] mpu6050_restore_context 
05-13 14:10:22.457 W/ActivityManager(  893): ActivityManagerService, registerReceiver, caller == android.app.ApplicationThreadProxy@41ef4f08
05-13 14:10:22.467 E/NewLauncher( 1676): Utils : DEBUG : ### rti = 1 ##
05-13 14:10:22.467 E/NewLauncher( 1676): Utils : DEBUG : ## rt = com.android.browser.BrowserActivity ##
05-13 14:10:22.467 E/NewLauncher( 1676): LauncherApplication : ACTION_ACTIVITY_RESUMED : component:com.android.browser.BrowserActivity
05-13 14:10:22.467 E/NewLauncher( 1676): DatabaseHandler : DEBUG : handleMessage execute action [EVENT_REMOVE_NEW_FLAG_BY_INTENT]
05-13 14:10:22.467 W/ActivityManager(  893): ActivityManagerService, registerReceiver, callerApp == ProcessRecord{41f488a0 10177:com.android.browser/u0a2}
05-13 14:10:22.467 W/ActivityManager(  893): ActivityManagerService, registerReceiver, caller == android.app.ApplicationThreadProxy@4218e7e8
05-13 14:10:22.467 W/ActivityManager(  893): ActivityManagerService, registerReceiver, callerApp == ProcessRecord{41f488a0 10177:com.android.browser/u0a2}
05-13 14:10:22.477 E/NewLauncher( 1676): DatabaseHandler : DEBUG : get id [20] by cmpName com.android.browser.BrowserActivity
05-13 14:10:22.487 V/WLAN_PSA(  244): NL MSG, len[4059], NL type[0x1C] WNI type[0x5900] len[49935]
05-13 14:10:22.487 V/WLAN_PSA(  244): NL MSG, PID: 244
05-13 14:10:22.497 V/WLAN_PSA(  244): NL MSG, len[048], NL type[0x11] WNI type[0x5050] len[028]
05-13 14:10:22.497 V/WLAN_PSA(  244): NL MSG, PID: 244
05-13 14:10:22.507 W/ActivityManager(  893): ActivityManagerService, registerReceiver, caller == android.app.ApplicationThreadProxy@4252cec8
05-13 14:10:22.507 W/ActivityManager(  893): ActivityManagerService, registerReceiver, callerApp == ProcessRecord{41f488a0 10177:com.android.browser/u0a2}
05-13 14:10:22.517 E/NewLauncher( 1676): DatabaseHandler : DEBUG : DatabaseHandler action [EVENT_REMOVE_NEW_FLAG_BY_INTENT] Done !
05-13 14:10:22.527 E/NewLauncher( 1676): DatabaseHandler : DEBUG : isNewlyInstalled set false by convertContentValuesToItemInfo, name [浏览器], pkg [com.android.browser], cmp [com.android.browser.BrowserActivity]
05-13 14:10:22.537 D/StatusBarManagerService(  893): manageDisableList userId=0 what=0x0 pkg=WindowManager.LayoutParams token:android.os.Binder@422e5248
05-13 14:10:22.567 V/WLAN_PSA(  244): NL MSG, len[4078], NL type[0x1C] WNI type[0x5900] len[54799]
05-13 14:10:22.567 V/WLAN_PSA(  244): NL MSG, PID: 244
05-13 14:10:22.597 D/SmartisanPhoneStatusBarTransitions( 1416): onTransition mode:0
05-13 14:10:22.597 D/StatusBarManagerService(  893): manageDisableList userId=0 what=0x0 pkg=WindowManager.LayoutParams token:android.os.Binder@422e5248
05-13 14:10:22.627 V/WLAN_PSA(  244): NL MSG, len[4092], NL type[0x1C] WNI type[0x5900] len[58383]
05-13 14:10:22.627 V/WLAN_PSA(  244): NL MSG, PID: 244
05-13 14:10:22.637 V/WLAN_PSA(  244): NL MSG, len[914], NL type[0x11] WNI type[0x5050] len[894]
05-13 14:10:22.637 V/WLAN_PSA(  244): NL MSG, PID: 244
05-13 14:10:22.637 V/WLAN_PSA(  244): NL MSG, len[4077], NL type[0x1C] WNI type[0x5900] len[54543]
05-13 14:10:22.637 V/WLAN_PSA(  244): NL MSG, PID: 244
05-13 14:10:22.637 V/WLAN_PSA(  244): NL MSG, len[4078], NL type[0x1C] WNI type[0x5900] len[54799]
05-13 14:10:22.637 V/WLAN_PSA(  244): NL MSG, PID: 244
05-13 14:10:22.637 D/wpa_supplicant( 1530): nl80211: Event message available
05-13 14:10:22.637 D/wpa_supplicant( 1530): nl80211: Drv Event 34 (NL80211_CMD_NEW_SCAN_RESULTS) received for wlan0
05-13 14:10:22.637 D/wpa_supplicant( 1530): wlan0: nl80211: New scan results available
05-13 14:10:22.637 D/wpa_supplicant( 1530): wlan0: Event SCAN_RESULTS (3) received
05-13 14:10:22.637 D/wpa_supplicant( 1530): nl80211: Associated on 2462 MHz
05-13 14:10:22.637 D/wpa_supplicant( 1530): nl80211: Associated with c0:7b:bc:6b:81:41
05-13 14:10:22.637 D/wpa_supplicant( 1530): nl80211: Received scan results (24 BSSes)
05-13 14:10:22.637 D/wpa_supplicant( 1530): nl80211: Survey data missing
05-13 14:10:22.637 D/wpa_supplicant( 1530): nl80211: Scan results indicate BSS status with c0:7b:bc:6b:81:41 as associated
05-13 14:10:22.637 D/wpa_supplicant( 1530): wlan0: BSS: Start scan result update 74
05-13 14:10:22.637 D/wpa_supplicant( 1530): wlan0: BSS: Add new id 257 BSSID c0:7b:bc:6b:81:45 SSID '\x00'
05-13 14:10:22.637 D/wpa_supplicant( 1530): CTRL_IFACE monitor send - hexdump(len=39): 2f 64 61 74 61 2f 6d 69 73 63 2f 77 69 66 69 2f 73 6f 63 6b 65 74 73 2f 77 70 61 5f 63 74 72 6c ...
05-13 14:10:22.637 D/wpa_supplicant( 1530): wlan0: BSS: Add new id 258 BSSID c0:7b:bc:6b:86:40 SSID 'Smartisan'
05-13 14:10:22.637 D/wpa_supplicant( 1530): CTRL_IFACE monitor send - hexdump(len=39): 2f 64 61 74 61 2f 6d 69 73 63 2f 77 69 66 69 2f 73 6f 63 6b 65 74 73 2f 77 70 61 5f 63 74 72 6c ...
05-13 14:10:22.637 D/wpa_supplicant( 1530): wlan0: BSS: Remove id 250 BSSID 14:cf:92:bb:8f:03 SSID '' due to no match in scan
05-13 14:10:22.637 D/wpa_supplicant( 1530): CTRL_IFACE monitor send - hexdump(len=39): 2f 64 61 74 61 2f 6d 69 73 63 2f 77 69 66 69 2f 73 6f 63 6b 65 74 73 2f 77 70 61 5f 63 74 72 6c ...
05-13 14:10:22.637 D/wpa_supplicant( 1530): wlan0: BSS: Remove id 240 BSSID c0:7b:bc:f0:22:61 SSID 'Smartisan-Guest' due to no match in scan
05-13 14:10:22.647 D/wpa_supplicant( 1530): CTRL_IFACE monitor send - hexdump(len=39): 2f 64 61 74 61 2f 6d 69 73 63 2f 77 69 66 69 2f 73 6f 63 6b 65 74 73 2f 77 70 61 5f 63 74 72 6c ...
05-13 14:10:22.647 D/wpa_supplicant( 1530): wlan0: BSS: Remove id 122 BSSID c0:7b:bc:f0:22:62 SSID 'SmartisanHW' due to no match in scan
05-13 14:10:22.647 D/wpa_supplicant( 1530): CTRL_IFACE monitor send - hexdump(len=39): 2f 64 61 74 61 2f 6d 69 73 63 2f 77 69 66 69 2f 73 6f 63 6b 65 74 73 2f 77 70 61 5f 63 74 72 6c ...
05-13 14:10:22.647 D/wpa_supplicant( 1530): wlan0: BSS: Remove id 144 BSSID c0:7b:bc:f0:22:60 SSID 'Smartisan' due to no match in scan
05-13 14:10:22.647 D/wpa_supplicant( 1530): CTRL_IFACE monitor send - hexdump(len=39): 2f 64 61 74 61 2f 6d 69 73 63 2f 77 69 66 69 2f 73 6f 63 6b 65 74 73 2f 77 70 61 5f 63 74 72 6c ...
05-13 14:10:22.647 D/wpa_supplicant( 1530): wlan0: BSS: Remove id 246 BSSID 00:26:7a:21:a4:de SSID 'CMCC-WEB' due to no match in scan
05-13 14:10:22.647 D/wpa_supplicant( 1530): CTRL_IFACE monitor send - hexdump(len=39): 2f 64 61 74 61 2f 6d 69 73 63 2f 77 69 66 69 2f 73 6f 63 6b 65 74 73 2f 77 70 61 5f 63 74 72 6c ...
05-13 14:10:22.647 D/wpa_supplicant( 1530): BSS: last_scan_res_used=24/64 last_scan_full=0
05-13 14:10:22.647 D/wpa_supplicant( 1530): wlan0: Scan-only results received
05-13 14:10:22.647 D/wpa_supplicant( 1530): CTRL_IFACE monitor send - hexdump(len=39): 2f 64 61 74 61 2f 6d 69 73 63 2f 77 69 66 69 2f 73 6f 63 6b 65 74 73 2f 77 70 61 5f 63 74 72 6c ...
05-13 14:10:22.647 D/wpa_supplicant( 1530): wlan0: P2P: Station mode scan operation not pending anymore (sta_scan_pending=0 p2p_cb_on_scan_complete=0)
05-13 14:10:22.647 D/wpa_supplicant( 1530): RX ctrl_iface - hexdump(len=25): 42 53 53 20 52 41 4e 47 45 3d 30 2d 20 4d 41 53 4b 3d 30 78 32 31 39 38 37
05-13 14:10:22.647 D/wpa_supplicant( 1530): wlan0: Control interface command 'BSS RANGE=0- MASK=0x21987'
05-13 14:10:22.647 D/UIAutomatorStub( 9970): URI: /jsonrpc/0, Method: POST, Header: {content-type=application/json, connection=close, remote-addr=127.0.0.1, host=localhost:9009, content-length=227, http-client-ip=127.0.0.1, user-agent=Python-urllib/2.7, accept-encoding=identity}, params, {NanoHttpd.QUERY_STRING=null}, files: {postData={"params": [{"childOrSiblingSelector": [], "resourceId": "com.android.browser:id/switch_btn", "mask": 2097152, "childOrSibling": []}, 5000], "jsonrpc": "2.0", "method": "waitForExists", "id": "90bd6126955c011151a1cd9181241195"}}
05-13 14:10:22.687 W/AwContents(10177): nativeOnDraw failed; clearing to background color.
05-13 14:10:22.747 E/QueryController( 9970): Got null root node from accessibility - Retrying...
05-13 14:10:22.767 D/PhoneWindow(10177): Twist is enabled, pacakge=com.android.browser
05-13 14:10:22.767 D/PhoneWindow(10177): onWindowFocusChanged, who=/system/priv-app/BrowserSmartisan.apk hasWindowFocus=true requestedOrientation=2 appUserOrientation=-1
05-13 14:10:22.767 E/NewLauncher( 1676): Launcher : DEBUG : onWindowFocusChanged = false
05-13 14:10:22.807 I/Timeline(10177): Timeline: Activity_idle id: android.os.BinderProxy@41e30660 time:1440718
05-13 14:10:22.807 D/PowerManagerService(  893): releaseWakeLockInternal: lock=1107835800 [ActivityManager-Launch], flags=0x0
05-13 14:10:22.807 D/PowerManagerService(  893): updateWakeLockSummaryLocked: mWakefulness=Awake, mWakeLockSummary=0x0
05-13 14:10:22.817 D/PowerManagerService(  893): updateScreenStateLocked: mDisplayReady=true, newScreenState=2, mWakefulness=1, mWakeLockSummary=0x0, mUserActivitySummary=0x1, mBootCompleted=true
05-13 14:10:22.817 D/PowerManagerService(  893): Releasing suspend blocker "PowerManagerService.WakeLocks".
05-13 14:10:22.817 D/PowerManagerService(  893): handleSandman: canDream=true, mWakefulness=Awake
05-13 14:10:23.037 I/QueryController( 9970): Matched selector: UiSelector[RESOURCE_ID=com.android.browser:id/switch_btn] <<==>> [android.view.accessibility.AccessibilityNodeInfo@d290; boundsInParent: Rect(0, 0 - 216, 153); boundsInScreen: Rect(432, 1767 - 648, 1920); packageName: com.android.browser; className: android.widget.ImageView; text: null; contentDescription: null; viewIdResName: com.android.browser:id/switch_btn; checkable: false; checked: false; focusable: false; focused: false; selected: false; clickable: true; longClickable: false; enabled: true; password: false; scrollable: false; [ACTION_SELECT, ACTION_CLEAR_SELECTION, ACTION_CLICK, ACTION_ACCESSIBILITY_FOCUS]]
05-13 14:10:23.067 D/UIAutomatorStub( 9970): URI: /jsonrpc/0, Method: POST, Header: {content-type=application/json, connection=close, remote-addr=127.0.0.1, host=localhost:9009, content-length=238, http-client-ip=127.0.0.1, user-agent=Python-urllib/2.7, accept-encoding=identity}, params, {NanoHttpd.QUERY_STRING=null}, files: {postData={"params": [{"childOrSiblingSelector": [], "resourceId": "com.android.browser:id/newtab_btn", "mask": 2097152, "childOrSibling": []}, 3000], "jsonrpc": "2.0", "method": "clickAndWaitForNewWindow", "id": "586a2024a71f5c5cf967dc00332c533b"}}
05-13 14:10:23.147 E/SmartisanOS_Perf(  893): SmartiPerformance has not been initialized!
05-13 14:10:23.147 I/Timeline(  893): Timeline: Activity_windows_visible id: ActivityRecord{42165588 u0 com.android.browser/.BrowserActivity t18} time:1441055
05-13 14:10:23.147 E/NewLauncher( 1676): Launcher : ### onStop ###
05-13 14:10:23.217 D/PowerManagerService(  893): acquireWakeLockInternal: lock=1108845872, flags=0x1, tag="RILJ", ws=null, uid=1001, pid=1644
05-13 14:10:23.217 D/PowerManagerService(  893): updateWakeLockSummaryLocked: mWakefulness=Awake, mWakeLockSummary=0x1
05-13 14:10:23.217 D/PowerManagerService(  893): updateScreenStateLocked: mDisplayReady=true, newScreenState=2, mWakefulness=1, mWakeLockSummary=0x1, mUserActivitySummary=0x1, mBootCompleted=true
05-13 14:10:23.217 D/PowerManagerService(  893): Acquiring suspend blocker "PowerManagerService.WakeLocks".
05-13 14:10:23.227 D/PowerManagerService(  893): handleSandman: canDream=true, mWakefulness=Awake
05-13 14:10:23.227 D/PowerManagerService(  893): acquireWakeLockInternal: lock=1108845872, flags=0x1, tag="RILJ", ws=null, uid=1001, pid=1644
05-13 14:10:23.227 D/PowerManagerService(  893): updateWakeLockSummaryLocked: mWakefulness=Awake, mWakeLockSummary=0x1
05-13 14:10:23.227 D/PowerManagerService(  893): updateScreenStateLocked: mDisplayReady=true, newScreenState=2, mWakefulness=1, mWakeLockSummary=0x1, mUserActivitySummary=0x1, mBootCompleted=true
05-13 14:10:23.227 D/PowerManagerService(  893): handleSandman: canDream=true, mWakefulness=Awake
05-13 14:10:23.237 D/PowerManagerService(  893): acquireWakeLockInternal: lock=1108845872, flags=0x1, tag="RILJ", ws=null, uid=1001, pid=1644
05-13 14:10:23.237 D/PowerManagerService(  893): updateWakeLockSummaryLocked: mWakefulness=Awake, mWakeLockSummary=0x1
05-13 14:10:23.237 D/PowerManagerService(  893): updateScreenStateLocked: mDisplayReady=true, newScreenState=2, mWakefulness=1, mWakeLockSummary=0x1, mUserActivitySummary=0x1, mBootCompleted=true
05-13 14:10:23.237 D/PowerManagerService(  893): handleSandman: canDream=true, mWakefulness=Awake
05-13 14:10:23.237 D/PowerManagerService(  893): acquireWakeLockInternal: lock=1108845872, flags=0x1, tag="RILJ", ws=null, uid=1001, pid=1644
05-13 14:10:23.237 D/PowerManagerService(  893): updateWakeLockSummaryLocked: mWakefulness=Awake, mWakeLockSummary=0x1
05-13 14:10:23.247 D/PowerManagerService(  893): updateScreenStateLocked: mDisplayReady=true, newScreenState=2, mWakefulness=1, mWakeLockSummary=0x1, mUserActivitySummary=0x1, mBootCompleted=true
05-13 14:10:23.247 D/PowerManagerService(  893): handleSandman: canDream=true, mWakefulness=Awake
05-13 14:10:23.247 D/PowerManagerService(  893): releaseWakeLockInternal: lock=1108845872 [RILJ], flags=0x0
05-13 14:10:23.247 D/PowerManagerService(  893): updateWakeLockSummaryLocked: mWakefulness=Awake, mWakeLockSummary=0x0
05-13 14:10:23.247 D/PowerManagerService(  893): updateScreenStateLocked: mDisplayReady=true, newScreenState=2, mWakefulness=1, mWakeLockSummary=0x0, mUserActivitySummary=0x1, mBootCompleted=true
05-13 14:10:23.247 D/PowerManagerService(  893): Releasing suspend blocker "PowerManagerService.WakeLocks".
05-13 14:10:23.257 D/PowerManagerService(  893): handleSandman: canDream=true, mWakefulness=Awake
05-13 14:10:23.327 I/QueryController( 9970): Matched selector: UiSelector[RESOURCE_ID=com.android.browser:id/newtab_btn] <<==>> [android.view.accessibility.AccessibilityNodeInfo@d651; boundsInParent: Rect(0, 0 - 216, 153); boundsInScreen: Rect(648, 1767 - 864, 1920); packageName: com.android.browser; className: android.widget.ImageView; text: null; contentDescription: null; viewIdResName: com.android.browser:id/newtab_btn; checkable: false; checked: false; focusable: false; focused: false; selected: false; clickable: true; longClickable: false; enabled: true; password: false; scrollable: false; [ACTION_SELECT, ACTION_CLEAR_SELECTION, ACTION_CLICK, ACTION_ACCESSIBILITY_FOCUS]]
05-13 14:10:23.327 D/InteractionController( 9970): clickAndWaitForNewWindow(756, 1843)
05-13 14:10:23.337 D/PowerManagerService(  893): userActivityNoUpdateLocked: eventTime=1441238, event=2, flags=0x0, uid=1000
05-13 14:10:23.337 D/PowerManagerService(  893): updateUserActivitySummaryLocked: mWakefulness=Awake, mUserActivitySummary=0x1, nextTimeout=1446240 (in 4998 ms)
05-13 14:10:23.337 D/PowerManagerService(  893): updateScreenStateLocked: mDisplayReady=true, newScreenState=2, mWakefulness=1, mWakeLockSummary=0x0, mUserActivitySummary=0x1, mBootCompleted=true
05-13 14:10:23.337 D/PowerManagerService(  893): handleSandman: canDream=true, mWakefulness=Awake
05-13 14:10:23.477 D/dalvikvm(10177): GC_FOR_ALLOC freed 70K, 21% free 27765K/34896K, paused 32ms, total 32ms, dvmtargetUtilize:0.750000
05-13 14:10:23.497 I/dalvikvm-heap(10177): Grow heap (frag case) to 32.792MB for 3648256-byte allocation
05-13 14:10:23.497 W/AwContents(10177): nativeOnDraw failed; clearing to background color.
05-13 14:10:23.517 D/skia    (10177): Decoder Format : PNG
05-13 14:10:23.517 D/skia    (10177): call decode 
05-13 14:10:23.517 D/skia    (10177): Start onDecode 
05-13 14:10:23.517 D/skia    (10177): End onDecode 
05-13 14:10:23.517 D/skia    (10177): Decoder Format : PNG
05-13 14:10:23.517 D/skia    (10177): call decode 
05-13 14:10:23.517 D/skia    (10177): Start onDecode 
05-13 14:10:23.537 D/dalvikvm(10177): GC_FOR_ALLOC freed 371K, 19% free 31186K/38460K, paused 22ms, total 22ms, dvmtargetUtilize:0.750000
05-13 14:10:23.587 D/skia    (10177): End onDecode 
05-13 14:10:23.977 D/StatusBar.MSimNetworkController( 1416): onSignalStrengthsChanged received on subscription :1signalStrength=SignalStrength: 10 0 2147483647 2147483647 gsm|lte level=3
05-13 14:10:23.977 D/StatusBar.MSimNetworkController( 1416): updateTelephonySignalStrength: subscription =1
05-13 14:10:23.977 D/StatusBar.MSimNetworkController( 1416): updateTelephonySignalStrength iconList = [I@420d32a0iconLevel = 4 mInetCondition = 0
05-13 14:10:23.977 D/StatusBar.MSimNetworkController( 1416): refreshViews subscription =1mMSimDataConnected =false mHasMobileDataFeature:true
05-13 14:10:23.977 D/StatusBar.MSimNetworkController( 1416): refreshViews: Data not connected!! Set no data type icon / Roaming for subscription: 1
05-13 14:10:23.977 D/StatusBar.MSimNetworkController( 1416): refreshViews connected={ wifi } level=3 mMSimcombinedSignalIconId=0x7f02019f/com.smartisanos.systemui:drawable/stat_sys_wifi_signal_3 mMSimcombinedActivityIconId=0x0 mAirplaneMode=false mMSimDataActivity=0 mMSimPhoneSignalIconId=0x7f02018f mMSimDataDirectionIconId=0x0 mMSimDataSignalIconId=0x7f02018f mMSimDataTypeIconId=0x0 mWifiIconId=0x7f02019f mBluetoothTetherIconId=0x10807e7
05-13 14:10:24.287 D/wpa_supplicant( 1530): RX ctrl_iface - hexdump(len=11): 53 49 47 4e 41 4c 5f 50 4f 4c 4c
05-13 14:10:24.287 D/wpa_supplicant( 1530): wlan0: Control interface command 'SIGNAL_POLL'
05-13 14:10:24.297 D/wpa_supplicant( 1530): nl80211: survey data missing!
05-13 14:10:24.457 D/dalvikvm( 1676): GC_EXPLICIT freed 165K, 34% free 22475K/33888K, paused 3ms+3ms, total 81ms, dvmtargetUtilize:0.750000
05-13 14:10:24.577 W/AwContents(10177): nativeOnDraw failed; clearing to background color.
05-13 14:10:24.597 W/AwContents(10177): nativeOnDraw failed; clearing to background color.
05-13 14:10:25.637 D/PowerManagerService(  893): acquireWakeLockInternal: lock=1108845872, flags=0x1, tag="RILJ", ws=null, uid=1001, pid=1644
05-13 14:10:25.637 D/PowerManagerService(  893): updateWakeLockSummaryLocked: mWakefulness=Awake, mWakeLockSummary=0x1
05-13 14:10:25.637 D/PowerManagerService(  893): updateScreenStateLocked: mDisplayReady=true, newScreenState=2, mWakefulness=1, mWakeLockSummary=0x1, mUserActivitySummary=0x1, mBootCompleted=true
05-13 14:10:25.637 D/PowerManagerService(  893): Acquiring suspend blocker "PowerManagerService.WakeLocks".
05-13 14:10:25.637 D/PowerManagerService(  893): handleSandman: canDream=true, mWakefulness=Awake
05-13 14:10:25.637 D/PowerManagerService(  893): acquireWakeLockInternal: lock=1108845872, flags=0x1, tag="RILJ", ws=null, uid=1001, pid=1644
05-13 14:10:25.637 D/PowerManagerService(  893): updateWakeLockSummaryLocked: mWakefulness=Awake, mWakeLockSummary=0x1
05-13 14:10:25.647 D/PowerManagerService(  893): updateScreenStateLocked: mDisplayReady=true, newScreenState=2, mWakefulness=1, mWakeLockSummary=0x1, mUserActivitySummary=0x1, mBootCompleted=true
05-13 14:10:25.647 D/PowerManagerService(  893): handleSandman: canDream=true, mWakefulness=Awake
05-13 14:10:25.647 D/PowerManagerService(  893): acquireWakeLockInternal: lock=1108845872, flags=0x1, tag="RILJ", ws=null, uid=1001, pid=1644
05-13 14:10:25.647 D/PowerManagerService(  893): updateWakeLockSummaryLocked: mWakefulness=Awake, mWakeLockSummary=0x1
05-13 14:10:25.647 D/PowerManagerService(  893): updateScreenStateLocked: mDisplayReady=true, newScreenState=2, mWakefulness=1, mWakeLockSummary=0x1, mUserActivitySummary=0x1, mBootCompleted=true
05-13 14:10:25.647 D/PowerManagerService(  893): handleSandman: canDream=true, mWakefulness=Awake
05-13 14:10:25.657 D/PowerManagerService(  893): acquireWakeLockInternal: lock=1108845872, flags=0x1, tag="RILJ", ws=null, uid=1001, pid=1644
05-13 14:10:25.657 D/PowerManagerService(  893): updateWakeLockSummaryLocked: mWakefulness=Awake, mWakeLockSummary=0x1
05-13 14:10:25.657 D/PowerManagerService(  893): updateScreenStateLocked: mDisplayReady=true, newScreenState=2, mWakefulness=1, mWakeLockSummary=0x1, mUserActivitySummary=0x1, mBootCompleted=true
05-13 14:10:25.657 D/PowerManagerService(  893): handleSandman: canDream=true, mWakefulness=Awake
05-13 14:10:25.657 D/PowerManagerService(  893): acquireWakeLockInternal: lock=1108845872, flags=0x1, tag="RILJ", ws=null, uid=1001, pid=1644
05-13 14:10:25.657 D/PowerManagerService(  893): updateWakeLockSummaryLocked: mWakefulness=Awake, mWakeLockSummary=0x1
05-13 14:10:25.657 D/PowerManagerService(  893): updateScreenStateLocked: mDisplayReady=true, newScreenState=2, mWakefulness=1, mWakeLockSummary=0x1, mUserActivitySummary=0x1, mBootCompleted=true
05-13 14:10:25.657 D/PowerManagerService(  893): handleSandman: canDream=true, mWakefulness=Awake
05-13 14:10:25.667 D/PowerManagerService(  893): acquireWakeLockInternal: lock=1108845872, flags=0x1, tag="RILJ", ws=null, uid=1001, pid=1644
05-13 14:10:25.667 D/PowerManagerService(  893): updateWakeLockSummaryLocked: mWakefulness=Awake, mWakeLockSummary=0x1
05-13 14:10:25.667 D/PowerManagerService(  893): updateScreenStateLocked: mDisplayReady=true, newScreenState=2, mWakefulness=1, mWakeLockSummary=0x1, mUserActivitySummary=0x1, mBootCompleted=true
05-13 14:10:25.667 D/PowerManagerService(  893): handleSandman: canDream=true, mWakefulness=Awake
05-13 14:10:25.667 D/PowerManagerService(  893): acquireWakeLockInternal: lock=1108845872, flags=0x1, tag="RILJ", ws=null, uid=1001, pid=1644
05-13 14:10:25.667 D/PowerManagerService(  893): updateWakeLockSummaryLocked: mWakefulness=Awake, mWakeLockSummary=0x1
05-13 14:10:25.667 D/PowerManagerService(  893): updateScreenStateLocked: mDisplayReady=true, newScreenState=2, mWakefulness=1, mWakeLockSummary=0x1, mUserActivitySummary=0x1, mBootCompleted=true
05-13 14:10:25.667 D/PowerManagerService(  893): handleSandman: canDream=true, mWakefulness=Awake
05-13 14:10:25.677 D/PowerManagerService(  893): acquireWakeLockInternal: lock=1108845872, flags=0x1, tag="RILJ", ws=null, uid=1001, pid=1644
05-13 14:10:25.677 D/PowerManagerService(  893): updateWakeLockSummaryLocked: mWakefulness=Awake, mWakeLockSummary=0x1
05-13 14:10:25.677 D/PowerManagerService(  893): updateScreenStateLocked: mDisplayReady=true, newScreenState=2, mWakefulness=1, mWakeLockSummary=0x1, mUserActivitySummary=0x1, mBootCompleted=true
05-13 14:10:25.677 D/PowerManagerService(  893): handleSandman: canDream=true, mWakefulness=Awake
05-13 14:10:25.687 D/PowerManagerService(  893): releaseWakeLockInternal: lock=1108845872 [RILJ], flags=0x0
05-13 14:10:25.687 D/PowerManagerService(  893): updateWakeLockSummaryLocked: mWakefulness=Awake, mWakeLockSummary=0x0
05-13 14:10:25.687 D/PowerManagerService(  893): updateScreenStateLocked: mDisplayReady=true, newScreenState=2, mWakefulness=1, mWakeLockSummary=0x0, mUserActivitySummary=0x1, mBootCompleted=true
05-13 14:10:25.687 D/PowerManagerService(  893): Releasing suspend blocker "PowerManagerService.WakeLocks".
05-13 14:10:25.687 D/PowerManagerService(  893): handleSandman: canDream=true, mWakefulness=Awake
05-13 14:10:25.777 W/AwContents(10177): nativeOnDraw failed; clearing to background color.
05-13 14:10:25.797 W/AwContents(10177): nativeOnDraw failed; clearing to background color.
05-13 14:10:25.817 W/AwContents(10177): nativeOnDraw failed; clearing to background color.
05-13 14:10:25.827 W/AwContents(10177): nativeOnDraw failed; clearing to background color.
05-13 14:10:25.847 W/AwContents(10177): nativeOnDraw failed; clearing to background color.
05-13 14:10:25.867 W/AwContents(10177): nativeOnDraw failed; clearing to background color.
05-13 14:10:25.877 W/AwContents(10177): nativeOnDraw failed; clearing to background color.
05-13 14:10:25.887 I/MSM-irqbalance(  375): Decided to move IRQ177 from CPU7 to CPU4
05-13 14:10:25.897 W/AwContents(10177): nativeOnDraw failed; clearing to background color.
05-13 14:10:25.917 W/AwContents(10177): nativeOnDraw failed; clearing to background color.
05-13 14:10:25.927 W/AwContents(10177): nativeOnDraw failed; clearing to background color.
05-13 14:10:25.947 W/AwContents(10177): nativeOnDraw failed; clearing to background color.
05-13 14:10:25.967 W/AwContents(10177): nativeOnDraw failed; clearing to background color.
05-13 14:10:25.977 W/AwContents(10177): nativeOnDraw failed; clearing to background color.
05-13 14:10:25.997 W/AwContents(10177): nativeOnDraw failed; clearing to background color.
05-13 14:10:26.017 W/AwContents(10177): nativeOnDraw failed; clearing to background color.
05-13 14:10:26.027 W/AwContents(10177): nativeOnDraw failed; clearing to background color.
05-13 14:10:26.047 W/AwContents(10177): nativeOnDraw failed; clearing to background color.
05-13 14:10:26.227 E/QCALOG  (  368): [MessageQ] ProcessNewMessage: [XT-CS] unknown deliver target [OS-Agent]
05-13 14:10:26.257 E/QCALOG  (  368): [MessageQ] ProcessNewMessage: [XTWWAN-PE] unknown deliver target [OS-Agent]
05-13 14:10:26.257 E/QCALOG  (  368): [MessageQ] ProcessNewMessage: [XTWiFi-PE] unknown deliver target [OS-Agent]
05-13 14:10:26.437 W/InteractionController( 9970): runAndwaitForEvent timedout waiting for events
05-13 14:10:26.467 D/UIAutomatorStub( 9970): URI: /jsonrpc/0, Method: POST, Header: {content-type=application/json, connection=close, remote-addr=127.0.0.1, host=localhost:9009, content-length=261, http-client-ip=127.0.0.1, user-agent=Python-urllib/2.7, accept-encoding=identity}, params, {NanoHttpd.QUERY_STRING=null}, files: {postData={"params": [{"childOrSiblingSelector": [], "text": "\u8f93\u5165\u7f51\u5740", "mask": 2097153, "resourceId": "com.android.browser:id/url", "childOrSibling": []}, "www.baidu.com"], "jsonrpc": "2.0", "method": "setText", "id": "15c1180ed29287d588533c153c744bd8"}}
05-13 14:10:26.487 I/QueryController( 9970): Matched selector: UiSelector[TEXT=输入网址, RESOURCE_ID=com.android.browser:id/url] <<==>> [android.view.accessibility.AccessibilityNodeInfo@7ffa; boundsInParent: Rect(0, 0 - 663, 159); boundsInScreen: Rect(0, 76 - 663, 235); packageName: com.android.browser; className: android.widget.EditText; text: 输入网址; contentDescription: null; viewIdResName: com.android.browser:id/url; checkable: false; checked: false; focusable: true; focused: false; selected: false; clickable: true; longClickable: true; enabled: true; password: false; scrollable: false; [ACTION_FOCUS, ACTION_SELECT, ACTION_CLEAR_SELECTION, ACTION_CLICK, ACTION_LONG_CLICK, ACTION_ACCESSIBILITY_FOCUS]]
05-13 14:10:26.497 D/dalvikvm( 9970): GC_CONCURRENT freed 1945K, 86% free 1162K/8148K, paused 3ms+2ms, total 16ms, dvmtargetUtilize:0.750000
05-13 14:10:26.497 D/PowerManagerService(  893): userActivityNoUpdateLocked: eventTime=1444404, event=2, flags=0x0, uid=1000
05-13 14:10:26.497 D/PowerManagerService(  893): updateUserActivitySummaryLocked: mWakefulness=Awake, mUserActivitySummary=0x1, nextTimeout=1449406 (in 5000 ms)
05-13 14:10:26.497 D/PowerManagerService(  893): updateScreenStateLocked: mDisplayReady=true, newScreenState=2, mWakefulness=1, mWakeLockSummary=0x0, mUserActivitySummary=0x1, mBootCompleted=true
05-13 14:10:26.497 D/PowerManagerService(  893): handleSandman: canDream=true, mWakefulness=Awake
05-13 14:10:27.007 D/PowerManagerService(  893): userActivityNoUpdateLocked: eventTime=1444917, event=2, flags=0x0, uid=1000
05-13 14:10:27.017 D/PowerManagerService(  893): updateUserActivitySummaryLocked: mWakefulness=Awake, mUserActivitySummary=0x1, nextTimeout=1449919 (in 4999 ms)
05-13 14:10:27.017 D/PowerManagerService(  893): updateScreenStateLocked: mDisplayReady=true, newScreenState=2, mWakefulness=1, mWakeLockSummary=0x0, mUserActivitySummary=0x1, mBootCompleted=true
05-13 14:10:27.017 D/PowerManagerService(  893): handleSandman: canDream=true, mWakefulness=Awake
05-13 14:10:27.027 W/AwContents(10177): nativeOnDraw failed; clearing to background color.
05-13 14:10:27.307 D/wpa_supplicant( 1530): RX ctrl_iface - hexdump(len=11): 53 49 47 4e 41 4c 5f 50 4f 4c 4c
05-13 14:10:27.307 D/wpa_supplicant( 1530): wlan0: Control interface command 'SIGNAL_POLL'
05-13 14:10:27.307 V/WLAN_PSA(  244): NL MSG, len[4034], NL type[0x1C] WNI type[0x5900] len[43535]
05-13 14:10:27.307 V/WLAN_PSA(  244): NL MSG, PID: 244
05-13 14:10:27.317 D/wpa_supplicant( 1530): nl80211: survey data missing!
05-13 14:10:27.507 V/WLAN_PSA(  244): NL MSG, len[048], NL type[0x11] WNI type[0x5050] len[028]
05-13 14:10:27.507 V/WLAN_PSA(  244): NL MSG, PID: 244
05-13 14:10:28.437 D/VM_BMS  (  373): wake_lock acquired
05-13 14:10:28.437 D/VM_BMS  (  373): New BMS data - Size=56
05-13 14:10:28.437 D/VM_BMS  (  373): Start process_bms_data
05-13 14:10:28.437 D/VM_BMS  (  373): For batt_temp=292 fcc_mah=2994
05-13 14:10:28.437 D/VM_BMS  (  373): For ocv=4264918 batt_temp=292 soc=91
05-13 14:10:28.437 D/VM_BMS  (  373): fifo_count=5 acc_count=0
05-13 14:10:28.437 D/VM_BMS  (  373): INIT: ocv=4264918 last_ocv=4264918 batt_temp=292 soc=91
05-13 14:10:28.437 D/VM_BMS  (  373): For soc=91 batt_temp=292 slope=11600
05-13 14:10:28.437 D/VM_BMS  (  373): For soc=91 batt_temp=292 rbatt_sf=96
05-13 14:10:28.437 D/VM_BMS  (  373): rbatt_mohm_default=146, rbatt_mohm=140, sf=96 batt_temp=292
05-13 14:10:28.437 D/VM_BMS  (  373): For ocv=4264959 batt_temp=292 soc=91
05-13 14:10:28.437 D/VM_BMS  (  373): FIFO=0 fifo_avg=4.275396 rbatt=0.140000 slope=1.160000 ibatt=-0.074696 ocv=4.264959 soc=91 fcc_ah=2.994000 sample_count=128 sample_interval=40 seq_num=50
05-13 14:10:28.437 D/VM_BMS  (  373): For soc=91 batt_temp=292 slope=11600
05-13 14:10:28.437 D/VM_BMS  (  373): For soc=91 batt_temp=292 rbatt_sf=96
05-13 14:10:28.437 D/VM_BMS  (  373): rbatt_mohm_default=146, rbatt_mohm=140, sf=96 batt_temp=292
05-13 14:10:28.437 D/VM_BMS  (  373): For ocv=4265053 batt_temp=292 soc=92
05-13 14:10:28.437 D/VM_BMS  (  373): FIFO=1 fifo_avg=4.288899 rbatt=0.140000 slope=1.160000 ibatt=-0.170665 ocv=4.265053 soc=92 fcc_ah=2.994000 sample_count=128 sample_interval=40 seq_num=50
05-13 14:10:28.437 D/VM_BMS  (  373): For soc=92 batt_temp=292 slope=11600
05-13 14:10:28.437 D/VM_BMS  (  373): For soc=92 batt_temp=292 rbatt_sf=95
05-13 14:10:28.437 D/VM_BMS  (  373): rbatt_mohm_default=146, rbatt_mohm=138, sf=95 batt_temp=292
05-13 14:10:28.437 D/VM_BMS  (  373): For ocv=4265093 batt_temp=292 soc=92
05-13 14:10:28.437 D/VM_BMS  (  373): FIFO=2 fifo_avg=4.275105 rbatt=0.138000 slope=1.160000 ibatt=-0.072697 ocv=4.265093 soc=92 fcc_ah=2.994000 sample_count=128 sample_interval=40 seq_num=50
05-13 14:10:28.437 D/VM_BMS  (  373): For soc=92 batt_temp=292 slope=11600
05-13 14:10:28.437 D/VM_BMS  (  373): For soc=92 batt_temp=292 rbatt_sf=95
05-13 14:10:28.437 D/VM_BMS  (  373): rbatt_mohm_default=146, rbatt_mohm=138, sf=95 batt_temp=292
05-13 14:10:28.437 D/VM_BMS  (  373): For ocv=4265094 batt_temp=292 soc=92
05-13 14:10:28.437 D/VM_BMS  (  373): FIFO=3 fifo_avg=4.265418 rbatt=0.138000 slope=1.160000 ibatt=-0.002352 ocv=4.265094 soc=92 fcc_ah=2.994000 sample_count=128 sample_interval=40 seq_num=50
05-13 14:10:28.437 D/VM_BMS  (  373): For soc=92 batt_temp=292 slope=11600
05-13 14:10:28.437 D/VM_BMS  (  373): For soc=92 batt_temp=292 rbatt_sf=95
05-13 14:10:28.437 D/VM_BMS  (  373): rbatt_mohm_default=146, rbatt_mohm=138, sf=95 batt_temp=292
05-13 14:10:28.437 D/VM_BMS  (  373): For ocv=4265111 batt_temp=292 soc=92
05-13 14:10:28.437 D/VM_BMS  (  373): FIFO=4 fifo_avg=4.269528 rbatt=0.138000 slope=1.160000 ibatt=-0.032067 ocv=4.265111 soc=92 fcc_ah=2.994000 sample_count=128 sample_interval=40 seq_num=50
05-13 14:10:28.447 I/VM_BMS  (  373): power_supply_update: ocv_uv=4265111 ibatt=-32067 soc=92 seq_num=50
05-13 14:10:28.447 D/VM_BMS  (  373): End process_bms_data
05-13 14:10:28.447 D/VM_BMS  (  373): wake_lock released
05-13 14:10:28.477 D/PowerManagerService(  893): updateIsPoweredLocked: wasPowered=true, mIsPowered=true, oldPlugType=2, mPlugType=2, mBatteryLevel=92
05-13 14:10:28.477 D/PowerManagerService(  893): handleSandman: canDream=true, mWakefulness=Awake
05-13 14:10:28.487 D/StatusBar.BatteryController( 1416): updateBattery level:92 charging:true pluged:true
05-13 14:10:28.487 D/skia    ( 1416): Decoder Format : PNG
05-13 14:10:28.487 D/skia    ( 1416): call decode 
05-13 14:10:28.487 D/skia    ( 1416): Start onDecode 
05-13 14:10:28.487 D/skia    ( 1416): End onDecode 
05-13 14:10:28.487 D/PowerManagerService(  893): updateIsPoweredLocked: wasPowered=true, mIsPowered=true, oldPlugType=2, mPlugType=2, mBatteryLevel=92
05-13 14:10:28.487 D/PowerManagerService(  893): handleSandman: canDream=true, mWakefulness=Awake
05-13 14:10:28.507 D/StatusBar.BatteryController( 1416): updateBattery level:92 charging:true pluged:true
05-13 14:10:29.277 D/StatusBar.MSimNetworkController( 1416): onSignalStrengthsChanged received on subscription :1signalStrength=SignalStrength: 12 0 2147483647 2147483647 gsm|lte level=4
05-13 14:10:29.277 D/StatusBar.MSimNetworkController( 1416): updateTelephonySignalStrength: subscription =1
05-13 14:10:29.277 D/StatusBar.MSimNetworkController( 1416): updateTelephonySignalStrength iconList = [I@420d32a0iconLevel = 4 mInetCondition = 0
05-13 14:10:29.277 D/StatusBar.MSimNetworkController( 1416): refreshViews subscription =1mMSimDataConnected =false mHasMobileDataFeature:true
05-13 14:10:29.277 D/StatusBar.MSimNetworkController( 1416): refreshViews: Data not connected!! Set no data type icon / Roaming for subscription: 1
05-13 14:10:29.277 D/StatusBar.MSimNetworkController( 1416): refreshViews connected={ wifi } level=4 mMSimcombinedSignalIconId=0x7f02019f/com.smartisanos.systemui:drawable/stat_sys_wifi_signal_3 mMSimcombinedActivityIconId=0x0 mAirplaneMode=false mMSimDataActivity=0 mMSimPhoneSignalIconId=0x7f02018f mMSimDataDirectionIconId=0x0 mMSimDataSignalIconId=0x7f02018f mMSimDataTypeIconId=0x0 mWifiIconId=0x7f02019f mBluetoothTetherIconId=0x10807e7
05-13 14:10:29.277 D/StatusBar.MSimNetworkController( 1416): onSignalStrengthsChanged received on subscription :0signalStrength=SignalStrength: 31 0 2147483647 2147483647 gsm|lte level=4
05-13 14:10:29.277 D/StatusBar.MSimNetworkController( 1416): updateTelephonySignalStrength: subscription =0
05-13 14:10:29.277 D/StatusBar.MSimNetworkController( 1416): updateTelephonySignalStrength iconList = [I@420d31a0iconLevel = 5 mInetCondition = 0
05-13 14:10:29.277 D/StatusBar.MSimNetworkController( 1416): refreshViews subscription =0mMSimDataConnected =false mHasMobileDataFeature:true
05-13 14:10:29.277 D/StatusBar.MSimNetworkController( 1416): refreshViews: Data not connected!! Set no data type icon / Roaming for subscription: 0
05-13 14:10:29.277 D/StatusBar.MSimNetworkController( 1416): refreshViews connected={ wifi } level=4 mMSimcombinedSignalIconId=0x7f02019f/com.smartisanos.systemui:drawable/stat_sys_wifi_signal_3 mMSimcombinedActivityIconId=0x0 mAirplaneMode=false mMSimDataActivity=0 mMSimPhoneSignalIconId=0x7f020185 mMSimDataDirectionIconId=0x0 mMSimDataSignalIconId=0x7f020185 mMSimDataTypeIconId=0x0 mWifiIconId=0x7f02019f mBluetoothTetherIconId=0x10807e7
05-13 14:10:29.527 D/dalvikvm( 1676): GC_EXPLICIT freed 19K, 34% free 22456K/33888K, paused 2ms+2ms, total 63ms, dvmtargetUtilize:0.750000
05-13 14:10:29.537 D/WindowManager(  893): interceptKeyTq keycode=67 down=true screenIsOn=true keyguardActive=false policyFlags=b000000 isWakeKey=false
05-13 14:10:29.537 D/WindowManager(  893): interceptKeyTi keyCode=67 down=true repeatCount=0 keyguardOn=false canceled=false
05-13 14:10:29.537 D/PowerManagerService(  893): userActivityNoUpdateLocked: eventTime=1447442, event=1, flags=0x0, uid=1000
05-13 14:10:29.537 D/PowerManagerService(  893): updateUserActivitySummaryLocked: mWakefulness=Awake, mUserActivitySummary=0x1, nextTimeout=1452444 (in 4999 ms)
05-13 14:10:29.537 D/PowerManagerService(  893): updateScreenStateLocked: mDisplayReady=true, newScreenState=2, mWakefulness=1, mWakeLockSummary=0x0, mUserActivitySummary=0x1, mBootCompleted=true
05-13 14:10:29.537 D/PowerManagerService(  893): handleSandman: canDream=true, mWakefulness=Awake
05-13 14:10:29.547 D/WindowManager(  893): interceptKeyTq keycode=67 down=false screenIsOn=true keyguardActive=false policyFlags=b000000 isWakeKey=false
05-13 14:10:29.547 D/WindowManager(  893): interceptKeyTi keyCode=67 down=false repeatCount=0 keyguardOn=false canceled=false
05-13 14:10:29.547 D/WindowManager(  893): Unhandled key: win=Window{4299d078 u0 com.android.browser/com.android.browser.BrowserActivity}, action=0, flags=0, keyCode=67, scanCode=0, metaState=0, repeatCount=0, policyFlags=1258291200
05-13 14:10:29.547 D/WindowManager(  893): No fallback.
05-13 14:10:29.557 D/WindowManager(  893): interceptKeyTq keycode=51 down=true screenIsOn=true keyguardActive=false policyFlags=b000000 isWakeKey=false
05-13 14:10:29.557 D/WindowManager(  893): interceptKeyTi keyCode=51 down=true repeatCount=0 keyguardOn=false canceled=false
05-13 14:10:29.557 D/WindowManager(  893): Unhandled key: win=Window{4299d078 u0 com.android.browser/com.android.browser.BrowserActivity}, action=1, flags=0, keyCode=67, scanCode=0, metaState=0, repeatCount=0, policyFlags=1258291200
05-13 14:10:29.557 D/WindowManager(  893): No fallback.
05-13 14:10:29.577 D/WindowManager(  893): interceptKeyTq keycode=51 down=false screenIsOn=true keyguardActive=false policyFlags=b000000 isWakeKey=false
05-13 14:10:29.577 D/WindowManager(  893): interceptKeyTi keyCode=51 down=false repeatCount=0 keyguardOn=false canceled=false
05-13 14:10:29.617 D/WindowManager(  893): interceptKeyTq keycode=51 down=true screenIsOn=true keyguardActive=false policyFlags=b000000 isWakeKey=false
05-13 14:10:29.617 D/WindowManager(  893): interceptKeyTi keyCode=51 down=true repeatCount=0 keyguardOn=false canceled=false
05-13 14:10:29.627 D/WindowManager(  893): interceptKeyTq keycode=51 down=false screenIsOn=true keyguardActive=false policyFlags=b000000 isWakeKey=false
05-13 14:10:29.627 D/WindowManager(  893): interceptKeyTi keyCode=51 down=false repeatCount=0 keyguardOn=false canceled=false
05-13 14:10:29.647 D/WindowManager(  893): interceptKeyTq keycode=51 down=true screenIsOn=true keyguardActive=false policyFlags=b000000 isWakeKey=false
05-13 14:10:29.647 D/WindowManager(  893): interceptKeyTi keyCode=51 down=true repeatCount=0 keyguardOn=false canceled=false
05-13 14:10:29.657 D/WindowManager(  893): interceptKeyTq keycode=51 down=false screenIsOn=true keyguardActive=false policyFlags=b000000 isWakeKey=false
