05-13 14:10:29.667 D/WindowManager(  893): interceptKeyTi keyCode=51 down=false repeatCount=0 keyguardOn=false canceled=false
05-13 14:10:29.677 D/WindowManager(  893): interceptKeyTq keycode=56 down=true screenIsOn=true keyguardActive=false policyFlags=b000000 isWakeKey=false
05-13 14:10:29.677 D/WindowManager(  893): interceptKeyTi keyCode=56 down=true repeatCount=0 keyguardOn=false canceled=false
05-13 14:10:29.677 D/WindowManager(  893): interceptKeyTq keycode=56 down=false screenIsOn=true keyguardActive=false policyFlags=b000000 isWakeKey=false
05-13 14:10:29.687 D/WindowManager(  893): interceptKeyTi keyCode=56 down=false repeatCount=0 keyguardOn=false canceled=false
05-13 14:10:29.707 D/WindowManager(  893): interceptKeyTq keycode=30 down=true screenIsOn=true keyguardActive=false policyFlags=b000000 isWakeKey=false
05-13 14:10:29.707 D/WindowManager(  893): interceptKeyTi keyCode=30 down=true repeatCount=0 keyguardOn=false canceled=false
05-13 14:10:29.717 D/WindowManager(  893): interceptKeyTq keycode=30 down=false screenIsOn=true keyguardActive=false policyFlags=b000000 isWakeKey=false
05-13 14:10:29.717 D/WindowManager(  893): interceptKeyTi keyCode=30 down=false repeatCount=0 keyguardOn=false canceled=false
05-13 14:10:29.727 D/WindowManager(  893): interceptKeyTq keycode=29 down=true screenIsOn=true keyguardActive=false policyFlags=b000000 isWakeKey=false
05-13 14:10:29.727 D/WindowManager(  893): interceptKeyTi keyCode=29 down=true repeatCount=0 keyguardOn=false canceled=false
05-13 14:10:29.747 D/WindowManager(  893): interceptKeyTq keycode=29 down=false screenIsOn=true keyguardActive=false policyFlags=b000000 isWakeKey=false
05-13 14:10:29.747 D/WindowManager(  893): interceptKeyTi keyCode=29 down=false repeatCount=0 keyguardOn=false canceled=false
05-13 14:10:29.757 D/WindowManager(  893): interceptKeyTq keycode=37 down=true screenIsOn=true keyguardActive=false policyFlags=b000000 isWakeKey=false
05-13 14:10:29.767 D/WindowManager(  893): interceptKeyTi keyCode=37 down=true repeatCount=0 keyguardOn=false canceled=false
05-13 14:10:29.777 D/WindowManager(  893): interceptKeyTq keycode=37 down=false screenIsOn=true keyguardActive=false policyFlags=b000000 isWakeKey=false
05-13 14:10:29.777 D/WindowManager(  893): interceptKeyTi keyCode=37 down=false repeatCount=0 keyguardOn=false canceled=false
05-13 14:10:29.777 D/WindowManager(  893): interceptKeyTq keycode=32 down=true screenIsOn=true keyguardActive=false policyFlags=b000000 isWakeKey=false
05-13 14:10:29.777 D/WindowManager(  893): interceptKeyTi keyCode=32 down=true repeatCount=0 keyguardOn=false canceled=false
05-13 14:10:29.797 D/WindowManager(  893): interceptKeyTq keycode=32 down=false screenIsOn=true keyguardActive=false policyFlags=b000000 isWakeKey=false
05-13 14:10:29.797 D/WindowManager(  893): interceptKeyTi keyCode=32 down=false repeatCount=0 keyguardOn=false canceled=false
05-13 14:10:29.807 D/WindowManager(  893): interceptKeyTq keycode=49 down=true screenIsOn=true keyguardActive=false policyFlags=b000000 isWakeKey=false
05-13 14:10:29.807 D/WindowManager(  893): interceptKeyTi keyCode=49 down=true repeatCount=0 keyguardOn=false canceled=false
05-13 14:10:29.827 D/WindowManager(  893): interceptKeyTq keycode=49 down=false screenIsOn=true keyguardActive=false policyFlags=b000000 isWakeKey=false
05-13 14:10:29.827 D/WindowManager(  893): interceptKeyTi keyCode=49 down=false repeatCount=0 keyguardOn=false canceled=false
05-13 14:10:29.847 D/WindowManager(  893): interceptKeyTq keycode=56 down=true screenIsOn=true keyguardActive=false policyFlags=b000000 isWakeKey=false
05-13 14:10:29.847 D/WindowManager(  893): interceptKeyTi keyCode=56 down=true repeatCount=0 keyguardOn=false canceled=false
05-13 14:10:29.847 D/WindowManager(  893): interceptKeyTq keycode=56 down=false screenIsOn=true keyguardActive=false policyFlags=b000000 isWakeKey=false
05-13 14:10:29.847 D/WindowManager(  893): interceptKeyTi keyCode=56 down=false repeatCount=0 keyguardOn=false canceled=false
05-13 14:10:29.857 D/WindowManager(  893): interceptKeyTq keycode=31 down=true screenIsOn=true keyguardActive=false policyFlags=b000000 isWakeKey=false
05-13 14:10:29.857 D/WindowManager(  893): interceptKeyTi keyCode=31 down=true repeatCount=0 keyguardOn=false canceled=false
05-13 14:10:29.877 D/WindowManager(  893): interceptKeyTq keycode=31 down=false screenIsOn=true keyguardActive=false policyFlags=b000000 isWakeKey=false
05-13 14:10:29.877 D/WindowManager(  893): interceptKeyTi keyCode=31 down=false repeatCount=0 keyguardOn=false canceled=false
05-13 14:10:29.887 D/WindowManager(  893): interceptKeyTq keycode=43 down=true screenIsOn=true keyguardActive=false policyFlags=b000000 isWakeKey=false
05-13 14:10:29.897 D/WindowManager(  893): interceptKeyTi keyCode=43 down=true repeatCount=0 keyguardOn=false canceled=false
05-13 14:10:29.897 D/WindowManager(  893): interceptKeyTq keycode=43 down=false screenIsOn=true keyguardActive=false policyFlags=b000000 isWakeKey=false
05-13 14:10:29.897 D/WindowManager(  893): interceptKeyTi keyCode=43 down=false repeatCount=0 keyguardOn=false canceled=false
05-13 14:10:29.907 D/WindowManager(  893): interceptKeyTq keycode=41 down=true screenIsOn=true keyguardActive=false policyFlags=b000000 isWakeKey=false
05-13 14:10:29.907 D/WindowManager(  893): interceptKeyTi keyCode=41 down=true repeatCount=0 keyguardOn=false canceled=false
05-13 14:10:29.927 D/WindowManager(  893): interceptKeyTq keycode=41 down=false screenIsOn=true keyguardActive=false policyFlags=b000000 isWakeKey=false
05-13 14:10:29.927 D/WindowManager(  893): interceptKeyTi keyCode=41 down=false repeatCount=0 keyguardOn=false canceled=false
05-13 14:10:30.327 D/wpa_supplicant( 1530): RX ctrl_iface - hexdump(len=11): 53 49 47 4e 41 4c 5f 50 4f 4c 4c
05-13 14:10:30.327 D/wpa_supplicant( 1530): wlan0: Control interface command 'SIGNAL_POLL'
05-13 14:10:30.337 D/wpa_supplicant( 1530): nl80211: survey data missing!
05-13 14:10:30.887 I/MSM-irqbalance(  375): Decided to move IRQ57 from CPU7 to CPU4
05-13 14:10:31.227 E/QCALOG  (  368): [MessageQ] ProcessNewMessage: [XT-CS] unknown deliver target [OS-Agent]
05-13 14:10:31.257 E/QCALOG  (  368): [MessageQ] ProcessNewMessage: [XTWWAN-PE] unknown deliver target [OS-Agent]
05-13 14:10:31.257 E/QCALOG  (  368): [MessageQ] ProcessNewMessage: [XTWiFi-PE] unknown deliver target [OS-Agent]
05-13 14:10:31.627 D/StatusBar.MSimNetworkController( 1416): onSignalStrengthsChanged received on subscription :0signalStrength=SignalStrength: 30 0 2147483647 2147483647 gsm|lte level=4
05-13 14:10:31.627 D/StatusBar.MSimNetworkController( 1416): updateTelephonySignalStrength: subscription =0
05-13 14:10:31.627 D/StatusBar.MSimNetworkController( 1416): updateTelephonySignalStrength iconList = [I@420d31a0iconLevel = 5 mInetCondition = 0
05-13 14:10:31.627 D/StatusBar.MSimNetworkController( 1416): refreshViews subscription =0mMSimDataConnected =false mHasMobileDataFeature:true
05-13 14:10:31.627 D/StatusBar.MSimNetworkController( 1416): refreshViews: Data not connected!! Set no data type icon / Roaming for subscription: 0
05-13 14:10:31.627 D/StatusBar.MSimNetworkController( 1416): refreshViews connected={ wifi } level=4 mMSimcombinedSignalIconId=0x7f02019f/com.smartisanos.systemui:drawable/stat_sys_wifi_signal_3 mMSimcombinedActivityIconId=0x0 mAirplaneMode=false mMSimDataActivity=0 mMSimPhoneSignalIconId=0x7f020185 mMSimDataDirectionIconId=0x0 mMSimDataSignalIconId=0x7f020185 mMSimDataTypeIconId=0x0 mWifiIconId=0x7f02019f mBluetoothTetherIconId=0x10807e7
05-13 14:10:31.957 D/UIAutomatorStub( 9970): URI: /jsonrpc/0, Method: POST, Header: {content-type=application/json, connection=close, remote-addr=127.0.0.1, host=localhost:9009, content-length=103, http-client-ip=127.0.0.1, user-agent=Python-urllib/2.7, accept-encoding=identity}, params, {NanoHttpd.QUERY_STRING=null}, files: {postData={"params": ["enter"], "jsonrpc": "2.0", "method": "pressKey", "id": "457aeabcec07c6000285c62e42fedac2"}}
05-13 14:10:31.957 D/WindowManager(  893): interceptKeyTq keycode=66 down=true screenIsOn=true keyguardActive=false policyFlags=b000000 isWakeKey=false
05-13 14:10:31.967 D/WindowManager(  893): interceptKeyTi keyCode=66 down=true repeatCount=0 keyguardOn=false canceled=false
05-13 14:10:31.967 D/PowerManagerService(  893): userActivityNoUpdateLocked: eventTime=1449868, event=1, flags=0x0, uid=1000
05-13 14:10:31.967 D/PowerManagerService(  893): updateUserActivitySummaryLocked: mWakefulness=Awake, mUserActivitySummary=0x1, nextTimeout=1454870 (in 4999 ms)
05-13 14:10:31.967 D/PowerManagerService(  893): updateScreenStateLocked: mDisplayReady=true, newScreenState=2, mWakefulness=1, mWakeLockSummary=0x0, mUserActivitySummary=0x1, mBootCompleted=true
05-13 14:10:31.967 D/PowerManagerService(  893): handleSandman: canDream=true, mWakefulness=Awake
05-13 14:10:32.017 D/AwContents(10177): loadUrl 0 {DEFAULT, BROWSER_INITIATED_HTTP_POST, DATA}
05-13 14:10:32.027 W/AwContents(10177): nativeOnDraw failed; clearing to background color.
05-13 14:10:32.037 D/WindowManager(  893): interceptKeyTq keycode=66 down=false screenIsOn=true keyguardActive=false policyFlags=b000000 isWakeKey=false
05-13 14:10:32.037 D/WindowManager(  893): interceptKeyTi keyCode=66 down=false repeatCount=0 keyguardOn=false canceled=false
05-13 14:10:32.057 D/AwContents(10177): shouldIgnoreNavigation isPost false, isRedirect false, hasUserGesture false, pageTransitionType 134217728, url: http://www.baidu.com/, mDeferredShouldOverrideUrlLoadingIsPendingForPopup: false, mPopupContents: false
05-13 14:10:32.077 D/Tab     (10177): onPageStarted url: http://www.baidu.com/, webview: com.android.browser.BrowserWebView{425c1128 VFEDHVCL .F...... 0,0-1080,1536}
05-13 14:10:32.077 D/UIAutomatorStub( 9970): URI: /jsonrpc/0, Method: POST, Header: {content-type=application/json, connection=close, remote-addr=127.0.0.1, host=localhost:9009, content-length=250, http-client-ip=127.0.0.1, user-agent=Python-urllib/2.7, accept-encoding=identity}, params, {NanoHttpd.QUERY_STRING=null}, files: {postData={"params": [{"childOrSiblingSelector": [], "mask": 2, "textContains": "\u9700\u8981\u4e86\u89e3\u60a8\u7684\u4f4d\u7f6e\u4fe1\u606f", "childOrSibling": []}, 3000], "jsonrpc": "2.0", "method": "waitForExists", "id": "893cf5a7a934778002541cb303447434"}}
05-13 14:10:32.517 V/WLAN_PSA(  244): NL MSG, len[048], NL type[0x11] WNI type[0x5050] len[028]
05-13 14:10:32.517 V/WLAN_PSA(  244): NL MSG, PID: 244
05-13 14:10:32.957 D/StatusBar.MSimNetworkController( 1416): refreshViews subscription =0mMSimDataConnected =false mHasMobileDataFeature:true
05-13 14:10:32.957 D/StatusBar.MSimNetworkController( 1416): refreshViews: Data not connected!! Set no data type icon / Roaming for subscription: 0
05-13 14:10:32.957 D/StatusBar.MSimNetworkController( 1416): refreshViews connected={ wifi } level=4 mMSimcombinedSignalIconId=0x7f02019f/com.smartisanos.systemui:drawable/stat_sys_wifi_signal_3 mMSimcombinedActivityIconId=0x0 mAirplaneMode=false mMSimDataActivity=0 mMSimPhoneSignalIconId=0x7f020185 mMSimDataDirectionIconId=0x0 mMSimDataSignalIconId=0x7f020185 mMSimDataTypeIconId=0x0 mWifiIconId=0x7f02019f mBluetoothTetherIconId=0x10807e7
05-13 14:10:33.347 D/wpa_supplicant( 1530): RX ctrl_iface - hexdump(len=11): 53 49 47 4e 41 4c 5f 50 4f 4c 4c
05-13 14:10:33.347 D/wpa_supplicant( 1530): wlan0: Control interface command 'SIGNAL_POLL'
05-13 14:10:33.357 V/WLAN_PSA(  244): NL MSG, len[4059], NL type[0x1C] WNI type[0x5900] len[49935]
05-13 14:10:33.357 V/WLAN_PSA(  244): NL MSG, PID: 244
05-13 14:10:33.357 D/wpa_supplicant( 1530): nl80211: survey data missing!
05-13 14:10:33.977 D/StatusBar.MSimNetworkController( 1416): onSignalStrengthsChanged received on subscription :0signalStrength=SignalStrength: 30 0 2147483647 2147483647 gsm|lte level=4
05-13 14:10:33.977 D/StatusBar.MSimNetworkController( 1416): updateTelephonySignalStrength: subscription =0
05-13 14:10:33.977 D/StatusBar.MSimNetworkController( 1416): updateTelephonySignalStrength iconList = [I@420d31a0iconLevel = 5 mInetCondition = 0
05-13 14:10:33.977 D/StatusBar.MSimNetworkController( 1416): refreshViews subscription =0mMSimDataConnected =false mHasMobileDataFeature:true
05-13 14:10:33.977 D/StatusBar.MSimNetworkController( 1416): refreshViews: Data not connected!! Set no data type icon / Roaming for subscription: 0
05-13 14:10:33.987 D/StatusBar.MSimNetworkController( 1416): refreshViews connected={ wifi } level=4 mMSimcombinedSignalIconId=0x7f02019f/com.smartisanos.systemui:drawable/stat_sys_wifi_signal_3 mMSimcombinedActivityIconId=0x0 mAirplaneMode=false mMSimDataActivity=0 mMSimPhoneSignalIconId=0x7f020185 mMSimDataDirectionIconId=0x0 mMSimDataSignalIconId=0x7f020185 mMSimDataTypeIconId=0x0 mWifiIconId=0x7f02019f mBluetoothTetherIconId=0x10807e7
05-13 14:10:34.587 D/dalvikvm( 1676): GC_CONCURRENT freed <1K, 34% free 22456K/33888K, paused 2ms+2ms, total 55ms, dvmtargetUtilize:0.750000
05-13 14:10:35.887 I/MSM-irqbalance(  375): Decided to move IRQ174 from CPU7 to CPU4
05-13 14:10:36.227 E/QCALOG  (  368): [MessageQ] ProcessNewMessage: [XT-CS] unknown deliver target [OS-Agent]
05-13 14:10:36.257 E/QCALOG  (  368): [MessageQ] ProcessNewMessage: [XTWWAN-PE] unknown deliver target [OS-Agent]
05-13 14:10:36.257 E/QCALOG  (  368): [MessageQ] ProcessNewMessage: [XTWiFi-PE] unknown deliver target [OS-Agent]
05-13 14:10:36.317 D/Tab     (10177): onPageFinished url: http://www.baidu.com/, webview: com.android.browser.BrowserWebView{425c1128 VFEDHVCL .F...... 0,0-1080,1536}
05-13 14:10:36.357 D/wpa_supplicant( 1530): RX ctrl_iface - hexdump(len=11): 53 49 47 4e 41 4c 5f 50 4f 4c 4c
05-13 14:10:36.357 D/wpa_supplicant( 1530): wlan0: Control interface command 'SIGNAL_POLL'
05-13 14:10:36.367 D/wpa_supplicant( 1530): nl80211: survey data missing!
05-13 14:10:36.627 W/System.err( 1853): java.lang.ClassNotFoundException: com.baidu.frontia.module.deeplink.GeoLocation
05-13 14:10:36.627 W/System.err( 1853): 	at java.lang.Class.classForName(Native Method)
05-13 14:10:36.627 W/System.err( 1853): 	at java.lang.Class.forName(Class.java:251)
05-13 14:10:36.627 W/System.err( 1853): 	at java.lang.Class.forName(Class.java:216)
05-13 14:10:36.637 W/System.err( 1853): 	at com.baidu.frontia.module.deeplink.a.b(Unknown Source)
05-13 14:10:36.637 W/System.err( 1853): 	at com.baidu.frontia.module.deeplink.a.a(Unknown Source)
05-13 14:10:36.637 W/System.err( 1853): 	at com.baidu.frontia.module.deeplink.l.b(Unknown Source)
05-13 14:10:36.637 W/System.err( 1853): 	at com.baidu.android.a.a.e.c(Unknown Source)
05-13 14:10:36.637 W/System.err( 1853): 	at com.baidu.android.a.a.e.a(Unknown Source)
05-13 14:10:36.637 W/System.err( 1853): 	at com.baidu.android.a.a.f.a(Unknown Source)
05-13 14:10:36.637 W/System.err( 1853): 	at com.baidu.android.a.a.f.doInBackground(Unknown Source)
05-13 14:10:36.637 W/System.err( 1853): 	at android.os.AsyncTask$2.call(AsyncTask.java:288)
05-13 14:10:36.637 W/System.err( 1853): 	at java.util.concurrent.FutureTask.run(FutureTask.java:237)
05-13 14:10:36.637 W/System.err( 1853): 	at android.os.AsyncTask$SerialExecutor$1.run(AsyncTask.java:231)
05-13 14:10:36.637 W/System.err( 1853): 	at java.util.concurrent.ThreadPoolExecutor.runWorker(ThreadPoolExecutor.java:1112)
05-13 14:10:36.637 W/System.err( 1853): 	at java.util.concurrent.ThreadPoolExecutor$Worker.run(ThreadPoolExecutor.java:587)
05-13 14:10:36.637 W/System.err( 1853): 	at java.lang.Thread.run(Thread.java:841)
05-13 14:10:36.637 W/System.err( 1853): Caused by: java.lang.NoClassDefFoundError: com/baidu/frontia/module/deeplink/GeoLocation
05-13 14:10:36.637 W/System.err( 1853): 	... 16 more
05-13 14:10:36.637 W/System.err( 1853): Caused by: java.lang.ClassNotFoundException: Didn't find class "com.baidu.frontia.module.deeplink.GeoLocation" on path: DexPathList[[zip file "/data/data/com.iflytek.speechcloud/app_push_lib/plugin-deploy.jar"],nativeLibraryDirectories=[/vendor/lib, /system/lib]]
05-13 14:10:36.637 W/System.err( 1853): 	at dalvik.system.BaseDexClassLoader.findClass(BaseDexClassLoader.java:56)
05-13 14:10:36.637 W/System.err( 1853): 	at java.lang.ClassLoader.loadClass(ClassLoader.java:497)
05-13 14:10:36.637 W/System.err( 1853): 	at java.lang.ClassLoader.loadClass(ClassLoader.java:457)
05-13 14:10:36.637 W/System.err( 1853): 	... 16 more
05-13 14:10:36.697 W/ActivityManager(  893): ActivityManagerService, registerReceiver, caller == android.app.ApplicationThreadProxy@41ecacd0
05-13 14:10:36.697 W/ActivityManager(  893): ActivityManagerService, registerReceiver, callerApp == ProcessRecord{41f488a0 10177:com.android.browser/u0a2}
05-13 14:10:36.707 D/UIAutomatorStub( 9970): URI: /jsonrpc/0, Method: POST, Header: {content-type=application/json, connection=close, remote-addr=127.0.0.1, host=localhost:9009, content-length=128, http-client-ip=127.0.0.1, user-agent=Python-urllib/2.7, accept-encoding=identity}, params, {NanoHttpd.QUERY_STRING=null}, files: {postData={"params": ["screenshot.png", 1.0, 100], "jsonrpc": "2.0", "method": "takeScreenshot", "id": "7ca8a54247da1d0ea88d407695caf06b"}}
05-13 14:10:36.837 D/PhoneWindow(10177): Twist is enabled, pacakge=com.android.browser
05-13 14:10:36.837 D/PhoneWindow(10177): onWindowFocusChanged, who=/system/priv-app/BrowserSmartisan.apk hasWindowFocus=true requestedOrientation=-1 appUserOrientation=-1
05-13 14:10:36.967 D/PowerManagerService(  893): handleUserActivityTimeout
05-13 14:10:36.967 D/PowerManagerService(  893): updateUserActivitySummaryLocked: mWakefulness=Awake, mUserActivitySummary=0x1, nextTimeout=1473868 (in 18995 ms)
05-13 14:10:36.967 D/PowerManagerService(  893): updateScreenStateLocked: mDisplayReady=true, newScreenState=2, mWakefulness=1, mWakeLockSummary=0x0, mUserActivitySummary=0x1, mBootCompleted=true
05-13 14:10:36.967 D/PowerManagerService(  893): handleSandman: canDream=true, mWakefulness=Awake
05-13 14:10:37.527 V/WLAN_PSA(  244): NL MSG, len[048], NL type[0x11] WNI type[0x5050] len[028]
05-13 14:10:37.527 V/WLAN_PSA(  244): NL MSG, PID: 244
05-13 14:10:37.747 D/dalvikvm( 9970): GC_CONCURRENT freed 1988K, 87% free 1131K/8148K, paused 1ms+2ms, total 17ms, dvmtargetUtilize:0.750000
05-13 14:10:38.547 V/kernel  (  390): <4>[ 1456.534636] IRQ39 no longer affine to CPU2
05-13 14:10:38.567 D/UIAutomatorStub( 9970): URI: /jsonrpc/0, Method: POST, Header: {content-type=application/json, connection=close, remote-addr=127.0.0.1, host=localhost:9009, content-length=238, http-client-ip=127.0.0.1, user-agent=Python-urllib/2.7, accept-encoding=identity}, params, {NanoHttpd.QUERY_STRING=null}, files: {postData={"params": [{"childOrSiblingSelector": [], "resourceId": "com.android.browser:id/newtab_btn", "mask": 2097152, "childOrSibling": []}, 3000], "jsonrpc": "2.0", "method": "clickAndWaitForNewWindow", "id": "1b306c694db4b3294931cd319ab02eb8"}}
05-13 14:10:38.677 D/StatusBar.MSimNetworkController( 1416): onSignalStrengthsChanged received on subscription :0signalStrength=SignalStrength: 29 0 2147483647 2147483647 gsm|lte level=4
05-13 14:10:38.677 D/StatusBar.MSimNetworkController( 1416): updateTelephonySignalStrength: subscription =0
05-13 14:10:38.677 D/StatusBar.MSimNetworkController( 1416): updateTelephonySignalStrength iconList = [I@420d31a0iconLevel = 5 mInetCondition = 0
05-13 14:10:38.677 D/StatusBar.MSimNetworkController( 1416): refreshViews subscription =0mMSimDataConnected =false mHasMobileDataFeature:true
05-13 14:10:38.677 D/StatusBar.MSimNetworkController( 1416): refreshViews: Data not connected!! Set no data type icon / Roaming for subscription: 0
05-13 14:10:38.677 D/StatusBar.MSimNetworkController( 1416): refreshViews connected={ wifi } level=4 mMSimcombinedSignalIconId=0x7f02019f/com.smartisanos.systemui:drawable/stat_sys_wifi_signal_3 mMSimcombinedActivityIconId=0x0 mAirplaneMode=false mMSimDataActivity=0 mMSimPhoneSignalIconId=0x7f020185 mMSimDataDirectionIconId=0x0 mMSimDataSignalIconId=0x7f020185 mMSimDataTypeIconId=0x0 mWifiIconId=0x7f02019f mBluetoothTetherIconId=0x10807e7
05-13 14:10:39.367 D/wpa_supplicant( 1530): RX ctrl_iface - hexdump(len=11): 53 49 47 4e 41 4c 5f 50 4f 4c 4c
05-13 14:10:39.367 D/wpa_supplicant( 1530): wlan0: Control interface command 'SIGNAL_POLL'
05-13 14:10:39.377 D/wpa_supplicant( 1530): nl80211: survey data missing!
05-13 14:10:39.377 V/WLAN_PSA(  244): NL MSG, len[4022], NL type[0x1C] WNI type[0x5900] len[40463]
05-13 14:10:39.377 V/WLAN_PSA(  244): NL MSG, PID: 244
05-13 14:10:41.027 D/StatusBar.MSimNetworkController( 1416): onSignalStrengthsChanged received on subscription :0signalStrength=SignalStrength: 29 0 2147483647 2147483647 gsm|lte level=4
05-13 14:10:41.027 D/StatusBar.MSimNetworkController( 1416): updateTelephonySignalStrength: subscription =0
05-13 14:10:41.027 D/StatusBar.MSimNetworkController( 1416): updateTelephonySignalStrength iconList = [I@420d31a0iconLevel = 5 mInetCondition = 0
05-13 14:10:41.027 D/StatusBar.MSimNetworkController( 1416): refreshViews subscription =0mMSimDataConnected =false mHasMobileDataFeature:true
05-13 14:10:41.027 D/StatusBar.MSimNetworkController( 1416): refreshViews: Data not connected!! Set no data type icon / Roaming for subscription: 0
05-13 14:10:41.027 D/StatusBar.MSimNetworkController( 1416): refreshViews connected={ wifi } level=4 mMSimcombinedSignalIconId=0x7f02019f/com.smartisanos.systemui:drawable/stat_sys_wifi_signal_3 mMSimcombinedActivityIconId=0x0 mAirplaneMode=false mMSimDataActivity=0 mMSimPhoneSignalIconId=0x7f020185 mMSimDataDirectionIconId=0x0 mMSimDataSignalIconId=0x7f020185 mMSimDataTypeIconId=0x0 mWifiIconId=0x7f02019f mBluetoothTetherIconId=0x10807e7
05-13 14:10:41.157 D/PowerManagerService(  893): acquireWakeLockInternal: lock=1108845872, flags=0x1, tag="RILJ", ws=null, uid=1001, pid=1644
05-13 14:10:41.157 D/PowerManagerService(  893): updateWakeLockSummaryLocked: mWakefulness=Awake, mWakeLockSummary=0x1
05-13 14:10:41.167 D/PowerManagerService(  893): updateScreenStateLocked: mDisplayReady=true, newScreenState=2, mWakefulness=1, mWakeLockSummary=0x1, mUserActivitySummary=0x1, mBootCompleted=true
05-13 14:10:41.167 D/PowerManagerService(  893): Acquiring suspend blocker "PowerManagerService.WakeLocks".
05-13 14:10:41.167 D/PowerManagerService(  893): handleSandman: canDream=true, mWakefulness=Awake
05-13 14:10:41.167 D/PowerManagerService(  893): acquireWakeLockInternal: lock=1108845872, flags=0x1, tag="RILJ", ws=null, uid=1001, pid=1644
05-13 14:10:41.167 D/PowerManagerService(  893): updateWakeLockSummaryLocked: mWakefulness=Awake, mWakeLockSummary=0x1
05-13 14:10:41.167 D/PowerManagerService(  893): updateScreenStateLocked: mDisplayReady=true, newScreenState=2, mWakefulness=1, mWakeLockSummary=0x1, mUserActivitySummary=0x1, mBootCompleted=true
05-13 14:10:41.167 D/PowerManagerService(  893): handleSandman: canDream=true, mWakefulness=Awake
05-13 14:10:41.177 D/PowerManagerService(  893): acquireWakeLockInternal: lock=1108845872, flags=0x1, tag="RILJ", ws=null, uid=1001, pid=1644
05-13 14:10:41.177 D/PowerManagerService(  893): updateWakeLockSummaryLocked: mWakefulness=Awake, mWakeLockSummary=0x1
05-13 14:10:41.177 D/PowerManagerService(  893): updateScreenStateLocked: mDisplayReady=true, newScreenState=2, mWakefulness=1, mWakeLockSummary=0x1, mUserActivitySummary=0x1, mBootCompleted=true
05-13 14:10:41.177 D/PowerManagerService(  893): handleSandman: canDream=true, mWakefulness=Awake
05-13 14:10:41.177 D/PowerManagerService(  893): acquireWakeLockInternal: lock=1108845872, flags=0x1, tag="RILJ", ws=null, uid=1001, pid=1644
05-13 14:10:41.177 D/PowerManagerService(  893): updateWakeLockSummaryLocked: mWakefulness=Awake, mWakeLockSummary=0x1
05-13 14:10:41.177 D/PowerManagerService(  893): updateScreenStateLocked: mDisplayReady=true, newScreenState=2, mWakefulness=1, mWakeLockSummary=0x1, mUserActivitySummary=0x1, mBootCompleted=true
05-13 14:10:41.177 D/PowerManagerService(  893): handleSandman: canDream=true, mWakefulness=Awake
05-13 14:10:41.187 D/PowerManagerService(  893): releaseWakeLockInternal: lock=1108845872 [RILJ], flags=0x0
05-13 14:10:41.187 D/PowerManagerService(  893): updateWakeLockSummaryLocked: mWakefulness=Awake, mWakeLockSummary=0x0
05-13 14:10:41.187 D/PowerManagerService(  893): updateScreenStateLocked: mDisplayReady=true, newScreenState=2, mWakefulness=1, mWakeLockSummary=0x0, mUserActivitySummary=0x1, mBootCompleted=true
05-13 14:10:41.187 D/PowerManagerService(  893): Releasing suspend blocker "PowerManagerService.WakeLocks".
05-13 14:10:41.187 D/PowerManagerService(  893): handleSandman: canDream=true, mWakefulness=Awake
05-13 14:10:41.227 E/QCALOG  (  368): [MessageQ] ProcessNewMessage: [XT-CS] unknown deliver target [OS-Agent]
05-13 14:10:41.257 E/QCALOG  (  368): [MessageQ] ProcessNewMessage: [XTWWAN-PE] unknown deliver target [OS-Agent]
05-13 14:10:41.257 E/QCALOG  (  368): [MessageQ] ProcessNewMessage: [XTWiFi-PE] unknown deliver target [OS-Agent]
05-13 14:10:42.377 D/wpa_supplicant( 1530): RX ctrl_iface - hexdump(len=11): 53 49 47 4e 41 4c 5f 50 4f 4c 4c
05-13 14:10:42.377 D/wpa_supplicant( 1530): wlan0: Control interface command 'SIGNAL_POLL'
05-13 14:10:42.397 D/wpa_supplicant( 1530): nl80211: survey data missing!
05-13 14:10:42.537 V/WLAN_PSA(  244): NL MSG, len[048], NL type[0x11] WNI type[0x5050] len[028]
05-13 14:10:42.537 V/WLAN_PSA(  244): NL MSG, PID: 244
05-13 14:10:42.687 D/wpa_supplicant( 1530): RX ctrl_iface - hexdump(len=14): 53 43 41 4e 20 54 59 50 45 3d 4f 4e 4c 59
05-13 14:10:42.687 D/wpa_supplicant( 1530): wlan0: Control interface command 'SCAN TYPE=ONLY'
05-13 14:10:42.687 D/wpa_supplicant( 1530): wlan0: Setting scan request: 0 sec 0 usec
05-13 14:10:42.687 D/wpa_supplicant( 1530): wlan0: Starting AP scan for wildcard SSID
05-13 14:10:42.687 D/wpa_supplicant( 1530): wlan0: nl80211: scan request
05-13 14:10:42.687 D/wpa_supplicant( 1530): nl80211: Scan SSID - hexdump(len=0): [NULL]
05-13 14:10:42.687 D/wpa_supplicant( 1530): Scan requested (ret=0) - scan timeout 30 seconds
05-13 14:10:42.687 D/wpa_supplicant( 1530): nl80211: Event message available
05-13 14:10:42.687 D/wpa_supplicant( 1530): nl80211: Drv Event 33 (NL80211_CMD_TRIGGER_SCAN) received for wlan0
05-13 14:10:42.687 D/wpa_supplicant( 1530): wlan0: nl80211: Scan trigger
05-13 14:10:42.687 D/wpa_supplicant( 1530): wlan0: Event SCAN_STARTED (57) received
05-13 14:10:42.687 D/wpa_supplicant( 1530): wlan0: Own scan request started a scan
05-13 14:10:42.687 I/wpa_supplicant( 1530): wlan0: CTRL-EVENT-SCAN-STARTED 
05-13 14:10:42.687 D/wpa_supplicant( 1530): CTRL_IFACE monitor send - hexdump(len=39): 2f 64 61 74 61 2f 6d 69 73 63 2f 77 69 66 69 2f 73 6f 63 6b 65 74 73 2f 77 70 61 5f 63 74 72 6c ...
05-13 14:10:42.687 V/WLAN_PSA(  244): NL MSG, len[914], NL type[0x11] WNI type[0x5050] len[894]
05-13 14:10:42.687 V/WLAN_PSA(  244): NL MSG, PID: 244
05-13 14:10:42.687 V/WLAN_PSA(  244): NL MSG, len[048], NL type[0x11] WNI type[0x5050] len[028]
05-13 14:10:42.687 V/WLAN_PSA(  244): NL MSG, PID: 244
05-13 14:10:42.697 V/WLAN_PSA(  244): NL MSG, len[4032], NL type[0x1C] WNI type[0x5900] len[43023]
05-13 14:10:42.697 V/WLAN_PSA(  244): NL MSG, PID: 244
05-13 14:10:42.757 V/WLAN_PSA(  244): NL MSG, len[4017], NL type[0x1C] WNI type[0x5900] len[39183]
05-13 14:10:42.757 V/WLAN_PSA(  244): NL MSG, PID: 244
05-13 14:10:42.827 D/PowerManagerService(  893): acquireWakeLockInternal: lock=1108845872, flags=0x1, tag="RILJ", ws=null, uid=1001, pid=1644
05-13 14:10:42.827 D/PowerManagerService(  893): updateWakeLockSummaryLocked: mWakefulness=Awake, mWakeLockSummary=0x1
05-13 14:10:42.827 D/PowerManagerService(  893): updateScreenStateLocked: mDisplayReady=true, newScreenState=2, mWakefulness=1, mWakeLockSummary=0x1, mUserActivitySummary=0x1, mBootCompleted=true
05-13 14:10:42.827 D/PowerManagerService(  893): Acquiring suspend blocker "PowerManagerService.WakeLocks".
05-13 14:10:42.827 D/PowerManagerService(  893): handleSandman: canDream=true, mWakefulness=Awake
05-13 14:10:42.827 D/PowerManagerService(  893): acquireWakeLockInternal: lock=1108845872, flags=0x1, tag="RILJ", ws=null, uid=1001, pid=1644
05-13 14:10:42.827 D/PowerManagerService(  893): updateWakeLockSummaryLocked: mWakefulness=Awake, mWakeLockSummary=0x1
05-13 14:10:42.827 D/PowerManagerService(  893): updateScreenStateLocked: mDisplayReady=true, newScreenState=2, mWakefulness=1, mWakeLockSummary=0x1, mUserActivitySummary=0x1, mBootCompleted=true
05-13 14:10:42.827 D/PowerManagerService(  893): handleSandman: canDream=true, mWakefulness=Awake
05-13 14:10:42.837 D/PowerManagerService(  893): acquireWakeLockInternal: lock=1108845872, flags=0x1, tag="RILJ", ws=null, uid=1001, pid=1644
05-13 14:10:42.837 D/PowerManagerService(  893): updateWakeLockSummaryLocked: mWakefulness=Awake, mWakeLockSummary=0x1
05-13 14:10:42.837 D/PowerManagerService(  893): updateScreenStateLocked: mDisplayReady=true, newScreenState=2, mWakefulness=1, mWakeLockSummary=0x1, mUserActivitySummary=0x1, mBootCompleted=true
05-13 14:10:42.837 D/PowerManagerService(  893): handleSandman: canDream=true, mWakefulness=Awake
05-13 14:10:42.837 D/PowerManagerService(  893): acquireWakeLockInternal: lock=1108845872, flags=0x1, tag="RILJ", ws=null, uid=1001, pid=1644
05-13 14:10:42.837 D/PowerManagerService(  893): updateWakeLockSummaryLocked: mWakefulness=Awake, mWakeLockSummary=0x1
05-13 14:10:42.837 D/PowerManagerService(  893): updateScreenStateLocked: mDisplayReady=true, newScreenState=2, mWakefulness=1, mWakeLockSummary=0x1, mUserActivitySummary=0x1, mBootCompleted=true
05-13 14:10:42.837 D/PowerManagerService(  893): handleSandman: canDream=true, mWakefulness=Awake
05-13 14:10:42.847 D/PowerManagerService(  893): acquireWakeLockInternal: lock=1108845872, flags=0x1, tag="RILJ", ws=null, uid=1001, pid=1644
05-13 14:10:42.847 D/PowerManagerService(  893): updateWakeLockSummaryLocked: mWakefulness=Awake, mWakeLockSummary=0x1
05-13 14:10:42.847 D/PowerManagerService(  893): updateScreenStateLocked: mDisplayReady=true, newScreenState=2, mWakefulness=1, mWakeLockSummary=0x1, mUserActivitySummary=0x1, mBootCompleted=true
05-13 14:10:42.847 D/PowerManagerService(  893): handleSandman: canDream=true, mWakefulness=Awake
05-13 14:10:42.847 D/PowerManagerService(  893): acquireWakeLockInternal: lock=1108845872, flags=0x1, tag="RILJ", ws=null, uid=1001, pid=1644
05-13 14:10:42.847 D/PowerManagerService(  893): updateWakeLockSummaryLocked: mWakefulness=Awake, mWakeLockSummary=0x1
05-13 14:10:42.847 D/PowerManagerService(  893): updateScreenStateLocked: mDisplayReady=true, newScreenState=2, mWakefulness=1, mWakeLockSummary=0x1, mUserActivitySummary=0x1, mBootCompleted=true
05-13 14:10:42.847 D/PowerManagerService(  893): handleSandman: canDream=true, mWakefulness=Awake
05-13 14:10:42.847 D/PowerManagerService(  893): acquireWakeLockInternal: lock=1108845872, flags=0x1, tag="RILJ", ws=null, uid=1001, pid=1644
05-13 14:10:42.847 D/PowerManagerService(  893): updateWakeLockSummaryLocked: mWakefulness=Awake, mWakeLockSummary=0x1
05-13 14:10:42.847 D/PowerManagerService(  893): updateScreenStateLocked: mDisplayReady=true, newScreenState=2, mWakefulness=1, mWakeLockSummary=0x1, mUserActivitySummary=0x1, mBootCompleted=true
05-13 14:10:42.847 D/PowerManagerService(  893): handleSandman: canDream=true, mWakefulness=Awake
05-13 14:10:42.857 D/PowerManagerService(  893): acquireWakeLockInternal: lock=1108845872, flags=0x1, tag="RILJ", ws=null, uid=1001, pid=1644
05-13 14:10:42.857 D/PowerManagerService(  893): updateWakeLockSummaryLocked: mWakefulness=Awake, mWakeLockSummary=0x1
05-13 14:10:42.857 D/PowerManagerService(  893): updateScreenStateLocked: mDisplayReady=true, newScreenState=2, mWakefulness=1, mWakeLockSummary=0x1, mUserActivitySummary=0x1, mBootCompleted=true
05-13 14:10:42.857 D/PowerManagerService(  893): handleSandman: canDream=true, mWakefulness=Awake
05-13 14:10:42.857 D/PowerManagerService(  893): releaseWakeLockInternal: lock=1108845872 [RILJ], flags=0x0
05-13 14:10:42.867 V/WLAN_PSA(  244): NL MSG, len[4002], NL type[0x1C] WNI type[0x5900] len[35343]
05-13 14:10:42.867 V/WLAN_PSA(  244): NL MSG, PID: 244
05-13 14:10:42.867 V/WLAN_PSA(  244): NL MSG, len[914], NL type[0x11] WNI type[0x5050] len[894]
05-13 14:10:42.867 V/WLAN_PSA(  244): NL MSG, PID: 244
05-13 14:10:42.867 D/PowerManagerService(  893): updateWakeLockSummaryLocked: mWakefulness=Awake, mWakeLockSummary=0x0
05-13 14:10:42.867 D/PowerManagerService(  893): updateScreenStateLocked: mDisplayReady=true, newScreenState=2, mWakefulness=1, mWakeLockSummary=0x0, mUserActivitySummary=0x1, mBootCompleted=true
05-13 14:10:42.867 D/PowerManagerService(  893): Releasing suspend blocker "PowerManagerService.WakeLocks".
05-13 14:10:42.867 D/PowerManagerService(  893): handleSandman: canDream=true, mWakefulness=Awake
05-13 14:10:42.967 V/WLAN_PSA(  244): NL MSG, len[914], NL type[0x11] WNI type[0x5050] len[894]
05-13 14:10:42.967 V/WLAN_PSA(  244): NL MSG, PID: 244
05-13 14:10:42.967 V/WLAN_PSA(  244): NL MSG, len[048], NL type[0x11] WNI type[0x5050] len[028]
05-13 14:10:42.967 V/WLAN_PSA(  244): NL MSG, PID: 244
05-13 14:10:42.967 V/WLAN_PSA(  244): NL MSG, len[4091], NL type[0x1C] WNI type[0x5900] len[58127]
05-13 14:10:42.967 V/WLAN_PSA(  244): NL MSG, PID: 244
05-13 14:10:43.037 V/WLAN_PSA(  244): NL MSG, len[4052], NL type[0x1C] WNI type[0x5900] len[48143]
05-13 14:10:43.037 V/WLAN_PSA(  244): NL MSG, PID: 244
05-13 14:10:43.097 V/WLAN_PSA(  244): NL MSG, len[914], NL type[0x11] WNI type[0x5050] len[894]
05-13 14:10:43.097 V/WLAN_PSA(  244): NL MSG, PID: 244
05-13 14:10:43.097 V/WLAN_PSA(  244): NL MSG, len[4062], NL type[0x1C] WNI type[0x5900] len[50703]
05-13 14:10:43.097 V/WLAN_PSA(  244): NL MSG, PID: 244
05-13 14:10:43.197 V/WLAN_PSA(  244): NL MSG, len[914], NL type[0x11] WNI type[0x5050] len[894]
05-13 14:10:43.197 V/WLAN_PSA(  244): NL MSG, PID: 244
05-13 14:10:43.197 V/WLAN_PSA(  244): NL MSG, len[048], NL type[0x11] WNI type[0x5050] len[028]
05-13 14:10:43.197 V/WLAN_PSA(  244): NL MSG, PID: 244
05-13 14:10:43.237 V/WLAN_PSA(  244): NL MSG, len[4019], NL type[0x1C] WNI type[0x5900] len[39695]
05-13 14:10:43.237 V/WLAN_PSA(  244): NL MSG, PID: 244
05-13 14:10:43.307 V/WLAN_PSA(  244): NL MSG, len[914], NL type[0x11] WNI type[0x5050] len[894]
05-13 14:10:43.307 V/WLAN_PSA(  244): NL MSG, PID: 244
05-13 14:10:43.307 V/WLAN_PSA(  244): NL MSG, len[4064], NL type[0x1C] WNI type[0x5900] len[51215]
05-13 14:10:43.307 V/WLAN_PSA(  244): NL MSG, PID: 244
05-13 14:10:43.387 D/StatusBar.MSimNetworkController( 1416): onSignalStrengthsChanged received on subscription :0signalStrength=SignalStrength: 29 0 2147483647 2147483647 gsm|lte level=4
05-13 14:10:43.387 D/StatusBar.MSimNetworkController( 1416): updateTelephonySignalStrength: subscription =0
05-13 14:10:43.397 D/StatusBar.MSimNetworkController( 1416): updateTelephonySignalStrength iconList = [I@420d31a0iconLevel = 5 mInetCondition = 0
05-13 14:10:43.397 D/StatusBar.MSimNetworkController( 1416): refreshViews subscription =0mMSimDataConnected =false mHasMobileDataFeature:true
05-13 14:10:43.397 D/StatusBar.MSimNetworkController( 1416): refreshViews: Data not connected!! Set no data type icon / Roaming for subscription: 0
05-13 14:10:43.397 D/StatusBar.MSimNetworkController( 1416): refreshViews connected={ wifi } level=4 mMSimcombinedSignalIconId=0x7f02019f/com.smartisanos.systemui:drawable/stat_sys_wifi_signal_3 mMSimcombinedActivityIconId=0x0 mAirplaneMode=false mMSimDataActivity=0 mMSimPhoneSignalIconId=0x7f020185 mMSimDataDirectionIconId=0x0 mMSimDataSignalIconId=0x7f020185 mMSimDataTypeIconId=0x0 mWifiIconId=0x7f02019f mBluetoothTetherIconId=0x10807e7
05-13 14:10:43.407 V/WLAN_PSA(  244): NL MSG, len[914], NL type[0x11] WNI type[0x5050] len[894]
05-13 14:10:43.407 V/WLAN_PSA(  244): NL MSG, PID: 244
05-13 14:10:43.407 V/WLAN_PSA(  244): NL MSG, len[048], NL type[0x11] WNI type[0x5050] len[028]
05-13 14:10:43.407 V/WLAN_PSA(  244): NL MSG, PID: 244
05-13 14:10:43.407 V/WLAN_PSA(  244): NL MSG, len[4049], NL type[0x1C] WNI type[0x5900] len[47375]
05-13 14:10:43.407 V/WLAN_PSA(  244): NL MSG, PID: 244
05-13 14:10:43.477 V/kernel  (  390): <3>[ 1461.449123] wlan: [1408:E :HDP] hdd_tx_rx_pkt_cnt_stat_timer_handler: Disable split scan
05-13 14:10:43.507 V/WLAN_PSA(  244): NL MSG, len[4018], NL type[0x1C] WNI type[0x5900] len[39439]
05-13 14:10:43.507 V/WLAN_PSA(  244): NL MSG, PID: 244
05-13 14:10:43.537 V/WLAN_PSA(  244): NL MSG, len[914], NL type[0x11] WNI type[0x5050] len[894]
05-13 14:10:43.537 V/WLAN_PSA(  244): NL MSG, PID: 244
05-13 14:10:43.537 V/WLAN_PSA(  244): NL MSG, len[4026], NL type[0x1C] WNI type[0x5900] len[41487]
05-13 14:10:43.537 V/WLAN_PSA(  244): NL MSG, PID: 244
05-13 14:10:43.637 V/WLAN_PSA(  244): NL MSG, len[914], NL type[0x11] WNI type[0x5050] len[894]
05-13 14:10:43.637 V/WLAN_PSA(  244): NL MSG, PID: 244
05-13 14:10:43.637 V/WLAN_PSA(  244): NL MSG, len[048], NL type[0x11] WNI type[0x5050] len[028]
05-13 14:10:43.637 V/WLAN_PSA(  244): NL MSG, PID: 244
05-13 14:10:43.677 V/WLAN_PSA(  244): NL MSG, len[4014], NL type[0x1C] WNI type[0x5900] len[38415]
05-13 14:10:43.677 V/WLAN_PSA(  244): NL MSG, PID: 244
05-13 14:10:43.687 V/WLAN_PSA(  244): NL MSG, len[048], NL type[0x11] WNI type[0x5050] len[028]
05-13 14:10:43.687 V/WLAN_PSA(  244): NL MSG, PID: 244
05-13 14:10:43.687 V/WLAN_PSA(  244): NL MSG, len[914], NL type[0x11] WNI type[0x5050] len[894]
05-13 14:10:43.687 V/WLAN_PSA(  244): NL MSG, PID: 244
05-13 14:10:43.687 V/WLAN_PSA(  244): NL MSG, len[4002], NL type[0x1C] WNI type[0x5900] len[35343]
05-13 14:10:43.687 V/WLAN_PSA(  244): NL MSG, PID: 244
05-13 14:10:43.687 V/WLAN_PSA(  244): NL MSG, len[3995], NL type[0x1C] WNI type[0x5900] len[33551]
05-13 14:10:43.687 V/WLAN_PSA(  244): NL MSG, PID: 244
05-13 14:10:43.697 D/wpa_supplicant( 1530): nl80211: Event message available
05-13 14:10:43.697 D/wpa_supplicant( 1530): nl80211: Drv Event 34 (NL80211_CMD_NEW_SCAN_RESULTS) received for wlan0
05-13 14:10:43.697 D/wpa_supplicant( 1530): wlan0: nl80211: New scan results available
05-13 14:10:43.697 D/wpa_supplicant( 1530): wlan0: Event SCAN_RESULTS (3) received
05-13 14:10:43.697 D/wpa_supplicant( 1530): nl80211: Associated on 2462 MHz
05-13 14:10:43.697 D/wpa_supplicant( 1530): nl80211: Associated with c0:7b:bc:6b:81:41
05-13 14:10:43.697 D/wpa_supplicant( 1530): nl80211: Received scan results (26 BSSes)
05-13 14:10:43.697 D/wpa_supplicant( 1530): nl80211: Survey data missing
05-13 14:10:43.697 D/wpa_supplicant( 1530): nl80211: Scan results indicate BSS status with c0:7b:bc:6b:81:41 as associated
05-13 14:10:43.697 D/wpa_supplicant( 1530): wlan0: BSS: Start scan result update 75
05-13 14:10:43.697 D/wpa_supplicant( 1530): wlan0: BSS: Add new id 259 BSSID c0:7b:bc:f0:22:62 SSID 'SmartisanHW'
05-13 14:10:43.697 D/wpa_supplicant( 1530): CTRL_IFACE monitor send - hexdump(len=39): 2f 64 61 74 61 2f 6d 69 73 63 2f 77 69 66 69 2f 73 6f 63 6b 65 74 73 2f 77 70 61 5f 63 74 72 6c ...
05-13 14:10:43.697 D/wpa_supplicant( 1530): wlan0: BSS: Add new id 260 BSSID c0:7b:bc:f0:22:60 SSID 'Smartisan'
05-13 14:10:43.697 D/wpa_supplicant( 1530): CTRL_IFACE monitor send - hexdump(len=39): 2f 64 61 74 61 2f 6d 69 73 63 2f 77 69 66 69 2f 73 6f 63 6b 65 74 73 2f 77 70 61 5f 63 74 72 6c ...
05-13 14:10:43.697 D/wpa_supplicant( 1530): wlan0: BSS: Add new id 261 BSSID c0:7b:bc:6b:86:44 SSID 'Smota'
05-13 14:10:43.697 D/wpa_supplicant( 1530): CTRL_IFACE monitor send - hexdump(len=39): 2f 64 61 74 61 2f 6d 69 73 63 2f 77 69 66 69 2f 73 6f 63 6b 65 74 73 2f 77 70 61 5f 63 74 72 6c ...
05-13 14:10:43.697 D/wpa_supplicant( 1530): wlan0: BSS: Remove id 243 BSSID c0:7b:bc:6b:81:47 SSID 'smcc' due to no match in scan
05-13 14:10:43.697 D/wpa_supplicant( 1530): CTRL_IFACE monitor send - hexdump(len=39): 2f 64 61 74 61 2f 6d 69 73 63 2f 77 69 66 69 2f 73 6f 63 6b 65 74 73 2f 77 70 61 5f 63 74 72 6c ...
05-13 14:10:43.697 D/wpa_supplicant( 1530): wlan0: BSS: Remove id 230 BSSID c0:7b:bc:6b:81:42 SSID 'SmartisanHW' due to no match in scan
05-13 14:10:43.697 D/wpa_supplicant( 1530): CTRL_IFACE monitor send - hexdump(len=39): 2f 64 61 74 61 2f 6d 69 73 63 2f 77 69 66 69 2f 73 6f 63 6b 65 74 73 2f 77 70 61 5f 63 74 72 6c ...
05-13 14:10:43.697 D/wpa_supplicant( 1530): wlan0: BSS: Remove id 239 BSSID c0:7b:bc:f0:22:67 SSID 'smcc' due to no match in scan
05-13 14:10:43.697 D/wpa_supplicant( 1530): CTRL_IFACE monitor send - hexdump(len=39): 2f 64 61 74 61 2f 6d 69 73 63 2f 77 69 66 69 2f 73 6f 63 6b 65 74 73 2f 77 70 61 5f 63 74 72 6c ...
05-13 14:10:43.697 D/wpa_supplicant( 1530): wlan0: BSS: Remove id 253 BSSID 58:66:ba:a0:6e:41 SSID 'CTTIC-Company' due to no match in scan
05-13 14:10:43.697 D/wpa_supplicant( 1530): CTRL_IFACE monitor send - hexdump(len=39): 2f 64 61 74 61 2f 6d 69 73 63 2f 77 69 66 69 2f 73 6f 63 6b 65 74 73 2f 77 70 61 5f 63 74 72 6c ...
05-13 14:10:43.697 D/wpa_supplicant( 1530): wlan0: BSS: Remove id 254 BSSID 58:66:ba:a0:6e:42 SSID 'CTTIC-Guest' due to no match in scan
05-13 14:10:43.697 D/wpa_supplicant( 1530): CTRL_IFACE monitor send - hexdump(len=39): 2f 64 61 74 61 2f 6d 69 73 63 2f 77 69 66 69 2f 73 6f 63 6b 65 74 73 2f 77 70 61 5f 63 74 72 6c ...
05-13 14:10:43.697 D/wpa_supplicant( 1530): wlan0: BSS: Remove id 248 BSSID 00:26:7a:23:ae:1a SSID 'and-Business' due to no match in scan
05-13 14:10:43.697 D/wpa_supplicant( 1530): CTRL_IFACE monitor send - hexdump(len=39): 2f 64 61 74 61 2f 6d 69 73 63 2f 77 69 66 69 2f 73 6f 63 6b 65 74 73 2f 77 70 61 5f 63 74 72 6c ...
05-13 14:10:43.697 D/wpa_supplicant( 1530): wlan0: BSS: Remove id 231 BSSID 00:26:7a:21:ae:1a SSID 'CMCC-WEB' due to no match in scan
05-13 14:10:43.697 D/wpa_supplicant( 1530): CTRL_IFACE monitor send - hexdump(len=39): 2f 64 61 74 61 2f 6d 69 73 63 2f 77 69 66 69 2f 73 6f 63 6b 65 74 73 2f 77 70 61 5f 63 74 72 6c ...
05-13 14:10:43.697 D/wpa_supplicant( 1530): BSS: last_scan_res_used=26/64 last_scan_full=0
05-13 14:10:43.697 D/wpa_supplicant( 1530): wlan0: Scan-only results received
05-13 14:10:43.697 D/wpa_supplicant( 1530): CTRL_IFACE monitor send - hexdump(len=39): 2f 64 61 74 61 2f 6d 69 73 63 2f 77 69 66 69 2f 73 6f 63 6b 65 74 73 2f 77 70 61 5f 63 74 72 6c ...
05-13 14:10:43.697 D/wpa_supplicant( 1530): wlan0: P2P: Station mode scan operation not pending anymore (sta_scan_pending=0 p2p_cb_on_scan_complete=0)
05-13 14:10:43.707 D/wpa_supplicant( 1530): RX ctrl_iface - hexdump(len=25): 42 53 53 20 52 41 4e 47 45 3d 30 2d 20 4d 41 53 4b 3d 30 78 32 31 39 38 37
05-13 14:10:43.707 D/wpa_supplicant( 1530): wlan0: Control interface command 'BSS RANGE=0- MASK=0x21987'
05-13 14:10:44.987 D/StatusBar.MSimNetworkController( 1416): refreshViews subscription =0mMSimDataConnected =false mHasMobileDataFeature:true
05-13 14:10:44.987 D/StatusBar.MSimNetworkController( 1416): refreshViews: Data not connected!! Set no data type icon / Roaming for subscription: 0
05-13 14:10:44.997 D/StatusBar.MSimNetworkController( 1416): refreshViews connected={ wifi } level=4 mMSimcombinedSignalIconId=0x7f02019f/com.smartisanos.systemui:drawable/stat_sys_wifi_signal_3 mMSimcombinedActivityIconId=0x0 mAirplaneMode=false mMSimDataActivity=0 mMSimPhoneSignalIconId=0x7f020185 mMSimDataDirectionIconId=0x0 mMSimDataSignalIconId=0x7f020185 mMSimDataTypeIconId=0x0 mWifiIconId=0x7f02019f mBluetoothTetherIconId=0x10807e7
05-13 14:10:45.397 D/wpa_supplicant( 1530): RX ctrl_iface - hexdump(len=11): 53 49 47 4e 41 4c 5f 50 4f 4c 4c
05-13 14:10:45.397 D/wpa_supplicant( 1530): wlan0: Control interface command 'SIGNAL_POLL'
05-13 14:10:45.417 D/wpa_supplicant( 1530): nl80211: survey data missing!
05-13 14:10:46.007 D/StatusBar.MSimNetworkController( 1416): refreshViews subscription =0mMSimDataConnected =false mHasMobileDataFeature:true
05-13 14:10:46.007 D/StatusBar.MSimNetworkController( 1416): refreshViews: Data not connected!! Set no data type icon / Roaming for subscription: 0
05-13 14:10:46.017 D/StatusBar.MSimNetworkController( 1416): refreshViews connected={ wifi } level=4 mMSimcombinedSignalIconId=0x7f02019f/com.smartisanos.systemui:drawable/stat_sys_wifi_signal_3 mMSimcombinedActivityIconId=0x0 mAirplaneMode=false mMSimDataActivity=0 mMSimPhoneSignalIconId=0x7f020185 mMSimDataDirectionIconId=0x0 mMSimDataSignalIconId=0x7f020185 mMSimDataTypeIconId=0x0 mWifiIconId=0x7f02019f mBluetoothTetherIconId=0x10807e7
05-13 14:10:46.217 D/StatusBar.MSimNetworkController( 1416): onSignalStrengthsChanged received on subscription :1signalStrength=SignalStrength: 10 0 2147483647 2147483647 gsm|lte level=3
05-13 14:10:46.217 D/StatusBar.MSimNetworkController( 1416): updateTelephonySignalStrength: subscription =1
05-13 14:10:46.217 D/StatusBar.MSimNetworkController( 1416): updateTelephonySignalStrength iconList = [I@420d32a0iconLevel = 4 mInetCondition = 0
05-13 14:10:46.217 D/StatusBar.MSimNetworkController( 1416): refreshViews subscription =1mMSimDataConnected =false mHasMobileDataFeature:true
05-13 14:10:46.217 D/StatusBar.MSimNetworkController( 1416): refreshViews: Data not connected!! Set no data type icon / Roaming for subscription: 1
05-13 14:10:46.217 D/StatusBar.MSimNetworkController( 1416): refreshViews connected={ wifi } level=3 mMSimcombinedSignalIconId=0x7f02019f/com.smartisanos.systemui:drawable/stat_sys_wifi_signal_3 mMSimcombinedActivityIconId=0x0 mAirplaneMode=false mMSimDataActivity=0 mMSimPhoneSignalIconId=0x7f02018f mMSimDataDirectionIconId=0x0 mMSimDataSignalIconId=0x7f02018f mMSimDataTypeIconId=0x0 mWifiIconId=0x7f02019f mBluetoothTetherIconId=0x10807e7
05-13 14:10:46.227 E/QCALOG  (  368): [MessageQ] ProcessNewMessage: [XT-CS] unknown deliver target [OS-Agent]
05-13 14:10:46.257 E/QCALOG  (  368): [MessageQ] ProcessNewMessage: [XTWWAN-PE] unknown deliver target [OS-Agent]
05-13 14:10:46.257 E/QCALOG  (  368): [MessageQ] ProcessNewMessage: [XTWiFi-PE] unknown deliver target [OS-Agent]
05-13 14:10:47.547 V/WLAN_PSA(  244): NL MSG, len[048], NL type[0x11] WNI type[0x5050] len[028]
05-13 14:10:47.547 V/WLAN_PSA(  244): NL MSG, PID: 244
05-13 14:10:47.907 V/WLAN_PSA(  244): NL MSG, len[4043], NL type[0x1C] WNI type[0x5900] len[45839]
05-13 14:10:47.907 V/WLAN_PSA(  244): NL MSG, PID: 244
05-13 14:10:48.417 D/wpa_supplicant( 1530): RX ctrl_iface - hexdump(len=11): 53 49 47 4e 41 4c 5f 50 4f 4c 4c
05-13 14:10:48.417 D/wpa_supplicant( 1530): wlan0: Control interface command 'SIGNAL_POLL'
05-13 14:10:48.427 D/wpa_supplicant( 1530): nl80211: survey data missing!
05-13 14:10:49.717 W/JsonRpcServer( 9970): Error in JSON-RPC Service
05-13 14:10:49.717 W/JsonRpcServer( 9970): java.lang.reflect.InvocationTargetException
05-13 14:10:49.717 W/JsonRpcServer( 9970): 	at java.lang.reflect.Method.invokeNative(Native Method)
05-13 14:10:49.717 W/JsonRpcServer( 9970): 	at java.lang.reflect.Method.invoke(Method.java:515)
05-13 14:10:49.717 W/JsonRpcServer( 9970): 	at com.googlecode.jsonrpc4j.JsonRpcServer.invoke(JsonRpcServer.java:513)
05-13 14:10:49.717 W/JsonRpcServer( 9970): 	at com.googlecode.jsonrpc4j.JsonRpcServer.handleObject(JsonRpcServer.java:384)
05-13 14:10:49.717 W/JsonRpcServer( 9970): 	at com.googlecode.jsonrpc4j.JsonRpcServer.handleNode(JsonRpcServer.java:293)
05-13 14:10:49.717 W/JsonRpcServer( 9970): 	at com.googlecode.jsonrpc4j.JsonRpcServer.handle(JsonRpcServer.java:230)
05-13 14:10:49.717 W/JsonRpcServer( 9970): 	at com.github.uiautomatorstub.AutomatorHttpServer.serve(AutomatorHttpServer.java:70)
05-13 14:10:49.717 W/JsonRpcServer( 9970): 	at fi.iki.elonen.NanoHTTPD.serve(NanoHTTPD.java:298)
05-13 14:10:49.717 W/JsonRpcServer( 9970): 	at fi.iki.elonen.NanoHTTPD$HTTPSession.execute(NanoHTTPD.java:922)
05-13 14:10:49.717 W/JsonRpcServer( 9970): 	at fi.iki.elonen.NanoHTTPD$1$1.run(NanoHTTPD.java:175)
05-13 14:10:49.717 W/JsonRpcServer( 9970): 	at java.lang.Thread.run(Thread.java:841)
05-13 14:10:49.717 W/JsonRpcServer( 9970): Caused by: com.android.uiautomator.core.UiObjectNotFoundException: UiSelector[RESOURCE_ID=com.android.browser:id/newtab_btn]
05-13 14:10:49.717 W/JsonRpcServer( 9970): 	at com.android.uiautomator.core.UiObject.clickAndWaitForNewWindow(UiObject.java:432)
05-13 14:10:49.717 W/JsonRpcServer( 9970): 	at com.github.uiautomatorstub.AutomatorServiceImpl.clickAndWaitForNewWindow(AutomatorServiceImpl.java:618)
05-13 14:10:49.717 W/JsonRpcServer( 9970): 	... 11 more
05-13 14:10:49.807 D/UIAutomatorStub( 9970): URI: /jsonrpc/0, Method: POST, Header: {content-type=application/json, connection=close, remote-addr=127.0.0.1, host=localhost:9009, content-length=238, http-client-ip=127.0.0.1, user-agent=Python-urllib/2.7, accept-encoding=identity}, params, {NanoHttpd.QUERY_STRING=null}, files: {postData={"params": [{"childOrSiblingSelector": [], "resourceId": "com.android.browser:id/newtab_btn", "mask": 2097152, "childOrSibling": []}, 3000], "jsonrpc": "2.0", "method": "clickAndWaitForNewWindow", "id": "72e3fd1ba85c3423e8b4580c033c354e"}}
05-13 14:10:50.437 D/StatusBar.MSimNetworkController( 1416): onSignalStrengthsChanged received on subscription :0signalStrength=SignalStrength: 30 0 2147483647 2147483647 gsm|lte level=4
05-13 14:10:50.437 D/StatusBar.MSimNetworkController( 1416): updateTelephonySignalStrength: subscription =0
05-13 14:10:50.437 D/StatusBar.MSimNetworkController( 1416): updateTelephonySignalStrength iconList = [I@420d31a0iconLevel = 5 mInetCondition = 0
05-13 14:10:50.437 D/StatusBar.MSimNetworkController( 1416): refreshViews subscription =0mMSimDataConnected =false mHasMobileDataFeature:true
05-13 14:10:50.437 D/StatusBar.MSimNetworkController( 1416): refreshViews: Data not connected!! Set no data type icon / Roaming for subscription: 0
05-13 14:10:50.437 D/StatusBar.MSimNetworkController( 1416): refreshViews connected={ wifi } level=4 mMSimcombinedSignalIconId=0x7f02019f/com.smartisanos.systemui:drawable/stat_sys_wifi_signal_3 mMSimcombinedActivityIconId=0x0 mAirplaneMode=false mMSimDataActivity=0 mMSimPhoneSignalIconId=0x7f020185 mMSimDataDirectionIconId=0x0 mMSimDataSignalIconId=0x7f020185 mMSimDataTypeIconId=0x0 mWifiIconId=0x7f02019f mBluetoothTetherIconId=0x10807e7
