05-13 14:10:50.847 E/QCALOG  (  368): [MessageQ] ProcessNewMessage: [LOWI-SERVER] unknown deliver target [OS-Agent]
05-13 14:10:51.227 E/QCALOG  (  368): [MessageQ] ProcessNewMessage: [XT-CS] unknown deliver target [OS-Agent]
05-13 14:10:51.257 E/QCALOG  (  368): [MessageQ] ProcessNewMessage: [XTWWAN-PE] unknown deliver target [OS-Agent]
05-13 14:10:51.257 E/QCALOG  (  368): [MessageQ] ProcessNewMessage: [XTWiFi-PE] unknown deliver target [OS-Agent]
05-13 14:10:51.427 D/wpa_supplicant( 1530): RX ctrl_iface - hexdump(len=11): 53 49 47 4e 41 4c 5f 50 4f 4c 4c
05-13 14:10:51.427 D/wpa_supplicant( 1530): wlan0: Control interface command 'SIGNAL_POLL'
05-13 14:10:51.437 D/wpa_supplicant( 1530): nl80211: survey data missing!
05-13 14:10:52.557 V/WLAN_PSA(  244): NL MSG, len[048], NL type[0x11] WNI type[0x5050] len[028]
05-13 14:10:52.557 V/WLAN_PSA(  244): NL MSG, PID: 244
05-13 14:10:52.887 D/PowerManagerService(  893): acquireWakeLockInternal: lock=1108845872, flags=0x1, tag="RILJ", ws=null, uid=1001, pid=1644
05-13 14:10:52.887 D/PowerManagerService(  893): updateWakeLockSummaryLocked: mWakefulness=Awake, mWakeLockSummary=0x1
05-13 14:10:52.887 D/PowerManagerService(  893): updateScreenStateLocked: mDisplayReady=true, newScreenState=2, mWakefulness=1, mWakeLockSummary=0x1, mUserActivitySummary=0x1, mBootCompleted=true
05-13 14:10:52.887 D/PowerManagerService(  893): Acquiring suspend blocker "PowerManagerService.WakeLocks".
05-13 14:10:52.887 D/PowerManagerService(  893): handleSandman: canDream=true, mWakefulness=Awake
05-13 14:10:52.887 D/PowerManagerService(  893): acquireWakeLockInternal: lock=1108845872, flags=0x1, tag="RILJ", ws=null, uid=1001, pid=1644
05-13 14:10:52.887 D/PowerManagerService(  893): updateWakeLockSummaryLocked: mWakefulness=Awake, mWakeLockSummary=0x1
05-13 14:10:52.897 D/PowerManagerService(  893): updateScreenStateLocked: mDisplayReady=true, newScreenState=2, mWakefulness=1, mWakeLockSummary=0x1, mUserActivitySummary=0x1, mBootCompleted=true
05-13 14:10:52.897 D/PowerManagerService(  893): handleSandman: canDream=true, mWakefulness=Awake
05-13 14:10:52.897 D/PowerManagerService(  893): acquireWakeLockInternal: lock=1108845872, flags=0x1, tag="RILJ", ws=null, uid=1001, pid=1644
05-13 14:10:52.897 D/PowerManagerService(  893): updateWakeLockSummaryLocked: mWakefulness=Awake, mWakeLockSummary=0x1
05-13 14:10:52.897 D/PowerManagerService(  893): updateScreenStateLocked: mDisplayReady=true, newScreenState=2, mWakefulness=1, mWakeLockSummary=0x1, mUserActivitySummary=0x1, mBootCompleted=true
05-13 14:10:52.897 D/PowerManagerService(  893): handleSandman: canDream=true, mWakefulness=Awake
05-13 14:10:52.897 D/PowerManagerService(  893): acquireWakeLockInternal: lock=1108845872, flags=0x1, tag="RILJ", ws=null, uid=1001, pid=1644
05-13 14:10:52.897 D/PowerManagerService(  893): updateWakeLockSummaryLocked: mWakefulness=Awake, mWakeLockSummary=0x1
05-13 14:10:52.907 D/PowerManagerService(  893): updateScreenStateLocked: mDisplayReady=true, newScreenState=2, mWakefulness=1, mWakeLockSummary=0x1, mUserActivitySummary=0x1, mBootCompleted=true
05-13 14:10:52.907 D/PowerManagerService(  893): handleSandman: canDream=true, mWakefulness=Awake
05-13 14:10:52.907 D/PowerManagerService(  893): releaseWakeLockInternal: lock=1108845872 [RILJ], flags=0x0
05-13 14:10:52.907 D/PowerManagerService(  893): updateWakeLockSummaryLocked: mWakefulness=Awake, mWakeLockSummary=0x0
05-13 14:10:52.907 D/PowerManagerService(  893): updateScreenStateLocked: mDisplayReady=true, newScreenState=2, mWakefulness=1, mWakeLockSummary=0x0, mUserActivitySummary=0x1, mBootCompleted=true
05-13 14:10:52.907 D/PowerManagerService(  893): Releasing suspend blocker "PowerManagerService.WakeLocks".
05-13 14:10:52.907 D/PowerManagerService(  893): handleSandman: canDream=true, mWakefulness=Awake
05-13 14:10:54.437 D/wpa_supplicant( 1530): RX ctrl_iface - hexdump(len=11): 53 49 47 4e 41 4c 5f 50 4f 4c 4c
05-13 14:10:54.437 D/wpa_supplicant( 1530): wlan0: Control interface command 'SIGNAL_POLL'
05-13 14:10:54.437 V/WLAN_PSA(  244): NL MSG, len[4046], NL type[0x1C] WNI type[0x5900] len[46607]
05-13 14:10:54.437 V/WLAN_PSA(  244): NL MSG, PID: 244
05-13 14:10:54.457 D/wpa_supplicant( 1530): nl80211: survey data missing!
05-13 14:10:55.017 D/PowerManagerService(  893): acquireWakeLockInternal: lock=1108845872, flags=0x1, tag="RILJ", ws=null, uid=1001, pid=1644
05-13 14:10:55.017 D/PowerManagerService(  893): updateWakeLockSummaryLocked: mWakefulness=Awake, mWakeLockSummary=0x1
05-13 14:10:55.017 D/PowerManagerService(  893): updateScreenStateLocked: mDisplayReady=true, newScreenState=2, mWakefulness=1, mWakeLockSummary=0x1, mUserActivitySummary=0x1, mBootCompleted=true
05-13 14:10:55.017 D/PowerManagerService(  893): Acquiring suspend blocker "PowerManagerService.WakeLocks".
05-13 14:10:55.017 D/PowerManagerService(  893): handleSandman: canDream=true, mWakefulness=Awake
05-13 14:10:55.017 D/PowerManagerService(  893): acquireWakeLockInternal: lock=1108845872, flags=0x1, tag="RILJ", ws=null, uid=1001, pid=1644
05-13 14:10:55.017 D/PowerManagerService(  893): updateWakeLockSummaryLocked: mWakefulness=Awake, mWakeLockSummary=0x1
05-13 14:10:55.027 D/PowerManagerService(  893): updateScreenStateLocked: mDisplayReady=true, newScreenState=2, mWakefulness=1, mWakeLockSummary=0x1, mUserActivitySummary=0x1, mBootCompleted=true
05-13 14:10:55.027 D/PowerManagerService(  893): handleSandman: canDream=true, mWakefulness=Awake
05-13 14:10:55.027 D/PowerManagerService(  893): acquireWakeLockInternal: lock=1108845872, flags=0x1, tag="RILJ", ws=null, uid=1001, pid=1644
05-13 14:10:55.027 D/PowerManagerService(  893): updateWakeLockSummaryLocked: mWakefulness=Awake, mWakeLockSummary=0x1
05-13 14:10:55.027 D/PowerManagerService(  893): updateScreenStateLocked: mDisplayReady=true, newScreenState=2, mWakefulness=1, mWakeLockSummary=0x1, mUserActivitySummary=0x1, mBootCompleted=true
05-13 14:10:55.027 D/PowerManagerService(  893): handleSandman: canDream=true, mWakefulness=Awake
05-13 14:10:55.037 D/PowerManagerService(  893): acquireWakeLockInternal: lock=1108845872, flags=0x1, tag="RILJ", ws=null, uid=1001, pid=1644
05-13 14:10:55.037 D/PowerManagerService(  893): updateWakeLockSummaryLocked: mWakefulness=Awake, mWakeLockSummary=0x1
05-13 14:10:55.037 D/PowerManagerService(  893): updateScreenStateLocked: mDisplayReady=true, newScreenState=2, mWakefulness=1, mWakeLockSummary=0x1, mUserActivitySummary=0x1, mBootCompleted=true
05-13 14:10:55.037 D/PowerManagerService(  893): handleSandman: canDream=true, mWakefulness=Awake
05-13 14:10:55.037 D/PowerManagerService(  893): acquireWakeLockInternal: lock=1108845872, flags=0x1, tag="RILJ", ws=null, uid=1001, pid=1644
05-13 14:10:55.037 D/PowerManagerService(  893): updateWakeLockSummaryLocked: mWakefulness=Awake, mWakeLockSummary=0x1
05-13 14:10:55.037 D/PowerManagerService(  893): updateScreenStateLocked: mDisplayReady=true, newScreenState=2, mWakefulness=1, mWakeLockSummary=0x1, mUserActivitySummary=0x1, mBootCompleted=true
05-13 14:10:55.037 D/PowerManagerService(  893): handleSandman: canDream=true, mWakefulness=Awake
05-13 14:10:55.047 D/PowerManagerService(  893): acquireWakeLockInternal: lock=1108845872, flags=0x1, tag="RILJ", ws=null, uid=1001, pid=1644
05-13 14:10:55.047 D/PowerManagerService(  893): updateWakeLockSummaryLocked: mWakefulness=Awake, mWakeLockSummary=0x1
05-13 14:10:55.047 D/PowerManagerService(  893): updateScreenStateLocked: mDisplayReady=true, newScreenState=2, mWakefulness=1, mWakeLockSummary=0x1, mUserActivitySummary=0x1, mBootCompleted=true
05-13 14:10:55.047 D/PowerManagerService(  893): handleSandman: canDream=true, mWakefulness=Awake
05-13 14:10:55.047 D/PowerManagerService(  893): acquireWakeLockInternal: lock=1108845872, flags=0x1, tag="RILJ", ws=null, uid=1001, pid=1644
05-13 14:10:55.047 D/PowerManagerService(  893): updateWakeLockSummaryLocked: mWakefulness=Awake, mWakeLockSummary=0x1
05-13 14:10:55.047 D/PowerManagerService(  893): updateScreenStateLocked: mDisplayReady=true, newScreenState=2, mWakefulness=1, mWakeLockSummary=0x1, mUserActivitySummary=0x1, mBootCompleted=true
05-13 14:10:55.047 D/PowerManagerService(  893): handleSandman: canDream=true, mWakefulness=Awake
05-13 14:10:55.057 D/PowerManagerService(  893): acquireWakeLockInternal: lock=1108845872, flags=0x1, tag="RILJ", ws=null, uid=1001, pid=1644
05-13 14:10:55.057 D/PowerManagerService(  893): updateWakeLockSummaryLocked: mWakefulness=Awake, mWakeLockSummary=0x1
05-13 14:10:55.057 D/PowerManagerService(  893): updateScreenStateLocked: mDisplayReady=true, newScreenState=2, mWakefulness=1, mWakeLockSummary=0x1, mUserActivitySummary=0x1, mBootCompleted=true
05-13 14:10:55.057 D/PowerManagerService(  893): handleSandman: canDream=true, mWakefulness=Awake
05-13 14:10:55.057 D/PowerManagerService(  893): releaseWakeLockInternal: lock=1108845872 [RILJ], flags=0x0
05-13 14:10:55.057 D/PowerManagerService(  893): updateWakeLockSummaryLocked: mWakefulness=Awake, mWakeLockSummary=0x0
05-13 14:10:55.067 D/PowerManagerService(  893): updateScreenStateLocked: mDisplayReady=true, newScreenState=2, mWakefulness=1, mWakeLockSummary=0x0, mUserActivitySummary=0x1, mBootCompleted=true
05-13 14:10:55.067 D/PowerManagerService(  893): Releasing suspend blocker "PowerManagerService.WakeLocks".
05-13 14:10:55.067 D/PowerManagerService(  893): handleSandman: canDream=true, mWakefulness=Awake
05-13 14:10:55.957 D/PowerManagerService(  893): handleUserActivityTimeout
05-13 14:10:55.967 D/PowerManagerService(  893): updateUserActivitySummaryLocked: mWakefulness=Awake, mUserActivitySummary=0x2, nextTimeout=1479868 (in 5997 ms)
05-13 14:10:55.967 D/PowerManagerService(  893): updateScreenStateLocked: mDisplayReady=false, newScreenState=1, mWakefulness=1, mWakeLockSummary=0x0, mUserActivitySummary=0x2, mBootCompleted=true
05-13 14:10:55.967 D/PowerManagerService(  893): handleSandman: canDream=true, mWakefulness=Awake
05-13 14:10:55.967 D/PowerManagerService(  893): updateScreenStateLocked: mDisplayReady=true, newScreenState=1, mWakefulness=1, mWakeLockSummary=0x0, mUserActivitySummary=0x2, mBootCompleted=true
05-13 14:10:56.227 E/QCALOG  (  368): [MessageQ] ProcessNewMessage: [XT-CS] unknown deliver target [OS-Agent]
05-13 14:10:56.237 D/dalvikvm( 9970): GC_CONCURRENT freed 1907K, 86% free 1151K/8148K, paused 3ms+1ms, total 22ms, dvmtargetUtilize:0.750000
05-13 14:10:56.257 E/QCALOG  (  368): [MessageQ] ProcessNewMessage: [XTWWAN-PE] unknown deliver target [OS-Agent]
05-13 14:10:56.257 E/QCALOG  (  368): [MessageQ] ProcessNewMessage: [XTWiFi-PE] unknown deliver target [OS-Agent]
05-13 14:10:57.027 V/kernel  (  390): <3>[ 1475.002260] wlan: [1408:E :PE ] limSendSmeCandidateFoundInd: 2882: posting candidate ind to SME
05-13 14:10:57.027 V/WLAN_PSA(  244): NL MSG, len[048], NL type[0x11] WNI type[0x5050] len[028]
05-13 14:10:57.027 V/WLAN_PSA(  244): NL MSG, PID: 244
05-13 14:10:57.027 V/WLAN_PSA(  244): NL MSG, len[914], NL type[0x11] WNI type[0x5050] len[894]
05-13 14:10:57.027 V/WLAN_PSA(  244): NL MSG, PID: 244
05-13 14:10:57.027 V/WLAN_PSA(  244): NL MSG, len[4027], NL type[0x1C] WNI type[0x5900] len[41743]
05-13 14:10:57.027 V/WLAN_PSA(  244): NL MSG, PID: 244
05-13 14:10:57.027 V/WLAN_PSA(  244): NL MSG, len[048], NL type[0x11] WNI type[0x5050] len[028]
05-13 14:10:57.027 V/WLAN_PSA(  244): NL MSG, PID: 244
05-13 14:10:57.027 V/WLAN_PSA(  244): NL MSG, len[048], NL type[0x11] WNI type[0x5050] len[028]
05-13 14:10:57.027 V/WLAN_PSA(  244): NL MSG, PID: 244
05-13 14:10:57.047 V/WLAN_PSA(  244): NL MSG, len[048], NL type[0x11] WNI type[0x5050] len[028]
05-13 14:10:57.047 V/WLAN_PSA(  244): NL MSG, PID: 244
05-13 14:10:57.057 V/kernel  (  390): <3>[ 1475.035164] wlan: [1408:E :PE ] limFTInit: Freeing pFTPreAuthReq= e2603c80
05-13 14:10:57.067 V/kernel  (  390): <3>[ 1475.041702] wlan: [1408:E :PE ] limFTInit: Setting psavedsessionEntry= ecc20000 to NULL
05-13 14:10:57.067 V/WLAN_PSA(  244): NL MSG, len[048], NL type[0x11] WNI type[0x5050] len[028]
05-13 14:10:57.067 V/WLAN_PSA(  244): NL MSG, PID: 244
05-13 14:10:57.077 V/kernel  (  390): <3>[ 1475.049909] wlan: [1408:E :PE ] limFTInit: Deleting session = ecc215d8 
05-13 14:10:57.077 V/WLAN_PSA(  244): NL MSG, len[4063], NL type[0x1C] WNI type[0x5900] len[50959]
05-13 14:10:57.077 V/WLAN_PSA(  244): NL MSG, PID: 244
05-13 14:10:57.107 V/WLAN_PSA(  244): NL MSG, len[048], NL type[0x11] WNI type[0x5050] len[028]
05-13 14:10:57.107 V/WLAN_PSA(  244): NL MSG, PID: 244
05-13 14:10:57.147 V/WLAN_PSA(  244): NL MSG, len[048], NL type[0x11] WNI type[0x5050] len[028]
05-13 14:10:57.147 V/WLAN_PSA(  244): NL MSG, PID: 244
05-13 14:10:57.147 V/WLAN_PSA(  244): NL MSG, len[4056], NL type[0x1C] WNI type[0x5900] len[49167]
05-13 14:10:57.147 V/WLAN_PSA(  244): NL MSG, PID: 244
05-13 14:10:57.217 V/WLAN_PSA(  244): NL MSG, len[048], NL type[0x11] WNI type[0x5050] len[028]
05-13 14:10:57.217 V/WLAN_PSA(  244): NL MSG, PID: 244
05-13 14:10:57.227 V/kernel  (  390): <3>[ 1475.199812] wlan: [1408:E :WDA] WDA_ConvertSirAuthToWDIAuth: Unknown Auth Type
05-13 14:10:57.227 V/WLAN_PSA(  244): NL MSG, len[4070], NL type[0x1C] WNI type[0x5900] len[52751]
05-13 14:10:57.227 V/WLAN_PSA(  244): NL MSG, PID: 244
05-13 14:10:57.237 V/kernel  (  390): <3>[ 1475.209018] wlan: [1408:E :HDD] wlan_hdd_tdls_check_bmps: 1758:  pHddCtx or  pHddTdlsCtx points to NULL
05-13 14:10:57.247 V/WLAN_PSA(  244): NL MSG, len[048], NL type[0x11] WNI type[0x5050] len[028]
05-13 14:10:57.247 V/WLAN_PSA(  244): NL MSG, PID: 244
05-13 14:10:57.247 V/WLAN_PSA(  244): NL MSG, len[4072], NL type[0x1C] WNI type[0x5900] len[53263]
05-13 14:10:57.247 V/WLAN_PSA(  244): NL MSG, PID: 244
05-13 14:10:57.257 V/WLAN_PSA(  244): NL MSG, len[048], NL type[0x11] WNI type[0x5050] len[028]
05-13 14:10:57.257 V/WLAN_PSA(  244): NL MSG, PID: 244
05-13 14:10:57.257 V/WLAN_PSA(  244): NL MSG, len[048], NL type[0x11] WNI type[0x5050] len[028]
05-13 14:10:57.257 V/WLAN_PSA(  244): NL MSG, PID: 244
05-13 14:10:57.257 V/WLAN_PSA(  244): NL MSG, len[048], NL type[0x11] WNI type[0x5050] len[028]
05-13 14:10:57.257 V/WLAN_PSA(  244): NL MSG, PID: 244
05-13 14:10:57.257 V/WLAN_PSA(  244): NL MSG, len[4028], NL type[0x1C] WNI type[0x5900] len[41999]
05-13 14:10:57.257 V/WLAN_PSA(  244): NL MSG, PID: 244
05-13 14:10:57.317 V/WLAN_PSA(  244): NL MSG, len[4071], NL type[0x1C] WNI type[0x5900] len[53007]
05-13 14:10:57.317 V/WLAN_PSA(  244): NL MSG, PID: 244
05-13 14:10:57.317 V/WLAN_PSA(  244): NL MSG, len[056], NL type[0x11] WNI type[0x5050] len[036]
05-13 14:10:57.317 V/WLAN_PSA(  244): NL MSG, PID: 244
05-13 14:10:57.317 V/WLAN_PSA(  244): NL MSG, len[056], NL type[0x11] WNI type[0x5050] len[036]
05-13 14:10:57.317 V/WLAN_PSA(  244): NL MSG, PID: 244
05-13 14:10:57.337 V/WLAN_PSA(  244): NL MSG, len[048], NL type[0x11] WNI type[0x5050] len[028]
05-13 14:10:57.337 V/WLAN_PSA(  244): NL MSG, PID: 244
05-13 14:10:57.337 V/WLAN_PSA(  244): NL MSG, len[4053], NL type[0x1C] WNI type[0x5900] len[48399]
05-13 14:10:57.337 V/WLAN_PSA(  244): NL MSG, PID: 244
05-13 14:10:57.347 V/kernel  (  390): <6>[ 1475.324881] wlan: 00:18:60:8e:67:06 connected to c0:7b:bc:6b:4a:21
05-13 14:10:57.357 V/kernel  (  390): <3>[ 1475.330658] wlan: [1408:E :HDD] hdd_SendUpdateBeaconIEsEvent: pCsrRoamInfo->nBeaconFrameLength = 0
05-13 14:10:57.357 D/wpa_supplicant( 1530): RTM_NEWLINK: operstate=1 ifi_flags=0x11043 ([UP][RUNNING][LOWER_UP])
05-13 14:10:57.357 D/wpa_supplicant( 1530): RTM_NEWLINK, IFLA_IFNAME: Interface 'wlan0' added
05-13 14:10:57.357 V/WLAN_PSA(  244): NL MSG, len[021], NL type[0x18] WNI type[0x 66B] len[27499]
05-13 14:10:57.357 V/WLAN_PSA(  244): NL MSG, PID: 0
05-13 14:10:57.357 D/wpa_supplicant( 1530): nl80211: if_removed already cleared - ignore event
05-13 14:10:57.357 D/wpa_supplicant( 1530): nl80211: Event message available
05-13 14:10:57.357 D/wpa_supplicant( 1530): nl80211: Drv Event 47 (NL80211_CMD_ROAM) received for wlan0
05-13 14:10:57.357 D/wpa_supplicant( 1530): nl80211: Roam event
05-13 14:10:57.357 V/WLAN_PSA(  244): NL MSG, len[047], NL type[0x11] WNI type[0x5050] len[027]
05-13 14:10:57.357 V/WLAN_PSA(  244): NL MSG, PID: 244
05-13 14:10:57.357 V/WLAN_PSA(  244): NL MSG, len[4006], NL type[0x1C] WNI type[0x5900] len[36367]
05-13 14:10:57.357 V/WLAN_PSA(  244): NL MSG, PID: 244
05-13 14:10:57.357 D/wpa_supplicant( 1530): nl80211: Associated on 2437 MHz
05-13 14:10:57.357 D/wpa_supplicant( 1530): nl80211: Associated with c0:7b:bc:6b:4a:21
05-13 14:10:57.357 D/wpa_supplicant( 1530): nl80211: Operating frequency for the associated BSS from scan results: 2437 MHz
05-13 14:10:57.357 D/wpa_supplicant( 1530): wlan0: Event ASSOC (0) received
05-13 14:10:57.357 D/wpa_supplicant( 1530): wlan0: Association info event
05-13 14:10:57.357 D/wpa_supplicant( 1530): req_ies - hexdump(len=22): 30 14 01 00 00 0f ac 04 01 00 00 0f ac 04 01 00 00 0f ac 02 28 00
05-13 14:10:57.357 D/wpa_supplicant( 1530): resp_ies - hexdump(len=94): 01 08 82 84 8b 96 0c 12 18 24 32 04 30 48 60 6c 2d 1a ac 11 1b ff ff 00 00 00 00 00 00 00 00 00 ...
05-13 14:10:57.357 D/wpa_supplicant( 1530): WPA: Unrecognized EAPOL-Key Key Data IE - hexdump(len=24): 3d 16 06 00 05 00 00 00 00 00 00 00 00 00 00 00 00 00 00 00 00 00 00 00
05-13 14:10:57.357 D/wpa_supplicant( 1530): WPA: WMM Parameter Element - hexdump(len=24): 00 50 f2 02 01 01 80 00 03 a4 00 00 27 a4 00 00 42 43 5e 00 62 32 2f 00
05-13 14:10:57.357 D/wpa_supplicant( 1530): wlan0: freq=2437 MHz
05-13 14:10:57.357 D/wpa_supplicant( 1530): WPA: set own WPA/RSN IE - hexdump(len=22): 30 14 01 00 00 0f ac 04 01 00 00 0f ac 04 01 00 00 0f ac 02 28 00
05-13 14:10:57.357 D/wpa_supplicant( 1530): FT: Stored MDIE and FTIE from (Re)Association Response - hexdump(len=0):
05-13 14:10:57.357 D/wpa_supplicant( 1530): Operating frequency changed from 2462 to 2437 MHz
05-13 14:10:57.357 D/wpa_supplicant( 1530): nl80211: Associated on 2437 MHz
05-13 14:10:57.357 D/wpa_supplicant( 1530): nl80211: Associated with c0:7b:bc:6b:4a:21
05-13 14:10:57.357 D/wpa_supplicant( 1530): nl80211: Received scan results (1 BSSes)
05-13 14:10:57.357 D/wpa_supplicant( 1530): nl80211: Survey data missing
05-13 14:10:57.357 D/wpa_supplicant( 1530): nl80211: Scan results indicate BSS status with c0:7b:bc:6b:4a:21 as associated
05-13 14:10:57.357 D/wpa_supplicant( 1530): wlan0: BSS: Start scan result update 76
05-13 14:10:57.357 D/wpa_supplicant( 1530): wlan0: BSS: Add new id 262 BSSID c0:7b:bc:6b:4a:21 SSID 'Smartisan-Guest'
05-13 14:10:57.357 D/wpa_supplicant( 1530): CTRL_IFACE monitor send - hexdump(len=39): 2f 64 61 74 61 2f 6d 69 73 63 2f 77 69 66 69 2f 73 6f 63 6b 65 74 73 2f 77 70 61 5f 63 74 72 6c ...
05-13 14:10:57.367 D/wpa_supplicant( 1530): wlan0: State: COMPLETED -> ASSOCIATED
05-13 14:10:57.367 D/wpa_supplicant( 1530): wpa_driver_nl80211_set_operstate: operstate 1->0 (DORMANT)
05-13 14:10:57.367 D/wpa_supplicant( 1530): netlink: Operstate: linkmode=-1, operstate=5
05-13 14:10:57.367 D/wpa_supplicant( 1530): CTRL_IFACE monitor send - hexdump(len=39): 2f 64 61 74 61 2f 6d 69 73 63 2f 77 69 66 69 2f 73 6f 63 6b 65 74 73 2f 77 70 61 5f 63 74 72 6c ...
05-13 14:10:57.367 D/wpa_supplicant( 1530): wlan0: Associated to a new BSS: BSSID=c0:7b:bc:6b:4a:21
05-13 14:10:57.367 D/wpa_supplicant( 1530): wpa_driver_nl80211_set_key: ifindex=22 (wlan0) alg=0 addr=0x0 key_idx=0 set_tx=0 seq_len=0 key_len=0
05-13 14:10:57.367 D/wpa_supplicant( 1530): wpa_driver_nl80211_set_key: ifindex=22 (wlan0) alg=0 addr=0x0 key_idx=1 set_tx=0 seq_len=0 key_len=0
05-13 14:10:57.367 D/wpa_supplicant( 1530): wpa_driver_nl80211_set_key: ifindex=22 (wlan0) alg=0 addr=0x0 key_idx=2 set_tx=0 seq_len=0 key_len=0
05-13 14:10:57.367 D/wpa_supplicant( 1530): wpa_driver_nl80211_set_key: ifindex=22 (wlan0) alg=0 addr=0x0 key_idx=3 set_tx=0 seq_len=0 key_len=0
05-13 14:10:57.367 I/PPPOEService(  893): NetdCallbackReceiver onEvent 600600 Iface linkstate wlan0 up
05-13 14:10:57.367 D/wpa_supplicant( 1530): wpa_driver_nl80211_set_key: ifindex=22 (wlan0) alg=0 addr=0x0 key_idx=4 set_tx=0 seq_len=0 key_len=0
05-13 14:10:57.367 I/PPPOEService(  893): NetdCallbackReceiver onEvent 600600 Iface linkstate wlan0 up
05-13 14:10:57.367 D/wpa_supplicant( 1530): wpa_driver_nl80211_set_key: ifindex=22 (wlan0) alg=0 addr=0x0 key_idx=5 set_tx=0 seq_len=0 key_len=0
05-13 14:10:57.367 D/wpa_supplicant( 1530): wpa_driver_nl80211_set_key: ifindex=22 (wlan0) alg=0 addr=0xbe8b8050 key_idx=0 set_tx=0 seq_len=0 key_len=0
05-13 14:10:57.367 D/wpa_supplicant( 1530):    addr=c0:7b:bc:6b:4a:21
05-13 14:10:57.377 D/wpa_supplicant( 1530): wlan0: WPA: clearing AP WPA IE
05-13 14:10:57.377 D/wpa_supplicant( 1530): WPA: set AP RSN IE - hexdump(len=22): 30 14 01 00 00 0f ac 04 01 00 00 0f ac 04 01 00 00 0f ac 02 28 00
05-13 14:10:57.377 I/wpa_supplicant( 1530): wlan0: Associated with c0:7b:bc:6b:4a:21
05-13 14:10:57.377 D/wpa_supplicant( 1530): CTRL_IFACE monitor send - hexdump(len=39): 2f 64 61 74 61 2f 6d 69 73 63 2f 77 69 66 69 2f 73 6f 63 6b 65 74 73 2f 77 70 61 5f 63 74 72 6c ...
05-13 14:10:57.377 D/wpa_supplicant( 1530): wlan0: WPA: Association event - clear replay counter
05-13 14:10:57.377 D/wpa_supplicant( 1530): wlan0: WPA: Clear old PTK
05-13 14:10:57.377 D/wpa_supplicant( 1530): TDLS: Remove peers on association
05-13 14:10:57.377 D/wpa_supplicant( 1530): EAPOL: External notification - portEnabled=0
05-13 14:10:57.377 D/wpa_supplicant( 1530): EAPOL: SUPP_PAE entering state DISCONNECTED
05-13 14:10:57.377 D/wpa_supplicant( 1530): EAPOL: Supplicant port status: Unauthorized
05-13 14:10:57.377 D/wpa_supplicant( 1530): nl80211: Set supplicant port unauthorized for c0:7b:bc:6b:4a:21
05-13 14:10:57.377 D/wpa_supplicant( 1530): EAPOL: SUPP_BE entering state INITIALIZE
05-13 14:10:57.377 D/wpa_supplicant( 1530): EAPOL: Supplicant port status: Unauthorized
05-13 14:10:57.377 D/wpa_supplicant( 1530): nl80211: Set supplicant port unauthorized for c0:7b:bc:6b:4a:21
05-13 14:10:57.377 D/wpa_supplicant( 1530): EAPOL: External notification - portValid=0
05-13 14:10:57.377 D/wpa_supplicant( 1530): EAPOL: Supplicant port status: Unauthorized
05-13 14:10:57.377 D/wpa_supplicant( 1530): nl80211: Set supplicant port unauthorized for c0:7b:bc:6b:4a:21
05-13 14:10:57.377 D/wpa_supplicant( 1530): EAPOL: External notification - EAP success=0
05-13 14:10:57.377 D/wpa_supplicant( 1530): EAPOL: Supplicant port status: Unauthorized
05-13 14:10:57.377 D/wpa_supplicant( 1530): nl80211: Set supplicant port unauthorized for c0:7b:bc:6b:4a:21
05-13 14:10:57.377 D/wpa_supplicant( 1530): EAPOL: External notification - portEnabled=1
05-13 14:10:57.377 D/wpa_supplicant( 1530): EAPOL: SUPP_PAE entering state CONNECTING
05-13 14:10:57.377 D/wpa_supplicant( 1530): EAPOL: enable timer tick
05-13 14:10:57.377 D/wpa_supplicant( 1530): EAPOL: SUPP_BE entering state IDLE
05-13 14:10:57.377 D/wpa_supplicant( 1530): wlan0: Setting authentication timeout: 10 sec 0 usec
05-13 14:10:57.377 D/wpa_supplicant( 1530): wlan0: Cancelling scan request
05-13 14:10:57.377 D/wpa_supplicant( 1530): wlan0: P2P: Station mode scan operation not pending anymore (sta_scan_pending=0 p2p_cb_on_scan_complete=0)
05-13 14:10:57.377 D/wpa_supplicant( 1530): RTM_NEWLINK: operstate=0 ifi_flags=0x11003 ([UP][LOWER_UP])
05-13 14:10:57.377 D/wpa_supplicant( 1530): RTM_NEWLINK, IFLA_IFNAME: Interface 'wlan0' added
05-13 14:10:57.377 D/wpa_supplicant( 1530): nl80211: if_removed already cleared - ignore event
05-13 14:10:57.377 D/wpa_supplicant( 1530): wlan0: RX EAPOL from c0:7b:bc:6b:4a:21
05-13 14:10:57.377 D/wpa_supplicant( 1530): RX EAPOL - hexdump(len=121): 02 03 00 75 02 00 8a 00 10 00 00 00 00 00 00 00 00 ae 0e ef c8 bf 5e 46 88 45 ed e6 44 e3 e5 49 ...
05-13 14:10:57.377 D/wpa_supplicant( 1530): wlan0: Setting authentication timeout: 10 sec 0 usec
05-13 14:10:57.377 D/wpa_supplicant( 1530): wlan0: IEEE 802.1X RX: version=2 type=3 length=117
05-13 14:10:57.377 D/wpa_supplicant( 1530): wlan0:   EAPOL-Key type=2
05-13 14:10:57.377 D/wpa_supplicant( 1530): wlan0:   key_info 0x8a (ver=2 keyidx=0 rsvd=0 Pairwise Ack)
05-13 14:10:57.377 D/wpa_supplicant( 1530): wlan0:   key_length=16 key_data_length=22
05-13 14:10:57.377 D/wpa_supplicant( 1530):   replay_counter - hexdump(len=8): 00 00 00 00 00 00 00 00
05-13 14:10:57.377 D/wpa_supplicant( 1530):   key_nonce - hexdump(len=32): ae 0e ef c8 bf 5e 46 88 45 ed e6 44 e3 e5 49 93 42 53 9b a8 7c 3e b4 c1 be 5b 98 ac b2 f6 ac 88
05-13 14:10:57.377 D/wpa_supplicant( 1530):   key_iv - hexdump(len=16): 00 00 00 00 00 00 00 00 00 00 00 00 00 00 00 00
05-13 14:10:57.377 D/wpa_supplicant( 1530):   key_rsc - hexdump(len=8): 00 00 00 00 00 00 00 00
05-13 14:10:57.377 D/wpa_supplicant( 1530):   key_id (reserved) - hexdump(len=8): 00 00 00 00 00 00 00 00
05-13 14:10:57.377 D/wpa_supplicant( 1530):   key_mic - hexdump(len=16): 00 00 00 00 00 00 00 00 00 00 00 00 00 00 00 00
05-13 14:10:57.377 D/wpa_supplicant( 1530): WPA: RX EAPOL-Key - hexdump(len=121): 02 03 00 75 02 00 8a 00 10 00 00 00 00 00 00 00 00 ae 0e ef c8 bf 5e 46 88 45 ed e6 44 e3 e5 49 ...
05-13 14:10:57.377 D/wpa_supplicant( 1530): wlan0: State: ASSOCIATED -> 4WAY_HANDSHAKE
05-13 14:10:57.377 D/wpa_supplicant( 1530): CTRL_IFACE monitor send - hexdump(len=39): 2f 64 61 74 61 2f 6d 69 73 63 2f 77 69 66 69 2f 73 6f 63 6b 65 74 73 2f 77 70 61 5f 63 74 72 6c ...
05-13 14:10:57.377 D/wpa_supplicant( 1530): wlan0: WPA: RX message 1 of 4-Way Handshake from c0:7b:bc:6b:4a:21 (ver=2)
05-13 14:10:57.377 D/wpa_supplicant( 1530): RSN: msg 1/4 key data - hexdump(len=22): dd 14 00 0f ac 04 e2 5c ec f0 98 92 fb ca 87 52 56 76 91 3c ca e7
05-13 14:10:57.377 D/wpa_supplicant( 1530): WPA: PMKID in EAPOL-Key - hexdump(len=22): dd 14 00 0f ac 04 e2 5c ec f0 98 92 fb ca 87 52 56 76 91 3c ca e7
05-13 14:10:57.377 D/wpa_supplicant( 1530): RSN: PMKID from Authenticator - hexdump(len=16): e2 5c ec f0 98 92 fb ca 87 52 56 76 91 3c ca e7
05-13 14:10:57.377 D/wpa_supplicant( 1530): wlan0: RSN: no matching PMKID found
05-13 14:10:57.377 D/wpa_supplicant( 1530): Get randomness: len=32 entropy=699
05-13 14:10:57.387 D/wpa_supplicant( 1530): WPA: Renewed SNonce - hexdump(len=32): 72 d0 67 16 d5 af 61 43 e6 dc 8a 07 b5 04 d3 bc 7a d0 1c 7b 6a f4 c9 72 97 08 31 c3 20 97 c7 d8
05-13 14:10:57.387 D/wpa_supplicant( 1530): WPA: PTK derivation - A1=00:18:60:8e:67:06 A2=c0:7b:bc:6b:4a:21
05-13 14:10:57.387 D/wpa_supplicant( 1530): WPA: Nonce1 - hexdump(len=32): 72 d0 67 16 d5 af 61 43 e6 dc 8a 07 b5 04 d3 bc 7a d0 1c 7b 6a f4 c9 72 97 08 31 c3 20 97 c7 d8
05-13 14:10:57.387 D/wpa_supplicant( 1530): WPA: Nonce2 - hexdump(len=32): ae 0e ef c8 bf 5e 46 88 45 ed e6 44 e3 e5 49 93 42 53 9b a8 7c 3e b4 c1 be 5b 98 ac b2 f6 ac 88
05-13 14:10:57.387 D/wpa_supplicant( 1530): WPA: PMK - hexdump(len=32): [REMOVED]
05-13 14:10:57.387 D/wpa_supplicant( 1530): WPA: PTK - hexdump(len=48): [REMOVED]
05-13 14:10:57.387 D/wpa_supplicant( 1530): WPA: WPA IE for msg 2/4 - hexdump(len=22): 30 14 01 00 00 0f ac 04 01 00 00 0f ac 04 01 00 00 0f ac 02 28 00
05-13 14:10:57.387 D/wpa_supplicant( 1530): WPA: Replay Counter - hexdump(len=8): 00 00 00 00 00 00 00 00
05-13 14:10:57.387 D/wpa_supplicant( 1530): wlan0: WPA: Sending EAPOL-Key 2/4
05-13 14:10:57.387 D/wpa_supplicant( 1530): WPA: KCK - hexdump(len=16): [REMOVED]
05-13 14:10:57.387 D/wpa_supplicant( 1530): WPA: Derived Key MIC - hexdump(len=16): 37 c2 41 57 6e 1d 9b 6e a6 57 ae 0b ae b8 d6 9b
05-13 14:10:57.387 D/wpa_supplicant( 1530): WPA: TX EAPOL-Key - hexdump(len=121): 01 03 00 75 02 01 0a 00 00 00 00 00 00 00 00 00 00 72 d0 67 16 d5 af 61 43 e6 dc 8a 07 b5 04 d3 ...
05-13 14:10:57.397 D/wpa_supplicant( 1530): wlan0: RX EAPOL from c0:7b:bc:6b:4a:21
05-13 14:10:57.397 D/wpa_supplicant( 1530): RX EAPOL - hexdump(len=155): 02 03 00 97 02 13 ca 00 10 00 00 00 00 00 00 00 01 ae 0e ef c8 bf 5e 46 88 45 ed e6 44 e3 e5 49 ...
05-13 14:10:57.397 D/wpa_supplicant( 1530): wlan0: IEEE 802.1X RX: version=2 type=3 length=151
05-13 14:10:57.397 D/wpa_supplicant( 1530): wlan0:   EAPOL-Key type=2
05-13 14:10:57.397 D/wpa_supplicant( 1530): wlan0:   key_info 0x13ca (ver=2 keyidx=0 rsvd=0 Pairwise Install Ack MIC Secure Encr)
05-13 14:10:57.397 D/wpa_supplicant( 1530): wlan0:   key_length=16 key_data_length=56
05-13 14:10:57.397 D/wpa_supplicant( 1530):   replay_counter - hexdump(len=8): 00 00 00 00 00 00 00 01
05-13 14:10:57.397 D/wpa_supplicant( 1530):   key_nonce - hexdump(len=32): ae 0e ef c8 bf 5e 46 88 45 ed e6 44 e3 e5 49 93 42 53 9b a8 7c 3e b4 c1 be 5b 98 ac b2 f6 ac 88
05-13 14:10:57.397 D/wpa_supplicant( 1530):   key_iv - hexdump(len=16): 00 00 00 00 00 00 00 00 00 00 00 00 00 00 00 00
05-13 14:10:57.397 D/wpa_supplicant( 1530):   key_rsc - hexdump(len=8): 00 00 00 00 00 00 00 00
05-13 14:10:57.397 D/wpa_supplicant( 1530):   key_id (reserved) - hexdump(len=8): 00 00 00 00 00 00 00 00
05-13 14:10:57.397 D/wpa_supplicant( 1530):   key_mic - hexdump(len=16): 98 5e 10 83 1a 19 37 25 50 3e 70 b1 57 0c e5 03
05-13 14:10:57.397 D/wpa_supplicant( 1530): WPA: RX EAPOL-Key - hexdump(len=155): 02 03 00 97 02 13 ca 00 10 00 00 00 00 00 00 00 01 ae 0e ef c8 bf 5e 46 88 45 ed e6 44 e3 e5 49 ...
05-13 14:10:57.397 D/wpa_supplicant( 1530): RSN: encrypted key data - hexdump(len=56): 8f 56 93 1a bd f6 fb 9e 1d 17 90 c9 f5 93 ff 63 86 74 04 80 63 b3 a5 eb 93 17 17 e5 2a ff 2b ec ...
05-13 14:10:57.397 D/wpa_supplicant( 1530): WPA: decrypted EAPOL-Key key data - hexdump(len=48): [REMOVED]
05-13 14:10:57.397 D/wpa_supplicant( 1530): wlan0: State: 4WAY_HANDSHAKE -> 4WAY_HANDSHAKE
05-13 14:10:57.397 D/wpa_supplicant( 1530): wlan0: WPA: RX message 3 of 4-Way Handshake from c0:7b:bc:6b:4a:21 (ver=2)
05-13 14:10:57.397 D/wpa_supplicant( 1530): WPA: IE KeyData - hexdump(len=48): 30 14 01 00 00 0f ac 04 01 00 00 0f ac 04 01 00 00 0f ac 02 28 00 dd 16 00 0f ac 01 01 00 98 70 ...
05-13 14:10:57.397 D/wpa_supplicant( 1530): WPA: RSN IE in EAPOL-Key - hexdump(len=22): 30 14 01 00 00 0f ac 04 01 00 00 0f ac 04 01 00 00 0f ac 02 28 00
05-13 14:10:57.397 D/wpa_supplicant( 1530): WPA: GTK in EAPOL-Key - hexdump(len=24): [REMOVED]
05-13 14:10:57.397 D/wpa_supplicant( 1530): wlan0: WPA: Sending EAPOL-Key 4/4
05-13 14:10:57.397 D/wpa_supplicant( 1530): WPA: KCK - hexdump(len=16): [REMOVED]
05-13 14:10:57.397 D/wpa_supplicant( 1530): WPA: Derived Key MIC - hexdump(len=16): 7e aa a0 51 8e bd b0 0e e6 73 3e 37 e1 2b 41 ce
05-13 14:10:57.397 D/wpa_supplicant( 1530): WPA: TX EAPOL-Key - hexdump(len=99): 01 03 00 5f 02 03 0a 00 00 00 00 00 00 00 00 00 01 00 00 00 00 00 00 00 00 00 00 00 00 00 00 00 ...
05-13 14:10:57.397 D/wpa_supplicant( 1530): wlan0: WPA: Installing PTK to the driver
05-13 14:10:57.397 D/wpa_supplicant( 1530): wpa_driver_nl80211_set_key: ifindex=22 (wlan0) alg=3 addr=0xb723b830 key_idx=0 set_tx=1 seq_len=6 key_len=16
05-13 14:10:57.397 D/wpa_supplicant( 1530):    addr=c0:7b:bc:6b:4a:21
05-13 14:10:57.397 V/WLAN_PSA(  244): NL MSG, len[4022], NL type[0x1C] WNI type[0x5900] len[40463]
05-13 14:10:57.397 V/WLAN_PSA(  244): NL MSG, PID: 244
05-13 14:10:57.407 V/kernel  (  390): <3>[ 1475.384507] wlan: [1530:E :SME] sme_FTUpdateKey: Unhandled state=3
05-13 14:10:57.407 V/WLAN_PSA(  244): NL MSG, len[045], NL type[0x11] WNI type[0x5050] len[025]
05-13 14:10:57.407 V/WLAN_PSA(  244): NL MSG, PID: 244
05-13 14:10:57.407 D/wpa_supplicant( 1530): EAPOL: External notification - portValid=1
05-13 14:10:57.407 D/wpa_supplicant( 1530): wlan0: State: 4WAY_HANDSHAKE -> GROUP_HANDSHAKE
05-13 14:10:57.407 D/wpa_supplicant( 1530): CTRL_IFACE monitor send - hexdump(len=39): 2f 64 61 74 61 2f 6d 69 73 63 2f 77 69 66 69 2f 73 6f 63 6b 65 74 73 2f 77 70 61 5f 63 74 72 6c ...
05-13 14:10:57.407 V/WLAN_PSA(  244): NL MSG, len[048], NL type[0x11] WNI type[0x5050] len[028]
05-13 14:10:57.407 V/WLAN_PSA(  244): NL MSG, PID: 244
05-13 14:10:57.407 D/wpa_supplicant( 1530): RSN: received GTK in pairwise handshake - hexdump(len=18): [REMOVED]
05-13 14:10:57.407 D/wpa_supplicant( 1530): WPA: Group Key - hexdump(len=16): [REMOVED]
05-13 14:10:57.407 D/wpa_supplicant( 1530): wlan0: WPA: Installing GTK to the driver (keyidx=1 tx=0 len=16)
05-13 14:10:57.407 D/wpa_supplicant( 1530): WPA: RSC - hexdump(len=6): 00 00 00 00 00 00
05-13 14:10:57.407 D/wpa_supplicant( 1530): wpa_driver_nl80211_set_key: ifindex=22 (wlan0) alg=3 addr=0xb6eee75d key_idx=1 set_tx=0 seq_len=6 key_len=16
05-13 14:10:57.407 D/wpa_supplicant( 1530):    broadcast key
05-13 14:10:57.407 V/WLAN_PSA(  244): NL MSG, len[048], NL type[0x11] WNI type[0x5050] len[028]
05-13 14:10:57.407 V/WLAN_PSA(  244): NL MSG, PID: 244
05-13 14:10:57.407 V/WLAN_PSA(  244): NL MSG, len[4043], NL type[0x1C] WNI type[0x5900] len[45839]
05-13 14:10:57.407 V/WLAN_PSA(  244): NL MSG, PID: 244
05-13 14:10:57.417 V/kernel  (  390): <3>[ 1475.392869] wlan: [1530:E :SME] sme_FTUpdateKey: Unhandled state=3
05-13 14:10:57.417 V/WLAN_PSA(  244): NL MSG, len[045], NL type[0x11] WNI type[0x5050] len[025]
05-13 14:10:57.417 V/WLAN_PSA(  244): NL MSG, PID: 244
05-13 14:10:57.417 I/wpa_supplicant( 1530): wlan0: WPA: Key negotiation completed with c0:7b:bc:6b:4a:21 [PTK=CCMP GTK=CCMP]
05-13 14:10:57.417 D/wpa_supplicant( 1530): CTRL_IFACE monitor send - hexdump(len=39): 2f 64 61 74 61 2f 6d 69 73 63 2f 77 69 66 69 2f 73 6f 63 6b 65 74 73 2f 77 70 61 5f 63 74 72 6c ...
05-13 14:10:57.417 D/wpa_supplicant( 1530): wlan0: Cancelling authentication timeout
05-13 14:10:57.417 D/wpa_supplicant( 1530): wlan0: State: GROUP_HANDSHAKE -> COMPLETED
05-13 14:10:57.417 I/wpa_supplicant( 1530): wlan0: CTRL-EVENT-CONNECTED - Connection to c0:7b:bc:6b:4a:21 completed (auth) [id=0 id_str=]
05-13 14:10:57.417 D/wpa_supplicant( 1530): CTRL_IFACE monitor send - hexdump(len=39): 2f 64 61 74 61 2f 6d 69 73 63 2f 77 69 66 69 2f 73 6f 63 6b 65 74 73 2f 77 70 61 5f 63 74 72 6c ...
05-13 14:10:57.417 D/wpa_supplicant( 1530): wpa_driver_nl80211_set_operstate: operstate 0->1 (UP)
05-13 14:10:57.417 D/wpa_supplicant( 1530): netlink: Operstate: linkmode=-1, operstate=6
05-13 14:10:57.417 V/WLAN_PSA(  244): NL MSG, len[045], NL type[0x11] WNI type[0x5050] len[025]
05-13 14:10:57.417 V/WLAN_PSA(  244): NL MSG, PID: 244
05-13 14:10:57.417 V/WLAN_PSA(  244): NL MSG, len[048], NL type[0x11] WNI type[0x5050] len[028]
05-13 14:10:57.417 V/WLAN_PSA(  244): NL MSG, PID: 244
05-13 14:10:57.417 V/WLAN_PSA(  244): NL MSG, len[4041], NL type[0x1C] WNI type[0x5900] len[45327]
05-13 14:10:57.417 V/WLAN_PSA(  244): NL MSG, PID: 244
05-13 14:10:57.417 D/wpa_supplicant( 1530): wlan0: P2P: Station mode scan operation not pending anymore (sta_scan_pending=0 p2p_cb_on_scan_complete=0)
05-13 14:10:57.417 D/wpa_supplicant( 1530): CTRL_IFACE monitor send - hexdump(len=39): 2f 64 61 74 61 2f 6d 69 73 63 2f 77 69 66 69 2f 73 6f 63 6b 65 74 73 2f 77 70 61 5f 63 74 72 6c ...
05-13 14:10:57.417 D/wpa_supplicant( 1530): EAPOL: External notification - portValid=1
05-13 14:10:57.417 D/wpa_supplicant( 1530): EAPOL: External notification - EAP success=1
05-13 14:10:57.417 D/wpa_supplicant( 1530): EAPOL: SUPP_PAE entering state AUTHENTICATING
05-13 14:10:57.417 D/wpa_supplicant( 1530): EAPOL: SUPP_BE entering state SUCCESS
05-13 14:10:57.417 D/wpa_supplicant( 1530): EAPOL: SUPP_PAE entering state AUTHENTICATED
05-13 14:10:57.417 D/wpa_supplicant( 1530): EAPOL: Supplicant port status: Authorized
05-13 14:10:57.417 D/wpa_supplicant( 1530): nl80211: Set supplicant port authorized for c0:7b:bc:6b:4a:21
05-13 14:10:57.417 D/wpa_supplicant( 1530): EAPOL: SUPP_BE entering state IDLE
05-13 14:10:57.417 D/wpa_supplicant( 1530): EAPOL authentication completed successfully
05-13 14:10:57.417 D/wpa_supplicant( 1530): RTM_NEWLINK: operstate=1 ifi_flags=0x11043 ([UP][RUNNING][LOWER_UP])
05-13 14:10:57.417 D/wpa_supplicant( 1530): RTM_NEWLINK, IFLA_IFNAME: Interface 'wlan0' added
05-13 14:10:57.417 I/PPPOEService(  893): NetdCallbackReceiver onEvent 600600 Iface linkstate wlan0 up
05-13 14:10:57.417 D/wpa_supplicant( 1530): nl80211: if_removed already cleared - ignore event
05-13 14:10:57.417 V/WLAN_PSA(  244): NL MSG, len[048], NL type[0x11] WNI type[0x5050] len[028]
05-13 14:10:57.417 V/WLAN_PSA(  244): NL MSG, PID: 244
05-13 14:10:57.417 V/WLAN_PSA(  244): NL MSG, len[045], NL type[0x11] WNI type[0x5050] len[025]
05-13 14:10:57.417 V/WLAN_PSA(  244): NL MSG, PID: 244
05-13 14:10:57.427 V/WLAN_PSA(  244): NL MSG, len[4027], NL type[0x1C] WNI type[0x5900] len[41743]
05-13 14:10:57.427 V/WLAN_PSA(  244): NL MSG, PID: 244
05-13 14:10:57.457 D/wpa_supplicant( 1530): RX ctrl_iface - hexdump(len=11): 53 49 47 4e 41 4c 5f 50 4f 4c 4c
05-13 14:10:57.457 D/wpa_supplicant( 1530): wlan0: Control interface command 'SIGNAL_POLL'
05-13 14:10:57.457 D/wpa_supplicant( 1530): nl80211: survey data missing!
05-13 14:10:57.567 V/WLAN_PSA(  244): NL MSG, len[048], NL type[0x11] WNI type[0x5050] len[028]
05-13 14:10:57.567 V/WLAN_PSA(  244): NL MSG, PID: 244
05-13 14:10:57.837 D/VM_BMS  (  373): wake_lock acquired
05-13 14:10:57.837 D/VM_BMS  (  373): New BMS data - Size=56
05-13 14:10:57.837 D/VM_BMS  (  373): Start process_bms_data
05-13 14:10:57.847 D/VM_BMS  (  373): For batt_temp=292 fcc_mah=2994
05-13 14:10:57.847 D/VM_BMS  (  373): For ocv=4265111 batt_temp=292 soc=92
05-13 14:10:57.847 D/VM_BMS  (  373): fifo_count=5 acc_count=0
05-13 14:10:57.847 D/VM_BMS  (  373): INIT: ocv=4265111 last_ocv=4265111 batt_temp=292 soc=92
05-13 14:10:57.847 D/VM_BMS  (  373): For soc=92 batt_temp=292 slope=11600
05-13 14:10:57.847 D/VM_BMS  (  373): For soc=92 batt_temp=292 rbatt_sf=95
05-13 14:10:57.847 D/VM_BMS  (  373): rbatt_mohm_default=146, rbatt_mohm=138, sf=95 batt_temp=292
05-13 14:10:57.847 D/VM_BMS  (  373): For ocv=4265145 batt_temp=292 soc=92
05-13 14:10:57.847 D/VM_BMS  (  373): FIFO=0 fifo_avg=4.273635 rbatt=0.138000 slope=1.160000 ibatt=-0.061645 ocv=4.265145 soc=92 fcc_ah=2.994000 sample_count=128 sample_interval=40 seq_num=51
05-13 14:10:57.847 D/VM_BMS  (  373): For soc=92 batt_temp=292 slope=11600
05-13 14:10:57.847 D/VM_BMS  (  373): For soc=92 batt_temp=292 rbatt_sf=95
05-13 14:10:57.847 D/VM_BMS  (  373): rbatt_mohm_default=146, rbatt_mohm=138, sf=95 batt_temp=292
05-13 14:10:57.847 D/VM_BMS  (  373): For ocv=4265010 batt_temp=292 soc=92
05-13 14:10:57.847 D/VM_BMS  (  373): FIFO=1 fifo_avg=4.231371 rbatt=0.138000 slope=1.160000 ibatt=0.244251 ocv=4.265010 soc=92 fcc_ah=2.994000 sample_count=128 sample_interval=40 seq_num=51
05-13 14:10:57.847 D/VM_BMS  (  373): For soc=92 batt_temp=292 slope=11600
05-13 14:10:57.847 D/VM_BMS  (  373): For soc=92 batt_temp=292 rbatt_sf=95
05-13 14:10:57.847 D/VM_BMS  (  373): rbatt_mohm_default=146, rbatt_mohm=138, sf=95 batt_temp=292
05-13 14:10:57.847 D/VM_BMS  (  373): For ocv=4265017 batt_temp=292 soc=92
05-13 14:10:57.847 D/VM_BMS  (  373): FIFO=2 fifo_avg=4.266885 rbatt=0.138000 slope=1.160000 ibatt=-0.013559 ocv=4.265018 soc=92 fcc_ah=2.994000 sample_count=128 sample_interval=40 seq_num=51
05-13 14:10:57.847 D/VM_BMS  (  373): For soc=92 batt_temp=292 slope=11600
05-13 14:10:57.847 D/VM_BMS  (  373): For soc=92 batt_temp=292 rbatt_sf=95
05-13 14:10:57.847 D/VM_BMS  (  373): rbatt_mohm_default=146, rbatt_mohm=138, sf=95 batt_temp=292
05-13 14:10:57.847 D/VM_BMS  (  373): For ocv=4265064 batt_temp=292 soc=92
05-13 14:10:57.847 D/VM_BMS  (  373): FIFO=3 fifo_avg=4.276863 rbatt=0.138000 slope=1.160000 ibatt=-0.085670 ocv=4.265064 soc=92 fcc_ah=2.994000 sample_count=128 sample_interval=40 seq_num=51
05-13 14:10:57.847 D/VM_BMS  (  373): For soc=92 batt_temp=292 slope=11600
05-13 14:10:57.847 D/VM_BMS  (  373): For soc=92 batt_temp=292 rbatt_sf=95
05-13 14:10:57.847 D/VM_BMS  (  373): rbatt_mohm_default=146, rbatt_mohm=138, sf=95 batt_temp=292
05-13 14:10:57.847 D/VM_BMS  (  373): For ocv=4265122 batt_temp=292 soc=92
05-13 14:10:57.847 D/VM_BMS  (  373): FIFO=4 fifo_avg=4.279800 rbatt=0.138000 slope=1.160000 ibatt=-0.106571 ocv=4.265122 soc=92 fcc_ah=2.994000 sample_count=128 sample_interval=40 seq_num=51
05-13 14:10:57.847 I/VM_BMS  (  373): power_supply_update: ocv_uv=4265122 ibatt=-106571 soc=92 seq_num=51
05-13 14:10:57.847 D/VM_BMS  (  373): End process_bms_data
05-13 14:10:57.847 D/VM_BMS  (  373): wake_lock released
05-13 14:10:58.047 V/WLAN_PSA(  244): NL MSG, len[048], NL type[0x11] WNI type[0x5050] len[028]
05-13 14:10:58.047 V/WLAN_PSA(  244): NL MSG, PID: 244
05-13 14:10:58.057 V/WLAN_PSA(  244): NL MSG, len[048], NL type[0x11] WNI type[0x5050] len[028]
05-13 14:10:58.057 V/WLAN_PSA(  244): NL MSG, PID: 244
05-13 14:10:58.067 V/kernel  (  390): <6>[ 1475.339672] wlan(6) c0:7b:bc:6b:4a:21 Standalone
05-13 14:10:58.067 V/kernel  (  390): <3>[ 1476.039025] wlan: [1408:E :SME] sme_QosPmcDeviceStateUpdateInd: 7384: nothing to process in PMC state BMPS (6)
05-13 14:10:58.067 V/kernel  (  390): <3>[ 1476.048187] wlan: [1408:E :TL ]  ----> CRegion 0, hRSSI 0, Alpha 5
05-13 14:10:58.377 D/wpa_supplicant( 1530): EAPOL: startWhen --> 0
05-13 14:10:58.377 D/wpa_supplicant( 1530): EAPOL: disable timer tick
05-13 14:10:59.297 D/PowerManagerService(  893): userActivityNoUpdateLocked: eventTime=1477206, event=2, flags=0x0, uid=1000
05-13 14:10:59.307 D/PowerManagerService(  893): updateUserActivitySummaryLocked: mWakefulness=Awake, mUserActivitySummary=0x1, nextTimeout=1482208 (in 4998 ms)
05-13 14:10:59.307 D/PowerManagerService(  893): updateScreenStateLocked: mDisplayReady=false, newScreenState=2, mWakefulness=1, mWakeLockSummary=0x0, mUserActivitySummary=0x1, mBootCompleted=true
05-13 14:10:59.307 D/PowerManagerService(  893): handleSandman: canDream=true, mWakefulness=Awake
05-13 14:10:59.307 D/PowerManagerService(  893): updateScreenStateLocked: mDisplayReady=true, newScreenState=2, mWakefulness=1, mWakeLockSummary=0x0, mUserActivitySummary=0x1, mBootCompleted=true
05-13 14:10:59.827 D/StatusBar.MSimNetworkController( 1416): onSignalStrengthsChanged received on subscription :0signalStrength=SignalStrength: 30 0 2147483647 2147483647 gsm|lte level=4
05-13 14:10:59.827 D/StatusBar.MSimNetworkController( 1416): updateTelephonySignalStrength: subscription =0
05-13 14:10:59.827 D/StatusBar.MSimNetworkController( 1416): updateTelephonySignalStrength iconList = [I@420d31a0iconLevel = 5 mInetCondition = 0
05-13 14:10:59.827 D/StatusBar.MSimNetworkController( 1416): refreshViews subscription =0mMSimDataConnected =false mHasMobileDataFeature:true
05-13 14:10:59.827 D/StatusBar.MSimNetworkController( 1416): refreshViews: Data not connected!! Set no data type icon / Roaming for subscription: 0
05-13 14:10:59.837 D/StatusBar.MSimNetworkController( 1416): refreshViews connected={ wifi } level=4 mMSimcombinedSignalIconId=0x7f02019f/com.smartisanos.systemui:drawable/stat_sys_wifi_signal_3 mMSimcombinedActivityIconId=0x0 mAirplaneMode=false mMSimDataActivity=0 mMSimPhoneSignalIconId=0x7f020185 mMSimDataDirectionIconId=0x0 mMSimDataSignalIconId=0x7f020185 mMSimDataTypeIconId=0x0 mWifiIconId=0x7f02019f mBluetoothTetherIconId=0x10807e7
05-13 14:10:59.847 D/StatusBar.MSimNetworkController( 1416): onSignalStrengthsChanged received on subscription :1signalStrength=SignalStrength: 8 0 2147483647 2147483647 gsm|lte level=2
05-13 14:10:59.847 D/StatusBar.MSimNetworkController( 1416): updateTelephonySignalStrength: subscription =1
05-13 14:10:59.847 D/StatusBar.MSimNetworkController( 1416): updateTelephonySignalStrength iconList = [I@420d32a0iconLevel = 3 mInetCondition = 0
05-13 14:10:59.847 D/StatusBar.MSimNetworkController( 1416): refreshViews subscription =1mMSimDataConnected =false mHasMobileDataFeature:true
05-13 14:10:59.847 D/StatusBar.MSimNetworkController( 1416): refreshViews: Data not connected!! Set no data type icon / Roaming for subscription: 1
05-13 14:10:59.857 D/skia    ( 1416): Decoder Format : PNG
05-13 14:10:59.857 D/skia    ( 1416): call decode 
05-13 14:10:59.857 D/skia    ( 1416): Start onDecode 
05-13 14:10:59.857 D/skia    ( 1416): End onDecode 
05-13 14:10:59.857 D/StatusBar.MSimNetworkController( 1416): refreshViews connected={ wifi } level=2 mMSimcombinedSignalIconId=0x7f02019f/com.smartisanos.systemui:drawable/stat_sys_wifi_signal_3 mMSimcombinedActivityIconId=0x0 mAirplaneMode=false mMSimDataActivity=0 mMSimPhoneSignalIconId=0x7f02018d mMSimDataDirectionIconId=0x0 mMSimDataSignalIconId=0x7f02018d mMSimDataTypeIconId=0x0 mWifiIconId=0x7f02019f mBluetoothTetherIconId=0x10807e7
05-13 14:10:59.877 W/ActivityManager(  893): ActivityManagerService, registerReceiver, caller == android.app.ApplicationThreadProxy@420f17a8
05-13 14:10:59.877 W/ActivityManager(  893): ActivityManagerService, registerReceiver, callerApp == ProcessRecord{42132c50 2919:com.sina.weibo:remote/u0a103}
05-13 14:10:59.887 D/wpa_supplicant( 1530): RX ctrl_iface - hexdump(len=14): 53 43 41 4e 20 54 59 50 45 3d 4f 4e 4c 59
05-13 14:10:59.887 D/wpa_supplicant( 1530): wlan0: Control interface command 'SCAN TYPE=ONLY'
05-13 14:10:59.887 D/wpa_supplicant( 1530): wlan0: Setting scan request: 0 sec 0 usec
05-13 14:10:59.887 D/wpa_supplicant( 1530): wlan0: Starting AP scan for wildcard SSID
05-13 14:10:59.887 D/wpa_supplicant( 1530): wlan0: nl80211: scan request
05-13 14:10:59.887 D/wpa_supplicant( 1530): nl80211: Scan SSID - hexdump(len=0): [NULL]
05-13 14:10:59.887 V/WLAN_PSA(  244): NL MSG, len[4031], NL type[0x1C] WNI type[0x5900] len[42767]
05-13 14:10:59.887 V/WLAN_PSA(  244): NL MSG, PID: 244
05-13 14:10:59.887 D/wpa_supplicant( 1530): Scan requested (ret=0) - scan timeout 30 seconds
05-13 14:10:59.887 V/WLAN_PSA(  244): NL MSG, len[914], NL type[0x11] WNI type[0x5050] len[894]
05-13 14:10:59.887 V/WLAN_PSA(  244): NL MSG, PID: 244
05-13 14:10:59.887 V/WLAN_PSA(  244): NL MSG, len[048], NL type[0x11] WNI type[0x5050] len[028]
05-13 14:10:59.887 V/WLAN_PSA(  244): NL MSG, PID: 244
05-13 14:10:59.887 D/wpa_supplicant( 1530): nl80211: Event message available
05-13 14:10:59.887 D/wpa_supplicant( 1530): nl80211: Drv Event 33 (NL80211_CMD_TRIGGER_SCAN) received for wlan0
05-13 14:10:59.887 D/wpa_supplicant( 1530): wlan0: nl80211: Scan trigger
05-13 14:10:59.887 D/wpa_supplicant( 1530): wlan0: Event SCAN_STARTED (57) received
05-13 14:10:59.887 D/wpa_supplicant( 1530): wlan0: Own scan request started a scan
05-13 14:10:59.887 I/wpa_supplicant( 1530): wlan0: CTRL-EVENT-SCAN-STARTED 
05-13 14:10:59.887 D/wpa_supplicant( 1530): CTRL_IFACE monitor send - hexdump(len=39): 2f 64 61 74 61 2f 6d 69 73 63 2f 77 69 66 69 2f 73 6f 63 6b 65 74 73 2f 77 70 61 5f 63 74 72 6c ...
05-13 14:10:59.907 V/WLAN_PSA(  244): NL MSG, len[4044], NL type[0x1C] WNI type[0x5900] len[46095]
05-13 14:10:59.907 V/WLAN_PSA(  244): NL MSG, PID: 244
05-13 14:10:59.997 D/PowerManagerService(  893): acquireWakeLockInternal: lock=1110579912, flags=0x1, tag="AlarmManager", ws=WorkSource{1000}, uid=1000, pid=893
05-13 14:10:59.997 D/PowerManagerService(  893): updateWakeLockSummaryLocked: mWakefulness=Awake, mWakeLockSummary=0x1
05-13 14:10:59.997 D/PowerManagerService(  893): updateScreenStateLocked: mDisplayReady=true, newScreenState=2, mWakefulness=1, mWakeLockSummary=0x1, mUserActivitySummary=0x1, mBootCompleted=true
05-13 14:10:59.997 D/PowerManagerService(  893): Acquiring suspend blocker "PowerManagerService.WakeLocks".
05-13 14:11:00.007 V/WLAN_PSA(  244): NL MSG, len[4080], NL type[0x1C] WNI type[0x5900] len[55311]
05-13 14:11:00.007 V/WLAN_PSA(  244): NL MSG, PID: 244
05-13 14:11:00.007 D/PowerManagerService(  893): handleSandman: canDream=true, mWakefulness=Awake
05-13 14:11:00.007 D/PowerManagerService(  893): acquireWakeLockInternal: lock=1118893984, flags=0x1, tag="PushService", ws=null, uid=10103, pid=2919
05-13 14:11:00.007 D/PowerManagerService(  893): updateWakeLockSummaryLocked: mWakefulness=Awake, mWakeLockSummary=0x1
05-13 14:11:00.007 D/PowerManagerService(  893): updateScreenStateLocked: mDisplayReady=true, newScreenState=2, mWakefulness=1, mWakeLockSummary=0x1, mUserActivitySummary=0x1, mBootCompleted=true
05-13 14:11:00.007 D/PowerManagerService(  893): handleSandman: canDream=true, mWakefulness=Awake
05-13 14:11:00.037 D/PowerManagerService(  893): updateWakeLockWorkSourceInternal: lock=1110579912 [AlarmManager], ws=WorkSource{10103}
05-13 14:11:00.057 D/StatusBar.MSimNetworkController( 1416): refreshViews subscription =0mMSimDataConnected =false mHasMobileDataFeature:true
05-13 14:11:00.057 D/StatusBar.MSimNetworkController( 1416): refreshViews: Data not connected!! Set no data type icon / Roaming for subscription: 0
05-13 14:11:00.057 D/PowerManagerService(  893): releaseWakeLockInternal: lock=1118893984 [PushService], flags=0x0
05-13 14:11:00.057 D/PowerManagerService(  893): updateWakeLockSummaryLocked: mWakefulness=Awake, mWakeLockSummary=0x1
05-13 14:11:00.057 D/PowerManagerService(  893): updateScreenStateLocked: mDisplayReady=true, newScreenState=2, mWakefulness=1, mWakeLockSummary=0x1, mUserActivitySummary=0x1, mBootCompleted=true
05-13 14:11:00.067 D/PowerManagerService(  893): handleSandman: canDream=true, mWakefulness=Awake
05-13 14:11:00.067 D/StatusBar.MSimNetworkController( 1416): refreshViews connected={ wifi } level=4 mMSimcombinedSignalIconId=0x7f02019f/com.smartisanos.systemui:drawable/stat_sys_wifi_signal_3 mMSimcombinedActivityIconId=0x0 mAirplaneMode=false mMSimDataActivity=0 mMSimPhoneSignalIconId=0x7f020185 mMSimDataDirectionIconId=0x0 mMSimDataSignalIconId=0x7f020185 mMSimDataTypeIconId=0x0 mWifiIconId=0x7f02019f mBluetoothTetherIconId=0x10807e7
05-13 14:11:00.067 D/PowerManagerService(  893): releaseWakeLockInternal: lock=1110579912 [AlarmManager], flags=0x0
05-13 14:11:00.067 D/PowerManagerService(  893): updateWakeLockSummaryLocked: mWakefulness=Awake, mWakeLockSummary=0x0
05-13 14:11:00.067 D/PowerManagerService(  893): updateScreenStateLocked: mDisplayReady=true, newScreenState=2, mWakefulness=1, mWakeLockSummary=0x0, mUserActivitySummary=0x1, mBootCompleted=true
05-13 14:11:00.067 D/PowerManagerService(  893): Releasing suspend blocker "PowerManagerService.WakeLocks".
05-13 14:11:00.067 D/PowerManagerService(  893): handleSandman: canDream=true, mWakefulness=Awake
05-13 14:11:00.107 V/WLAN_PSA(  244): NL MSG, len[4014], NL type[0x1C] WNI type[0x5900] len[38415]
